<html>
<body>
<pre>
<h1>µVision Build Log</h1>
<h2>Tool Versions:</h2>
IDE-Version: ¦ÌVision V5.39.0.0
Copyright (C) 2023 ARM Ltd and ARM Germany GmbH. All rights reserved.
License Information: ddd ddd, ddd, LIC=32B1Q-N07PS-56PQ2-9TXHZ-5GI98-DI7FS
 
Tool Versions:
Toolchain:       MDK-ARM Plus  Version: 5.39.0.0
Toolchain Path:  D:\programs\Keil_v5\ARM\ARMCLANG\Bin
C Compiler:      ArmClang.exe V6.21
Assembler:       Armasm.exe V6.21
Linker/Locator:  ArmLink.exe V6.21
Library Manager: ArmAr.exe V6.21
Hex Converter:   FromElf.exe V6.21
CPU DLL:         
Dialog DLL:      
Target DLL:      Segger\JL2CM3.dll V2.99.43.0
Dialog DLL:      TCM.DLL V1.56.4.0
 
<h2>Project:</h2>
D:\Workspace\doc\HP6_BS\Proj\V1.0\Task\Task_ Param\App\Keil_project\App.uvprojx
Project File Date:  02/04/2026

<h2>Output:</h2>
*** Using Compiler 'V6.21', folder: 'D:\programs\Keil_v5\ARM\ARMCLANG\Bin'
Build target 'GD32C231'
compiling gd32c2x1_it.c...
compiling main.c...
compiling task_init.c...
compiling task_param.c...
compiling crc_8.c...
compiling ISL700_2A.c...
compiling task_led.c...
compiling task_btn.c...
compiling task_short.c...
compiling systick.c...
compiling task_output.c...
compiling bsp_flash_simple.c...
compiling bsp_gpio.c...
compiling gd32c2x1_cmp.c...
compiling gd32c2x1_adc.c...
compiling gd32c2x1_crc.c...
compiling gd32c2x1_dbg.c...
compiling gd32c2x1_exti.c...
compiling gd32c2x1_dma.c...
compiling gd32c2x1_fwdgt.c...
compiling gd32c2x1_fmc.c...
compiling gd32c2x1_gpio.c...
compiling gd32c2x1_i2c.c...
compiling gd32c2x1_misc.c...
compiling gd32c2x1_pmu.c...
compiling gd32c2x1_rtc.c...
compiling gd32c2x1_rcu.c...
compiling gd32c2x1_syscfg.c...
compiling gd32c2x1_spi.c...
compiling gd32c2x1_wwdgt.c...
compiling gd32c2x1_usart.c...
compiling gd32c2x1_timer.c...
assembling startup_gd32c231_221.s...
compiling gd32c2x1_err_report.c...
compiling system_gd32c2x1.c...
compiling SEGGER_RTT_printf.c...
compiling SEGGER_RTT.c...
linking...
Program Size: Code=6602 RO-data=1574 RW-data=8 ZI-data=1104  
".\output\Project.axf" - 0 Error(s), 0 Warning(s).

<h2>Software Packages used:</h2>

Package Vendor: ARM
                https://www.keil.com/pack/ARM.CMSIS.6.1.0.pack
                ARM::CMSIS@6.1.0
                CMSIS (Common Microcontroller Software Interface Standard)
   * Component: CORE Version: 6.1.0

Package Vendor: GigaDevice
                https://gd32mcu.com/data/documents/pack/GigaDevice.GD32C2x1_DFP.1.0.0.pack
                GigaDevice::GD32C2x1_DFP@1.0.0
                GigaDevice GD32C2x1 Series Device Support and Examples

<h2>Collection of Component include folders:</h2>
  ./RTE/_GD32C231
  D:/programs/Keil_v5/Packs/ARM/CMSIS/6.1.0/CMSIS/Core/Include

<h2>Collection of Component Files used:</h2>

   * Component: ARM::CMSIS:CORE@6.1.0
Build Time Elapsed:  00:00:04
</pre>
</body>
</html>
