Component: Arm Compiler for Embedded 6.21 Tool: armlink [5ec1fa00]

==============================================================================

Section Cross References

    gd32c2x1_it.o(.text.NMI_Handler) refers to gd32c2x1_syscfg.o(.text.syscfg_interrupt_flag_get) for syscfg_interrupt_flag_get
    gd32c2x1_it.o(.ARM.exidx.text.NMI_Handler) refers to gd32c2x1_it.o(.text.NMI_Handler) for [Anonymous Symbol]
    gd32c2x1_it.o(.ARM.exidx.text.HardFault_Handler) refers to gd32c2x1_it.o(.text.HardFault_Handler) for [Anonymous Symbol]
    gd32c2x1_it.o(.ARM.exidx.text.SVC_Handler) refers to gd32c2x1_it.o(.text.SVC_Handler) for [Anonymous Symbol]
    gd32c2x1_it.o(.ARM.exidx.text.PendSV_Handler) refers to gd32c2x1_it.o(.text.PendSV_Handler) for [Anonymous Symbol]
    gd32c2x1_it.o(.text.SysTick_Handler) refers to systick.o(.text.delay_decrement) for delay_decrement
    gd32c2x1_it.o(.text.SysTick_Handler) refers to main.o(.bss.g_isSysTickInt) for g_isSysTickInt
    gd32c2x1_it.o(.ARM.exidx.text.SysTick_Handler) refers to gd32c2x1_it.o(.text.SysTick_Handler) for [Anonymous Symbol]
    gd32c2x1_it.o(.text.EXTI5_9_IRQHandler) refers to gd32c2x1_exti.o(.text.exti_interrupt_flag_get) for exti_interrupt_flag_get
    gd32c2x1_it.o(.text.EXTI5_9_IRQHandler) refers to gd32c2x1_exti.o(.text.exti_interrupt_flag_clear) for exti_interrupt_flag_clear
    gd32c2x1_it.o(.text.EXTI5_9_IRQHandler) refers to main.o(.data.g_isSampleDone) for g_isSampleDone
    gd32c2x1_it.o(.text.EXTI5_9_IRQHandler) refers to main.o(.bss.g_startADCSampling) for g_startADCSampling
    gd32c2x1_it.o(.ARM.exidx.text.EXTI5_9_IRQHandler) refers to gd32c2x1_it.o(.text.EXTI5_9_IRQHandler) for [Anonymous Symbol]
    main.o(.text.main) refers to main.o(.text.BSP_Init) for BSP_Init
    main.o(.text.main) refers to task_init.o(.text.Task_Init) for Task_Init
    main.o(.text.main) refers to gd32c2x1_exti.o(.text.exti_software_interrupt_enable) for exti_software_interrupt_enable
    main.o(.text.main) refers to systick.o(.text.delay_1ms) for delay_1ms
    main.o(.text.main) refers to task_meas.o(.text.MeasTask) for MeasTask
    main.o(.text.main) refers to task_analyze.o(.text.AnalyzeTask) for AnalyzeTask
    main.o(.text.main) refers to main.o(.bss.g_isSysTickInt) for g_isSysTickInt
    main.o(.text.main) refers to main.o(.bss.g_startADCSampling) for g_startADCSampling
    main.o(.text.main) refers to main.o(.data.g_isSampleDone) for g_isSampleDone
    main.o(.ARM.exidx.text.main) refers to main.o(.text.main) for [Anonymous Symbol]
    main.o(.text.BSP_Init) refers to systick.o(.text.systick_config) for systick_config
    main.o(.text.BSP_Init) refers to bsp_gpio.o(.text.GPIO_UserInit) for GPIO_UserInit
    main.o(.text.BSP_Init) refers to bsp_exit.o(.text.PLS_SO_InterruptInit) for PLS_SO_InterruptInit
    main.o(.text.BSP_Init) refers to bsp_adc.o(.text.ADC_UserInit) for ADC_UserInit
    main.o(.ARM.exidx.text.BSP_Init) refers to main.o(.text.BSP_Init) for [Anonymous Symbol]
    main.o(.text.fputc) refers to segger_rtt.o(.text.SEGGER_RTT_PutChar) for SEGGER_RTT_PutChar
    main.o(.ARM.exidx.text.fputc) refers to main.o(.text.fputc) for [Anonymous Symbol]
    task_init.o(.text.Task_Init) refers to task_led.o(.text.LedTask_Init) for LedTask_Init
    task_init.o(.text.Task_Init) refers to task_btn.o(.text.BtnTask_Init) for BtnTask_Init
    task_init.o(.text.Task_Init) refers to task_init.o(.text.ParamSrv_Init) for ParamSrv_Init
    task_init.o(.text.Task_Init) refers to task_init.o(.text.ParamSrv_ApplyToIC) for ParamSrv_ApplyToIC
    task_init.o(.ARM.exidx.text.Task_Init) refers to task_init.o(.text.Task_Init) for [Anonymous Symbol]
    task_init.o(.text.ParamSrv_Init) refers to task_param.o(.text.nvm_param_init) for nvm_param_init
    task_init.o(.text.ParamSrv_Init) refers to task_init.o(.text.ParamSrv_Load) for ParamSrv_Load
    task_init.o(.text.ParamSrv_Init) refers to task_init.o(.bss.g_current_param) for [Anonymous Symbol]
    task_init.o(.ARM.exidx.text.ParamSrv_Init) refers to task_init.o(.text.ParamSrv_Init) for [Anonymous Symbol]
    task_init.o(.text.ParamSrv_ApplyToIC) refers to isl700_2a.o(.text.ISL700_Write_Reg) for ISL700_Write_Reg
    task_init.o(.text.ParamSrv_ApplyToIC) refers to task_init.o(.bss.g_current_param) for [Anonymous Symbol]
    task_init.o(.ARM.exidx.text.ParamSrv_ApplyToIC) refers to task_init.o(.text.ParamSrv_ApplyToIC) for [Anonymous Symbol]
    task_init.o(.text.ParamSrv_Load) refers to memcpya.o(.text) for __aeabi_memcpy
    task_init.o(.text.ParamSrv_Load) refers to task_init.o(.bss.g_current_param) for [Anonymous Symbol]
    task_init.o(.ARM.exidx.text.ParamSrv_Load) refers to task_init.o(.text.ParamSrv_Load) for [Anonymous Symbol]
    task_init.o(.text.ParamSrv_Save) refers to task_param.o(.text.nvm_param_set) for nvm_param_set
    task_init.o(.text.ParamSrv_Save) refers to memcpya.o(.text) for __aeabi_memcpy
    task_init.o(.text.ParamSrv_Save) refers to task_init.o(.bss.g_current_param) for [Anonymous Symbol]
[...]
    Removing segger_rtt_printf.o(.text.SEGGER_RTT_vprintf), (1504 bytes).
    Removing segger_rtt_printf.o(.ARM.exidx.text.SEGGER_RTT_vprintf), (8 bytes).
    Removing segger_rtt_printf.o(.text._StoreChar), (116 bytes).
    Removing segger_rtt_printf.o(.ARM.exidx.text._StoreChar), (8 bytes).
    Removing segger_rtt_printf.o(.text._PrintInt), (460 bytes).
    Removing segger_rtt_printf.o(.ARM.exidx.text._PrintInt), (8 bytes).
    Removing segger_rtt_printf.o(.text._PrintUnsigned), (436 bytes).
    Removing segger_rtt_printf.o(.ARM.exidx.text._PrintUnsigned), (8 bytes).
    Removing segger_rtt_printf.o(.text.SEGGER_RTT_printf), (44 bytes).
    Removing segger_rtt_printf.o(.ARM.exidx.text.SEGGER_RTT_printf), (8 bytes).
    Removing segger_rtt_printf.o(.rodata._PrintUnsigned._aV2C), (16 bytes).
    Removing dcmpge.o(.text), (44 bytes).
    Removing dflti.o(.text), (40 bytes).
    Removing dfixi.o(.text), (72 bytes).
    Removing dfixui.o(.text), (60 bytes).

1354 unused section(s) (total 44703 bytes) removed from the image.

==============================================================================

Image Symbol Table

    Local Symbols

    Symbol Name                              Value     Ov Type        Size  Object(Section)

    ../clib/division.s                       0x00000000   Number         0  aeabi_sdiv.o ABSOLUTE
    ../clib/division.s                       0x00000000   Number         0  aeabi_sdiv_div0.o ABSOLUTE
    ../clib/microlib/division.c              0x00000000   Number         0  uidiv.o ABSOLUTE
    ../clib/microlib/division.c              0x00000000   Number         0  uldiv.o ABSOLUTE
    ../clib/microlib/division.c              0x00000000   Number         0  uidiv_div0.o ABSOLUTE
    ../clib/microlib/division.c              0x00000000   Number         0  idiv_div0.o ABSOLUTE
    ../clib/microlib/division.c              0x00000000   Number         0  idiv0.o ABSOLUTE
    ../clib/microlib/init/entry.s            0x00000000   Number         0  entry.o ABSOLUTE
    ../clib/microlib/init/entry.s            0x00000000   Number         0  entry2.o ABSOLUTE
    ../clib/microlib/init/entry.s            0x00000000   Number         0  entry5.o ABSOLUTE
    ../clib/microlib/init/entry.s            0x00000000   Number         0  entry7a.o ABSOLUTE
    ../clib/microlib/init/entry.s            0x00000000   Number         0  entry7b.o ABSOLUTE
    ../clib/microlib/init/entry.s            0x00000000   Number         0  entry8a.o ABSOLUTE
    ../clib/microlib/init/entry.s            0x00000000   Number         0  entry8b.o ABSOLUTE
    ../clib/microlib/init/entry.s            0x00000000   Number         0  entry9a.o ABSOLUTE
    ../clib/microlib/init/entry.s            0x00000000   Number         0  entry9b.o ABSOLUTE
    ../clib/microlib/init/entry.s            0x00000000   Number         0  entry10a.o ABSOLUTE
    ../clib/microlib/init/entry.s            0x00000000   Number         0  entry10b.o ABSOLUTE
    ../clib/microlib/init/entry.s            0x00000000   Number         0  entry11a.o ABSOLUTE
    ../clib/microlib/init/entry.s            0x00000000   Number         0  entry11b.o ABSOLUTE
    ../clib/microlib/longlong.c              0x00000000   Number         0  llshl.o ABSOLUTE
    ../clib/microlib/longlong.c              0x00000000   Number         0  llushr.o ABSOLUTE
    ../clib/microlib/longlong.c              0x00000000   Number         0  llsshr.o ABSOLUTE
    ../clib/microlib/printf/printf.c         0x00000000   Number         0  printfa.o ABSOLUTE
    ../clib/microlib/stdio/streams.c         0x00000000   Number         0  stdout.o ABSOLUTE
    ../clib/microlib/string/memcpy.c         0x00000000   Number         0  memcpya.o ABSOLUTE
    ../clib/microlib/string/memcpy.c         0x00000000   Number         0  memcpyb.o ABSOLUTE
    ../clib/microlib/string/strcpy.c         0x00000000   Number         0  strcpy.o ABSOLUTE
    ../clib/microlib/string/strlen.c         0x00000000   Number         0  strlen.o ABSOLUTE
    ../clib/microlib/stubs.s                 0x00000000   Number         0  iusefp.o ABSOLUTE
    ../fplib/microlib/fpadd.c                0x00000000   Number         0  dadd.o ABSOLUTE
    ../fplib/microlib/fpcmp.c                0x00000000   Number         0  dcmpge.o ABSOLUTE
    ../fplib/microlib/fpdiv.c                0x00000000   Number         0  ddiv.o ABSOLUTE
    ../fplib/microlib/fpepilogue.c           0x00000000   Number         0  depilogue.o ABSOLUTE
    ../fplib/microlib/fpfix.c                0x00000000   Number         0  dfixi.o ABSOLUTE
    ../fplib/microlib/fpfix.c                0x00000000   Number         0  dfixui.o ABSOLUTE
    ../fplib/microlib/fpfix.c                0x00000000   Number         0  dfixul.o ABSOLUTE
    ../fplib/microlib/fpflt.c                0x00000000   Number         0  dflti.o ABSOLUTE
    ../fplib/microlib/fpmul.c                0x00000000   Number         0  dmul.o ABSOLUTE
    ..\..\..\..\Firmware\CMSIS\GD\GD32C2x1\Source\ARM\startup_gd32c231_221.s 0x00000000   Number         0  startup_gd32c231_221.o ABSOLUTE
    ISL700_2A.c                              0x00000000   Number         0  isl700_2a.o ABSOLUTE
    SEGGER_RTT.c                             0x00000000   Number         0  segger_rtt.o ABSOLUTE
    SEGGER_RTT_printf.c                      0x00000000   Number         0  segger_rtt_printf.o ABSOLUTE
    bsp_adc.c                                0x00000000   Number         0  bsp_adc.o ABSOLUTE
    bsp_exit.c                               0x00000000   Number         0  bsp_exit.o ABSOLUTE
    bsp_flash_simple.c                       0x00000000   Number         0  bsp_flash_simple.o ABSOLUTE
    bsp_gpio.c                               0x00000000   Number         0  bsp_gpio.o ABSOLUTE
    cdrcmple.s                               0x00000000   Number         0  cdrcmple.o ABSOLUTE
    crc_8.c                                  0x00000000   Number         0  crc_8.o ABSOLUTE
    dc.s                                     0x00000000   Number         0  dc.o ABSOLUTE
    gd32c2x1_adc.c                           0x00000000   Number         0  gd32c2x1_adc.o ABSOLUTE
    gd32c2x1_cmp.c                           0x00000000   Number         0  gd32c2x1_cmp.o ABSOLUTE
    gd32c2x1_crc.c                           0x00000000   Number         0  gd32c2x1_crc.o ABSOLUTE
    gd32c2x1_dbg.c                           0x00000000   Number         0  gd32c2x1_dbg.o ABSOLUTE
    gd32c2x1_dma.c                           0x00000000   Number         0  gd32c2x1_dma.o ABSOLUTE
    gd32c2x1_err_report.c                    0x00000000   Number         0  gd32c2x1_err_report.o ABSOLUTE
    gd32c2x1_exti.c                          0x00000000   Number         0  gd32c2x1_exti.o ABSOLUTE
    gd32c2x1_fmc.c                           0x00000000   Number         0  gd32c2x1_fmc.o ABSOLUTE
    gd32c2x1_fwdgt.c                         0x00000000   Number         0  gd32c2x1_fwdgt.o ABSOLUTE
    gd32c2x1_gpio.c                          0x00000000   Number         0  gd32c2x1_gpio.o ABSOLUTE
    gd32c2x1_i2c.c                           0x00000000   Number         0  gd32c2x1_i2c.o ABSOLUTE
    gd32c2x1_it.c                            0x00000000   Number         0  gd32c2x1_it.o ABSOLUTE
    gd32c2x1_misc.c                          0x00000000   Number         0  gd32c2x1_misc.o ABSOLUTE
    gd32c2x1_pmu.c                           0x00000000   Number         0  gd32c2x1_pmu.o ABSOLUTE
    gd32c2x1_rcu.c                           0x00000000   Number         0  gd32c2x1_rcu.o ABSOLUTE
    gd32c2x1_rtc.c                           0x00000000   Number         0  gd32c2x1_rtc.o ABSOLUTE
    gd32c2x1_spi.c                           0x00000000   Number         0  gd32c2x1_spi.o ABSOLUTE
    gd32c2x1_syscfg.c                        0x00000000   Number         0  gd32c2x1_syscfg.o ABSOLUTE
    gd32c2x1_timer.c                         0x00000000   Number         0  gd32c2x1_timer.o ABSOLUTE
    gd32c2x1_usart.c                         0x00000000   Number         0  gd32c2x1_usart.o ABSOLUTE
    gd32c2x1_wwdgt.c                         0x00000000   Number         0  gd32c2x1_wwdgt.o ABSOLUTE
    handlers.s                               0x00000000   Number         0  handlers.o ABSOLUTE
    init.s                                   0x00000000   Number         0  init.o ABSOLUTE
    main.c                                   0x00000000   Number         0  main.o ABSOLUTE
    system_gd32c2x1.c                        0x00000000   Number         0  system_gd32c2x1.o ABSOLUTE
    systick.c                                0x00000000   Number         0  systick.o ABSOLUTE
    task_analyze.c                           0x00000000   Number         0  task_analyze.o ABSOLUTE
    task_btn.c                               0x00000000   Number         0  task_btn.o ABSOLUTE
    task_init.c                              0x00000000   Number         0  task_init.o ABSOLUTE
    task_led.c                               0x00000000   Number         0  task_led.o ABSOLUTE
    task_meas.c                              0x00000000   Number         0  task_meas.o ABSOLUTE
    task_output.c                            0x00000000   Number         0  task_output.o ABSOLUTE
    task_param.c                             0x00000000   Number         0  task_param.o ABSOLUTE
    task_short.c                             0x00000000   Number         0  task_short.o ABSOLUTE
    RESET                                    0x08000000   Section      220  startup_gd32c231_221.o(RESET)
    .ARM.Collect$$$$00000000                 0x080000dc   Section        0  entry.o(.ARM.Collect$$$$00000000)
    .ARM.Collect$$$$00000001                 0x080000dc   Section        4  entry2.o(.ARM.Collect$$$$00000001)
    .ARM.Collect$$$$00000004                 0x080000e0   Section        4  entry5.o(.ARM.Collect$$$$00000004)
    .ARM.Collect$$$$00000008                 0x080000e4   Section        0  entry7b.o(.ARM.Collect$$$$00000008)
    .ARM.Collect$$$$0000000A                 0x080000e4   Section        0  entry8b.o(.ARM.Collect$$$$0000000A)
    .ARM.Collect$$$$0000000B                 0x080000e4   Section        8  entry9a.o(.ARM.Collect$$$$0000000B)
    __lit__00000000                          0x080000ec   Data           4  entry2.o(.ARM.Collect$$$$00002712)
    .ARM.Collect$$$$0000000D                 0x080000ec   Section        0  entry10a.o(.ARM.Collect$$$$0000000D)
    .ARM.Collect$$$$0000000F                 0x080000ec   Section        0  entry11a.o(.ARM.Collect$$$$0000000F)
    .ARM.Collect$$$$00002712                 0x080000ec   Section        4  entry2.o(.ARM.Collect$$$$00002712)
    .text                                    0x080000f0   Section       68  startup_gd32c231_221.o(.text)
    .text                                    0x08000134   Section        0  memcpya.o(.text)
    .text                                    0x08000158   Section        0  strcpy.o(.text)
    .text                                    0x0800016c   Section        0  dadd.o(.text)
    .text                                    0x080002d0   Section        0  dmul.o(.text)
    .text                                    0x080003a0   Section        0  uldiv.o(.text)
    .text                                    0x08000400   Section        0  llshl.o(.text)
    .text                                    0x08000420   Section        0  llushr.o(.text)
    .text                                    0x08000442   Section        0  llsshr.o(.text)
    .text                                    0x08000468   Section        0  iusefp.o(.text)
    .text                                    0x08000468   Section        0  depilogue.o(.text)
    .text                                    0x08000528   Section        0  ddiv.o(.text)
    .text                                    0x08000618   Section        0  dfixul.o(.text)
    .text                                    0x08000658   Section       40  cdrcmple.o(.text)
    .text                                    0x08000680   Section       48  init.o(.text)
    .text                                    0x080006b0   Section        0  uidiv_div0.o(.text)
    [Anonymous Symbol]                       0x080006ee   Section        0  bsp_adc.o(.text.ADC_Config)
    [Anonymous Symbol]                       0x08000748   Section        0  bsp_adc.o(.text.ADC_Sampling_Start)
    [Anonymous Symbol]                       0x08000770   Section        0  bsp_adc.o(.text.ADC_Sampling_Stop)
    [Anonymous Symbol]                       0x0800077c   Section        0  bsp_adc.o(.text.ADC_TIMER_Config)
    __arm_cp.2_0                             0x080007bc   Number         4  bsp_adc.o(.text.ADC_TIMER_Config)
    [Anonymous Symbol]                       0x080007c0   Section        0  bsp_adc.o(.text.ADC_UserInit)
    [Anonymous Symbol]                       0x080007d8   Section        0  task_analyze.o(.text.AnalyzeTask)
    __arm_cp.0_0                             0x08000848   Number         4  task_analyze.o(.text.AnalyzeTask)
    __arm_cp.0_1                             0x0800084c   Number         4  task_analyze.o(.text.AnalyzeTask)
    __arm_cp.0_2                             0x08000850   Number         4  task_analyze.o(.text.AnalyzeTask)
    __arm_cp.0_3                             0x08000854   Number         4  task_analyze.o(.text.AnalyzeTask)
    [Anonymous Symbol]                       0x08000858   Section        0  main.o(.text.BSP_Init)
    [Anonymous Symbol]                       0x0800086c   Section        0  bsp_gpio.o(.text.BtnGetState)
    [Anonymous Symbol]                       0x0800087c   Section        0  task_btn.o(.text.BtnTask_Init)
    __arm_cp.0_0                             0x080008b0   Number         4  task_btn.o(.text.BtnTask_Init)
    __arm_cp.0_1                             0x080008b4   Number         4  task_btn.o(.text.BtnTask_Init)
    __arm_cp.0_2                             0x080008b8   Number         4  task_btn.o(.text.BtnTask_Init)
    __arm_cp.0_3                             0x080008bc   Number         4  task_btn.o(.text.BtnTask_Init)
    [Anonymous Symbol]                       0x080008c0   Section        0  bsp_adc.o(.text.DMA_Channel0_IRQHandler)
    [Anonymous Symbol]                       0x080008e4   Section        0  bsp_adc.o(.text.DMA_Config)
    __arm_cp.3_0                             0x08000950   Number         4  bsp_adc.o(.text.DMA_Config)
    __arm_cp.3_1                             0x08000954   Number         4  bsp_adc.o(.text.DMA_Config)
    [Anonymous Symbol]                       0x08000958   Section        0  gd32c2x1_it.o(.text.EXTI5_9_IRQHandler)
    __arm_cp.5_0                             0x08000980   Number         4  gd32c2x1_it.o(.text.EXTI5_9_IRQHandler)
    __arm_cp.5_1                             0x08000984   Number         4  gd32c2x1_it.o(.text.EXTI5_9_IRQHandler)
    [Anonymous Symbol]                       0x08000988   Section        0  bsp_adc.o(.text.GPIO_Config)
    [Anonymous Symbol]                       0x0800099c   Section        0  bsp_gpio.o(.text.GPIO_UserInit)
    __arm_cp.12_0                            0x08000b64   Number         4  bsp_gpio.o(.text.GPIO_UserInit)
    __arm_cp.12_1                            0x08000b68   Number         4  bsp_gpio.o(.text.GPIO_UserInit)
    __arm_cp.12_2                            0x08000b6c   Number         4  bsp_gpio.o(.text.GPIO_UserInit)
    __arm_cp.12_3                            0x08000b70   Number         4  bsp_gpio.o(.text.GPIO_UserInit)
    __arm_cp.12_5                            0x08000b74   Number         4  bsp_gpio.o(.text.GPIO_UserInit)
    __arm_cp.12_6                            0x08000b78   Number         4  bsp_gpio.o(.text.GPIO_UserInit)
    __arm_cp.12_7                            0x08000b7c   Number         4  bsp_gpio.o(.text.GPIO_UserInit)
    __arm_cp.12_8                            0x08000b80   Number         4  bsp_gpio.o(.text.GPIO_UserInit)
    __arm_cp.12_9                            0x08000b84   Number         4  bsp_gpio.o(.text.GPIO_UserInit)
    __arm_cp.12_10                           0x08000b88   Number         4  bsp_gpio.o(.text.GPIO_UserInit)
    [Anonymous Symbol]                       0x08000b8c   Section        0  gd32c2x1_it.o(.text.HardFault_Handler)
    [Anonymous Symbol]                       0x08000b90   Section        0  isl700_2a.o(.text.ISL700_Write_Reg)
    __arm_cp.0_0                             0x08000c94   Number         4  isl700_2a.o(.text.ISL700_Write_Reg)
    [Anonymous Symbol]                       0x08000c98   Section        0  bsp_gpio.o(.text.LedClr)
    [Anonymous Symbol]                       0x08000cb4   Section        0  bsp_gpio.o(.text.LedSet)
    __arm_cp.0_0                             0x08000cd0   Number         4  bsp_gpio.o(.text.LedSet)
    __arm_cp.0_1                             0x08000cd4   Number         4  bsp_gpio.o(.text.LedSet)
    [Anonymous Symbol]                       0x08000cd8   Section        0  task_led.o(.text.LedTask_Init)
    __arm_cp.0_0                             0x08000cfc   Number         4  task_led.o(.text.LedTask_Init)
    [Anonymous Symbol]                       0x08000d00   Section        0  task_led.o(.text.Led_SetMode)
    __arm_cp.4_0                             0x08000d18   Number         4  task_led.o(.text.Led_SetMode)
    [Anonymous Symbol]                       0x08000d1c   Section        0  task_led.o(.text.Led_SetPwr)
    [Anonymous Symbol]                       0x08000d42   Section        0  task_led.o(.text.Led_SetWork)
    [Anonymous Symbol]                       0x08000d68   Section        0  task_meas.o(.text.MeasTask)
    __arm_cp.0_0                             0x08000da0   Number         4  task_meas.o(.text.MeasTask)
    __arm_cp.0_2                             0x08000da4   Number         4  task_meas.o(.text.MeasTask)
    __arm_cp.0_3                             0x08000da8   Number         4  task_meas.o(.text.MeasTask)
    [Anonymous Symbol]                       0x08000dac   Section        0  gd32c2x1_it.o(.text.NMI_Handler)
    [Anonymous Symbol]                       0x08000dec   Section        0  bsp_exit.o(.text.PLS_SO_InterruptInit)
    __arm_cp.0_1                             0x08000e4c   Number         4  bsp_exit.o(.text.PLS_SO_InterruptInit)
    [Anonymous Symbol]                       0x08000e50   Section        0  task_init.o(.text.ParamSrv_ApplyToIC)
    [Anonymous Symbol]                       0x08000e5c   Section        0  task_init.o(.text.ParamSrv_Init)
    [Anonymous Symbol]                       0x08000e84   Section        0  task_init.o(.text.ParamSrv_Load)
    __arm_cp.3_0                             0x08000eb4   Number         4  task_init.o(.text.ParamSrv_Load)
    [Anonymous Symbol]                       0x08000eb8   Section        0  gd32c2x1_it.o(.text.PendSV_Handler)
    [Anonymous Symbol]                       0x08000ebc   Section        0  bsp_adc.o(.text.RCU_Config)
    __arm_cp.0_0                             0x08000ee8   Number         4  bsp_adc.o(.text.RCU_Config)
    __arm_cp.0_1                             0x08000eec   Number         4  bsp_adc.o(.text.RCU_Config)
    __arm_cp.0_2                             0x08000ef0   Number         4  bsp_adc.o(.text.RCU_Config)
    __arm_cp.0_3                             0x08000ef4   Number         4  bsp_adc.o(.text.RCU_Config)
    __arm_cp.0_4                             0x08000ef8   Number         4  bsp_adc.o(.text.RCU_Config)
    [Anonymous Symbol]                       0x08000efc   Section        0  segger_rtt.o(.text.SEGGER_RTT_PutChar)
    [Anonymous Symbol]                       0x08000f98   Section        0  gd32c2x1_it.o(.text.SVC_Handler)
    [Anonymous Symbol]                       0x08000f9c   Section        0  bsp_adc.o(.text.SwitchAdcBuffer)
    SysTick_Config                           0x08000fc5   Thumb Code    64  systick.o(.text.SysTick_Config)
    [Anonymous Symbol]                       0x08000fc4   Section        0  systick.o(.text.SysTick_Config)
    __arm_cp.1_0                             0x08001004   Number         4  systick.o(.text.SysTick_Config)
    __arm_cp.1_1                             0x08001008   Number         4  systick.o(.text.SysTick_Config)
    __arm_cp.1_2                             0x0800100c   Number         4  systick.o(.text.SysTick_Config)
    [Anonymous Symbol]                       0x08001010   Section        0  gd32c2x1_it.o(.text.SysTick_Handler)
    __arm_cp.4_0                             0x08001020   Number         4  gd32c2x1_it.o(.text.SysTick_Handler)
    [Anonymous Symbol]                       0x08001024   Section        0  system_gd32c2x1.o(.text.SystemInit)
    __arm_cp.0_0                             0x08001084   Number         4  system_gd32c2x1.o(.text.SystemInit)
    __arm_cp.0_1                             0x08001088   Number         4  system_gd32c2x1.o(.text.SystemInit)
    __arm_cp.0_2                             0x0800108c   Number         4  system_gd32c2x1.o(.text.SystemInit)
    __arm_cp.0_3                             0x08001090   Number         4  system_gd32c2x1.o(.text.SystemInit)
    __arm_cp.0_4                             0x08001094   Number         4  system_gd32c2x1.o(.text.SystemInit)
    __arm_cp.0_5                             0x08001098   Number         4  system_gd32c2x1.o(.text.SystemInit)
    [Anonymous Symbol]                       0x0800109c   Section        0  task_init.o(.text.Task_Init)
    _DoInit                                  0x080010b1   Thumb Code   108  segger_rtt.o(.text._DoInit)
    [Anonymous Symbol]                       0x080010b0   Section        0  segger_rtt.o(.text._DoInit)
    __arm_cp.1_0                             0x0800111c   Number         4  segger_rtt.o(.text._DoInit)
    __arm_cp.1_1                             0x08001120   Number         4  segger_rtt.o(.text._DoInit)
    __arm_cp.1_2                             0x08001124   Number         4  segger_rtt.o(.text._DoInit)
    __arm_cp.1_3                             0x08001128   Number         4  segger_rtt.o(.text._DoInit)
    __arm_cp.1_4                             0x0800112c   Number         4  segger_rtt.o(.text._DoInit)
    __arm_cp.1_5                             0x08001130   Number         4  segger_rtt.o(.text._DoInit)
    __NVIC_EnableIRQ                         0x08001135   Thumb Code    48  gd32c2x1_misc.o(.text.__NVIC_EnableIRQ)
    [Anonymous Symbol]                       0x08001134   Section        0  gd32c2x1_misc.o(.text.__NVIC_EnableIRQ)
    __arm_cp.2_0                             0x08001164   Number         4  gd32c2x1_misc.o(.text.__NVIC_EnableIRQ)
    __NVIC_SetPriority                       0x08001169   Thumb Code   124  systick.o(.text.__NVIC_SetPriority)
    [Anonymous Symbol]                       0x08001168   Section        0  systick.o(.text.__NVIC_SetPriority)
    __NVIC_SetPriority                       0x080011e5   Thumb Code   124  gd32c2x1_misc.o(.text.__NVIC_SetPriority)
    [Anonymous Symbol]                       0x080011e4   Section        0  gd32c2x1_misc.o(.text.__NVIC_SetPriority)
    __arm_cp.1_0                             0x08001260   Number         4  gd32c2x1_misc.o(.text.__NVIC_SetPriority)
    __arm_cp.1_1                             0x08001264   Number         4  gd32c2x1_misc.o(.text.__NVIC_SetPriority)
    [Anonymous Symbol]                       0x08001268   Section        0  gd32c2x1_adc.o(.text.adc_channel_length_config)
    __arm_cp.9_0                             0x080012e8   Number         4  gd32c2x1_adc.o(.text.adc_channel_length_config)
    __arm_cp.9_1                             0x080012ec   Number         4  gd32c2x1_adc.o(.text.adc_channel_length_config)
    [Anonymous Symbol]                       0x080012f0   Section        0  gd32c2x1_adc.o(.text.adc_data_alignment_config)
    [Anonymous Symbol]                       0x0800131c   Section        0  gd32c2x1_adc.o(.text.adc_deinit)
    __arm_cp.0_0                             0x08001334   Number         4  gd32c2x1_adc.o(.text.adc_deinit)
    [Anonymous Symbol]                       0x08001338   Section        0  gd32c2x1_adc.o(.text.adc_dma_mode_enable)
    [Anonymous Symbol]                       0x08001348   Section        0  gd32c2x1_adc.o(.text.adc_enable)
    [Anonymous Symbol]                       0x08001360   Section        0  gd32c2x1_adc.o(.text.adc_external_trigger_config)
    [Anonymous Symbol]                       0x080013e0   Section        0  gd32c2x1_adc.o(.text.adc_external_trigger_source_config)
    [Anonymous Symbol]                       0x08001434   Section        0  gd32c2x1_adc.o(.text.adc_routine_channel_config)
    __arm_cp.10_0                            0x08001574   Number         4  gd32c2x1_adc.o(.text.adc_routine_channel_config)
    __arm_cp.10_1                            0x08001578   Number         4  gd32c2x1_adc.o(.text.adc_routine_channel_config)
    __arm_cp.10_2                            0x0800157c   Number         4  gd32c2x1_adc.o(.text.adc_routine_channel_config)
    __arm_cp.10_3                            0x08001580   Number         4  gd32c2x1_adc.o(.text.adc_routine_channel_config)
    __arm_cp.10_4                            0x08001584   Number         4  gd32c2x1_adc.o(.text.adc_routine_channel_config)
    [Anonymous Symbol]                       0x08001588   Section        0  gd32c2x1_adc.o(.text.adc_special_function_config)
    __arm_cp.6_0                             0x08001634   Number         4  gd32c2x1_adc.o(.text.adc_special_function_config)
    __arm_cp.6_1                             0x08001638   Number         4  gd32c2x1_adc.o(.text.adc_special_function_config)
    [Anonymous Symbol]                       0x0800163c   Section        0  crc_8.o(.text.crc8_calc)
    __arm_cp.0_0                             0x08001678   Number         4  crc_8.o(.text.crc8_calc)
    [Anonymous Symbol]                       0x0800167c   Section        0  systick.o(.text.delay_1ms)
    [Anonymous Symbol]                       0x08001698   Section        0  systick.o(.text.delay_1us)
    __arm_cp.5_0                             0x08001710   Number         4  systick.o(.text.delay_1us)
    __arm_cp.5_1                             0x08001714   Number         4  systick.o(.text.delay_1us)
    __arm_cp.5_2                             0x08001718   Number         4  systick.o(.text.delay_1us)
    __arm_cp.5_3                             0x0800171c   Number         4  systick.o(.text.delay_1us)
    [Anonymous Symbol]                       0x08001720   Section        0  systick.o(.text.delay_decrement)
    __arm_cp.4_0                             0x08001734   Number         4  systick.o(.text.delay_decrement)
    [Anonymous Symbol]                       0x08001738   Section        0  gd32c2x1_dma.o(.text.dma_channel_disable)
    [Anonymous Symbol]                       0x08001754   Section        0  gd32c2x1_dma.o(.text.dma_channel_enable)
    [Anonymous Symbol]                       0x08001770   Section        0  gd32c2x1_dma.o(.text.dma_circulation_disable)
    [Anonymous Symbol]                       0x0800178c   Section        0  gd32c2x1_dma.o(.text.dma_deinit)
    [Anonymous Symbol]                       0x080017e4   Section        0  gd32c2x1_dma.o(.text.dma_init)
    __arm_cp.2_0                             0x08001920   Number         4  gd32c2x1_dma.o(.text.dma_init)
    [Anonymous Symbol]                       0x08001924   Section        0  gd32c2x1_dma.o(.text.dma_interrupt_enable)
    [Anonymous Symbol]                       0x08001948   Section        0  gd32c2x1_dma.o(.text.dma_interrupt_flag_clear)
    __arm_cp.24_0                            0x08001968   Number         4  gd32c2x1_dma.o(.text.dma_interrupt_flag_clear)
    [Anonymous Symbol]                       0x0800196c   Section        0  gd32c2x1_dma.o(.text.dma_interrupt_flag_get)
    __arm_cp.23_0                            0x08001a2c   Number         4  gd32c2x1_dma.o(.text.dma_interrupt_flag_get)
    __arm_cp.23_1                            0x08001a30   Number         4  gd32c2x1_dma.o(.text.dma_interrupt_flag_get)
    [Anonymous Symbol]                       0x08001a34   Section        0  gd32c2x1_dma.o(.text.dma_memory_address_config)
    __arm_cp.10_0                            0x08001a54   Number         4  gd32c2x1_dma.o(.text.dma_memory_address_config)
    [Anonymous Symbol]                       0x08001a58   Section        0  gd32c2x1_dma.o(.text.dma_struct_para_init)
    [Anonymous Symbol]                       0x08001a8c   Section        0  gd32c2x1_dma.o(.text.dma_transfer_number_config)
    __arm_cp.11_0                            0x08001aac   Number         4  gd32c2x1_dma.o(.text.dma_transfer_number_config)
    [Anonymous Symbol]                       0x08001ab0   Section        0  gd32c2x1_dma.o(.text.dmamux_synchronization_disable)
    __arm_cp.30_0                            0x08001acc   Number         4  gd32c2x1_dma.o(.text.dmamux_synchronization_disable)
    [Anonymous Symbol]                       0x08001ad0   Section        0  gd32c2x1_exti.o(.text.exti_init)
    __arm_cp.1_0                             0x08001ba0   Number         4  gd32c2x1_exti.o(.text.exti_init)
    __arm_cp.1_1                             0x08001ba4   Number         4  gd32c2x1_exti.o(.text.exti_init)
    __arm_cp.1_2                             0x08001ba8   Number         4  gd32c2x1_exti.o(.text.exti_init)
    __arm_cp.1_3                             0x08001bac   Number         4  gd32c2x1_exti.o(.text.exti_init)
    [Anonymous Symbol]                       0x08001bb0   Section        0  gd32c2x1_exti.o(.text.exti_interrupt_flag_clear)
    [Anonymous Symbol]                       0x08001bc0   Section        0  gd32c2x1_exti.o(.text.exti_interrupt_flag_get)
    __arm_cp.10_0                            0x08001bf0   Number         4  gd32c2x1_exti.o(.text.exti_interrupt_flag_get)
    [Anonymous Symbol]                       0x08001bf4   Section        0  gd32c2x1_exti.o(.text.exti_software_interrupt_enable)
    __arm_cp.6_0                             0x08001c08   Number         4  gd32c2x1_exti.o(.text.exti_software_interrupt_enable)
    [Anonymous Symbol]                       0x08001c0c   Section        0  bsp_flash_simple.o(.text.flash_crc32)
    __arm_cp.0_0                             0x08001c50   Number         4  bsp_flash_simple.o(.text.flash_crc32)
    [Anonymous Symbol]                       0x08001c54   Section        0  bsp_flash_simple.o(.text.flash_erase_page)
    [Anonymous Symbol]                       0x08001caa   Section        0  bsp_flash_simple.o(.text.flash_read_buffer)
    [Anonymous Symbol]                       0x08001cc2   Section        0  bsp_flash_simple.o(.text.flash_write_buffer)
    [Anonymous Symbol]                       0x08001dbc   Section        0  gd32c2x1_fmc.o(.text.fmc_doubleword_program)
    [Anonymous Symbol]                       0x08001e1c   Section        0  gd32c2x1_fmc.o(.text.fmc_flag_clear)
    __arm_cp.34_0                            0x08001e30   Number         4  gd32c2x1_fmc.o(.text.fmc_flag_clear)
    [Anonymous Symbol]                       0x08001e34   Section        0  gd32c2x1_fmc.o(.text.fmc_lock)
    [Anonymous Symbol]                       0x08001e44   Section        0  gd32c2x1_fmc.o(.text.fmc_page_erase)
    [Anonymous Symbol]                       0x08001eac   Section        0  gd32c2x1_fmc.o(.text.fmc_ready_wait)
    [Anonymous Symbol]                       0x08001f00   Section        0  gd32c2x1_fmc.o(.text.fmc_state_get)
    __arm_cp.39_0                            0x08001fec   Number         4  gd32c2x1_fmc.o(.text.fmc_state_get)
    [Anonymous Symbol]                       0x08001ff0   Section        0  gd32c2x1_fmc.o(.text.fmc_unlock)
    __arm_cp.0_0                             0x08002008   Number         4  gd32c2x1_fmc.o(.text.fmc_unlock)
    __arm_cp.0_1                             0x0800200c   Number         4  gd32c2x1_fmc.o(.text.fmc_unlock)
    __arm_cp.0_2                             0x08002010   Number         4  gd32c2x1_fmc.o(.text.fmc_unlock)
    __arm_cp.0_3                             0x08002014   Number         4  gd32c2x1_fmc.o(.text.fmc_unlock)
    [Anonymous Symbol]                       0x08002018   Section        0  main.o(.text.fputc)
    [Anonymous Symbol]                       0x08002030   Section        0  gd32c2x1_gpio.o(.text.gpio_af_set)
    [Anonymous Symbol]                       0x080020fc   Section        0  gd32c2x1_gpio.o(.text.gpio_bit_reset)
    [Anonymous Symbol]                       0x0800210e   Section        0  gd32c2x1_gpio.o(.text.gpio_bit_set)
    [Anonymous Symbol]                       0x08002120   Section        0  gd32c2x1_gpio.o(.text.gpio_input_bit_get)
    [Anonymous Symbol]                       0x0800214c   Section        0  gd32c2x1_gpio.o(.text.gpio_mode_set)
    [Anonymous Symbol]                       0x080021e4   Section        0  gd32c2x1_gpio.o(.text.gpio_output_options_set)
    __arm_cp.2_0                             0x08002278   Number         4  gd32c2x1_gpio.o(.text.gpio_output_options_set)
    isl_calc_crc                             0x0800227d   Thumb Code  1578  isl700_2a.o(.text.isl_calc_crc)
    [Anonymous Symbol]                       0x0800227c   Section        0  isl700_2a.o(.text.isl_calc_crc)
    isl_delay                                0x080028a7   Thumb Code    10  isl700_2a.o(.text.isl_delay)
    [Anonymous Symbol]                       0x080028a6   Section        0  isl700_2a.o(.text.isl_delay)
    isl_send_field                           0x080028b1   Thumb Code   112  isl700_2a.o(.text.isl_send_field)
    [Anonymous Symbol]                       0x080028b0   Section        0  isl700_2a.o(.text.isl_send_field)
    __arm_cp.3_0                             0x08002920   Number         4  isl700_2a.o(.text.isl_send_field)
    load_from_flash                          0x08002925   Thumb Code   256  task_param.o(.text.load_from_flash)
    [Anonymous Symbol]                       0x08002924   Section        0  task_param.o(.text.load_from_flash)
    [Anonymous Symbol]                       0x08002a24   Section        0  main.o(.text.main)
    __arm_cp.0_0                             0x08002a80   Number         4  main.o(.text.main)
    __arm_cp.0_1                             0x08002a84   Number         4  main.o(.text.main)
    __arm_cp.0_2                             0x08002a88   Number         4  main.o(.text.main)
    [Anonymous Symbol]                       0x08002a8c   Section        0  gd32c2x1_misc.o(.text.nvic_irq_enable)
    [Anonymous Symbol]                       0x08002abc   Section        0  gd32c2x1_misc.o(.text.nvic_vector_table_set)
    __arm_cp.5_0                             0x08002ad8   Number         4  gd32c2x1_misc.o(.text.nvic_vector_table_set)
    __arm_cp.5_1                             0x08002adc   Number         4  gd32c2x1_misc.o(.text.nvic_vector_table_set)
    [Anonymous Symbol]                       0x08002ae0   Section        0  task_param.o(.text.nvm_param_init)
    __arm_cp.0_0                             0x08002b30   Number         4  task_param.o(.text.nvm_param_init)
    __arm_cp.0_2                             0x08002b34   Number         4  task_param.o(.text.nvm_param_init)
    [Anonymous Symbol]                       0x08002b38   Section        0  gd32c2x1_rcu.o(.text.rcu_adc_clock_config)
    __arm_cp.13_0                            0x08002b74   Number         4  gd32c2x1_rcu.o(.text.rcu_adc_clock_config)
    [Anonymous Symbol]                       0x08002b78   Section        0  gd32c2x1_rcu.o(.text.rcu_ckout0_config)
    [Anonymous Symbol]                       0x08002bac   Section        0  gd32c2x1_rcu.o(.text.rcu_ckout1_config)
    [Anonymous Symbol]                       0x08002be0   Section        0  gd32c2x1_rcu.o(.text.rcu_irc48mdiv_sys_clock_config)
    [Anonymous Symbol]                       0x08002c08   Section        0  gd32c2x1_rcu.o(.text.rcu_periph_clock_enable)
    [Anonymous Symbol]                       0x08002c2c   Section        0  gd32c2x1_rcu.o(.text.rcu_periph_reset_disable)
    [Anonymous Symbol]                       0x08002c50   Section        0  gd32c2x1_rcu.o(.text.rcu_periph_reset_enable)
    save_to_flash                            0x08002c75   Thumb Code   120  task_param.o(.text.save_to_flash)
    [Anonymous Symbol]                       0x08002c74   Section        0  task_param.o(.text.save_to_flash)
    __arm_cp.2_0                             0x08002cec   Number         4  task_param.o(.text.save_to_flash)
    __arm_cp.2_1                             0x08002cf0   Number         4  task_param.o(.text.save_to_flash)
    __arm_cp.2_2                             0x08002cf4   Number         4  task_param.o(.text.save_to_flash)
    [Anonymous Symbol]                       0x08002cf8   Section        0  gd32c2x1_syscfg.o(.text.syscfg_exti_line_config)
    __arm_cp.6_0                             0x08002d9c   Number         4  gd32c2x1_syscfg.o(.text.syscfg_exti_line_config)
    __arm_cp.6_1                             0x08002da0   Number         4  gd32c2x1_syscfg.o(.text.syscfg_exti_line_config)
    __arm_cp.6_2                             0x08002da4   Number         4  gd32c2x1_syscfg.o(.text.syscfg_exti_line_config)
    __arm_cp.6_3                             0x08002da8   Number         4  gd32c2x1_syscfg.o(.text.syscfg_exti_line_config)
    [Anonymous Symbol]                       0x08002dac   Section        0  gd32c2x1_syscfg.o(.text.syscfg_interrupt_flag_get)
    __arm_cp.13_0                            0x08002dd8   Number         4  gd32c2x1_syscfg.o(.text.syscfg_interrupt_flag_get)
    system_clock_config                      0x08002ddd   Thumb Code     8  system_gd32c2x1.o(.text.system_clock_config)
    [Anonymous Symbol]                       0x08002ddc   Section        0  system_gd32c2x1.o(.text.system_clock_config)
    system_clock_irc48m                      0x08002de5   Thumb Code   152  system_gd32c2x1.o(.text.system_clock_irc48m)
    [Anonymous Symbol]                       0x08002de4   Section        0  system_gd32c2x1.o(.text.system_clock_irc48m)
    __arm_cp.4_0                             0x08002e7c   Number         4  system_gd32c2x1.o(.text.system_clock_irc48m)
    __arm_cp.4_1                             0x08002e80   Number         4  system_gd32c2x1.o(.text.system_clock_irc48m)
    __arm_cp.4_2                             0x08002e84   Number         4  system_gd32c2x1.o(.text.system_clock_irc48m)
    [Anonymous Symbol]                       0x08002e88   Section        0  systick.o(.text.systick_config)
    __arm_cp.0_0                             0x08002eac   Number         4  systick.o(.text.systick_config)
    [Anonymous Symbol]                       0x08002eb0   Section        0  gd32c2x1_timer.o(.text.timer_auto_reload_shadow_enable)
    [Anonymous Symbol]                       0x08002ec4   Section        0  gd32c2x1_timer.o(.text.timer_deinit)
    __arm_cp.0_1                             0x08002f58   Number         4  gd32c2x1_timer.o(.text.timer_deinit)
    __arm_cp.0_5                             0x08002f5c   Number         4  gd32c2x1_timer.o(.text.timer_deinit)
    __arm_cp.0_6                             0x08002f60   Number         4  gd32c2x1_timer.o(.text.timer_deinit)
    __arm_cp.0_7                             0x08002f64   Number         4  gd32c2x1_timer.o(.text.timer_deinit)
    __arm_cp.0_8                             0x08002f68   Number         4  gd32c2x1_timer.o(.text.timer_deinit)
    [Anonymous Symbol]                       0x08002f6c   Section        0  gd32c2x1_timer.o(.text.timer_disable)
    [Anonymous Symbol]                       0x08002f7e   Section        0  gd32c2x1_timer.o(.text.timer_enable)
    [Anonymous Symbol]                       0x08002f90   Section        0  gd32c2x1_timer.o(.text.timer_init)
    __arm_cp.2_0                             0x08003038   Number         4  gd32c2x1_timer.o(.text.timer_init)
    __arm_cp.2_1                             0x0800303c   Number         4  gd32c2x1_timer.o(.text.timer_init)
    __arm_cp.2_2                             0x08003040   Number         4  gd32c2x1_timer.o(.text.timer_init)
    __arm_cp.2_3                             0x08003044   Number         4  gd32c2x1_timer.o(.text.timer_init)
    [Anonymous Symbol]                       0x08003048   Section        0  gd32c2x1_timer.o(.text.timer_master_output_trigger_source_select)
    [Anonymous Symbol]                       0x08003070   Section        0  gd32c2x1_timer.o(.text.timer_struct_para_init)
    __arm_cp.1_0                             0x08003094   Number         4  gd32c2x1_timer.o(.text.timer_struct_para_init)
    i.__0printf                              0x08003098   Section        0  printfa.o(i.__0printf)
    i.__ARM_clz                              0x080030b8   Section        0  depilogue.o(i.__ARM_clz)
    i.__scatterload_copy                     0x080030e6   Section       14  handlers.o(i.__scatterload_copy)
    i.__scatterload_null                     0x080030f4   Section        2  handlers.o(i.__scatterload_null)
    i.__scatterload_zeroinit                 0x080030f6   Section       14  handlers.o(i.__scatterload_zeroinit)
    _fp_digits                               0x08003105   Thumb Code   344  printfa.o(i._fp_digits)
    i._fp_digits                             0x08003104   Section        0  printfa.o(i._fp_digits)
    _printf_core                             0x08003279   Thumb Code  1754  printfa.o(i._printf_core)
    i._printf_core                           0x08003278   Section        0  printfa.o(i._printf_core)
    _printf_post_padding                     0x08003965   Thumb Code    32  printfa.o(i._printf_post_padding)
    i._printf_post_padding                   0x08003964   Section        0  printfa.o(i._printf_post_padding)
    _printf_pre_padding                      0x08003985   Thumb Code    44  printfa.o(i._printf_pre_padding)
    i._printf_pre_padding                    0x08003984   Section        0  printfa.o(i._printf_pre_padding)
    crc32_table                              0x080039d8   Data        1024  bsp_flash_simple.o(.rodata.crc32_table)
    [Anonymous Symbol]                       0x080039d8   Section        0  bsp_flash_simple.o(.rodata.crc32_table)
    [Anonymous Symbol]                       0x08003ed8   Section        0  task_meas.o(.rodata.str1.1)
    [Anonymous Symbol]                       0x08003ef7   Section        0  task_analyze.o(.rodata.str1.1)
    [Anonymous Symbol]                       0x08003f18   Section        0  segger_rtt.o(.rodata.str1.1)
    .data                                    0x20000000   Section        4  stdout.o(.data)
    s_YLedMode                               0x2000000a   Data           1  task_led.o(.data.s_YLedMode)
    [Anonymous Symbol]                       0x2000000a   Section        0  task_led.o(.data.s_YLedMode)
    s_led_mode                               0x2000000b   Data           1  task_btn.o(.data.s_led_mode)
    [Anonymous Symbol]                       0x2000000b   Section        0  task_btn.o(.data.s_led_mode)
    _acDownBuffer                            0x200000b8   Data          16  segger_rtt.o(.bss._acDownBuffer)
    [Anonymous Symbol]                       0x200000b8   Section        0  segger_rtt.o(.bss._acDownBuffer)
    _acUpBuffer                              0x200000c8   Data        2048  segger_rtt.o(.bss._acUpBuffer)
    [Anonymous Symbol]                       0x200000c8   Section        0  segger_rtt.o(.bss._acUpBuffer)
    delay                                    0x200008c8   Data           4  systick.o(.bss.delay)
    [Anonymous Symbol]                       0x200008c8   Section        0  systick.o(.bss.delay)
    g_current                                0x200008f8   Data          40  task_param.o(.bss.g_current)
    [Anonymous Symbol]                       0x200008f8   Section        0  task_param.o(.bss.g_current)
    g_current_param                          0x20000920   Data          20  task_init.o(.bss.g_current_param)
    [Anonymous Symbol]                       0x20000920   Section        0  task_init.o(.bss.g_current_param)
    s_debounce_cnt                           0x20000936   Data           2  task_btn.o(.bss.s_debounce_cnt)
    [Anonymous Symbol]                       0x20000936   Section        0  task_btn.o(.bss.s_debounce_cnt)
    s_meas_active                            0x20000938   Data           1  task_led.o(.bss.s_meas_active)
    [Anonymous Symbol]                       0x20000938   Section        0  task_led.o(.bss.s_meas_active)
    s_raw_state                              0x20000939   Data           1  task_btn.o(.bss.s_raw_state)
    [Anonymous Symbol]                       0x20000939   Section        0  task_btn.o(.bss.s_raw_state)
    s_stable_state                           0x2000093a   Data           1  task_btn.o(.bss.s_stable_state)
    [Anonymous Symbol]                       0x2000093a   Section        0  task_btn.o(.bss.s_stable_state)
    STACK                                    0x20000940   Section     1024  startup_gd32c231_221.o(STACK)

    Global Symbols

    Symbol Name                              Value     Ov Type        Size  Object(Section)

    BuildAttributes$$THM_ISAv3M$S$8M$PE$A:L22$X:L11$S22$IEEE1$IW$~IW$USESV6$~STKCKD$USESV7$~SHL$OSPACE$ROPI$EBA8$MICROLIB$REQ8$PRES8$EABIv2 0x00000000   Number         0  anon$$obj.o ABSOLUTE
    __cpp_initialize__aeabi_                  - Undefined Weak Reference
    __cxa_finalize                            - Undefined Weak Reference
    __decompress                              - Undefined Weak Reference
    _clock_init                               - Undefined Weak Reference
    _microlib_exit                            - Undefined Weak Reference
    __Vectors_Size                           0x000000dc   Number         0  startup_gd32c231_221.o ABSOLUTE
    __Vectors                                0x08000000   Data           4  startup_gd32c231_221.o(RESET)
    __Vectors_End                            0x080000dc   Data           0  startup_gd32c231_221.o(RESET)
    __main                                   0x080000dd   Thumb Code     0  entry.o(.ARM.Collect$$$$00000000)
    _main_stk                                0x080000dd   Thumb Code     0  entry2.o(.ARM.Collect$$$$00000001)
    _main_scatterload                        0x080000e1   Thumb Code     0  entry5.o(.ARM.Collect$$$$00000004)
    __main_after_scatterload                 0x080000e5   Thumb Code     0  entry5.o(.ARM.Collect$$$$00000004)
    _main_clock                              0x080000e5   Thumb Code     0  entry7b.o(.ARM.Collect$$$$00000008)
    _main_cpp_init                           0x080000e5   Thumb Code     0  entry8b.o(.ARM.Collect$$$$0000000A)
    _main_init                               0x080000e5   Thumb Code     0  entry9a.o(.ARM.Collect$$$$0000000B)
    __rt_final_cpp                           0x080000ed   Thumb Code     0  entry10a.o(.ARM.Collect$$$$0000000D)
    __rt_final_exit                          0x080000ed   Thumb Code     0  entry11a.o(.ARM.Collect$$$$0000000F)
    Reset_Handler                            0x080000f1   Thumb Code    34  startup_gd32c231_221.o(.text)
    ADC_IRQHandler                           0x0800011d   Thumb Code     0  startup_gd32c231_221.o(.text)
    CMP0_IRQHandler                          0x0800011d   Thumb Code     0  startup_gd32c231_221.o(.text)
    CMP1_IRQHandler                          0x0800011d   Thumb Code     0  startup_gd32c231_221.o(.text)
    DMAMUX_IRQHandler                        0x0800011d   Thumb Code     0  startup_gd32c231_221.o(.text)
    DMA_Channel1_IRQHandler                  0x0800011d   Thumb Code     0  startup_gd32c231_221.o(.text)
    DMA_Channel2_IRQHandler                  0x0800011d   Thumb Code     0  startup_gd32c231_221.o(.text)
    EXTI0_IRQHandler                         0x0800011d   Thumb Code     0  startup_gd32c231_221.o(.text)
    EXTI10_15_IRQHandler                     0x0800011d   Thumb Code     0  startup_gd32c231_221.o(.text)
    EXTI1_IRQHandler                         0x0800011d   Thumb Code     0  startup_gd32c231_221.o(.text)
    EXTI2_IRQHandler                         0x0800011d   Thumb Code     0  startup_gd32c231_221.o(.text)
    EXTI3_IRQHandler                         0x0800011d   Thumb Code     0  startup_gd32c231_221.o(.text)
    EXTI4_IRQHandler                         0x0800011d   Thumb Code     0  startup_gd32c231_221.o(.text)
    FMC_IRQHandler                           0x0800011d   Thumb Code     0  startup_gd32c231_221.o(.text)
    I2C0_ER_IRQHandler                       0x0800011d   Thumb Code     0  startup_gd32c231_221.o(.text)
    I2C0_EV_IRQHandler                       0x0800011d   Thumb Code     0  startup_gd32c231_221.o(.text)
    I2C0_WKUP_IRQHandler                     0x0800011d   Thumb Code     0  startup_gd32c231_221.o(.text)
    I2C1_ER_IRQHandler                       0x0800011d   Thumb Code     0  startup_gd32c231_221.o(.text)
    I2C1_EV_IRQHandler                       0x0800011d   Thumb Code     0  startup_gd32c231_221.o(.text)
    I2C1_WKUP_IRQHandler                     0x0800011d   Thumb Code     0  startup_gd32c231_221.o(.text)
    RCU_IRQHandler                           0x0800011d   Thumb Code     0  startup_gd32c231_221.o(.text)
    RTC_Alarm_IRQHandler                     0x0800011d   Thumb Code     0  startup_gd32c231_221.o(.text)
    SPI0_IRQHandler                          0x0800011d   Thumb Code     0  startup_gd32c231_221.o(.text)
    SPI1_IRQHandler                          0x0800011d   Thumb Code     0  startup_gd32c231_221.o(.text)
    TIMER0_Channel_IRQHandler                0x0800011d   Thumb Code     0  startup_gd32c231_221.o(.text)
    TIMER0_TRG_CMT_UP_BRK_IRQHandler         0x0800011d   Thumb Code     0  startup_gd32c231_221.o(.text)
    TIMER13_IRQHandler                       0x0800011d   Thumb Code     0  startup_gd32c231_221.o(.text)
    TIMER15_IRQHandler                       0x0800011d   Thumb Code     0  startup_gd32c231_221.o(.text)
    TIMER16_IRQHandler                       0x0800011d   Thumb Code     0  startup_gd32c231_221.o(.text)
    TIMER2_IRQHandler                        0x0800011d   Thumb Code     0  startup_gd32c231_221.o(.text)
    TIMESTAMP_IRQHandler                     0x0800011d   Thumb Code     0  startup_gd32c231_221.o(.text)
    USART0_IRQHandler                        0x0800011d   Thumb Code     0  startup_gd32c231_221.o(.text)
    USART0_WKUP_IRQHandler                   0x0800011d   Thumb Code     0  startup_gd32c231_221.o(.text)
    USART1_IRQHandler                        0x0800011d   Thumb Code     0  startup_gd32c231_221.o(.text)
    USART2_IRQHandler                        0x0800011d   Thumb Code     0  startup_gd32c231_221.o(.text)
    WWDGT_IRQHandler                         0x0800011d   Thumb Code     0  startup_gd32c231_221.o(.text)
    __aeabi_memcpy                           0x08000135   Thumb Code    36  memcpya.o(.text)
    __aeabi_memcpy4                          0x08000135   Thumb Code     0  memcpya.o(.text)
    __aeabi_memcpy8                          0x08000135   Thumb Code     0  memcpya.o(.text)
    strcpy                                   0x08000159   Thumb Code    18  strcpy.o(.text)
    __aeabi_dadd                             0x0800016d   Thumb Code   328  dadd.o(.text)
    __aeabi_dsub                             0x080002b5   Thumb Code    12  dadd.o(.text)
    __aeabi_drsub                            0x080002c1   Thumb Code    12  dadd.o(.text)
    __aeabi_dmul                             0x080002d1   Thumb Code   202  dmul.o(.text)
    __aeabi_uldivmod                         0x080003a1   Thumb Code    96  uldiv.o(.text)
    __aeabi_llsl                             0x08000401   Thumb Code    32  llshl.o(.text)
    _ll_shift_l                              0x08000401   Thumb Code     0  llshl.o(.text)
    __aeabi_llsr                             0x08000421   Thumb Code    34  llushr.o(.text)
    _ll_ushift_r                             0x08000421   Thumb Code     0  llushr.o(.text)
    __aeabi_lasr                             0x08000443   Thumb Code    38  llsshr.o(.text)
    _ll_sshift_r                             0x08000443   Thumb Code     0  llsshr.o(.text)
    __I$use$fp                               0x08000469   Thumb Code     0  iusefp.o(.text)
    _double_round                            0x08000469   Thumb Code    26  depilogue.o(.text)
    _double_epilogue                         0x08000483   Thumb Code   164  depilogue.o(.text)
    __aeabi_ddiv                             0x08000529   Thumb Code   234  ddiv.o(.text)
    __aeabi_d2ulz                            0x08000619   Thumb Code    54  dfixul.o(.text)
    __aeabi_cdrcmple                         0x08000659   Thumb Code    38  cdrcmple.o(.text)
    __scatterload                            0x08000681   Thumb Code    38  init.o(.text)
    __scatterload_rt2                        0x08000681   Thumb Code     0  init.o(.text)
    __aeabi_uidiv$div0                       0x080006b1   Thumb Code     0  uidiv_div0.o(.text)
    __aeabi_uidivmod                         0x080006b1   Thumb Code    62  uidiv_div0.o(.text)
    ADC_Config                               0x080006ef   Thumb Code    90  bsp_adc.o(.text.ADC_Config)
    ADC_Sampling_Start                       0x08000749   Thumb Code    40  bsp_adc.o(.text.ADC_Sampling_Start)
    ADC_Sampling_Stop                        0x08000771   Thumb Code    12  bsp_adc.o(.text.ADC_Sampling_Stop)
    ADC_TIMER_Config                         0x0800077d   Thumb Code    64  bsp_adc.o(.text.ADC_TIMER_Config)
    ADC_UserInit                             0x080007c1   Thumb Code    24  bsp_adc.o(.text.ADC_UserInit)
    AnalyzeTask                              0x080007d9   Thumb Code   112  task_analyze.o(.text.AnalyzeTask)
    BSP_Init                                 0x08000859   Thumb Code    20  main.o(.text.BSP_Init)
    BtnGetState                              0x0800086d   Thumb Code    14  bsp_gpio.o(.text.BtnGetState)
    BtnTask_Init                             0x0800087d   Thumb Code    52  task_btn.o(.text.BtnTask_Init)
    DMA_Channel0_IRQHandler                  0x080008c1   Thumb Code    36  bsp_adc.o(.text.DMA_Channel0_IRQHandler)
    DMA_Config                               0x080008e5   Thumb Code   108  bsp_adc.o(.text.DMA_Config)
    EXTI5_9_IRQHandler                       0x08000959   Thumb Code    40  gd32c2x1_it.o(.text.EXTI5_9_IRQHandler)
    GPIO_Config                              0x08000989   Thumb Code    18  bsp_adc.o(.text.GPIO_Config)
    GPIO_UserInit                            0x0800099d   Thumb Code   456  bsp_gpio.o(.text.GPIO_UserInit)
    HardFault_Handler                        0x08000b8d   Thumb Code     4  gd32c2x1_it.o(.text.HardFault_Handler)
    ISL700_Write_Reg                         0x08000b91   Thumb Code   260  isl700_2a.o(.text.ISL700_Write_Reg)
    LedClr                                   0x08000c99   Thumb Code    28  bsp_gpio.o(.text.LedClr)
    LedSet                                   0x08000cb5   Thumb Code    28  bsp_gpio.o(.text.LedSet)
    LedTask_Init                             0x08000cd9   Thumb Code    36  task_led.o(.text.LedTask_Init)
    Led_SetMode                              0x08000d01   Thumb Code    24  task_led.o(.text.Led_SetMode)
    Led_SetPwr                               0x08000d1d   Thumb Code    38  task_led.o(.text.Led_SetPwr)
    Led_SetWork                              0x08000d43   Thumb Code    38  task_led.o(.text.Led_SetWork)
    MeasTask                                 0x08000d69   Thumb Code    56  task_meas.o(.text.MeasTask)
    NMI_Handler                              0x08000dad   Thumb Code    62  gd32c2x1_it.o(.text.NMI_Handler)
    PLS_SO_InterruptInit                     0x08000ded   Thumb Code    96  bsp_exit.o(.text.PLS_SO_InterruptInit)
    ParamSrv_ApplyToIC                       0x08000e51   Thumb Code    12  task_init.o(.text.ParamSrv_ApplyToIC)
    ParamSrv_Init                            0x08000e5d   Thumb Code    40  task_init.o(.text.ParamSrv_Init)
    ParamSrv_Load                            0x08000e85   Thumb Code    48  task_init.o(.text.ParamSrv_Load)
    PendSV_Handler                           0x08000eb9   Thumb Code     4  gd32c2x1_it.o(.text.PendSV_Handler)
    RCU_Config                               0x08000ebd   Thumb Code    44  bsp_adc.o(.text.RCU_Config)
    SEGGER_RTT_PutChar                       0x08000efd   Thumb Code   156  segger_rtt.o(.text.SEGGER_RTT_PutChar)
    SVC_Handler                              0x08000f99   Thumb Code     4  gd32c2x1_it.o(.text.SVC_Handler)
    SwitchAdcBuffer                          0x08000f9d   Thumb Code    40  bsp_adc.o(.text.SwitchAdcBuffer)
    SysTick_Handler                          0x08001011   Thumb Code    16  gd32c2x1_it.o(.text.SysTick_Handler)
    SystemInit                               0x08001025   Thumb Code    96  system_gd32c2x1.o(.text.SystemInit)
    Task_Init                                0x0800109d   Thumb Code    20  task_init.o(.text.Task_Init)
    adc_channel_length_config                0x08001269   Thumb Code   128  gd32c2x1_adc.o(.text.adc_channel_length_config)
    adc_data_alignment_config                0x080012f1   Thumb Code    44  gd32c2x1_adc.o(.text.adc_data_alignment_config)
    adc_deinit                               0x0800131d   Thumb Code    24  gd32c2x1_adc.o(.text.adc_deinit)
    adc_dma_mode_enable                      0x08001339   Thumb Code    16  gd32c2x1_adc.o(.text.adc_dma_mode_enable)
    adc_enable                               0x08001349   Thumb Code    24  gd32c2x1_adc.o(.text.adc_enable)
    adc_external_trigger_config              0x08001361   Thumb Code   128  gd32c2x1_adc.o(.text.adc_external_trigger_config)
    adc_external_trigger_source_config       0x080013e1   Thumb Code    84  gd32c2x1_adc.o(.text.adc_external_trigger_source_config)
    adc_routine_channel_config               0x08001435   Thumb Code   320  gd32c2x1_adc.o(.text.adc_routine_channel_config)
    adc_special_function_config              0x08001589   Thumb Code   172  gd32c2x1_adc.o(.text.adc_special_function_config)
    crc8_calc                                0x0800163d   Thumb Code    60  crc_8.o(.text.crc8_calc)
    delay_1ms                                0x0800167d   Thumb Code    28  systick.o(.text.delay_1ms)
    delay_1us                                0x08001699   Thumb Code   120  systick.o(.text.delay_1us)
    delay_decrement                          0x08001721   Thumb Code    20  systick.o(.text.delay_decrement)
    dma_channel_disable                      0x08001739   Thumb Code    28  gd32c2x1_dma.o(.text.dma_channel_disable)
    dma_channel_enable                       0x08001755   Thumb Code    28  gd32c2x1_dma.o(.text.dma_channel_enable)
    dma_circulation_disable                  0x08001771   Thumb Code    28  gd32c2x1_dma.o(.text.dma_circulation_disable)
    dma_deinit                               0x0800178d   Thumb Code    88  gd32c2x1_dma.o(.text.dma_deinit)
    dma_init                                 0x080017e5   Thumb Code   316  gd32c2x1_dma.o(.text.dma_init)
    dma_interrupt_enable                     0x08001925   Thumb Code    36  gd32c2x1_dma.o(.text.dma_interrupt_enable)
    dma_interrupt_flag_clear                 0x08001949   Thumb Code    32  gd32c2x1_dma.o(.text.dma_interrupt_flag_clear)
    dma_interrupt_flag_get                   0x0800196d   Thumb Code   192  gd32c2x1_dma.o(.text.dma_interrupt_flag_get)
    dma_memory_address_config                0x08001a35   Thumb Code    32  gd32c2x1_dma.o(.text.dma_memory_address_config)
    dma_struct_para_init                     0x08001a59   Thumb Code    50  gd32c2x1_dma.o(.text.dma_struct_para_init)
    dma_transfer_number_config               0x08001a8d   Thumb Code    32  gd32c2x1_dma.o(.text.dma_transfer_number_config)
    dmamux_synchronization_disable           0x08001ab1   Thumb Code    28  gd32c2x1_dma.o(.text.dmamux_synchronization_disable)
    exti_init                                0x08001ad1   Thumb Code   208  gd32c2x1_exti.o(.text.exti_init)
    exti_interrupt_flag_clear                0x08001bb1   Thumb Code    16  gd32c2x1_exti.o(.text.exti_interrupt_flag_clear)
    exti_interrupt_flag_get                  0x08001bc1   Thumb Code    48  gd32c2x1_exti.o(.text.exti_interrupt_flag_get)
    exti_software_interrupt_enable           0x08001bf5   Thumb Code    20  gd32c2x1_exti.o(.text.exti_software_interrupt_enable)
    flash_crc32                              0x08001c0d   Thumb Code    68  bsp_flash_simple.o(.text.flash_crc32)
    flash_erase_page                         0x08001c55   Thumb Code    86  bsp_flash_simple.o(.text.flash_erase_page)
    flash_read_buffer                        0x08001cab   Thumb Code    24  bsp_flash_simple.o(.text.flash_read_buffer)
    flash_write_buffer                       0x08001cc3   Thumb Code   250  bsp_flash_simple.o(.text.flash_write_buffer)
    fmc_doubleword_program                   0x08001dbd   Thumb Code    96  gd32c2x1_fmc.o(.text.fmc_doubleword_program)
    fmc_flag_clear                           0x08001e1d   Thumb Code    20  gd32c2x1_fmc.o(.text.fmc_flag_clear)
    fmc_lock                                 0x08001e35   Thumb Code    16  gd32c2x1_fmc.o(.text.fmc_lock)
    fmc_page_erase                           0x08001e45   Thumb Code   104  gd32c2x1_fmc.o(.text.fmc_page_erase)
    fmc_ready_wait                           0x08001ead   Thumb Code    84  gd32c2x1_fmc.o(.text.fmc_ready_wait)
    fmc_state_get                            0x08001f01   Thumb Code   236  gd32c2x1_fmc.o(.text.fmc_state_get)
    fmc_unlock                               0x08001ff1   Thumb Code    24  gd32c2x1_fmc.o(.text.fmc_unlock)
    fputc                                    0x08002019   Thumb Code    24  main.o(.text.fputc)
    gpio_af_set                              0x08002031   Thumb Code   204  gd32c2x1_gpio.o(.text.gpio_af_set)
    gpio_bit_reset                           0x080020fd   Thumb Code    18  gd32c2x1_gpio.o(.text.gpio_bit_reset)
    gpio_bit_set                             0x0800210f   Thumb Code    18  gd32c2x1_gpio.o(.text.gpio_bit_set)
    gpio_input_bit_get                       0x08002121   Thumb Code    44  gd32c2x1_gpio.o(.text.gpio_input_bit_get)
    gpio_mode_set                            0x0800214d   Thumb Code   150  gd32c2x1_gpio.o(.text.gpio_mode_set)
    gpio_output_options_set                  0x080021e5   Thumb Code   148  gd32c2x1_gpio.o(.text.gpio_output_options_set)
    main                                     0x08002a25   Thumb Code    92  main.o(.text.main)
    nvic_irq_enable                          0x08002a8d   Thumb Code    48  gd32c2x1_misc.o(.text.nvic_irq_enable)
    nvic_vector_table_set                    0x08002abd   Thumb Code    28  gd32c2x1_misc.o(.text.nvic_vector_table_set)
    nvm_param_init                           0x08002ae1   Thumb Code    80  task_param.o(.text.nvm_param_init)
    rcu_adc_clock_config                     0x08002b39   Thumb Code    60  gd32c2x1_rcu.o(.text.rcu_adc_clock_config)
    rcu_ckout0_config                        0x08002b79   Thumb Code    52  gd32c2x1_rcu.o(.text.rcu_ckout0_config)
    rcu_ckout1_config                        0x08002bad   Thumb Code    52  gd32c2x1_rcu.o(.text.rcu_ckout1_config)
    rcu_irc48mdiv_sys_clock_config           0x08002be1   Thumb Code    40  gd32c2x1_rcu.o(.text.rcu_irc48mdiv_sys_clock_config)
    rcu_periph_clock_enable                  0x08002c09   Thumb Code    36  gd32c2x1_rcu.o(.text.rcu_periph_clock_enable)
    rcu_periph_reset_disable                 0x08002c2d   Thumb Code    36  gd32c2x1_rcu.o(.text.rcu_periph_reset_disable)
    rcu_periph_reset_enable                  0x08002c51   Thumb Code    36  gd32c2x1_rcu.o(.text.rcu_periph_reset_enable)
    syscfg_exti_line_config                  0x08002cf9   Thumb Code   164  gd32c2x1_syscfg.o(.text.syscfg_exti_line_config)
    syscfg_interrupt_flag_get                0x08002dad   Thumb Code    44  gd32c2x1_syscfg.o(.text.syscfg_interrupt_flag_get)
    systick_config                           0x08002e89   Thumb Code    36  systick.o(.text.systick_config)
    timer_auto_reload_shadow_enable          0x08002eb1   Thumb Code    18  gd32c2x1_timer.o(.text.timer_auto_reload_shadow_enable)
    timer_deinit                             0x08002ec5   Thumb Code   148  gd32c2x1_timer.o(.text.timer_deinit)
    timer_disable                            0x08002f6d   Thumb Code    18  gd32c2x1_timer.o(.text.timer_disable)
    timer_enable                             0x08002f7f   Thumb Code    18  gd32c2x1_timer.o(.text.timer_enable)
    timer_init                               0x08002f91   Thumb Code   168  gd32c2x1_timer.o(.text.timer_init)
    timer_master_output_trigger_source_select 0x08003049   Thumb Code    40  gd32c2x1_timer.o(.text.timer_master_output_trigger_source_select)
    timer_struct_para_init                   0x08003071   Thumb Code    36  gd32c2x1_timer.o(.text.timer_struct_para_init)
    __0printf                                0x08003099   Thumb Code    24  printfa.o(i.__0printf)
    __1printf                                0x08003099   Thumb Code     0  printfa.o(i.__0printf)
    __2printf                                0x08003099   Thumb Code     0  printfa.o(i.__0printf)
    __c89printf                              0x08003099   Thumb Code     0  printfa.o(i.__0printf)
    printf                                   0x08003099   Thumb Code     0  printfa.o(i.__0printf)
    __ARM_clz                                0x080030b9   Thumb Code    46  depilogue.o(i.__ARM_clz)
    __scatterload_copy                       0x080030e7   Thumb Code    14  handlers.o(i.__scatterload_copy)
    __scatterload_null                       0x080030f5   Thumb Code     2  handlers.o(i.__scatterload_null)
    __scatterload_zeroinit                   0x080030f7   Thumb Code    14  handlers.o(i.__scatterload_zeroinit)
    FACTORY_DEFAULT                          0x080039b0   Data          20  task_param.o(.rodata.FACTORY_DEFAULT)
    LED_CLK                                  0x080039c4   Data           4  bsp_gpio.o(.rodata.LED_CLK)
    LED_PIN                                  0x080039c8   Data           8  bsp_gpio.o(.rodata.LED_PIN)
    LED_PORT                                 0x080039d0   Data           8  bsp_gpio.o(.rodata.LED_PORT)
    crc8_table                               0x08003dd8   Data         256  crc_8.o(.rodata.crc8_table)
    Region$$Table$$Base                      0x08003f2c   Number         0  anon$$obj.o(Region$$Table)
    Region$$Table$$Limit                     0x08003f4c   Number         0  anon$$obj.o(Region$$Table)
    __stdout                                 0x20000000   Data           4  stdout.o(.data)
    SystemCoreClock                          0x20000004   Data           4  system_gd32c2x1.o(.data.SystemCoreClock)
    g_isSampleDone                           0x20000008   Data           1  main.o(.data.g_isSampleDone)
    g_plsState                               0x20000009   Data           1  bsp_exit.o(.data.g_plsState)
    _SEGGER_RTT                              0x20000010   Data         168  segger_rtt.o(.bss._SEGGER_RTT)
    g_A_Buffer                               0x200008cc   Data          20  bsp_adc.o(.bss.g_A_Buffer)
    g_B_Buffer                               0x200008e0   Data          20  bsp_adc.o(.bss.g_B_Buffer)
    g_isSysTickInt                           0x20000934   Data           1  main.o(.bss.g_isSysTickInt)
    g_startADCSampling                       0x20000935   Data           1  main.o(.bss.g_startADCSampling)
    __initial_sp                             0x20000d40   Data           0  startup_gd32c231_221.o(STACK)



==============================================================================

Memory Map of the image

  Image Entry point : 0x080000dd

  Load Region LR_IROM1 (Base: 0x08000000, Size: 0x00003f60, Max: 0x00010000, ABSOLUTE)

    Execution Region ER_IROM1 (Exec base: 0x08000000, Load base: 0x08000000, Size: 0x00003f4c, Max: 0x00010000, ABSOLUTE)

    Exec Addr    Load Addr    Size         Type   Attr      Idx    E Section Name        Object

    0x08000000   0x08000000   0x000000dc   Data   RO         1638    RESET               startup_gd32c231_221.o
    0x080000dc   0x080000dc   0x00000000   Code   RO         1738  * .ARM.Collect$$$$00000000  mc_p.l(entry.o)
    0x080000dc   0x080000dc   0x00000004   Code   RO         1789    .ARM.Collect$$$$00000001  mc_p.l(entry2.o)
    0x080000e0   0x080000e0   0x00000004   Code   RO         1792    .ARM.Collect$$$$00000004  mc_p.l(entry5.o)
    0x080000e4   0x080000e4   0x00000000   Code   RO         1794    .ARM.Collect$$$$00000008  mc_p.l(entry7b.o)
    0x080000e4   0x080000e4   0x00000000   Code   RO         1796    .ARM.Collect$$$$0000000A  mc_p.l(entry8b.o)
    0x080000e4   0x080000e4   0x00000008   Code   RO         1797    .ARM.Collect$$$$0000000B  mc_p.l(entry9a.o)
    0x080000ec   0x080000ec   0x00000000   Code   RO         1799    .ARM.Collect$$$$0000000D  mc_p.l(entry10a.o)
    0x080000ec   0x080000ec   0x00000000   Code   RO         1801    .ARM.Collect$$$$0000000F  mc_p.l(entry11a.o)
    0x080000ec   0x080000ec   0x00000004   Code   RO         1790    .ARM.Collect$$$$00002712  mc_p.l(entry2.o)
    0x080000f0   0x080000f0   0x00000044   Code   RO         1639    .text               startup_gd32c231_221.o
    0x08000134   0x08000134   0x00000024   Code   RO         1741    .text               mc_p.l(memcpya.o)
    0x08000158   0x08000158   0x00000012   Code   RO         1745    .text               mc_p.l(strcpy.o)
    0x0800016a   0x0800016a   0x00000002   PAD
    0x0800016c   0x0800016c   0x00000164   Code   RO         1777    .text               mf_p.l(dadd.o)
    0x080002d0   0x080002d0   0x000000d0   Code   RO         1779    .text               mf_p.l(dmul.o)
    0x080003a0   0x080003a0   0x00000060   Code   RO         1808    .text               mc_p.l(uldiv.o)
    0x08000400   0x08000400   0x00000020   Code   RO         1810    .text               mc_p.l(llshl.o)
    0x08000420   0x08000420   0x00000022   Code   RO         1812    .text               mc_p.l(llushr.o)
    0x08000442   0x08000442   0x00000026   Code   RO         1814    .text               mc_p.l(llsshr.o)
    0x08000468   0x08000468   0x00000000   Code   RO         1816    .text               mc_p.l(iusefp.o)
    0x08000468   0x08000468   0x000000be   Code   RO         1817    .text               mf_p.l(depilogue.o)
    0x08000526   0x08000526   0x00000002   PAD
    0x08000528   0x08000528   0x000000f0   Code   RO         1821    .text               mf_p.l(ddiv.o)
    0x08000618   0x08000618   0x00000040   Code   RO         1823    .text               mf_p.l(dfixul.o)
    0x08000658   0x08000658   0x00000028   Code   RO         1825    .text               mf_p.l(cdrcmple.o)
    0x08000680   0x08000680   0x00000030   Code   RO         1827    .text               mc_p.l(init.o)
    0x080006b0   0x080006b0   0x0000003e   Code   RO         1831    .text               mc_p.l(uidiv_div0.o)
    0x080006ee   0x080006ee   0x0000005a   Code   RO          222    .text.ADC_Config    bsp_adc.o
    0x08000748   0x08000748   0x00000028   Code   RO          230    .text.ADC_Sampling_Start  bsp_adc.o
    0x08000770   0x08000770   0x0000000c   Code   RO          226    .text.ADC_Sampling_Stop  bsp_adc.o
    0x0800077c   0x0800077c   0x00000044   Code   RO          218    .text.ADC_TIMER_Config  bsp_adc.o
    0x080007c0   0x080007c0   0x00000018   Code   RO          228    .text.ADC_UserInit  bsp_adc.o
    0x080007d8   0x080007d8   0x00000080   Code   RO          160    .text.AnalyzeTask   task_analyze.o
    0x08000858   0x08000858   0x00000014   Code   RO           23    .text.BSP_Init      main.o
    0x0800086c   0x0800086c   0x0000000e   Code   RO          262    .text.BtnGetState   bsp_gpio.o
    0x0800087a   0x0800087a   0x00000002   PAD
    0x0800087c   0x0800087c   0x00000044   Code   RO           85    .text.BtnTask_Init  task_btn.o
    0x080008c0   0x080008c0   0x00000024   Code   RO          224    .text.DMA_Channel0_IRQHandler  bsp_adc.o
    0x080008e4   0x080008e4   0x00000074   Code   RO          220    .text.DMA_Config    bsp_adc.o
    0x08000958   0x08000958   0x00000030   Code   RO           12    .text.EXTI5_9_IRQHandler  gd32c2x1_it.o
    0x08000988   0x08000988   0x00000012   Code   RO          216    .text.GPIO_Config   bsp_adc.o
    0x0800099a   0x0800099a   0x00000002   PAD
    0x0800099c   0x0800099c   0x000001f0   Code   RO          276    .text.GPIO_UserInit  bsp_gpio.o
    0x08000b8c   0x08000b8c   0x00000004   Code   RO            4    .text.HardFault_Handler  gd32c2x1_it.o
    0x08000b90   0x08000b90   0x00000108   Code   RO          178    .text.ISL700_Write_Reg  isl700_2a.o
    0x08000c98   0x08000c98   0x0000001c   Code   RO          254    .text.LedClr        bsp_gpio.o
    0x08000cb4   0x08000cb4   0x00000024   Code   RO          252    .text.LedSet        bsp_gpio.o
    0x08000cd8   0x08000cd8   0x00000028   Code   RO           64    .text.LedTask_Init  task_led.o
    0x08000d00   0x08000d00   0x0000001c   Code   RO           72    .text.Led_SetMode   task_led.o
    0x08000d1c   0x08000d1c   0x00000026   Code   RO           66    .text.Led_SetPwr    task_led.o
    0x08000d42   0x08000d42   0x00000026   Code   RO           68    .text.Led_SetWork   task_led.o
    0x08000d68   0x08000d68   0x00000044   Code   RO          113    .text.MeasTask      task_meas.o
    0x08000dac   0x08000dac   0x0000003e   Code   RO            2    .text.NMI_Handler   gd32c2x1_it.o
    0x08000dea   0x08000dea   0x00000002   PAD
    0x08000dec   0x08000dec   0x00000064   Code   RO          243    .text.PLS_SO_InterruptInit  bsp_exit.o
    0x08000e50   0x08000e50   0x0000000c   Code   RO           42    .text.ParamSrv_ApplyToIC  task_init.o
    0x08000e5c   0x08000e5c   0x00000028   Code   RO           40    .text.ParamSrv_Init  task_init.o
    0x08000e84   0x08000e84   0x00000034   Code   RO           44    .text.ParamSrv_Load  task_init.o
    0x08000eb8   0x08000eb8   0x00000004   Code   RO            8    .text.PendSV_Handler  gd32c2x1_it.o
    0x08000ebc   0x08000ebc   0x00000040   Code   RO          214    .text.RCU_Config    bsp_adc.o
    0x08000efc   0x08000efc   0x0000009c   Code   RO         1672    .text.SEGGER_RTT_PutChar  segger_rtt.o
    0x08000f98   0x08000f98   0x00000004   Code   RO            6    .text.SVC_Handler   gd32c2x1_it.o
    0x08000f9c   0x08000f9c   0x00000028   Code   RO          232    .text.SwitchAdcBuffer  bsp_adc.o
    0x08000fc4   0x08000fc4   0x0000004c   Code   RO          196    .text.SysTick_Config  systick.o
    0x08001010   0x08001010   0x00000014   Code   RO           10    .text.SysTick_Handler  gd32c2x1_it.o
    0x08001024   0x08001024   0x00000078   Code   RO         1618    .text.SystemInit    system_gd32c2x1.o
    0x0800109c   0x0800109c   0x00000014   Code   RO           38    .text.Task_Init     task_init.o
    0x080010b0   0x080010b0   0x00000084   Code   RO         1648    .text._DoInit       segger_rtt.o
    0x08001134   0x08001134   0x00000034   Code   RO          897    .text.__NVIC_EnableIRQ  gd32c2x1_misc.o
    0x08001168   0x08001168   0x0000007c   Code   RO          198    .text.__NVIC_SetPriority  systick.o
    0x080011e4   0x080011e4   0x00000084   Code   RO          895    .text.__NVIC_SetPriority  gd32c2x1_misc.o
    0x08001268   0x08001268   0x00000088   Code   RO          323    .text.adc_channel_length_config  gd32c2x1_adc.o
    0x080012f0   0x080012f0   0x0000002c   Code   RO          321    .text.adc_data_alignment_config  gd32c2x1_adc.o
    0x0800131c   0x0800131c   0x0000001c   Code   RO          305    .text.adc_deinit    gd32c2x1_adc.o
    0x08001338   0x08001338   0x00000010   Code   RO          311    .text.adc_dma_mode_enable  gd32c2x1_adc.o
    0x08001348   0x08001348   0x00000018   Code   RO          307    .text.adc_enable    gd32c2x1_adc.o
    0x08001360   0x08001360   0x00000080   Code   RO          331    .text.adc_external_trigger_config  gd32c2x1_adc.o
    0x080013e0   0x080013e0   0x00000054   Code   RO          333    .text.adc_external_trigger_source_config  gd32c2x1_adc.o
    0x08001434   0x08001434   0x00000154   Code   RO          325    .text.adc_routine_channel_config  gd32c2x1_adc.o
    0x08001588   0x08001588   0x000000b4   Code   RO          317    .text.adc_special_function_config  gd32c2x1_adc.o
    0x0800163c   0x0800163c   0x00000040   Code   RO          169    .text.crc8_calc     crc_8.o
    0x0800167c   0x0800167c   0x0000001c   Code   RO          200    .text.delay_1ms     systick.o
    0x08001698   0x08001698   0x00000088   Code   RO          204    .text.delay_1us     systick.o
    0x08001720   0x08001720   0x00000018   Code   RO          202    .text.delay_decrement  systick.o
    0x08001738   0x08001738   0x0000001c   Code   RO          481    .text.dma_channel_disable  gd32c2x1_dma.o
    0x08001754   0x08001754   0x0000001c   Code   RO          491    .text.dma_channel_enable  gd32c2x1_dma.o
    0x08001770   0x08001770   0x0000001c   Code   RO          485    .text.dma_circulation_disable  gd32c2x1_dma.o
    0x0800178c   0x0800178c   0x00000058   Code   RO          475    .text.dma_deinit    gd32c2x1_dma.o
    0x080017e4   0x080017e4   0x00000140   Code   RO          479    .text.dma_init      gd32c2x1_dma.o
    0x08001924   0x08001924   0x00000024   Code   RO          525    .text.dma_interrupt_enable  gd32c2x1_dma.o
    0x08001948   0x08001948   0x00000024   Code   RO          523    .text.dma_interrupt_flag_clear  gd32c2x1_dma.o
    0x0800196c   0x0800196c   0x000000c8   Code   RO          521    .text.dma_interrupt_flag_get  gd32c2x1_dma.o
    0x08001a34   0x08001a34   0x00000024   Code   RO          495    .text.dma_memory_address_config  gd32c2x1_dma.o
    0x08001a58   0x08001a58   0x00000032   Code   RO          477    .text.dma_struct_para_init  gd32c2x1_dma.o
    0x08001a8a   0x08001a8a   0x00000002   PAD
    0x08001a8c   0x08001a8c   0x00000024   Code   RO          497    .text.dma_transfer_number_config  gd32c2x1_dma.o
    0x08001ab0   0x08001ab0   0x00000020   Code   RO          535    .text.dmamux_synchronization_disable  gd32c2x1_dma.o
    0x08001ad0   0x08001ad0   0x000000e0   Code   RO          584    .text.exti_init     gd32c2x1_exti.o
    0x08001bb0   0x08001bb0   0x00000010   Code   RO          604    .text.exti_interrupt_flag_clear  gd32c2x1_exti.o
    0x08001bc0   0x08001bc0   0x00000034   Code   RO          602    .text.exti_interrupt_flag_get  gd32c2x1_exti.o
    0x08001bf4   0x08001bf4   0x00000018   Code   RO          594    .text.exti_software_interrupt_enable  gd32c2x1_exti.o
    0x08001c0c   0x08001c0c   0x00000048   Code   RO          288    .text.flash_crc32   bsp_flash_simple.o
    0x08001c54   0x08001c54   0x00000056   Code   RO          290    .text.flash_erase_page  bsp_flash_simple.o
    0x08001caa   0x08001caa   0x00000018   Code   RO          294    .text.flash_read_buffer  bsp_flash_simple.o
    0x08001cc2   0x08001cc2   0x000000fa   Code   RO          292    .text.flash_write_buffer  bsp_flash_simple.o
    0x08001dbc   0x08001dbc   0x00000060   Code   RO          639    .text.fmc_doubleword_program  gd32c2x1_fmc.o
    0x08001e1c   0x08001e1c   0x00000018   Code   RO          681    .text.fmc_flag_clear  gd32c2x1_fmc.o
    0x08001e34   0x08001e34   0x00000010   Code   RO          615    .text.fmc_lock      gd32c2x1_fmc.o
    0x08001e44   0x08001e44   0x00000068   Code   RO          633    .text.fmc_page_erase  gd32c2x1_fmc.o
    0x08001eac   0x08001eac   0x00000054   Code   RO          635    .text.fmc_ready_wait  gd32c2x1_fmc.o
    0x08001f00   0x08001f00   0x000000f0   Code   RO          691    .text.fmc_state_get  gd32c2x1_fmc.o
    0x08001ff0   0x08001ff0   0x00000028   Code   RO          613    .text.fmc_unlock    gd32c2x1_fmc.o
    0x08002018   0x08002018   0x00000018   Code   RO           25    .text.fputc         main.o
    0x08002030   0x08002030   0x000000cc   Code   RO          747    .text.gpio_af_set   gd32c2x1_gpio.o
    0x080020fc   0x080020fc   0x00000012   Code   RO          733    .text.gpio_bit_reset  gd32c2x1_gpio.o
    0x0800210e   0x0800210e   0x00000012   Code   RO          731    .text.gpio_bit_set  gd32c2x1_gpio.o
    0x08002120   0x08002120   0x0000002c   Code   RO          739    .text.gpio_input_bit_get  gd32c2x1_gpio.o
    0x0800214c   0x0800214c   0x00000096   Code   RO          727    .text.gpio_mode_set  gd32c2x1_gpio.o
    0x080021e2   0x080021e2   0x00000002   PAD
    0x080021e4   0x080021e4   0x00000098   Code   RO          729    .text.gpio_output_options_set  gd32c2x1_gpio.o
    0x0800227c   0x0800227c   0x0000062a   Code   RO          182    .text.isl_calc_crc  isl700_2a.o
    0x080028a6   0x080028a6   0x0000000a   Code   RO          180    .text.isl_delay     isl700_2a.o
    0x080028b0   0x080028b0   0x00000074   Code   RO          184    .text.isl_send_field  isl700_2a.o
    0x08002924   0x08002924   0x00000100   Code   RO          141    .text.load_from_flash  task_param.o
    0x08002a24   0x08002a24   0x00000068   Code   RO           21    .text.main          main.o
    0x08002a8c   0x08002a8c   0x00000030   Code   RO          893    .text.nvic_irq_enable  gd32c2x1_misc.o
    0x08002abc   0x08002abc   0x00000024   Code   RO          903    .text.nvic_vector_table_set  gd32c2x1_misc.o
    0x08002ae0   0x08002ae0   0x00000058   Code   RO          139    .text.nvm_param_init  task_param.o
    0x08002b38   0x08002b38   0x00000040   Code   RO          989    .text.rcu_adc_clock_config  gd32c2x1_rcu.o
    0x08002b78   0x08002b78   0x00000034   Code   RO          991    .text.rcu_ckout0_config  gd32c2x1_rcu.o
    0x08002bac   0x08002bac   0x00000034   Code   RO          993    .text.rcu_ckout1_config  gd32c2x1_rcu.o
    0x08002be0   0x08002be0   0x00000028   Code   RO         1007    .text.rcu_irc48mdiv_sys_clock_config  gd32c2x1_rcu.o
    0x08002c08   0x08002c08   0x00000024   Code   RO          965    .text.rcu_periph_clock_enable  gd32c2x1_rcu.o
    0x08002c2c   0x08002c2c   0x00000024   Code   RO          975    .text.rcu_periph_reset_disable  gd32c2x1_rcu.o
    0x08002c50   0x08002c50   0x00000024   Code   RO          973    .text.rcu_periph_reset_enable  gd32c2x1_rcu.o
    0x08002c74   0x08002c74   0x00000084   Code   RO          143    .text.save_to_flash  task_param.o
    0x08002cf8   0x08002cf8   0x000000b4   Code   RO         1241    .text.syscfg_exti_line_config  gd32c2x1_syscfg.o
    0x08002dac   0x08002dac   0x00000030   Code   RO         1255    .text.syscfg_interrupt_flag_get  gd32c2x1_syscfg.o
    0x08002ddc   0x08002ddc   0x00000008   Code   RO         1620    .text.system_clock_config  system_gd32c2x1.o
    0x08002de4   0x08002de4   0x000000a4   Code   RO         1626    .text.system_clock_irc48m  system_gd32c2x1.o
    0x08002e88   0x08002e88   0x00000028   Code   RO          194    .text.systick_config  systick.o
    0x08002eb0   0x08002eb0   0x00000012   Code   RO         1276    .text.timer_auto_reload_shadow_enable  gd32c2x1_timer.o
    0x08002ec2   0x08002ec2   0x00000002   PAD
    0x08002ec4   0x08002ec4   0x000000a8   Code   RO         1266    .text.timer_deinit  gd32c2x1_timer.o
    0x08002f6c   0x08002f6c   0x00000012   Code   RO         1274    .text.timer_disable  gd32c2x1_timer.o
    0x08002f7e   0x08002f7e   0x00000012   Code   RO         1272    .text.timer_enable  gd32c2x1_timer.o
    0x08002f90   0x08002f90   0x000000b8   Code   RO         1270    .text.timer_init    gd32c2x1_timer.o
    0x08003048   0x08003048   0x00000028   Code   RO         1372    .text.timer_master_output_trigger_source_select  gd32c2x1_timer.o
    0x08003070   0x08003070   0x00000028   Code   RO         1268    .text.timer_struct_para_init  gd32c2x1_timer.o
    0x08003098   0x08003098   0x00000020   Code   RO         1750    i.__0printf         mc_p.l(printfa.o)
    0x080030b8   0x080030b8   0x0000002e   Code   RO         1819    i.__ARM_clz         mf_p.l(depilogue.o)
    0x080030e6   0x080030e6   0x0000000e   Code   RO         1839    i.__scatterload_copy  mc_p.l(handlers.o)
    0x080030f4   0x080030f4   0x00000002   Code   RO         1840    i.__scatterload_null  mc_p.l(handlers.o)
    0x080030f6   0x080030f6   0x0000000e   Code   RO         1841    i.__scatterload_zeroinit  mc_p.l(handlers.o)
    0x08003104   0x08003104   0x00000174   Code   RO         1757    i._fp_digits        mc_p.l(printfa.o)
    0x08003278   0x08003278   0x000006ec   Code   RO         1758    i._printf_core      mc_p.l(printfa.o)
    0x08003964   0x08003964   0x00000020   Code   RO         1759    i._printf_post_padding  mc_p.l(printfa.o)
    0x08003984   0x08003984   0x0000002c   Code   RO         1760    i._printf_pre_padding  mc_p.l(printfa.o)
    0x080039b0   0x080039b0   0x00000014   Data   RO          151    .rodata.FACTORY_DEFAULT  task_param.o
    0x080039c4   0x080039c4   0x00000004   Data   RO          280    .rodata.LED_CLK     bsp_gpio.o
    0x080039c8   0x080039c8   0x00000008   Data   RO          279    .rodata.LED_PIN     bsp_gpio.o
    0x080039d0   0x080039d0   0x00000008   Data   RO          278    .rodata.LED_PORT    bsp_gpio.o
    0x080039d8   0x080039d8   0x00000400   Data   RO          296    .rodata.crc32_table  bsp_flash_simple.o
    0x08003dd8   0x08003dd8   0x00000100   Data   RO          171    .rodata.crc8_table  crc_8.o
    0x08003ed8   0x08003ed8   0x0000001f   Data   RO          115    .rodata.str1.1      task_meas.o
    0x08003ef7   0x08003ef7   0x00000021   Data   RO          162    .rodata.str1.1      task_analyze.o
    0x08003f18   0x08003f18   0x00000014   Data   RO         1711    .rodata.str1.1      segger_rtt.o
    0x08003f2c   0x08003f2c   0x00000020   Data   RO         1838    Region$$Table       anon$$obj.o


    Execution Region RW_IRAM1 (Exec base: 0x20000000, Load base: 0x08003f50, Size: 0x00000d40, Max: 0x00003000, ABSOLUTE)

    Exec Addr    Load Addr    Size         Type   Attr      Idx    E Section Name        Object

    0x20000000   0x08003f50   0x00000004   Data   RW         1803    .data               mc_p.l(stdout.o)
    0x20000004   0x08003f54   0x00000004   Data   RW         1628    .data.SystemCoreClock  system_gd32c2x1.o
    0x20000008   0x08003f58   0x00000001   Data   RW           27    .data.g_isSampleDone  main.o
    0x20000009   0x08003f59   0x00000001   Data   RW          245    .data.g_plsState    bsp_exit.o
    0x2000000a   0x08003f5a   0x00000001   Data   RW           77    .data.s_YLedMode    task_led.o
    0x2000000b   0x08003f5b   0x00000001   Data   RW           91    .data.s_led_mode    task_btn.o
    0x2000000c   0x08003f5c   0x00000004   PAD
    0x20000010        -       0x000000a8   Zero   RW         1708    .bss._SEGGER_RTT    segger_rtt.o
    0x200000b8        -       0x00000010   Zero   RW         1713    .bss._acDownBuffer  segger_rtt.o
    0x200000c8        -       0x00000800   Zero   RW         1712    .bss._acUpBuffer    segger_rtt.o
    0x200008c8        -       0x00000004   Zero   RW          206    .bss.delay          systick.o
    0x200008cc        -       0x00000014   Zero   RW          234    .bss.g_A_Buffer     bsp_adc.o
    0x200008e0        -       0x00000014   Zero   RW          235    .bss.g_B_Buffer     bsp_adc.o
    0x200008f4   0x08003f5c   0x00000004   PAD
    0x200008f8        -       0x00000028   Zero   RW          152    .bss.g_current      task_param.o
    0x20000920        -       0x00000014   Zero   RW           56    .bss.g_current_param  task_init.o
    0x20000934        -       0x00000001   Zero   RW           29    .bss.g_isSysTickInt  main.o
    0x20000935        -       0x00000001   Zero   RW           28    .bss.g_startADCSampling  main.o
    0x20000936        -       0x00000002   Zero   RW           94    .bss.s_debounce_cnt  task_btn.o
    0x20000938        -       0x00000001   Zero   RW           76    .bss.s_meas_active  task_led.o
    0x20000939        -       0x00000001   Zero   RW           92    .bss.s_raw_state    task_btn.o
    0x2000093a        -       0x00000001   Zero   RW           93    .bss.s_stable_state  task_btn.o
    0x2000093b   0x08003f5c   0x00000005   PAD
    0x20000940        -       0x00000400   Zero   RW         1636    STACK               startup_gd32c231_221.o


==============================================================================

Image component sizes


      Code (inc. data)   RO Data    RW Data    ZI Data      Debug   Object Name

       508         32          0          0         40       4131   bsp_adc.o
       100          4          0          1          0       2846   bsp_exit.o
       432          4       1024          0          0       2322   bsp_flash_simple.o
       574         48         20          0          0       2957   bsp_gpio.o
        64          4        256          0          0        778   crc_8.o
       980         40          0          0          0       8512   gd32c2x1_adc.o
       918         28          0          0          0      10643   gd32c2x1_dma.o
       316         24          0          0          0       3178   gd32c2x1_exti.o
       604         24          0          0          0       9295   gd32c2x1_fmc.o
       586          4          0          0          0       4455   gd32c2x1_gpio.o
       142         12          0          0          0       1616   gd32c2x1_it.o
       268         20          0          0          0       4106   gd32c2x1_misc.o
       316          4          0          0          0      12168   gd32c2x1_rcu.o
       228         20          0          0          0       3776   gd32c2x1_syscfg.o
       486         40          0          0          0      20505   gd32c2x1_timer.o
      1968          8          0          0          0       3457   isl700_2a.o
       148         12          0          1          2       1696   main.o
       288         24         20          0       2232      10759   segger_rtt.o
        68         22        220          0       1024        744   startup_gd32c231_221.o
       292         36          0          4          0       1794   system_gd32c2x1.o
       428         36          0          0          4       3560   systick.o
       128         16         33          0          0        823   task_analyze.o
        68         16          0          1          4       1133   task_btn.o
       124          4          0          0         20       2235   task_init.o
       144          8          0          1          1       1284   task_led.o
        68         12         31          0          0        886   task_meas.o
       476         20         20          0         40       2916   task_param.o

    ----------------------------------------------------------------------
     10734        522       1656          8       3380     122575   Object Totals
         0          0         32          0          0          0   (incl. Generated)
        12          0          0          0         13          0   (incl. Padding)

    ----------------------------------------------------------------------

      Code (inc. data)   RO Data    RW Data    ZI Data      Debug   Library Member Name

         0          0          0          0          0          0   entry.o
         0          0          0          0          0          0   entry10a.o
         0          0          0          0          0          0   entry11a.o
         8          4          0          0          0          0   entry2.o
         4          0          0          0          0          0   entry5.o
         0          0          0          0          0          0   entry7b.o
         0          0          0          0          0          0   entry8b.o
         8          4          0          0          0          0   entry9a.o
        30          0          0          0          0          0   handlers.o
        48         10          0          0          0         68   init.o
         0          0          0          0          0          0   iusefp.o
        32          0          0          0          0         68   llshl.o
        38          0          0          0          0         68   llsshr.o
        34          0          0          0          0         68   llushr.o
        36          0          0          0          0         60   memcpya.o
      2252         98          0          0          0        412   printfa.o
         0          0          0          4          0          0   stdout.o
        18          0          0          0          0         60   strcpy.o
        62          0          0          0          0         72   uidiv_div0.o
        96          0          0          0          0         84   uldiv.o
        40          2          0          0          0         68   cdrcmple.o
       356          4          0          0          0        140   dadd.o
       240          6          0          0          0         84   ddiv.o
       236          0          0          0          0        216   depilogue.o
        64         10          0          0          0         68   dfixul.o
       208          6          0          0          0         88   dmul.o

    ----------------------------------------------------------------------
      3814        144          0          4          0       1624   Library Totals
         4          0          0          0          0          0   (incl. Padding)

    ----------------------------------------------------------------------

      Code (inc. data)   RO Data    RW Data    ZI Data      Debug   Library Name

      2666        116          0          4          0        960   mc_p.l
      1144         28          0          0          0        664   mf_p.l

    ----------------------------------------------------------------------
      3814        144          0          4          0       1624   Library Totals

    ----------------------------------------------------------------------

==============================================================================


      Code (inc. data)   RO Data    RW Data    ZI Data      Debug   

     14548        666       1656         12       3380     123051   Grand Totals
     14548        666       1656         12       3380     123051   ELF Image Totals
     14548        666       1656         12          0          0   ROM Totals

==============================================================================

    Total RO  Size (Code + RO Data)                16204 (  15.82kB)
    Total RW  Size (RW Data + ZI Data)              3392 (   3.31kB)
    Total ROM Size (Code + RO Data + RW Data)      16216 (  15.84kB)

==============================================================================

