<!doctype html public "-//w3c//dtd html 4.0 transitional//en">
<html><head>
<title>Static Call Graph - [.\output\Project.axf]</title></head>
<body><HR>
<H1>Static Call Graph for image .\output\Project.axf</H1><HR>
<BR><P>#&#060CALLGRAPH&#062# ARM Linker, 6220000: Last Updated: Wed Nov 26 17:45:17 2025
<BR><P>
<H3>Maximum Stack Usage =        132 bytes + Unknown(Cycles, Untraceable Function Pointers)</H3><H3>
Call chain for Maximum Stack Depth:</H3>
main &rArr; FLASH_RegWrite &rArr; FLASH_UserWrite &rArr; fmc_doubleword_program &rArr; fmc_ready_wait &rArr; fmc_state_get
<P>
<H3>
Mutually Recursive functions
</H3> <LI><a href="#[5]">SysTick_Handler</a>&nbsp;&nbsp;&nbsp;&rArr;&nbsp;&nbsp;&nbsp;<a href="#[5]">SysTick_Handler</a><BR>
 <LI><a href="#[12]">ADC_IRQHandler</a>&nbsp;&nbsp;&nbsp;&rArr;&nbsp;&nbsp;&nbsp;<a href="#[12]">ADC_IRQHandler</a><BR>
</UL>
<P>
<H3>
Function Pointers
</H3><UL>
 <LI><a href="#[12]">ADC_IRQHandler</a> from startup_gd32c231_221.o(.text) referenced from startup_gd32c231_221.o(RESET)
 <LI><a href="#[26]">CMP0_IRQHandler</a> from startup_gd32c231_221.o(.text) referenced from startup_gd32c231_221.o(RESET)
 <LI><a href="#[27]">CMP1_IRQHandler</a> from startup_gd32c231_221.o(.text) referenced from startup_gd32c231_221.o(RESET)
 <LI><a href="#[25]">DMAMUX_IRQHandler</a> from startup_gd32c231_221.o(.text) referenced from startup_gd32c231_221.o(RESET)
 <LI><a href="#[f]">DMA_Channel0_IRQHandler</a> from startup_gd32c231_221.o(.text) referenced from startup_gd32c231_221.o(RESET)
 <LI><a href="#[10]">DMA_Channel1_IRQHandler</a> from startup_gd32c231_221.o(.text) referenced from startup_gd32c231_221.o(RESET)
 <LI><a href="#[11]">DMA_Channel2_IRQHandler</a> from startup_gd32c231_221.o(.text) referenced from startup_gd32c231_221.o(RESET)
 <LI><a href="#[a]">EXTI0_IRQHandler</a> from startup_gd32c231_221.o(.text) referenced from startup_gd32c231_221.o(RESET)
 <LI><a href="#[24]">EXTI10_15_IRQHandler</a> from startup_gd32c231_221.o(.text) referenced from startup_gd32c231_221.o(RESET)
 <LI><a href="#[b]">EXTI1_IRQHandler</a> from startup_gd32c231_221.o(.text) referenced from startup_gd32c231_221.o(RESET)
 <LI><a href="#[c]">EXTI2_IRQHandler</a> from startup_gd32c231_221.o(.text) referenced from startup_gd32c231_221.o(RESET)
 <LI><a href="#[d]">EXTI3_IRQHandler</a> from startup_gd32c231_221.o(.text) referenced from startup_gd32c231_221.o(RESET)
 <LI><a href="#[e]">EXTI4_IRQHandler</a> from startup_gd32c231_221.o(.text) referenced from startup_gd32c231_221.o(RESET)
 <LI><a href="#[1d]">EXTI5_9_IRQHandler</a> from startup_gd32c231_221.o(.text) referenced from startup_gd32c231_221.o(RESET)
 <LI><a href="#[8]">FMC_IRQHandler</a> from startup_gd32c231_221.o(.text) referenced from startup_gd32c231_221.o(RESET)
 <LI><a href="#[2]">HardFault_Handler</a> from gd32c2x1_it.o(.text.HardFault_Handler) referenced from startup_gd32c231_221.o(RESET)
 <LI><a href="#[17]">I2C0_ER_IRQHandler</a> from startup_gd32c231_221.o(.text) referenced from startup_gd32c231_221.o(RESET)
 <LI><a href="#[16]">I2C0_EV_IRQHandler</a> from startup_gd32c231_221.o(.text) referenced from startup_gd32c231_221.o(RESET)
 <LI><a href="#[28]">I2C0_WKUP_IRQHandler</a> from startup_gd32c231_221.o(.text) referenced from startup_gd32c231_221.o(RESET)
 <LI><a href="#[19]">I2C1_ER_IRQHandler</a> from startup_gd32c231_221.o(.text) referenced from startup_gd32c231_221.o(RESET)
 <LI><a href="#[18]">I2C1_EV_IRQHandler</a> from startup_gd32c231_221.o(.text) referenced from startup_gd32c231_221.o(RESET)
 <LI><a href="#[29]">I2C1_WKUP_IRQHandler</a> from startup_gd32c231_221.o(.text) referenced from startup_gd32c231_221.o(RESET)
 <LI><a href="#[1]">NMI_Handler</a> from gd32c2x1_it.o(.text.NMI_Handler) referenced from startup_gd32c231_221.o(RESET)
 <LI><a href="#[4]">PendSV_Handler</a> from gd32c2x1_it.o(.text.PendSV_Handler) referenced from startup_gd32c231_221.o(RESET)
 <LI><a href="#[9]">RCU_IRQHandler</a> from startup_gd32c231_221.o(.text) referenced from startup_gd32c231_221.o(RESET)
 <LI><a href="#[1c]">RTC_Alarm_IRQHandler</a> from startup_gd32c231_221.o(.text) referenced from startup_gd32c231_221.o(RESET)
 <LI><a href="#[0]">Reset_Handler</a> from startup_gd32c231_221.o(.text) referenced from startup_gd32c231_221.o(RESET)
 <LI><a href="#[1a]">SPI0_IRQHandler</a> from startup_gd32c231_221.o(.text) referenced from startup_gd32c231_221.o(RESET)
 <LI><a href="#[1b]">SPI1_IRQHandler</a> from startup_gd32c231_221.o(.text) referenced from startup_gd32c231_221.o(RESET)
 <LI><a href="#[3]">SVC_Handler</a> from gd32c2x1_it.o(.text.SVC_Handler) referenced from startup_gd32c231_221.o(RESET)
 <LI><a href="#[5]">SysTick_Handler</a> from startup_gd32c231_221.o(.text) referenced from startup_gd32c231_221.o(RESET)
 <LI><a href="#[2c]">SystemInit</a> from system_gd32c2x1.o(.text.SystemInit) referenced from startup_gd32c231_221.o(.text)
 <LI><a href="#[1f]">TIMER0_Channel_IRQHandler</a> from startup_gd32c231_221.o(.text) referenced from startup_gd32c231_221.o(RESET)
 <LI><a href="#[1e]">TIMER0_TRG_CMT_UP_BRK_IRQHandler</a> from startup_gd32c231_221.o(.text) referenced from startup_gd32c231_221.o(RESET)
 <LI><a href="#[21]">TIMER13_IRQHandler</a> from startup_gd32c231_221.o(.text) referenced from startup_gd32c231_221.o(RESET)
 <LI><a href="#[22]">TIMER15_IRQHandler</a> from startup_gd32c231_221.o(.text) referenced from startup_gd32c231_221.o(RESET)
 <LI><a href="#[23]">TIMER16_IRQHandler</a> from startup_gd32c231_221.o(.text) referenced from startup_gd32c231_221.o(RESET)
 <LI><a href="#[20]">TIMER2_IRQHandler</a> from startup_gd32c231_221.o(.text) referenced from startup_gd32c231_221.o(RESET)
 <LI><a href="#[7]">TIMESTAMP_IRQHandler</a> from startup_gd32c231_221.o(.text) referenced from startup_gd32c231_221.o(RESET)
 <LI><a href="#[13]">USART0_IRQHandler</a> from startup_gd32c231_221.o(.text) referenced from startup_gd32c231_221.o(RESET)
 <LI><a href="#[2a]">USART0_WKUP_IRQHandler</a> from startup_gd32c231_221.o(.text) referenced from startup_gd32c231_221.o(RESET)
 <LI><a href="#[14]">USART1_IRQHandler</a> from startup_gd32c231_221.o(.text) referenced from startup_gd32c231_221.o(RESET)
 <LI><a href="#[15]">USART2_IRQHandler</a> from startup_gd32c231_221.o(.text) referenced from startup_gd32c231_221.o(RESET)
 <LI><a href="#[6]">WWDGT_IRQHandler</a> from startup_gd32c231_221.o(.text) referenced from startup_gd32c231_221.o(RESET)
 <LI><a href="#[2d]">__main</a> from entry.o(.ARM.Collect$$$$00000000) referenced from startup_gd32c231_221.o(.text)
 <LI><a href="#[2b]">main</a> from main.o(.text.main) referenced from entry9a.o(.ARM.Collect$$$$0000000B)
</UL>
<P>
<H3>
Global Symbols
</H3>
<P><STRONG><a name="[2d]"></a>__main</STRONG> (Thumb, 0 bytes, Stack size unknown bytes, entry.o(.ARM.Collect$$$$00000000))
<BR>[Address Reference Count : 1]<UL><LI> startup_gd32c231_221.o(.text)
</UL>
<P><STRONG><a name="[41]"></a>_main_stk</STRONG> (Thumb, 0 bytes, Stack size unknown bytes, entry2.o(.ARM.Collect$$$$00000001))

<P><STRONG><a name="[2e]"></a>_main_scatterload</STRONG> (Thumb, 0 bytes, Stack size unknown bytes, entry5.o(.ARM.Collect$$$$00000004))
<BR><BR>[Calls]<UL><LI><a href="#[2f]">&gt;&gt;</a>&nbsp;&nbsp;&nbsp;__scatterload
</UL>

<P><STRONG><a name="[30]"></a>__main_after_scatterload</STRONG> (Thumb, 0 bytes, Stack size unknown bytes, entry5.o(.ARM.Collect$$$$00000004))
<BR><BR>[Called By]<UL><LI><a href="#[2f]">&gt;&gt;</a>&nbsp;&nbsp;&nbsp;__scatterload
</UL>

<P><STRONG><a name="[42]"></a>_main_clock</STRONG> (Thumb, 0 bytes, Stack size unknown bytes, entry7b.o(.ARM.Collect$$$$00000008))

<P><STRONG><a name="[43]"></a>_main_cpp_init</STRONG> (Thumb, 0 bytes, Stack size unknown bytes, entry8b.o(.ARM.Collect$$$$0000000A))

<P><STRONG><a name="[44]"></a>_main_init</STRONG> (Thumb, 0 bytes, Stack size unknown bytes, entry9a.o(.ARM.Collect$$$$0000000B))

<P><STRONG><a name="[45]"></a>__rt_final_cpp</STRONG> (Thumb, 0 bytes, Stack size unknown bytes, entry10a.o(.ARM.Collect$$$$0000000D))

<P><STRONG><a name="[46]"></a>__rt_final_exit</STRONG> (Thumb, 0 bytes, Stack size unknown bytes, entry11a.o(.ARM.Collect$$$$0000000F))

<P><STRONG><a name="[0]"></a>Reset_Handler</STRONG> (Thumb, 34 bytes, Stack size 0 bytes, startup_gd32c231_221.o(.text))
<BR>[Address Reference Count : 1]<UL><LI> startup_gd32c231_221.o(RESET)
</UL>
<P><STRONG><a name="[5]"></a>SysTick_Handler</STRONG> (Thumb, 2 bytes, Stack size 0 bytes, startup_gd32c231_221.o(.text))
<BR><BR>[Calls]<UL><LI><a href="#[5]">&gt;&gt;</a>&nbsp;&nbsp;&nbsp;SysTick_Handler
</UL>
<BR>[Called By]<UL><LI><a href="#[5]">&gt;&gt;</a>&nbsp;&nbsp;&nbsp;SysTick_Handler
</UL>
<BR>[Address Reference Count : 1]<UL><LI> startup_gd32c231_221.o(RESET)
</UL>
<P><STRONG><a name="[12]"></a>ADC_IRQHandler</STRONG> (Thumb, 0 bytes, Stack size 0 bytes, startup_gd32c231_221.o(.text))
<BR><BR>[Calls]<UL><LI><a href="#[12]">&gt;&gt;</a>&nbsp;&nbsp;&nbsp;ADC_IRQHandler
</UL>
<BR>[Called By]<UL><LI><a href="#[12]">&gt;&gt;</a>&nbsp;&nbsp;&nbsp;ADC_IRQHandler
</UL>
<BR>[Address Reference Count : 1]<UL><LI> startup_gd32c231_221.o(RESET)
</UL>
<P><STRONG><a name="[26]"></a>CMP0_IRQHandler</STRONG> (Thumb, 0 bytes, Stack size 0 bytes, startup_gd32c231_221.o(.text))
<BR>[Address Reference Count : 1]<UL><LI> startup_gd32c231_221.o(RESET)
</UL>
<P><STRONG><a name="[27]"></a>CMP1_IRQHandler</STRONG> (Thumb, 0 bytes, Stack size 0 bytes, startup_gd32c231_221.o(.text))
<BR>[Address Reference Count : 1]<UL><LI> startup_gd32c231_221.o(RESET)
</UL>
<P><STRONG><a name="[25]"></a>DMAMUX_IRQHandler</STRONG> (Thumb, 0 bytes, Stack size 0 bytes, startup_gd32c231_221.o(.text))
<BR>[Address Reference Count : 1]<UL><LI> startup_gd32c231_221.o(RESET)
</UL>
<P><STRONG><a name="[f]"></a>DMA_Channel0_IRQHandler</STRONG> (Thumb, 0 bytes, Stack size 0 bytes, startup_gd32c231_221.o(.text))
<BR>[Address Reference Count : 1]<UL><LI> startup_gd32c231_221.o(RESET)
</UL>
<P><STRONG><a name="[10]"></a>DMA_Channel1_IRQHandler</STRONG> (Thumb, 0 bytes, Stack size 0 bytes, startup_gd32c231_221.o(.text))
<BR>[Address Reference Count : 1]<UL><LI> startup_gd32c231_221.o(RESET)
</UL>
<P><STRONG><a name="[11]"></a>DMA_Channel2_IRQHandler</STRONG> (Thumb, 0 bytes, Stack size 0 bytes, startup_gd32c231_221.o(.text))
<BR>[Address Reference Count : 1]<UL><LI> startup_gd32c231_221.o(RESET)
</UL>
<P><STRONG><a name="[a]"></a>EXTI0_IRQHandler</STRONG> (Thumb, 0 bytes, Stack size 0 bytes, startup_gd32c231_221.o(.text))
<BR>[Address Reference Count : 1]<UL><LI> startup_gd32c231_221.o(RESET)
</UL>
<P><STRONG><a name="[24]"></a>EXTI10_15_IRQHandler</STRONG> (Thumb, 0 bytes, Stack size 0 bytes, startup_gd32c231_221.o(.text))
<BR>[Address Reference Count : 1]<UL><LI> startup_gd32c231_221.o(RESET)
</UL>
<P><STRONG><a name="[b]"></a>EXTI1_IRQHandler</STRONG> (Thumb, 0 bytes, Stack size 0 bytes, startup_gd32c231_221.o(.text))
<BR>[Address Reference Count : 1]<UL><LI> startup_gd32c231_221.o(RESET)
</UL>
<P><STRONG><a name="[c]"></a>EXTI2_IRQHandler</STRONG> (Thumb, 0 bytes, Stack size 0 bytes, startup_gd32c231_221.o(.text))
<BR>[Address Reference Count : 1]<UL><LI> startup_gd32c231_221.o(RESET)
</UL>
<P><STRONG><a name="[d]"></a>EXTI3_IRQHandler</STRONG> (Thumb, 0 bytes, Stack size 0 bytes, startup_gd32c231_221.o(.text))
<BR>[Address Reference Count : 1]<UL><LI> startup_gd32c231_221.o(RESET)
</UL>
<P><STRONG><a name="[e]"></a>EXTI4_IRQHandler</STRONG> (Thumb, 0 bytes, Stack size 0 bytes, startup_gd32c231_221.o(.text))
<BR>[Address Reference Count : 1]<UL><LI> startup_gd32c231_221.o(RESET)
</UL>
<P><STRONG><a name="[1d]"></a>EXTI5_9_IRQHandler</STRONG> (Thumb, 0 bytes, Stack size 0 bytes, startup_gd32c231_221.o(.text))
<BR>[Address Reference Count : 1]<UL><LI> startup_gd32c231_221.o(RESET)
</UL>
<P><STRONG><a name="[8]"></a>FMC_IRQHandler</STRONG> (Thumb, 0 bytes, Stack size 0 bytes, startup_gd32c231_221.o(.text))
<BR>[Address Reference Count : 1]<UL><LI> startup_gd32c231_221.o(RESET)
</UL>
<P><STRONG><a name="[17]"></a>I2C0_ER_IRQHandler</STRONG> (Thumb, 0 bytes, Stack size 0 bytes, startup_gd32c231_221.o(.text))
<BR>[Address Reference Count : 1]<UL><LI> startup_gd32c231_221.o(RESET)
</UL>
<P><STRONG><a name="[16]"></a>I2C0_EV_IRQHandler</STRONG> (Thumb, 0 bytes, Stack size 0 bytes, startup_gd32c231_221.o(.text))
<BR>[Address Reference Count : 1]<UL><LI> startup_gd32c231_221.o(RESET)
</UL>
<P><STRONG><a name="[28]"></a>I2C0_WKUP_IRQHandler</STRONG> (Thumb, 0 bytes, Stack size 0 bytes, startup_gd32c231_221.o(.text))
<BR>[Address Reference Count : 1]<UL><LI> startup_gd32c231_221.o(RESET)
</UL>
<P><STRONG><a name="[19]"></a>I2C1_ER_IRQHandler</STRONG> (Thumb, 0 bytes, Stack size 0 bytes, startup_gd32c231_221.o(.text))
<BR>[Address Reference Count : 1]<UL><LI> startup_gd32c231_221.o(RESET)
</UL>
<P><STRONG><a name="[18]"></a>I2C1_EV_IRQHandler</STRONG> (Thumb, 0 bytes, Stack size 0 bytes, startup_gd32c231_221.o(.text))
<BR>[Address Reference Count : 1]<UL><LI> startup_gd32c231_221.o(RESET)
</UL>
<P><STRONG><a name="[29]"></a>I2C1_WKUP_IRQHandler</STRONG> (Thumb, 0 bytes, Stack size 0 bytes, startup_gd32c231_221.o(.text))
<BR>[Address Reference Count : 1]<UL><LI> startup_gd32c231_221.o(RESET)
</UL>
<P><STRONG><a name="[9]"></a>RCU_IRQHandler</STRONG> (Thumb, 0 bytes, Stack size 0 bytes, startup_gd32c231_221.o(.text))
<BR>[Address Reference Count : 1]<UL><LI> startup_gd32c231_221.o(RESET)
</UL>
<P><STRONG><a name="[1c]"></a>RTC_Alarm_IRQHandler</STRONG> (Thumb, 0 bytes, Stack size 0 bytes, startup_gd32c231_221.o(.text))
<BR>[Address Reference Count : 1]<UL><LI> startup_gd32c231_221.o(RESET)
</UL>
<P><STRONG><a name="[1a]"></a>SPI0_IRQHandler</STRONG> (Thumb, 0 bytes, Stack size 0 bytes, startup_gd32c231_221.o(.text))
<BR>[Address Reference Count : 1]<UL><LI> startup_gd32c231_221.o(RESET)
</UL>
<P><STRONG><a name="[1b]"></a>SPI1_IRQHandler</STRONG> (Thumb, 0 bytes, Stack size 0 bytes, startup_gd32c231_221.o(.text))
<BR>[Address Reference Count : 1]<UL><LI> startup_gd32c231_221.o(RESET)
</UL>
<P><STRONG><a name="[1f]"></a>TIMER0_Channel_IRQHandler</STRONG> (Thumb, 0 bytes, Stack size 0 bytes, startup_gd32c231_221.o(.text))
<BR>[Address Reference Count : 1]<UL><LI> startup_gd32c231_221.o(RESET)
</UL>
<P><STRONG><a name="[1e]"></a>TIMER0_TRG_CMT_UP_BRK_IRQHandler</STRONG> (Thumb, 0 bytes, Stack size 0 bytes, startup_gd32c231_221.o(.text))
<BR>[Address Reference Count : 1]<UL><LI> startup_gd32c231_221.o(RESET)
</UL>
<P><STRONG><a name="[21]"></a>TIMER13_IRQHandler</STRONG> (Thumb, 0 bytes, Stack size 0 bytes, startup_gd32c231_221.o(.text))
<BR>[Address Reference Count : 1]<UL><LI> startup_gd32c231_221.o(RESET)
</UL>
<P><STRONG><a name="[22]"></a>TIMER15_IRQHandler</STRONG> (Thumb, 0 bytes, Stack size 0 bytes, startup_gd32c231_221.o(.text))
<BR>[Address Reference Count : 1]<UL><LI> startup_gd32c231_221.o(RESET)
</UL>
<P><STRONG><a name="[23]"></a>TIMER16_IRQHandler</STRONG> (Thumb, 0 bytes, Stack size 0 bytes, startup_gd32c231_221.o(.text))
<BR>[Address Reference Count : 1]<UL><LI> startup_gd32c231_221.o(RESET)
</UL>
<P><STRONG><a name="[20]"></a>TIMER2_IRQHandler</STRONG> (Thumb, 0 bytes, Stack size 0 bytes, startup_gd32c231_221.o(.text))
<BR>[Address Reference Count : 1]<UL><LI> startup_gd32c231_221.o(RESET)
</UL>
<P><STRONG><a name="[7]"></a>TIMESTAMP_IRQHandler</STRONG> (Thumb, 0 bytes, Stack size 0 bytes, startup_gd32c231_221.o(.text))
<BR>[Address Reference Count : 1]<UL><LI> startup_gd32c231_221.o(RESET)
</UL>
<P><STRONG><a name="[13]"></a>USART0_IRQHandler</STRONG> (Thumb, 0 bytes, Stack size 0 bytes, startup_gd32c231_221.o(.text))
<BR>[Address Reference Count : 1]<UL><LI> startup_gd32c231_221.o(RESET)
</UL>
<P><STRONG><a name="[2a]"></a>USART0_WKUP_IRQHandler</STRONG> (Thumb, 0 bytes, Stack size 0 bytes, startup_gd32c231_221.o(.text))
<BR>[Address Reference Count : 1]<UL><LI> startup_gd32c231_221.o(RESET)
</UL>
<P><STRONG><a name="[14]"></a>USART1_IRQHandler</STRONG> (Thumb, 0 bytes, Stack size 0 bytes, startup_gd32c231_221.o(.text))
<BR>[Address Reference Count : 1]<UL><LI> startup_gd32c231_221.o(RESET)
</UL>
<P><STRONG><a name="[15]"></a>USART2_IRQHandler</STRONG> (Thumb, 0 bytes, Stack size 0 bytes, startup_gd32c231_221.o(.text))
<BR>[Address Reference Count : 1]<UL><LI> startup_gd32c231_221.o(RESET)
</UL>
<P><STRONG><a name="[6]"></a>WWDGT_IRQHandler</STRONG> (Thumb, 0 bytes, Stack size 0 bytes, startup_gd32c231_221.o(.text))
<BR>[Address Reference Count : 1]<UL><LI> startup_gd32c231_221.o(RESET)
</UL>
<P><STRONG><a name="[2f]"></a>__scatterload</STRONG> (Thumb, 38 bytes, Stack size 0 bytes, init.o(.text))
<BR><BR>[Calls]<UL><LI><a href="#[30]">&gt;&gt;</a>&nbsp;&nbsp;&nbsp;__main_after_scatterload
</UL>
<BR>[Called By]<UL><LI><a href="#[2e]">&gt;&gt;</a>&nbsp;&nbsp;&nbsp;_main_scatterload
</UL>

<P><STRONG><a name="[47]"></a>__scatterload_rt2</STRONG> (Thumb, 0 bytes, Stack size 0 bytes, init.o(.text), UNUSED)

<P><STRONG><a name="[31]"></a>FLASH_RegWrite</STRONG> (Thumb, 40 bytes, Stack size 16 bytes, user_flash.o(.text.FLASH_RegWrite))
<BR><BR>[Stack]<UL><LI>Max Depth = 116<LI>Call Chain = FLASH_RegWrite &rArr; FLASH_UserWrite &rArr; fmc_doubleword_program &rArr; fmc_ready_wait &rArr; fmc_state_get
</UL>
<BR>[Calls]<UL><LI><a href="#[33]">&gt;&gt;</a>&nbsp;&nbsp;&nbsp;FLASH_UserWrite
<LI><a href="#[32]">&gt;&gt;</a>&nbsp;&nbsp;&nbsp;FLASH_UserErase
</UL>
<BR>[Called By]<UL><LI><a href="#[2b]">&gt;&gt;</a>&nbsp;&nbsp;&nbsp;main
</UL>

<P><STRONG><a name="[32]"></a>FLASH_UserErase</STRONG> (Thumb, 30 bytes, Stack size 16 bytes, user_flash.o(.text.FLASH_UserErase))
<BR><BR>[Stack]<UL><LI>Max Depth = 68<LI>Call Chain = FLASH_UserErase &rArr; fmc_page_erase &rArr; fmc_ready_wait &rArr; fmc_state_get
</UL>
<BR>[Calls]<UL><LI><a href="#[35]">&gt;&gt;</a>&nbsp;&nbsp;&nbsp;fmc_flag_clear
<LI><a href="#[36]">&gt;&gt;</a>&nbsp;&nbsp;&nbsp;fmc_page_erase
<LI><a href="#[37]">&gt;&gt;</a>&nbsp;&nbsp;&nbsp;fmc_lock
<LI><a href="#[34]">&gt;&gt;</a>&nbsp;&nbsp;&nbsp;fmc_unlock
</UL>
<BR>[Called By]<UL><LI><a href="#[31]">&gt;&gt;</a>&nbsp;&nbsp;&nbsp;FLASH_RegWrite
</UL>

<P><STRONG><a name="[33]"></a>FLASH_UserWrite</STRONG> (Thumb, 88 bytes, Stack size 24 bytes, user_flash.o(.text.FLASH_UserWrite))
<BR><BR>[Stack]<UL><LI>Max Depth = 100<LI>Call Chain = FLASH_UserWrite &rArr; fmc_doubleword_program &rArr; fmc_ready_wait &rArr; fmc_state_get
</UL>
<BR>[Calls]<UL><LI><a href="#[35]">&gt;&gt;</a>&nbsp;&nbsp;&nbsp;fmc_flag_clear
<LI><a href="#[38]">&gt;&gt;</a>&nbsp;&nbsp;&nbsp;fmc_doubleword_program
<LI><a href="#[37]">&gt;&gt;</a>&nbsp;&nbsp;&nbsp;fmc_lock
<LI><a href="#[34]">&gt;&gt;</a>&nbsp;&nbsp;&nbsp;fmc_unlock
</UL>
<BR>[Called By]<UL><LI><a href="#[31]">&gt;&gt;</a>&nbsp;&nbsp;&nbsp;FLASH_RegWrite
</UL>

<P><STRONG><a name="[2]"></a>HardFault_Handler</STRONG> (Thumb, 4 bytes, Stack size 0 bytes, gd32c2x1_it.o(.text.HardFault_Handler))
<BR>[Address Reference Count : 1]<UL><LI> startup_gd32c231_221.o(RESET)
</UL>
<P><STRONG><a name="[1]"></a>NMI_Handler</STRONG> (Thumb, 62 bytes, Stack size 8 bytes, gd32c2x1_it.o(.text.NMI_Handler))
<BR><BR>[Stack]<UL><LI>Max Depth = 16<LI>Call Chain = NMI_Handler &rArr; syscfg_interrupt_flag_get
</UL>
<BR>[Calls]<UL><LI><a href="#[39]">&gt;&gt;</a>&nbsp;&nbsp;&nbsp;syscfg_interrupt_flag_get
</UL>
<BR>[Address Reference Count : 1]<UL><LI> startup_gd32c231_221.o(RESET)
</UL>
<P><STRONG><a name="[4]"></a>PendSV_Handler</STRONG> (Thumb, 4 bytes, Stack size 0 bytes, gd32c2x1_it.o(.text.PendSV_Handler))
<BR>[Address Reference Count : 1]<UL><LI> startup_gd32c231_221.o(RESET)
</UL>
<P><STRONG><a name="[3]"></a>SVC_Handler</STRONG> (Thumb, 4 bytes, Stack size 0 bytes, gd32c2x1_it.o(.text.SVC_Handler))
<BR>[Address Reference Count : 1]<UL><LI> startup_gd32c231_221.o(RESET)
</UL>
<P><STRONG><a name="[3e]"></a>SetFlag</STRONG> (Thumb, 28 bytes, Stack size 4 bytes, user_flash.o(.text.SetFlag))
<BR><BR>[Stack]<UL><LI>Max Depth = 4<LI>Call Chain = SetFlag
</UL>
<BR>[Called By]<UL><LI><a href="#[2b]">&gt;&gt;</a>&nbsp;&nbsp;&nbsp;main
</UL>

<P><STRONG><a name="[2c]"></a>SystemInit</STRONG> (Thumb, 96 bytes, Stack size 16 bytes, system_gd32c2x1.o(.text.SystemInit))
<BR><BR>[Stack]<UL><LI>Max Depth = 56<LI>Call Chain = SystemInit &rArr; system_clock_config &rArr; system_clock_irc48m &rArr; rcu_irc48mdiv_sys_clock_config
</UL>
<BR>[Calls]<UL><LI><a href="#[3b]">&gt;&gt;</a>&nbsp;&nbsp;&nbsp;nvic_vector_table_set
<LI><a href="#[3a]">&gt;&gt;</a>&nbsp;&nbsp;&nbsp;system_clock_config
</UL>
<BR>[Address Reference Count : 1]<UL><LI> startup_gd32c231_221.o(.text)
</UL>
<P><STRONG><a name="[38]"></a>fmc_doubleword_program</STRONG> (Thumb, 96 bytes, Stack size 48 bytes, gd32c2x1_fmc.o(.text.fmc_doubleword_program))
<BR><BR>[Stack]<UL><LI>Max Depth = 76<LI>Call Chain = fmc_doubleword_program &rArr; fmc_ready_wait &rArr; fmc_state_get
</UL>
<BR>[Calls]<UL><LI><a href="#[3c]">&gt;&gt;</a>&nbsp;&nbsp;&nbsp;fmc_ready_wait
</UL>
<BR>[Called By]<UL><LI><a href="#[33]">&gt;&gt;</a>&nbsp;&nbsp;&nbsp;FLASH_UserWrite
</UL>

<P><STRONG><a name="[35]"></a>fmc_flag_clear</STRONG> (Thumb, 20 bytes, Stack size 4 bytes, gd32c2x1_fmc.o(.text.fmc_flag_clear))
<BR><BR>[Stack]<UL><LI>Max Depth = 4<LI>Call Chain = fmc_flag_clear
</UL>
<BR>[Called By]<UL><LI><a href="#[33]">&gt;&gt;</a>&nbsp;&nbsp;&nbsp;FLASH_UserWrite
<LI><a href="#[32]">&gt;&gt;</a>&nbsp;&nbsp;&nbsp;FLASH_UserErase
</UL>

<P><STRONG><a name="[37]"></a>fmc_lock</STRONG> (Thumb, 16 bytes, Stack size 0 bytes, gd32c2x1_fmc.o(.text.fmc_lock))
<BR><BR>[Called By]<UL><LI><a href="#[33]">&gt;&gt;</a>&nbsp;&nbsp;&nbsp;FLASH_UserWrite
<LI><a href="#[32]">&gt;&gt;</a>&nbsp;&nbsp;&nbsp;FLASH_UserErase
</UL>

<P><STRONG><a name="[36]"></a>fmc_page_erase</STRONG> (Thumb, 104 bytes, Stack size 24 bytes, gd32c2x1_fmc.o(.text.fmc_page_erase))
<BR><BR>[Stack]<UL><LI>Max Depth = 52<LI>Call Chain = fmc_page_erase &rArr; fmc_ready_wait &rArr; fmc_state_get
</UL>
<BR>[Calls]<UL><LI><a href="#[3c]">&gt;&gt;</a>&nbsp;&nbsp;&nbsp;fmc_ready_wait
</UL>
<BR>[Called By]<UL><LI><a href="#[32]">&gt;&gt;</a>&nbsp;&nbsp;&nbsp;FLASH_UserErase
</UL>

<P><STRONG><a name="[3c]"></a>fmc_ready_wait</STRONG> (Thumb, 84 bytes, Stack size 24 bytes, gd32c2x1_fmc.o(.text.fmc_ready_wait))
<BR><BR>[Stack]<UL><LI>Max Depth = 28<LI>Call Chain = fmc_ready_wait &rArr; fmc_state_get
</UL>
<BR>[Calls]<UL><LI><a href="#[3d]">&gt;&gt;</a>&nbsp;&nbsp;&nbsp;fmc_state_get
</UL>
<BR>[Called By]<UL><LI><a href="#[38]">&gt;&gt;</a>&nbsp;&nbsp;&nbsp;fmc_doubleword_program
<LI><a href="#[36]">&gt;&gt;</a>&nbsp;&nbsp;&nbsp;fmc_page_erase
</UL>

<P><STRONG><a name="[3d]"></a>fmc_state_get</STRONG> (Thumb, 236 bytes, Stack size 4 bytes, gd32c2x1_fmc.o(.text.fmc_state_get))
<BR><BR>[Stack]<UL><LI>Max Depth = 4<LI>Call Chain = fmc_state_get
</UL>
<BR>[Called By]<UL><LI><a href="#[3c]">&gt;&gt;</a>&nbsp;&nbsp;&nbsp;fmc_ready_wait
</UL>

<P><STRONG><a name="[34]"></a>fmc_unlock</STRONG> (Thumb, 24 bytes, Stack size 0 bytes, gd32c2x1_fmc.o(.text.fmc_unlock))
<BR><BR>[Called By]<UL><LI><a href="#[33]">&gt;&gt;</a>&nbsp;&nbsp;&nbsp;FLASH_UserWrite
<LI><a href="#[32]">&gt;&gt;</a>&nbsp;&nbsp;&nbsp;FLASH_UserErase
</UL>

<P><STRONG><a name="[2b]"></a>main</STRONG> (Thumb, 22 bytes, Stack size 16 bytes, main.o(.text.main))
<BR><BR>[Stack]<UL><LI>Max Depth = 132<LI>Call Chain = main &rArr; FLASH_RegWrite &rArr; FLASH_UserWrite &rArr; fmc_doubleword_program &rArr; fmc_ready_wait &rArr; fmc_state_get
</UL>
<BR>[Calls]<UL><LI><a href="#[31]">&gt;&gt;</a>&nbsp;&nbsp;&nbsp;FLASH_RegWrite
<LI><a href="#[3e]">&gt;&gt;</a>&nbsp;&nbsp;&nbsp;SetFlag
</UL>
<BR>[Address Reference Count : 1]<UL><LI> entry9a.o(.ARM.Collect$$$$0000000B)
</UL>
<P><STRONG><a name="[3b]"></a>nvic_vector_table_set</STRONG> (Thumb, 28 bytes, Stack size 8 bytes, gd32c2x1_misc.o(.text.nvic_vector_table_set))
<BR><BR>[Stack]<UL><LI>Max Depth = 8<LI>Call Chain = nvic_vector_table_set
</UL>
<BR>[Called By]<UL><LI><a href="#[2c]">&gt;&gt;</a>&nbsp;&nbsp;&nbsp;SystemInit
</UL>

<P><STRONG><a name="[40]"></a>rcu_irc48mdiv_sys_clock_config</STRONG> (Thumb, 40 bytes, Stack size 8 bytes, gd32c2x1_rcu.o(.text.rcu_irc48mdiv_sys_clock_config))
<BR><BR>[Stack]<UL><LI>Max Depth = 8<LI>Call Chain = rcu_irc48mdiv_sys_clock_config
</UL>
<BR>[Called By]<UL><LI><a href="#[3f]">&gt;&gt;</a>&nbsp;&nbsp;&nbsp;system_clock_irc48m
</UL>

<P><STRONG><a name="[39]"></a>syscfg_interrupt_flag_get</STRONG> (Thumb, 44 bytes, Stack size 8 bytes, gd32c2x1_syscfg.o(.text.syscfg_interrupt_flag_get))
<BR><BR>[Stack]<UL><LI>Max Depth = 8<LI>Call Chain = syscfg_interrupt_flag_get
</UL>
<BR>[Called By]<UL><LI><a href="#[1]">&gt;&gt;</a>&nbsp;&nbsp;&nbsp;NMI_Handler
</UL>

<P><STRONG><a name="[48]"></a>__scatterload_copy</STRONG> (Thumb, 14 bytes, Stack size unknown bytes, handlers.o(i.__scatterload_copy), UNUSED)

<P><STRONG><a name="[49]"></a>__scatterload_null</STRONG> (Thumb, 2 bytes, Stack size unknown bytes, handlers.o(i.__scatterload_null), UNUSED)

<P><STRONG><a name="[4a]"></a>__scatterload_zeroinit</STRONG> (Thumb, 14 bytes, Stack size unknown bytes, handlers.o(i.__scatterload_zeroinit), UNUSED)
<P>
<H3>
Local Symbols
</H3>
<P><STRONG><a name="[3a]"></a>system_clock_config</STRONG> (Thumb, 8 bytes, Stack size 8 bytes, system_gd32c2x1.o(.text.system_clock_config))
<BR><BR>[Stack]<UL><LI>Max Depth = 40<LI>Call Chain = system_clock_config &rArr; system_clock_irc48m &rArr; rcu_irc48mdiv_sys_clock_config
</UL>
<BR>[Calls]<UL><LI><a href="#[3f]">&gt;&gt;</a>&nbsp;&nbsp;&nbsp;system_clock_irc48m
</UL>
<BR>[Called By]<UL><LI><a href="#[2c]">&gt;&gt;</a>&nbsp;&nbsp;&nbsp;SystemInit
</UL>

<P><STRONG><a name="[3f]"></a>system_clock_irc48m</STRONG> (Thumb, 152 bytes, Stack size 24 bytes, system_gd32c2x1.o(.text.system_clock_irc48m))
<BR><BR>[Stack]<UL><LI>Max Depth = 32<LI>Call Chain = system_clock_irc48m &rArr; rcu_irc48mdiv_sys_clock_config
</UL>
<BR>[Calls]<UL><LI><a href="#[40]">&gt;&gt;</a>&nbsp;&nbsp;&nbsp;rcu_irc48mdiv_sys_clock_config
</UL>
<BR>[Called By]<UL><LI><a href="#[3a]">&gt;&gt;</a>&nbsp;&nbsp;&nbsp;system_clock_config
</UL>
<P>
<H3>
Undefined Global Symbols
</H3><HR></body></html>
