Component: Arm Compiler for Embedded 6.21 Tool: armlink [5ec1fa00]

==============================================================================

Section Cross References

    gd32c2x1_it.o(.text.NMI_Handler) refers to gd32c2x1_syscfg.o(.text.syscfg_interrupt_flag_get) for syscfg_interrupt_flag_get
    gd32c2x1_it.o(.ARM.exidx.text.NMI_Handler) refers to gd32c2x1_it.o(.text.NMI_Handler) for [Anonymous Symbol]
    gd32c2x1_it.o(.ARM.exidx.text.HardFault_Handler) refers to gd32c2x1_it.o(.text.HardFault_Handler) for [Anonymous Symbol]
    gd32c2x1_it.o(.ARM.exidx.text.SVC_Handler) refers to gd32c2x1_it.o(.text.SVC_Handler) for [Anonymous Symbol]
    gd32c2x1_it.o(.ARM.exidx.text.PendSV_Handler) refers to gd32c2x1_it.o(.text.PendSV_Handler) for [Anonymous Symbol]
    gd32c2x1_it.o(.text.SysTick_Handler) refers to systick.o(.text.delay_decrement) for delay_decrement
    gd32c2x1_it.o(.text.SysTick_Handler) refers to main.o(.bss.g_isSysTickInt) for g_isSysTickInt
    gd32c2x1_it.o(.ARM.exidx.text.SysTick_Handler) refers to gd32c2x1_it.o(.text.SysTick_Handler) for [Anonymous Symbol]
    main.o(.text.main) refers to main.o(.text.BSP_Init) for BSP_Init
    main.o(.text.main) refers to task_init.o(.text.Task_Init) for Task_Init
    main.o(.text.main) refers to task_init.o(.text.SysTickCallBack) for SysTickCallBack
    main.o(.text.main) refers to systick.o(.text.delay_1ms) for delay_1ms
    main.o(.text.main) refers to main.o(.bss.g_isSysTickInt) for g_isSysTickInt
    main.o(.ARM.exidx.text.main) refers to main.o(.text.main) for [Anonymous Symbol]
    main.o(.text.BSP_Init) refers to systick.o(.text.systick_config) for systick_config
    main.o(.text.BSP_Init) refers to bsp_gpio.o(.text.GPIO_UserInit) for GPIO_UserInit
    main.o(.ARM.exidx.text.BSP_Init) refers to main.o(.text.BSP_Init) for [Anonymous Symbol]
    main.o(.text.fputc) refers to segger_rtt.o(.text.SEGGER_RTT_PutChar) for SEGGER_RTT_PutChar
    main.o(.ARM.exidx.text.fputc) refers to main.o(.text.fputc) for [Anonymous Symbol]
    task_init.o(.text.Task_Init) refers to task_led.o(.text.LedTask_Init) for LedTask_Init
    task_init.o(.text.Task_Init) refers to task_btn.o(.text.BtnTask_Init) for BtnTask_Init
    task_init.o(.text.Task_Init) refers to task_init.o(.text.ParamSrv_Init) for ParamSrv_Init
    task_init.o(.text.Task_Init) refers to task_init.o(.text.ParamSrv_ApplyToIC) for ParamSrv_ApplyToIC
    task_init.o(.ARM.exidx.text.Task_Init) refers to task_init.o(.text.Task_Init) for [Anonymous Symbol]
    task_init.o(.text.ParamSrv_Init) refers to task_param.o(.text.nvm_param_init) for nvm_param_init
    task_init.o(.text.ParamSrv_Init) refers to task_init.o(.text.ParamSrv_Load) for ParamSrv_Load
    task_init.o(.text.ParamSrv_Init) refers to task_init.o(.bss.g_current_param) for [Anonymous Symbol]
    task_init.o(.ARM.exidx.text.ParamSrv_Init) refers to task_init.o(.text.ParamSrv_Init) for [Anonymous Symbol]
    task_init.o(.text.ParamSrv_ApplyToIC) refers to isl700_2a.o(.text.ISL700_Write_Reg) for ISL700_Write_Reg
    task_init.o(.text.ParamSrv_ApplyToIC) refers to task_init.o(.bss.g_current_param) for [Anonymous Symbol]
    task_init.o(.ARM.exidx.text.ParamSrv_ApplyToIC) refers to task_init.o(.text.ParamSrv_ApplyToIC) for [Anonymous Symbol]
    task_init.o(.text.ParamSrv_Load) refers to memcpya.o(.text) for __aeabi_memcpy
    task_init.o(.text.ParamSrv_Load) refers to task_init.o(.bss.g_current_param) for [Anonymous Symbol]
    task_init.o(.ARM.exidx.text.ParamSrv_Load) refers to task_init.o(.text.ParamSrv_Load) for [Anonymous Symbol]
    task_init.o(.text.ParamSrv_Save) refers to task_param.o(.text.nvm_param_set) for nvm_param_set
    task_init.o(.text.ParamSrv_Save) refers to memcpya.o(.text) for __aeabi_memcpy
    task_init.o(.text.ParamSrv_Save) refers to task_init.o(.bss.g_current_param) for [Anonymous Symbol]
    task_init.o(.ARM.exidx.text.ParamSrv_Save) refers to task_init.o(.text.ParamSrv_Save) for [Anonymous Symbol]
    task_init.o(.text.ParamSrv_RestoreDefault) refers to task_param.o(.text.nvm_param_restore_default) for nvm_param_restore_default
    task_init.o(.text.ParamSrv_RestoreDefault) refers to task_init.o(.text.ParamSrv_Load) for ParamSrv_Load
    task_init.o(.text.ParamSrv_RestoreDefault) refers to task_init.o(.bss.g_current_param) for [Anonymous Symbol]
    task_init.o(.ARM.exidx.text.ParamSrv_RestoreDefault) refers to task_init.o(.text.ParamSrv_RestoreDefault) for [Anonymous Symbol]
    task_init.o(.ARM.exidx.text.MeasSrv_Start) refers to task_init.o(.text.MeasSrv_Start) for [Anonymous Symbol]
    task_init.o(.ARM.exidx.text.MeasSrv_Stop) refers to task_init.o(.text.MeasSrv_Stop) for [Anonymous Symbol]
    task_init.o(.text.SysTickCallBack) refers to task_btn.o(.text.BtnTask) for BtnTask
    task_init.o(.text.SysTickCallBack) refers to task_led.o(.text.LedTask) for LedTask
    task_init.o(.ARM.exidx.text.SysTickCallBack) refers to task_init.o(.text.SysTickCallBack) for [Anonymous Symbol]
[...]
    Removing gd32c2x1_spi.o(.text.spi_fifo_access_size_config), (42 bytes).
    Removing gd32c2x1_spi.o(.ARM.exidx.text.spi_fifo_access_size_config), (8 bytes).
    Removing gd32c2x1_spi.o(.text.spi_i2s_data_frame_format_config), (140 bytes).
    Removing gd32c2x1_spi.o(.ARM.exidx.text.spi_i2s_data_frame_format_config), (8 bytes).
    Removing gd32c2x1_spi.o(.text.spi_bidirectional_transfer_config), (50 bytes).
    Removing gd32c2x1_spi.o(.ARM.exidx.text.spi_bidirectional_transfer_config), (8 bytes).
    Removing gd32c2x1_spi.o(.text.spi_i2s_data_transmit), (80 bytes).
    Removing gd32c2x1_spi.o(.ARM.exidx.text.spi_i2s_data_transmit), (8 bytes).
    Removing gd32c2x1_spi.o(.text.spi_i2s_data_receive), (88 bytes).
    Removing gd32c2x1_spi.o(.ARM.exidx.text.spi_i2s_data_receive), (8 bytes).
    Removing gd32c2x1_spi.o(.text.spi_crc_polynomial_set), (18 bytes).
    Removing gd32c2x1_spi.o(.ARM.exidx.text.spi_crc_polynomial_set), (8 bytes).
    Removing gd32c2x1_spi.o(.text.spi_crc_polynomial_get), (22 bytes).
    Removing gd32c2x1_spi.o(.ARM.exidx.text.spi_crc_polynomial_get), (8 bytes).
    Removing gd32c2x1_spi.o(.text.spi_crc_length_set), (42 bytes).
    Removing gd32c2x1_spi.o(.ARM.exidx.text.spi_crc_length_set), (8 bytes).
    Removing gd32c2x1_spi.o(.text.spi_crc_on), (20 bytes).
    Removing gd32c2x1_spi.o(.ARM.exidx.text.spi_crc_on), (8 bytes).
    Removing gd32c2x1_spi.o(.text.spi_crc_off), (20 bytes).
    Removing gd32c2x1_spi.o(.ARM.exidx.text.spi_crc_off), (8 bytes).
    Removing gd32c2x1_spi.o(.text.spi_crc_next), (20 bytes).
    Removing gd32c2x1_spi.o(.ARM.exidx.text.spi_crc_next), (8 bytes).
    Removing gd32c2x1_spi.o(.text.spi_crc_get), (48 bytes).
    Removing gd32c2x1_spi.o(.ARM.exidx.text.spi_crc_get), (8 bytes).
    Removing gd32c2x1_spi.o(.text.spi_crc_error_clear), (18 bytes).
    Removing gd32c2x1_spi.o(.ARM.exidx.text.spi_crc_error_clear), (8 bytes).
    Removing gd32c2x1_spi.o(.text.spi_ti_mode_enable), (18 bytes).
    Removing gd32c2x1_spi.o(.ARM.exidx.text.spi_ti_mode_enable), (8 bytes).
    Removing gd32c2x1_spi.o(.text.spi_ti_mode_disable), (18 bytes).
    Removing gd32c2x1_spi.o(.ARM.exidx.text.spi_ti_mode_disable), (8 bytes).
    Removing gd32c2x1_spi.o(.text.spi_nssp_mode_enable), (18 bytes).
    Removing gd32c2x1_spi.o(.ARM.exidx.text.spi_nssp_mode_enable), (8 bytes).
    Removing gd32c2x1_spi.o(.text.spi_nssp_mode_disable), (18 bytes).
    Removing gd32c2x1_spi.o(.ARM.exidx.text.spi_nssp_mode_disable), (8 bytes).
    Removing gd32c2x1_spi.o(.text.spi_quad_enable), (20 bytes).
    Removing gd32c2x1_spi.o(.ARM.exidx.text.spi_quad_enable), (8 bytes).
    Removing gd32c2x1_spi.o(.text.spi_quad_disable), (20 bytes).
    Removing gd32c2x1_spi.o(.ARM.exidx.text.spi_quad_disable), (8 bytes).
    Removing gd32c2x1_spi.o(.text.spi_quad_write_enable), (20 bytes).
    Removing gd32c2x1_spi.o(.ARM.exidx.text.spi_quad_write_enable), (8 bytes).
    Removing gd32c2x1_spi.o(.text.spi_quad_read_enable), (20 bytes).
    Removing gd32c2x1_spi.o(.ARM.exidx.text.spi_quad_read_enable), (8 bytes).
    Removing gd32c2x1_spi.o(.text.spi_quad_io23_output_enable), (20 bytes).
    Removing gd32c2x1_spi.o(.ARM.exidx.text.spi_quad_io23_output_enable), (8 bytes).
    Removing gd32c2x1_spi.o(.text.spi_quad_io23_output_disable), (20 bytes).
    Removing gd32c2x1_spi.o(.ARM.exidx.text.spi_quad_io23_output_disable), (8 bytes).
    Removing gd32c2x1_spi.o(.text.spi_i2s_format_error_clear), (18 bytes).
    Removing gd32c2x1_spi.o(.ARM.exidx.text.spi_i2s_format_error_clear), (8 bytes).
    Removing gd32c2x1_spi.o(.text.spi_i2s_flag_get), (240 bytes).
    Removing gd32c2x1_spi.o(.ARM.exidx.text.spi_i2s_flag_get), (8 bytes).
    Removing gd32c2x1_spi.o(.text.spi_i2s_interrupt_enable), (26 bytes).
    Removing gd32c2x1_spi.o(.ARM.exidx.text.spi_i2s_interrupt_enable), (8 bytes).
    Removing gd32c2x1_spi.o(.text.spi_i2s_interrupt_disable), (30 bytes).
    Removing gd32c2x1_spi.o(.ARM.exidx.text.spi_i2s_interrupt_disable), (8 bytes).
    Removing gd32c2x1_spi.o(.text.spi_i2s_interrupt_flag_get), (236 bytes).
    Removing gd32c2x1_spi.o(.ARM.exidx.text.spi_i2s_interrupt_flag_get), (8 bytes).
    Removing gd32c2x1_syscfg.o(.text), (0 bytes).
    Removing gd32c2x1_syscfg.o(.text.syscfg_deinit), (24 bytes).
    Removing gd32c2x1_syscfg.o(.ARM.exidx.text.syscfg_deinit), (8 bytes).
    Removing gd32c2x1_syscfg.o(.text.syscfg_i2c_fast_mode_plus_enable), (32 bytes).
    Removing gd32c2x1_syscfg.o(.ARM.exidx.text.syscfg_i2c_fast_mode_plus_enable), (8 bytes).
    Removing gd32c2x1_syscfg.o(.text.syscfg_i2c_fast_mode_plus_disable), (32 bytes).
    Removing gd32c2x1_syscfg.o(.ARM.exidx.text.syscfg_i2c_fast_mode_plus_disable), (8 bytes).
    Removing gd32c2x1_syscfg.o(.text.syscfg_pin_remap_enable), (28 bytes).
    Removing gd32c2x1_syscfg.o(.ARM.exidx.text.syscfg_pin_remap_enable), (8 bytes).
    Removing gd32c2x1_syscfg.o(.text.syscfg_pin_remap_disable), (32 bytes).
    Removing gd32c2x1_syscfg.o(.ARM.exidx.text.syscfg_pin_remap_disable), (8 bytes).
    Removing gd32c2x1_syscfg.o(.text.syscfg_bootmode_get), (24 bytes).
    Removing gd32c2x1_syscfg.o(.ARM.exidx.text.syscfg_bootmode_get), (8 bytes).
    Removing gd32c2x1_syscfg.o(.text.syscfg_exti_line_config), (180 bytes).
    Removing gd32c2x1_syscfg.o(.ARM.exidx.text.syscfg_exti_line_config), (8 bytes).
    Removing gd32c2x1_syscfg.o(.text.syscfg_lockup_enable), (28 bytes).
    Removing gd32c2x1_syscfg.o(.ARM.exidx.text.syscfg_lockup_enable), (8 bytes).
    Removing gd32c2x1_syscfg.o(.text.syscfg_sram_ecc_single_correctable_bit_get), (24 bytes).
    Removing gd32c2x1_syscfg.o(.ARM.exidx.text.syscfg_sram_ecc_single_correctable_bit_get), (8 bytes).
    Removing gd32c2x1_syscfg.o(.text.syscfg_sram_ecc_error_address_get), (20 bytes).
    Removing gd32c2x1_syscfg.o(.ARM.exidx.text.syscfg_sram_ecc_error_address_get), (8 bytes).
    Removing gd32c2x1_syscfg.o(.text.syscfg_irq_latency_set), (36 bytes).
    Removing gd32c2x1_syscfg.o(.ARM.exidx.text.syscfg_irq_latency_set), (8 bytes).
    Removing gd32c2x1_syscfg.o(.text.syscfg_interrupt_enable), (28 bytes).
    Removing gd32c2x1_syscfg.o(.ARM.exidx.text.syscfg_interrupt_enable), (8 bytes).
    Removing gd32c2x1_syscfg.o(.text.syscfg_interrupt_disable), (32 bytes).
    Removing gd32c2x1_syscfg.o(.ARM.exidx.text.syscfg_interrupt_disable), (8 bytes).
    Removing gd32c2x1_syscfg.o(.ARM.exidx.text.syscfg_interrupt_flag_get), (8 bytes).
    Removing gd32c2x1_syscfg.o(.text.syscfg_interrupt_flag_clear), (24 bytes).
    Removing gd32c2x1_syscfg.o(.ARM.exidx.text.syscfg_interrupt_flag_clear), (8 bytes).
    Removing gd32c2x1_timer.o(.text), (0 bytes).
    Removing gd32c2x1_timer.o(.text.timer_deinit), (184 bytes).
    Removing gd32c2x1_timer.o(.ARM.exidx.text.timer_deinit), (8 bytes).
    Removing gd32c2x1_timer.o(.text.timer_struct_para_init), (40 bytes).
    Removing gd32c2x1_timer.o(.ARM.exidx.text.timer_struct_para_init), (8 bytes).
    Removing gd32c2x1_timer.o(.text.timer_init), (184 bytes).
    Removing gd32c2x1_timer.o(.ARM.exidx.text.timer_init), (8 bytes).
    Removing gd32c2x1_timer.o(.text.timer_enable), (18 bytes).
    Removing gd32c2x1_timer.o(.ARM.exidx.text.timer_enable), (8 bytes).
    Removing gd32c2x1_timer.o(.text.timer_disable), (18 bytes).
    Removing gd32c2x1_timer.o(.ARM.exidx.text.timer_disable), (8 bytes).
    Removing gd32c2x1_timer.o(.text.timer_auto_reload_shadow_enable), (18 bytes).
    Removing gd32c2x1_timer.o(.ARM.exidx.text.timer_auto_reload_shadow_enable), (8 bytes).
    Removing gd32c2x1_timer.o(.text.timer_auto_reload_shadow_disable), (18 bytes).
    Removing gd32c2x1_timer.o(.ARM.exidx.text.timer_auto_reload_shadow_disable), (8 bytes).
    Removing gd32c2x1_timer.o(.text.timer_update_event_enable), (18 bytes).
    Removing gd32c2x1_timer.o(.ARM.exidx.text.timer_update_event_enable), (8 bytes).
    Removing gd32c2x1_timer.o(.text.timer_update_event_disable), (18 bytes).
    Removing gd32c2x1_timer.o(.ARM.exidx.text.timer_update_event_disable), (8 bytes).
    Removing gd32c2x1_timer.o(.text.timer_counter_alignment), (40 bytes).
    Removing gd32c2x1_timer.o(.ARM.exidx.text.timer_counter_alignment), (8 bytes).
    Removing gd32c2x1_timer.o(.text.timer_counter_up_direction), (18 bytes).
    Removing gd32c2x1_timer.o(.ARM.exidx.text.timer_counter_up_direction), (8 bytes).
    Removing gd32c2x1_timer.o(.text.timer_counter_down_direction), (18 bytes).
    Removing gd32c2x1_timer.o(.ARM.exidx.text.timer_counter_down_direction), (8 bytes).
    Removing gd32c2x1_timer.o(.text.timer_prescaler_config), (38 bytes).
    Removing gd32c2x1_timer.o(.ARM.exidx.text.timer_prescaler_config), (8 bytes).
    Removing gd32c2x1_timer.o(.text.timer_repetition_value_config), (18 bytes).
    Removing gd32c2x1_timer.o(.ARM.exidx.text.timer_repetition_value_config), (8 bytes).
    Removing gd32c2x1_timer.o(.text.timer_autoreload_value_config), (18 bytes).
    Removing gd32c2x1_timer.o(.ARM.exidx.text.timer_autoreload_value_config), (8 bytes).
    Removing gd32c2x1_timer.o(.text.timer_counter_value_config), (18 bytes).
    Removing gd32c2x1_timer.o(.ARM.exidx.text.timer_counter_value_config), (8 bytes).
    Removing gd32c2x1_timer.o(.text.timer_counter_read), (22 bytes).
    Removing gd32c2x1_timer.o(.ARM.exidx.text.timer_counter_read), (8 bytes).
    Removing gd32c2x1_timer.o(.text.timer_prescaler_read), (22 bytes).
    Removing gd32c2x1_timer.o(.ARM.exidx.text.timer_prescaler_read), (8 bytes).
    Removing gd32c2x1_timer.o(.text.timer_single_pulse_mode_config), (52 bytes).
    Removing gd32c2x1_timer.o(.ARM.exidx.text.timer_single_pulse_mode_config), (8 bytes).
    Removing gd32c2x1_timer.o(.text.timer_update_source_config), (52 bytes).
    Removing gd32c2x1_timer.o(.ARM.exidx.text.timer_update_source_config), (8 bytes).
    Removing gd32c2x1_timer.o(.text.timer_dma_enable), (28 bytes).
    Removing gd32c2x1_timer.o(.ARM.exidx.text.timer_dma_enable), (8 bytes).
    Removing gd32c2x1_timer.o(.text.timer_dma_disable), (32 bytes).
    Removing gd32c2x1_timer.o(.ARM.exidx.text.timer_dma_disable), (8 bytes).
    Removing gd32c2x1_timer.o(.text.timer_channel_dma_request_source_select), (52 bytes).
    Removing gd32c2x1_timer.o(.ARM.exidx.text.timer_channel_dma_request_source_select), (8 bytes).
    Removing gd32c2x1_timer.o(.text.timer_dma_transfer_config), (60 bytes).
    Removing gd32c2x1_timer.o(.ARM.exidx.text.timer_dma_transfer_config), (8 bytes).
    Removing gd32c2x1_timer.o(.text.timer_event_software_generate), (20 bytes).
    Removing gd32c2x1_timer.o(.ARM.exidx.text.timer_event_software_generate), (8 bytes).
    Removing gd32c2x1_timer.o(.text.timer_break_struct_para_init), (54 bytes).
    Removing gd32c2x1_timer.o(.ARM.exidx.text.timer_break_struct_para_init), (8 bytes).
    Removing gd32c2x1_timer.o(.text.timer_break_config), (244 bytes).
    Removing gd32c2x1_timer.o(.ARM.exidx.text.timer_break_config), (8 bytes).
    Removing gd32c2x1_timer.o(.text.timer_break_enable), (64 bytes).
    Removing gd32c2x1_timer.o(.ARM.exidx.text.timer_break_enable), (8 bytes).
    Removing gd32c2x1_timer.o(.text.timer_break_disable), (64 bytes).
    Removing gd32c2x1_timer.o(.ARM.exidx.text.timer_break_disable), (8 bytes).
    Removing gd32c2x1_timer.o(.text.timer_automatic_output_enable), (20 bytes).
    Removing gd32c2x1_timer.o(.ARM.exidx.text.timer_automatic_output_enable), (8 bytes).
    Removing gd32c2x1_timer.o(.text.timer_automatic_output_disable), (20 bytes).
    Removing gd32c2x1_timer.o(.ARM.exidx.text.timer_automatic_output_disable), (8 bytes).
    Removing gd32c2x1_timer.o(.text.timer_primary_output_config), (48 bytes).
    Removing gd32c2x1_timer.o(.ARM.exidx.text.timer_primary_output_config), (8 bytes).
    Removing gd32c2x1_timer.o(.text.timer_channel_control_shadow_config), (44 bytes).
    Removing gd32c2x1_timer.o(.ARM.exidx.text.timer_channel_control_shadow_config), (8 bytes).
    Removing gd32c2x1_timer.o(.text.timer_channel_control_shadow_update_config), (52 bytes).
    Removing gd32c2x1_timer.o(.ARM.exidx.text.timer_channel_control_shadow_update_config), (8 bytes).
    Removing gd32c2x1_timer.o(.text.timer_channel_output_struct_para_init), (34 bytes).
    Removing gd32c2x1_timer.o(.ARM.exidx.text.timer_channel_output_struct_para_init), (8 bytes).
    Removing gd32c2x1_timer.o(.text.timer_channel_output_config), (928 bytes).
    Removing gd32c2x1_timer.o(.ARM.exidx.text.timer_channel_output_config), (8 bytes).
    Removing gd32c2x1_timer.o(.text.timer_channel_output_mode_config), (240 bytes).
    Removing gd32c2x1_timer.o(.ARM.exidx.text.timer_channel_output_mode_config), (8 bytes).
    Removing gd32c2x1_timer.o(.text.timer_channel_combined_3_phase_pwm_config), (146 bytes).
    Removing gd32c2x1_timer.o(.ARM.exidx.text.timer_channel_combined_3_phase_pwm_config), (8 bytes).
    Removing gd32c2x1_timer.o(.text.timer_channel_output_pulse_value_config), (96 bytes).
    Removing gd32c2x1_timer.o(.ARM.exidx.text.timer_channel_output_pulse_value_config), (8 bytes).
    Removing gd32c2x1_timer.o(.text.timer_channel_output_shadow_config), (240 bytes).
    Removing gd32c2x1_timer.o(.ARM.exidx.text.timer_channel_output_shadow_config), (8 bytes).
    Removing gd32c2x1_timer.o(.text.timer_channel_output_fast_config), (240 bytes).
    Removing gd32c2x1_timer.o(.ARM.exidx.text.timer_channel_output_fast_config), (8 bytes).
    Removing gd32c2x1_timer.o(.text.timer_channel_output_clear_config), (240 bytes).
    Removing gd32c2x1_timer.o(.ARM.exidx.text.timer_channel_output_clear_config), (8 bytes).
    Removing gd32c2x1_timer.o(.text.timer_channel_output_polarity_config), (250 bytes).
    Removing gd32c2x1_timer.o(.ARM.exidx.text.timer_channel_output_polarity_config), (8 bytes).
    Removing gd32c2x1_timer.o(.text.timer_channel_complementary_output_polarity_config), (130 bytes).
    Removing gd32c2x1_timer.o(.ARM.exidx.text.timer_channel_complementary_output_polarity_config), (8 bytes).
    Removing gd32c2x1_timer.o(.text.timer_channel_output_state_config), (228 bytes).
    Removing gd32c2x1_timer.o(.ARM.exidx.text.timer_channel_output_state_config), (8 bytes).
    Removing gd32c2x1_timer.o(.text.timer_channel_complementary_output_state_config), (130 bytes).
    Removing gd32c2x1_timer.o(.ARM.exidx.text.timer_channel_complementary_output_state_config), (8 bytes).
    Removing gd32c2x1_timer.o(.text.timer_channel_input_struct_para_init), (28 bytes).
    Removing gd32c2x1_timer.o(.ARM.exidx.text.timer_channel_input_struct_para_init), (8 bytes).
    Removing gd32c2x1_timer.o(.text.timer_input_capture_config), (572 bytes).
    Removing gd32c2x1_timer.o(.ARM.exidx.text.timer_input_capture_config), (8 bytes).
    Removing gd32c2x1_timer.o(.text.timer_channel_input_capture_prescaler_config), (202 bytes).
    Removing gd32c2x1_timer.o(.ARM.exidx.text.timer_channel_input_capture_prescaler_config), (8 bytes).
    Removing gd32c2x1_timer.o(.text.timer_channel_capture_value_register_read), (98 bytes).
    Removing gd32c2x1_timer.o(.ARM.exidx.text.timer_channel_capture_value_register_read), (8 bytes).
    Removing gd32c2x1_timer.o(.text.timer_input_pwm_capture_config), (638 bytes).
    Removing gd32c2x1_timer.o(.ARM.exidx.text.timer_input_pwm_capture_config), (8 bytes).
    Removing gd32c2x1_timer.o(.text.timer_hall_mode_config), (40 bytes).
    Removing gd32c2x1_timer.o(.ARM.exidx.text.timer_hall_mode_config), (8 bytes).
    Removing gd32c2x1_timer.o(.text.timer_input_trigger_source_select), (196 bytes).
    Removing gd32c2x1_timer.o(.ARM.exidx.text.timer_input_trigger_source_select), (8 bytes).
    Removing gd32c2x1_timer.o(.text.timer_master_output_trigger_source_select), (40 bytes).
    Removing gd32c2x1_timer.o(.ARM.exidx.text.timer_master_output_trigger_source_select), (8 bytes).
    Removing gd32c2x1_timer.o(.text.timer_slave_mode_select), (316 bytes).
    Removing gd32c2x1_timer.o(.ARM.exidx.text.timer_slave_mode_select), (8 bytes).
    Removing gd32c2x1_timer.o(.text.timer_master_slave_mode_config), (52 bytes).
    Removing gd32c2x1_timer.o(.ARM.exidx.text.timer_master_slave_mode_config), (8 bytes).
    Removing gd32c2x1_timer.o(.text.timer_external_trigger_config), (72 bytes).
    Removing gd32c2x1_timer.o(.ARM.exidx.text.timer_external_trigger_config), (8 bytes).
    Removing gd32c2x1_timer.o(.text.timer_quadrature_decoder_mode_config), (116 bytes).
    Removing gd32c2x1_timer.o(.ARM.exidx.text.timer_quadrature_decoder_mode_config), (8 bytes).
    Removing gd32c2x1_timer.o(.text.timer_internal_clock_config), (18 bytes).
    Removing gd32c2x1_timer.o(.ARM.exidx.text.timer_internal_clock_config), (8 bytes).
    Removing gd32c2x1_timer.o(.text.timer_internal_trigger_as_external_clock_config), (28 bytes).
    Removing gd32c2x1_timer.o(.ARM.exidx.text.timer_internal_trigger_as_external_clock_config), (8 bytes).
    Removing gd32c2x1_timer.o(.text.timer_external_trigger_as_external_clock_config), (274 bytes).
    Removing gd32c2x1_timer.o(.ARM.exidx.text.timer_external_trigger_as_external_clock_config), (8 bytes).
    Removing gd32c2x1_timer.o(.text.timer_external_clock_mode0_config), (60 bytes).
    Removing gd32c2x1_timer.o(.ARM.exidx.text.timer_external_clock_mode0_config), (8 bytes).
    Removing gd32c2x1_timer.o(.text.timer_external_clock_mode1_config), (56 bytes).
    Removing gd32c2x1_timer.o(.ARM.exidx.text.timer_external_clock_mode1_config), (8 bytes).
    Removing gd32c2x1_timer.o(.text.timer_external_clock_mode1_disable), (20 bytes).
    Removing gd32c2x1_timer.o(.ARM.exidx.text.timer_external_clock_mode1_disable), (8 bytes).
    Removing gd32c2x1_timer.o(.text.timer_input_selection_config), (78 bytes).
    Removing gd32c2x1_timer.o(.ARM.exidx.text.timer_input_selection_config), (8 bytes).
    Removing gd32c2x1_timer.o(.text.timer_write_chxval_register_config), (60 bytes).
    Removing gd32c2x1_timer.o(.ARM.exidx.text.timer_write_chxval_register_config), (8 bytes).
    Removing gd32c2x1_timer.o(.text.timer_output_value_selection_config), (60 bytes).
    Removing gd32c2x1_timer.o(.ARM.exidx.text.timer_output_value_selection_config), (8 bytes).
    Removing gd32c2x1_timer.o(.text.timer_break_external_source_config), (120 bytes).
    Removing gd32c2x1_timer.o(.ARM.exidx.text.timer_break_external_source_config), (8 bytes).
    Removing gd32c2x1_timer.o(.text.timer_break_external_polarity_config), (82 bytes).
    Removing gd32c2x1_timer.o(.ARM.exidx.text.timer_break_external_polarity_config), (8 bytes).
    Removing gd32c2x1_timer.o(.text.timer_eti_source_selection_config), (34 bytes).
    Removing gd32c2x1_timer.o(.ARM.exidx.text.timer_eti_source_selection_config), (8 bytes).
    Removing gd32c2x1_timer.o(.text.timer_flag_get), (48 bytes).
    Removing gd32c2x1_timer.o(.ARM.exidx.text.timer_flag_get), (8 bytes).
    Removing gd32c2x1_timer.o(.text.timer_flag_clear), (18 bytes).
    Removing gd32c2x1_timer.o(.ARM.exidx.text.timer_flag_clear), (8 bytes).
    Removing gd32c2x1_timer.o(.text.timer_interrupt_enable), (22 bytes).
    Removing gd32c2x1_timer.o(.ARM.exidx.text.timer_interrupt_enable), (8 bytes).
    Removing gd32c2x1_timer.o(.text.timer_interrupt_disable), (28 bytes).
    Removing gd32c2x1_timer.o(.ARM.exidx.text.timer_interrupt_disable), (8 bytes).
    Removing gd32c2x1_timer.o(.text.timer_interrupt_flag_get), (90 bytes).
    Removing gd32c2x1_timer.o(.ARM.exidx.text.timer_interrupt_flag_get), (8 bytes).
    Removing gd32c2x1_timer.o(.text.timer_interrupt_flag_clear), (18 bytes).
    Removing gd32c2x1_timer.o(.ARM.exidx.text.timer_interrupt_flag_clear), (8 bytes).
    Removing gd32c2x1_usart.o(.text), (0 bytes).
    Removing gd32c2x1_usart.o(.text.usart_deinit), (116 bytes).
    Removing gd32c2x1_usart.o(.ARM.exidx.text.usart_deinit), (8 bytes).
    Removing gd32c2x1_usart.o(.text.usart_baudrate_set), (204 bytes).
    Removing gd32c2x1_usart.o(.ARM.exidx.text.usart_baudrate_set), (8 bytes).
    Removing gd32c2x1_usart.o(.text.usart_parity_config), (44 bytes).
    Removing gd32c2x1_usart.o(.ARM.exidx.text.usart_parity_config), (8 bytes).
    Removing gd32c2x1_usart.o(.text.usart_word_length_set), (44 bytes).
    Removing gd32c2x1_usart.o(.ARM.exidx.text.usart_word_length_set), (8 bytes).
    Removing gd32c2x1_usart.o(.text.usart_stop_bit_set), (46 bytes).
    Removing gd32c2x1_usart.o(.ARM.exidx.text.usart_stop_bit_set), (8 bytes).
    Removing gd32c2x1_usart.o(.text.usart_enable), (18 bytes).
    Removing gd32c2x1_usart.o(.ARM.exidx.text.usart_enable), (8 bytes).
    Removing gd32c2x1_usart.o(.text.usart_disable), (18 bytes).
    Removing gd32c2x1_usart.o(.ARM.exidx.text.usart_disable), (8 bytes).
    Removing gd32c2x1_usart.o(.text.usart_transmit_config), (32 bytes).
    Removing gd32c2x1_usart.o(.ARM.exidx.text.usart_transmit_config), (8 bytes).
    Removing gd32c2x1_usart.o(.text.usart_receive_config), (32 bytes).
    Removing gd32c2x1_usart.o(.ARM.exidx.text.usart_receive_config), (8 bytes).
    Removing gd32c2x1_usart.o(.text.usart_data_first_config), (42 bytes).
    Removing gd32c2x1_usart.o(.ARM.exidx.text.usart_data_first_config), (8 bytes).
    Removing gd32c2x1_usart.o(.text.usart_invert_config), (186 bytes).
    Removing gd32c2x1_usart.o(.ARM.exidx.text.usart_invert_config), (8 bytes).
    Removing gd32c2x1_usart.o(.text.usart_overrun_enable), (30 bytes).
    Removing gd32c2x1_usart.o(.ARM.exidx.text.usart_overrun_enable), (8 bytes).
    Removing gd32c2x1_usart.o(.text.usart_overrun_disable), (30 bytes).
    Removing gd32c2x1_usart.o(.ARM.exidx.text.usart_overrun_disable), (8 bytes).
    Removing gd32c2x1_usart.o(.text.usart_oversample_config), (44 bytes).
    Removing gd32c2x1_usart.o(.ARM.exidx.text.usart_oversample_config), (8 bytes).
    Removing gd32c2x1_usart.o(.text.usart_sample_bit_config), (44 bytes).
    Removing gd32c2x1_usart.o(.ARM.exidx.text.usart_sample_bit_config), (8 bytes).
    Removing gd32c2x1_usart.o(.text.usart_receiver_timeout_enable), (20 bytes).
    Removing gd32c2x1_usart.o(.ARM.exidx.text.usart_receiver_timeout_enable), (8 bytes).
    Removing gd32c2x1_usart.o(.text.usart_receiver_timeout_disable), (20 bytes).
    Removing gd32c2x1_usart.o(.ARM.exidx.text.usart_receiver_timeout_disable), (8 bytes).
    Removing gd32c2x1_usart.o(.text.usart_receiver_timeout_threshold_config), (34 bytes).
    Removing gd32c2x1_usart.o(.ARM.exidx.text.usart_receiver_timeout_threshold_config), (8 bytes).
    Removing gd32c2x1_usart.o(.text.usart_data_transmit), (28 bytes).
    Removing gd32c2x1_usart.o(.ARM.exidx.text.usart_data_transmit), (8 bytes).
    Removing gd32c2x1_usart.o(.text.usart_data_receive), (32 bytes).
    Removing gd32c2x1_usart.o(.ARM.exidx.text.usart_data_receive), (8 bytes).
    Removing gd32c2x1_usart.o(.text.usart_command_enable), (24 bytes).
    Removing gd32c2x1_usart.o(.ARM.exidx.text.usart_command_enable), (8 bytes).
    Removing gd32c2x1_usart.o(.text.usart_autobaud_detection_enable), (20 bytes).
    Removing gd32c2x1_usart.o(.ARM.exidx.text.usart_autobaud_detection_enable), (8 bytes).
    Removing gd32c2x1_usart.o(.text.usart_autobaud_detection_disable), (20 bytes).
    Removing gd32c2x1_usart.o(.ARM.exidx.text.usart_autobaud_detection_disable), (8 bytes).
    Removing gd32c2x1_usart.o(.text.usart_autobaud_detection_mode_config), (34 bytes).
    Removing gd32c2x1_usart.o(.ARM.exidx.text.usart_autobaud_detection_mode_config), (8 bytes).
    Removing gd32c2x1_usart.o(.text.usart_address_config), (46 bytes).
    Removing gd32c2x1_usart.o(.ARM.exidx.text.usart_address_config), (8 bytes).
    Removing gd32c2x1_usart.o(.text.usart_address_detection_mode_config), (42 bytes).
    Removing gd32c2x1_usart.o(.ARM.exidx.text.usart_address_detection_mode_config), (8 bytes).
    Removing gd32c2x1_usart.o(.text.usart_mute_mode_enable), (20 bytes).
    Removing gd32c2x1_usart.o(.ARM.exidx.text.usart_mute_mode_enable), (8 bytes).
    Removing gd32c2x1_usart.o(.text.usart_mute_mode_disable), (20 bytes).
    Removing gd32c2x1_usart.o(.ARM.exidx.text.usart_mute_mode_disable), (8 bytes).
    Removing gd32c2x1_usart.o(.text.usart_mute_mode_wakeup_config), (44 bytes).
    Removing gd32c2x1_usart.o(.ARM.exidx.text.usart_mute_mode_wakeup_config), (8 bytes).
    Removing gd32c2x1_usart.o(.text.usart_lin_mode_enable), (30 bytes).
    Removing gd32c2x1_usart.o(.ARM.exidx.text.usart_lin_mode_enable), (8 bytes).
    Removing gd32c2x1_usart.o(.text.usart_lin_mode_disable), (30 bytes).
    Removing gd32c2x1_usart.o(.ARM.exidx.text.usart_lin_mode_disable), (8 bytes).
    Removing gd32c2x1_usart.o(.text.usart_lin_break_detection_length_config), (42 bytes).
    Removing gd32c2x1_usart.o(.ARM.exidx.text.usart_lin_break_detection_length_config), (8 bytes).
    Removing gd32c2x1_usart.o(.text.usart_halfduplex_enable), (28 bytes).
    Removing gd32c2x1_usart.o(.ARM.exidx.text.usart_halfduplex_enable), (8 bytes).
    Removing gd32c2x1_usart.o(.text.usart_halfduplex_disable), (28 bytes).
    Removing gd32c2x1_usart.o(.ARM.exidx.text.usart_halfduplex_disable), (8 bytes).
    Removing gd32c2x1_usart.o(.text.usart_clock_enable), (30 bytes).
    Removing gd32c2x1_usart.o(.ARM.exidx.text.usart_clock_enable), (8 bytes).
    Removing gd32c2x1_usart.o(.text.usart_clock_disable), (30 bytes).
    Removing gd32c2x1_usart.o(.ARM.exidx.text.usart_clock_disable), (8 bytes).
    Removing gd32c2x1_usart.o(.text.usart_synchronous_clock_config), (84 bytes).
    Removing gd32c2x1_usart.o(.ARM.exidx.text.usart_synchronous_clock_config), (8 bytes).
    Removing gd32c2x1_usart.o(.text.usart_guard_time_config), (46 bytes).
    Removing gd32c2x1_usart.o(.ARM.exidx.text.usart_guard_time_config), (8 bytes).
    Removing gd32c2x1_usart.o(.text.usart_smartcard_mode_enable), (28 bytes).
    Removing gd32c2x1_usart.o(.ARM.exidx.text.usart_smartcard_mode_enable), (8 bytes).
    Removing gd32c2x1_usart.o(.text.usart_smartcard_mode_disable), (28 bytes).
    Removing gd32c2x1_usart.o(.ARM.exidx.text.usart_smartcard_mode_disable), (8 bytes).
    Removing gd32c2x1_usart.o(.text.usart_smartcard_mode_nack_enable), (28 bytes).
    Removing gd32c2x1_usart.o(.ARM.exidx.text.usart_smartcard_mode_nack_enable), (8 bytes).
    Removing gd32c2x1_usart.o(.text.usart_smartcard_mode_nack_disable), (28 bytes).
    Removing gd32c2x1_usart.o(.ARM.exidx.text.usart_smartcard_mode_nack_disable), (8 bytes).
    Removing gd32c2x1_usart.o(.text.usart_smartcard_mode_early_nack_enable), (20 bytes).
    Removing gd32c2x1_usart.o(.ARM.exidx.text.usart_smartcard_mode_early_nack_enable), (8 bytes).
    Removing gd32c2x1_usart.o(.text.usart_smartcard_mode_early_nack_disable), (20 bytes).
    Removing gd32c2x1_usart.o(.ARM.exidx.text.usart_smartcard_mode_early_nack_disable), (8 bytes).
    Removing gd32c2x1_usart.o(.text.usart_smartcard_autoretry_config), (48 bytes).
    Removing gd32c2x1_usart.o(.ARM.exidx.text.usart_smartcard_autoretry_config), (8 bytes).
    Removing gd32c2x1_usart.o(.text.usart_block_length_config), (36 bytes).
    Removing gd32c2x1_usart.o(.ARM.exidx.text.usart_block_length_config), (8 bytes).
    Removing gd32c2x1_usart.o(.text.usart_irda_mode_enable), (28 bytes).
    Removing gd32c2x1_usart.o(.ARM.exidx.text.usart_irda_mode_enable), (8 bytes).
    Removing gd32c2x1_usart.o(.text.usart_irda_mode_disable), (28 bytes).
    Removing gd32c2x1_usart.o(.ARM.exidx.text.usart_irda_mode_disable), (8 bytes).
    Removing gd32c2x1_usart.o(.text.usart_prescaler_config), (42 bytes).
    Removing gd32c2x1_usart.o(.ARM.exidx.text.usart_prescaler_config), (8 bytes).
    Removing gd32c2x1_usart.o(.text.usart_irda_lowpower_config), (42 bytes).
    Removing gd32c2x1_usart.o(.ARM.exidx.text.usart_irda_lowpower_config), (8 bytes).
    Removing gd32c2x1_usart.o(.text.usart_hardware_flow_rts_config), (44 bytes).
    Removing gd32c2x1_usart.o(.ARM.exidx.text.usart_hardware_flow_rts_config), (8 bytes).
    Removing gd32c2x1_usart.o(.text.usart_hardware_flow_cts_config), (44 bytes).
    Removing gd32c2x1_usart.o(.ARM.exidx.text.usart_hardware_flow_cts_config), (8 bytes).
    Removing gd32c2x1_usart.o(.text.usart_hardware_flow_coherence_config), (34 bytes).
    Removing gd32c2x1_usart.o(.ARM.exidx.text.usart_hardware_flow_coherence_config), (8 bytes).
    Removing gd32c2x1_usart.o(.text.usart_rs485_driver_enable), (30 bytes).
    Removing gd32c2x1_usart.o(.ARM.exidx.text.usart_rs485_driver_enable), (8 bytes).
    Removing gd32c2x1_usart.o(.text.usart_rs485_driver_disable), (30 bytes).
    Removing gd32c2x1_usart.o(.ARM.exidx.text.usart_rs485_driver_disable), (8 bytes).
    Removing gd32c2x1_usart.o(.text.usart_driver_assertime_config), (48 bytes).
    Removing gd32c2x1_usart.o(.ARM.exidx.text.usart_driver_assertime_config), (8 bytes).
    Removing gd32c2x1_usart.o(.text.usart_driver_deassertime_config), (48 bytes).
    Removing gd32c2x1_usart.o(.ARM.exidx.text.usart_driver_deassertime_config), (8 bytes).
    Removing gd32c2x1_usart.o(.text.usart_depolarity_config), (44 bytes).
    Removing gd32c2x1_usart.o(.ARM.exidx.text.usart_depolarity_config), (8 bytes).
    Removing gd32c2x1_usart.o(.text.usart_dma_receive_config), (32 bytes).
    Removing gd32c2x1_usart.o(.ARM.exidx.text.usart_dma_receive_config), (8 bytes).
    Removing gd32c2x1_usart.o(.text.usart_dma_transmit_config), (32 bytes).
    Removing gd32c2x1_usart.o(.ARM.exidx.text.usart_dma_transmit_config), (8 bytes).
    Removing gd32c2x1_usart.o(.text.usart_reception_error_dma_disable), (30 bytes).
    Removing gd32c2x1_usart.o(.ARM.exidx.text.usart_reception_error_dma_disable), (8 bytes).
    Removing gd32c2x1_usart.o(.text.usart_reception_error_dma_enable), (30 bytes).
    Removing gd32c2x1_usart.o(.ARM.exidx.text.usart_reception_error_dma_enable), (8 bytes).
    Removing gd32c2x1_usart.o(.text.usart_wakeup_enable), (18 bytes).
    Removing gd32c2x1_usart.o(.ARM.exidx.text.usart_wakeup_enable), (8 bytes).
    Removing gd32c2x1_usart.o(.text.usart_wakeup_disable), (18 bytes).
    Removing gd32c2x1_usart.o(.ARM.exidx.text.usart_wakeup_disable), (8 bytes).
    Removing gd32c2x1_usart.o(.text.usart_wakeup_mode_config), (44 bytes).
    Removing gd32c2x1_usart.o(.ARM.exidx.text.usart_wakeup_mode_config), (8 bytes).
    Removing gd32c2x1_usart.o(.text.usart_receive_fifo_enable), (22 bytes).
    Removing gd32c2x1_usart.o(.ARM.exidx.text.usart_receive_fifo_enable), (8 bytes).
    Removing gd32c2x1_usart.o(.text.usart_receive_fifo_disable), (22 bytes).
    Removing gd32c2x1_usart.o(.ARM.exidx.text.usart_receive_fifo_disable), (8 bytes).
    Removing gd32c2x1_usart.o(.text.usart_receive_fifo_counter_number), (32 bytes).
    Removing gd32c2x1_usart.o(.ARM.exidx.text.usart_receive_fifo_counter_number), (8 bytes).
    Removing gd32c2x1_usart.o(.text.usart_flag_get), (66 bytes).
    Removing gd32c2x1_usart.o(.ARM.exidx.text.usart_flag_get), (8 bytes).
    Removing gd32c2x1_usart.o(.text.usart_flag_clear), (30 bytes).
    Removing gd32c2x1_usart.o(.ARM.exidx.text.usart_flag_clear), (8 bytes).
    Removing gd32c2x1_usart.o(.text.usart_interrupt_enable), (34 bytes).
    Removing gd32c2x1_usart.o(.ARM.exidx.text.usart_interrupt_enable), (8 bytes).
    Removing gd32c2x1_usart.o(.text.usart_interrupt_disable), (34 bytes).
    Removing gd32c2x1_usart.o(.ARM.exidx.text.usart_interrupt_disable), (8 bytes).
    Removing gd32c2x1_usart.o(.text.usart_interrupt_flag_get), (98 bytes).
    Removing gd32c2x1_usart.o(.ARM.exidx.text.usart_interrupt_flag_get), (8 bytes).
    Removing gd32c2x1_usart.o(.text.usart_interrupt_flag_clear), (64 bytes).
    Removing gd32c2x1_usart.o(.ARM.exidx.text.usart_interrupt_flag_clear), (8 bytes).
    Removing gd32c2x1_wwdgt.o(.text), (0 bytes).
    Removing gd32c2x1_wwdgt.o(.text.wwdgt_deinit), (28 bytes).
    Removing gd32c2x1_wwdgt.o(.ARM.exidx.text.wwdgt_deinit), (8 bytes).
    Removing gd32c2x1_wwdgt.o(.text.wwdgt_enable), (16 bytes).
    Removing gd32c2x1_wwdgt.o(.ARM.exidx.text.wwdgt_enable), (8 bytes).
    Removing gd32c2x1_wwdgt.o(.text.wwdgt_prescaler_value_config), (48 bytes).
    Removing gd32c2x1_wwdgt.o(.ARM.exidx.text.wwdgt_prescaler_value_config), (8 bytes).
    Removing gd32c2x1_wwdgt.o(.text.wwdgt_window_value_config), (40 bytes).
    Removing gd32c2x1_wwdgt.o(.ARM.exidx.text.wwdgt_window_value_config), (8 bytes).
    Removing gd32c2x1_wwdgt.o(.text.wwdgt_counter_update), (28 bytes).
    Removing gd32c2x1_wwdgt.o(.ARM.exidx.text.wwdgt_counter_update), (8 bytes).
    Removing gd32c2x1_wwdgt.o(.text.wwdgt_config), (56 bytes).
    Removing gd32c2x1_wwdgt.o(.ARM.exidx.text.wwdgt_config), (8 bytes).
    Removing gd32c2x1_wwdgt.o(.text.wwdgt_flag_get), (40 bytes).
    Removing gd32c2x1_wwdgt.o(.ARM.exidx.text.wwdgt_flag_get), (8 bytes).
    Removing gd32c2x1_wwdgt.o(.text.wwdgt_flag_clear), (16 bytes).
    Removing gd32c2x1_wwdgt.o(.ARM.exidx.text.wwdgt_flag_clear), (8 bytes).
    Removing gd32c2x1_wwdgt.o(.text.wwdgt_interrupt_enable), (20 bytes).
    Removing gd32c2x1_wwdgt.o(.ARM.exidx.text.wwdgt_interrupt_enable), (8 bytes).
    Removing gd32c2x1_err_report.o(.text), (0 bytes).
    Removing gd32c2x1_err_report.o(.text.fw_debug_report_err), (84 bytes).
    Removing gd32c2x1_err_report.o(.ARM.exidx.text.fw_debug_report_err), (8 bytes).
    Removing gd32c2x1_err_report.o(.text.fw_error_notification), (14 bytes).
    Removing gd32c2x1_err_report.o(.ARM.exidx.text.fw_error_notification), (8 bytes).
    Removing gd32c2x1_err_report.o(.bss.err_report_buff_index), (1 bytes).
    Removing gd32c2x1_err_report.o(.bss.err_report_buffer), (12 bytes).
    Removing system_gd32c2x1.o(.text), (0 bytes).
    Removing system_gd32c2x1.o(.ARM.exidx.text.SystemInit), (8 bytes).
    Removing system_gd32c2x1.o(.ARM.exidx.text.system_clock_config), (8 bytes).
    Removing system_gd32c2x1.o(.text.SystemCoreClockUpdate), (192 bytes).
    Removing system_gd32c2x1.o(.ARM.exidx.text.SystemCoreClockUpdate), (8 bytes).
    Removing system_gd32c2x1.o(.text.gd32c2x1_firmware_version_get), (8 bytes).
    Removing system_gd32c2x1.o(.ARM.exidx.text.gd32c2x1_firmware_version_get), (8 bytes).
    Removing system_gd32c2x1.o(.ARM.exidx.text.system_clock_irc48m), (8 bytes).
    Removing system_gd32c2x1.o(.rodata.cst16), (16 bytes).
    Removing startup_gd32c231_221.o(HEAP), (1024 bytes).
    Removing segger_rtt.o(.text), (0 bytes).
    Removing segger_rtt.o(.text.SEGGER_RTT_ReadNoLock), (292 bytes).
    Removing segger_rtt.o(.ARM.exidx.text.SEGGER_RTT_ReadNoLock), (8 bytes).
    Removing segger_rtt.o(.text._DoInit), (132 bytes).
    Removing segger_rtt.o(.ARM.exidx.text._DoInit), (8 bytes).
    Removing segger_rtt.o(.text.SEGGER_RTT_Read), (42 bytes).
    Removing segger_rtt.o(.ARM.exidx.text.SEGGER_RTT_Read), (8 bytes).
    Removing segger_rtt.o(.text.SEGGER_RTT_WriteWithOverwriteNoLock), (272 bytes).
    Removing segger_rtt.o(.ARM.exidx.text.SEGGER_RTT_WriteWithOverwriteNoLock), (8 bytes).
    Removing segger_rtt.o(.text.SEGGER_RTT_WriteSkipNoLock), (296 bytes).
    Removing segger_rtt.o(.ARM.exidx.text.SEGGER_RTT_WriteSkipNoLock), (8 bytes).
    Removing segger_rtt.o(.text.SEGGER_RTT_WriteNoLock), (172 bytes).
    Removing segger_rtt.o(.ARM.exidx.text.SEGGER_RTT_WriteNoLock), (8 bytes).
    Removing segger_rtt.o(.text._GetAvailWriteSpace), (62 bytes).
    Removing segger_rtt.o(.ARM.exidx.text._GetAvailWriteSpace), (8 bytes).
    Removing segger_rtt.o(.text._WriteNoCheck), (120 bytes).
    Removing segger_rtt.o(.ARM.exidx.text._WriteNoCheck), (8 bytes).
    Removing segger_rtt.o(.text._WriteBlocking), (220 bytes).
    Removing segger_rtt.o(.ARM.exidx.text._WriteBlocking), (8 bytes).
    Removing segger_rtt.o(.text.SEGGER_RTT_Write), (64 bytes).
    Removing segger_rtt.o(.ARM.exidx.text.SEGGER_RTT_Write), (8 bytes).
    Removing segger_rtt.o(.text.SEGGER_RTT_WriteString), (30 bytes).
    Removing segger_rtt.o(.ARM.exidx.text.SEGGER_RTT_WriteString), (8 bytes).
    Removing segger_rtt.o(.text.SEGGER_RTT_PutCharSkipNoLock), (100 bytes).
    Removing segger_rtt.o(.ARM.exidx.text.SEGGER_RTT_PutCharSkipNoLock), (8 bytes).
    Removing segger_rtt.o(.text.SEGGER_RTT_PutCharSkip), (132 bytes).
    Removing segger_rtt.o(.ARM.exidx.text.SEGGER_RTT_PutCharSkip), (8 bytes).
    Removing segger_rtt.o(.text.SEGGER_RTT_PutChar), (160 bytes).
    Removing segger_rtt.o(.ARM.exidx.text.SEGGER_RTT_PutChar), (8 bytes).
    Removing segger_rtt.o(.text.SEGGER_RTT_GetKey), (46 bytes).
    Removing segger_rtt.o(.ARM.exidx.text.SEGGER_RTT_GetKey), (8 bytes).
    Removing segger_rtt.o(.text.SEGGER_RTT_WaitKey), (28 bytes).
    Removing segger_rtt.o(.ARM.exidx.text.SEGGER_RTT_WaitKey), (8 bytes).
    Removing segger_rtt.o(.text.SEGGER_RTT_HasKey), (60 bytes).
    Removing segger_rtt.o(.ARM.exidx.text.SEGGER_RTT_HasKey), (8 bytes).
    Removing segger_rtt.o(.text.SEGGER_RTT_HasData), (40 bytes).
    Removing segger_rtt.o(.ARM.exidx.text.SEGGER_RTT_HasData), (8 bytes).
    Removing segger_rtt.o(.text.SEGGER_RTT_HasDataUp), (40 bytes).
    Removing segger_rtt.o(.ARM.exidx.text.SEGGER_RTT_HasDataUp), (8 bytes).
    Removing segger_rtt.o(.text.SEGGER_RTT_AllocDownBuffer), (192 bytes).
    Removing segger_rtt.o(.ARM.exidx.text.SEGGER_RTT_AllocDownBuffer), (8 bytes).
    Removing segger_rtt.o(.text.SEGGER_RTT_AllocUpBuffer), (192 bytes).
    Removing segger_rtt.o(.ARM.exidx.text.SEGGER_RTT_AllocUpBuffer), (8 bytes).
    Removing segger_rtt.o(.text.SEGGER_RTT_ConfigUpBuffer), (164 bytes).
    Removing segger_rtt.o(.ARM.exidx.text.SEGGER_RTT_ConfigUpBuffer), (8 bytes).
    Removing segger_rtt.o(.text.SEGGER_RTT_ConfigDownBuffer), (164 bytes).
    Removing segger_rtt.o(.ARM.exidx.text.SEGGER_RTT_ConfigDownBuffer), (8 bytes).
    Removing segger_rtt.o(.text.SEGGER_RTT_SetNameUpBuffer), (92 bytes).
    Removing segger_rtt.o(.ARM.exidx.text.SEGGER_RTT_SetNameUpBuffer), (8 bytes).
    Removing segger_rtt.o(.text.SEGGER_RTT_SetNameDownBuffer), (92 bytes).
    Removing segger_rtt.o(.ARM.exidx.text.SEGGER_RTT_SetNameDownBuffer), (8 bytes).
    Removing segger_rtt.o(.text.SEGGER_RTT_SetFlagsUpBuffer), (92 bytes).
    Removing segger_rtt.o(.ARM.exidx.text.SEGGER_RTT_SetFlagsUpBuffer), (8 bytes).
    Removing segger_rtt.o(.text.SEGGER_RTT_SetFlagsDownBuffer), (92 bytes).
    Removing segger_rtt.o(.ARM.exidx.text.SEGGER_RTT_SetFlagsDownBuffer), (8 bytes).
    Removing segger_rtt.o(.text.SEGGER_RTT_Init), (8 bytes).
    Removing segger_rtt.o(.ARM.exidx.text.SEGGER_RTT_Init), (8 bytes).
    Removing segger_rtt.o(.text.SEGGER_RTT_SetTerminal), (184 bytes).
    Removing segger_rtt.o(.ARM.exidx.text.SEGGER_RTT_SetTerminal), (8 bytes).
    Removing segger_rtt.o(.text.SEGGER_RTT_TerminalOut), (312 bytes).
    Removing segger_rtt.o(.ARM.exidx.text.SEGGER_RTT_TerminalOut), (8 bytes).
    Removing segger_rtt.o(.text._PostTerminalSwitch), (40 bytes).
    Removing segger_rtt.o(.ARM.exidx.text._PostTerminalSwitch), (8 bytes).
    Removing segger_rtt.o(.bss._SEGGER_RTT), (168 bytes).
    Removing segger_rtt.o(.data._aTerminalId), (16 bytes).
    Removing segger_rtt.o(.bss._ActiveTerminal), (1 bytes).
    Removing segger_rtt.o(.rodata.str1.1), (20 bytes).
    Removing segger_rtt.o(.bss._acUpBuffer), (2048 bytes).
    Removing segger_rtt.o(.bss._acDownBuffer), (16 bytes).
    Removing segger_rtt_printf.o(.text), (0 bytes).
    Removing segger_rtt_printf.o(.text.SEGGER_RTT_vprintf), (1504 bytes).
    Removing segger_rtt_printf.o(.ARM.exidx.text.SEGGER_RTT_vprintf), (8 bytes).
    Removing segger_rtt_printf.o(.text._StoreChar), (116 bytes).
    Removing segger_rtt_printf.o(.ARM.exidx.text._StoreChar), (8 bytes).
    Removing segger_rtt_printf.o(.text._PrintInt), (460 bytes).
    Removing segger_rtt_printf.o(.ARM.exidx.text._PrintInt), (8 bytes).
    Removing segger_rtt_printf.o(.text._PrintUnsigned), (436 bytes).
    Removing segger_rtt_printf.o(.ARM.exidx.text._PrintUnsigned), (8 bytes).
    Removing segger_rtt_printf.o(.text.SEGGER_RTT_printf), (44 bytes).
    Removing segger_rtt_printf.o(.ARM.exidx.text.SEGGER_RTT_printf), (8 bytes).
    Removing segger_rtt_printf.o(.rodata._PrintUnsigned._aV2C), (16 bytes).
    Removing dadd.o(.text), (356 bytes).
    Removing dmul.o(.text), (208 bytes).
    Removing dcmpge.o(.text), (44 bytes).
    Removing dflti.o(.text), (40 bytes).
    Removing dfixi.o(.text), (72 bytes).
    Removing dfixui.o(.text), (60 bytes).
    Removing depilogue.o(.text), (190 bytes).
    Removing depilogue.o(i.__ARM_clz), (46 bytes).

1366 unused section(s) (total 50688 bytes) removed from the image.

==============================================================================

Image Symbol Table

    Local Symbols

    Symbol Name                              Value     Ov Type        Size  Object(Section)

    ../clib/microlib/init/entry.s            0x00000000   Number         0  entry.o ABSOLUTE
    ../clib/microlib/init/entry.s            0x00000000   Number         0  entry2.o ABSOLUTE
    ../clib/microlib/init/entry.s            0x00000000   Number         0  entry5.o ABSOLUTE
    ../clib/microlib/init/entry.s            0x00000000   Number         0  entry7a.o ABSOLUTE
    ../clib/microlib/init/entry.s            0x00000000   Number         0  entry7b.o ABSOLUTE
    ../clib/microlib/init/entry.s            0x00000000   Number         0  entry8a.o ABSOLUTE
    ../clib/microlib/init/entry.s            0x00000000   Number         0  entry8b.o ABSOLUTE
    ../clib/microlib/init/entry.s            0x00000000   Number         0  entry9a.o ABSOLUTE
    ../clib/microlib/init/entry.s            0x00000000   Number         0  entry9b.o ABSOLUTE
    ../clib/microlib/init/entry.s            0x00000000   Number         0  entry10a.o ABSOLUTE
    ../clib/microlib/init/entry.s            0x00000000   Number         0  entry10b.o ABSOLUTE
    ../clib/microlib/init/entry.s            0x00000000   Number         0  entry11a.o ABSOLUTE
    ../clib/microlib/init/entry.s            0x00000000   Number         0  entry11b.o ABSOLUTE
    ../clib/microlib/longlong.c              0x00000000   Number         0  llshl.o ABSOLUTE
    ../clib/microlib/longlong.c              0x00000000   Number         0  llushr.o ABSOLUTE
    ../clib/microlib/longlong.c              0x00000000   Number         0  llsshr.o ABSOLUTE
    ../clib/microlib/string/memcpy.c         0x00000000   Number         0  memcpya.o ABSOLUTE
    ../clib/microlib/string/memcpy.c         0x00000000   Number         0  memcpyb.o ABSOLUTE
    ../clib/microlib/string/strcpy.c         0x00000000   Number         0  strcpy.o ABSOLUTE
    ../clib/microlib/string/strlen.c         0x00000000   Number         0  strlen.o ABSOLUTE
    ../clib/microlib/stubs.s                 0x00000000   Number         0  iusefp.o ABSOLUTE
    ../fplib/microlib/fpadd.c                0x00000000   Number         0  dadd.o ABSOLUTE
    ../fplib/microlib/fpcmp.c                0x00000000   Number         0  dcmpge.o ABSOLUTE
    ../fplib/microlib/fpepilogue.c           0x00000000   Number         0  depilogue.o ABSOLUTE
    ../fplib/microlib/fpfix.c                0x00000000   Number         0  dfixi.o ABSOLUTE
    ../fplib/microlib/fpfix.c                0x00000000   Number         0  dfixui.o ABSOLUTE
    ../fplib/microlib/fpflt.c                0x00000000   Number         0  dflti.o ABSOLUTE
    ../fplib/microlib/fpmul.c                0x00000000   Number         0  dmul.o ABSOLUTE
    ..\..\..\..\Firmware\CMSIS\GD\GD32C2x1\Source\ARM\startup_gd32c231_221.s 0x00000000   Number         0  startup_gd32c231_221.o ABSOLUTE
    ISL700_2A.c                              0x00000000   Number         0  isl700_2a.o ABSOLUTE
    SEGGER_RTT.c                             0x00000000   Number         0  segger_rtt.o ABSOLUTE
    SEGGER_RTT_printf.c                      0x00000000   Number         0  segger_rtt_printf.o ABSOLUTE
    bsp_flash_simple.c                       0x00000000   Number         0  bsp_flash_simple.o ABSOLUTE
    bsp_gpio.c                               0x00000000   Number         0  bsp_gpio.o ABSOLUTE
    crc_8.c                                  0x00000000   Number         0  crc_8.o ABSOLUTE
    dc.s                                     0x00000000   Number         0  dc.o ABSOLUTE
    gd32c2x1_adc.c                           0x00000000   Number         0  gd32c2x1_adc.o ABSOLUTE
    gd32c2x1_cmp.c                           0x00000000   Number         0  gd32c2x1_cmp.o ABSOLUTE
    gd32c2x1_crc.c                           0x00000000   Number         0  gd32c2x1_crc.o ABSOLUTE
    gd32c2x1_dbg.c                           0x00000000   Number         0  gd32c2x1_dbg.o ABSOLUTE
    gd32c2x1_dma.c                           0x00000000   Number         0  gd32c2x1_dma.o ABSOLUTE
    gd32c2x1_err_report.c                    0x00000000   Number         0  gd32c2x1_err_report.o ABSOLUTE
    gd32c2x1_exti.c                          0x00000000   Number         0  gd32c2x1_exti.o ABSOLUTE
    gd32c2x1_fmc.c                           0x00000000   Number         0  gd32c2x1_fmc.o ABSOLUTE
    gd32c2x1_fwdgt.c                         0x00000000   Number         0  gd32c2x1_fwdgt.o ABSOLUTE
    gd32c2x1_gpio.c                          0x00000000   Number         0  gd32c2x1_gpio.o ABSOLUTE
    gd32c2x1_i2c.c                           0x00000000   Number         0  gd32c2x1_i2c.o ABSOLUTE
    gd32c2x1_it.c                            0x00000000   Number         0  gd32c2x1_it.o ABSOLUTE
    gd32c2x1_misc.c                          0x00000000   Number         0  gd32c2x1_misc.o ABSOLUTE
    gd32c2x1_pmu.c                           0x00000000   Number         0  gd32c2x1_pmu.o ABSOLUTE
    gd32c2x1_rcu.c                           0x00000000   Number         0  gd32c2x1_rcu.o ABSOLUTE
    gd32c2x1_rtc.c                           0x00000000   Number         0  gd32c2x1_rtc.o ABSOLUTE
    gd32c2x1_spi.c                           0x00000000   Number         0  gd32c2x1_spi.o ABSOLUTE
    gd32c2x1_syscfg.c                        0x00000000   Number         0  gd32c2x1_syscfg.o ABSOLUTE
    gd32c2x1_timer.c                         0x00000000   Number         0  gd32c2x1_timer.o ABSOLUTE
    gd32c2x1_usart.c                         0x00000000   Number         0  gd32c2x1_usart.o ABSOLUTE
    gd32c2x1_wwdgt.c                         0x00000000   Number         0  gd32c2x1_wwdgt.o ABSOLUTE
    handlers.s                               0x00000000   Number         0  handlers.o ABSOLUTE
    init.s                                   0x00000000   Number         0  init.o ABSOLUTE
    main.c                                   0x00000000   Number         0  main.o ABSOLUTE
    system_gd32c2x1.c                        0x00000000   Number         0  system_gd32c2x1.o ABSOLUTE
    systick.c                                0x00000000   Number         0  systick.o ABSOLUTE
    task_btn.c                               0x00000000   Number         0  task_btn.o ABSOLUTE
    task_init.c                              0x00000000   Number         0  task_init.o ABSOLUTE
    task_led.c                               0x00000000   Number         0  task_led.o ABSOLUTE
    task_param.c                             0x00000000   Number         0  task_param.o ABSOLUTE
    RESET                                    0x08000000   Section      220  startup_gd32c231_221.o(RESET)
    .ARM.Collect$$$$00000000                 0x080000dc   Section        0  entry.o(.ARM.Collect$$$$00000000)
    .ARM.Collect$$$$00000001                 0x080000dc   Section        4  entry2.o(.ARM.Collect$$$$00000001)
    .ARM.Collect$$$$00000004                 0x080000e0   Section        4  entry5.o(.ARM.Collect$$$$00000004)
    .ARM.Collect$$$$00000008                 0x080000e4   Section        0  entry7b.o(.ARM.Collect$$$$00000008)
    .ARM.Collect$$$$0000000A                 0x080000e4   Section        0  entry8b.o(.ARM.Collect$$$$0000000A)
    .ARM.Collect$$$$0000000B                 0x080000e4   Section        8  entry9a.o(.ARM.Collect$$$$0000000B)
    __lit__00000000                          0x080000ec   Data           4  entry2.o(.ARM.Collect$$$$00002712)
    .ARM.Collect$$$$0000000D                 0x080000ec   Section        0  entry10a.o(.ARM.Collect$$$$0000000D)
    .ARM.Collect$$$$0000000F                 0x080000ec   Section        0  entry11a.o(.ARM.Collect$$$$0000000F)
    .ARM.Collect$$$$00002712                 0x080000ec   Section        4  entry2.o(.ARM.Collect$$$$00002712)
    .text                                    0x080000f0   Section       68  startup_gd32c231_221.o(.text)
    .text                                    0x08000134   Section        0  memcpya.o(.text)
    .text                                    0x08000158   Section       48  init.o(.text)
    [Anonymous Symbol]                       0x08000188   Section        0  main.o(.text.BSP_Init)
    [Anonymous Symbol]                       0x08000194   Section        0  bsp_gpio.o(.text.BtnGetState)
    [Anonymous Symbol]                       0x080001a4   Section        0  task_btn.o(.text.BtnTask)
    [Anonymous Symbol]                       0x08000228   Section        0  task_btn.o(.text.BtnTask_Init)
    __arm_cp.0_0                             0x0800025c   Number         4  task_btn.o(.text.BtnTask_Init)
    __arm_cp.0_1                             0x08000260   Number         4  task_btn.o(.text.BtnTask_Init)
    __arm_cp.0_2                             0x08000264   Number         4  task_btn.o(.text.BtnTask_Init)
    __arm_cp.0_3                             0x08000268   Number         4  task_btn.o(.text.BtnTask_Init)
    [Anonymous Symbol]                       0x0800026c   Section        0  bsp_gpio.o(.text.GPIO_UserInit)
    __arm_cp.12_0                            0x08000434   Number         4  bsp_gpio.o(.text.GPIO_UserInit)
    __arm_cp.12_1                            0x08000438   Number         4  bsp_gpio.o(.text.GPIO_UserInit)
    __arm_cp.12_2                            0x0800043c   Number         4  bsp_gpio.o(.text.GPIO_UserInit)
    __arm_cp.12_3                            0x08000440   Number         4  bsp_gpio.o(.text.GPIO_UserInit)
    __arm_cp.12_5                            0x08000444   Number         4  bsp_gpio.o(.text.GPIO_UserInit)
    __arm_cp.12_6                            0x08000448   Number         4  bsp_gpio.o(.text.GPIO_UserInit)
    __arm_cp.12_7                            0x0800044c   Number         4  bsp_gpio.o(.text.GPIO_UserInit)
    __arm_cp.12_8                            0x08000450   Number         4  bsp_gpio.o(.text.GPIO_UserInit)
    [Anonymous Symbol]                       0x08000454   Section        0  gd32c2x1_it.o(.text.HardFault_Handler)
    [Anonymous Symbol]                       0x08000458   Section        0  isl700_2a.o(.text.ISL700_Write_Reg)
    __arm_cp.0_0                             0x0800055c   Number         4  isl700_2a.o(.text.ISL700_Write_Reg)
    [Anonymous Symbol]                       0x08000560   Section        0  bsp_gpio.o(.text.LedClr)
    [Anonymous Symbol]                       0x0800057c   Section        0  bsp_gpio.o(.text.LedSet)
    __arm_cp.0_0                             0x08000598   Number         4  bsp_gpio.o(.text.LedSet)
    __arm_cp.0_1                             0x0800059c   Number         4  bsp_gpio.o(.text.LedSet)
    [Anonymous Symbol]                       0x080005a0   Section        0  task_led.o(.text.LedTask)
    [Anonymous Symbol]                       0x080005e0   Section        0  task_led.o(.text.LedTask_Init)
    __arm_cp.0_0                             0x08000604   Number         4  task_led.o(.text.LedTask_Init)
    [Anonymous Symbol]                       0x08000608   Section        0  task_led.o(.text.Led_SetMode)
    __arm_cp.4_0                             0x08000620   Number         4  task_led.o(.text.Led_SetMode)
    [Anonymous Symbol]                       0x08000624   Section        0  task_led.o(.text.Led_SetPwr)
    [Anonymous Symbol]                       0x0800064a   Section        0  task_led.o(.text.Led_SetWork)
    [Anonymous Symbol]                       0x08000670   Section        0  gd32c2x1_it.o(.text.NMI_Handler)
    [Anonymous Symbol]                       0x080006b0   Section        0  task_init.o(.text.ParamSrv_ApplyToIC)
    [Anonymous Symbol]                       0x080006bc   Section        0  task_init.o(.text.ParamSrv_Init)
    [Anonymous Symbol]                       0x080006e4   Section        0  task_init.o(.text.ParamSrv_Load)
    __arm_cp.3_0                             0x08000714   Number         4  task_init.o(.text.ParamSrv_Load)
    [Anonymous Symbol]                       0x08000718   Section        0  gd32c2x1_it.o(.text.PendSV_Handler)
    [Anonymous Symbol]                       0x0800071c   Section        0  gd32c2x1_it.o(.text.SVC_Handler)
    [Anonymous Symbol]                       0x08000720   Section        0  task_init.o(.text.SysTickCallBack)
    SysTick_Config                           0x0800072d   Thumb Code    64  systick.o(.text.SysTick_Config)
    [Anonymous Symbol]                       0x0800072c   Section        0  systick.o(.text.SysTick_Config)
    __arm_cp.1_2                             0x0800076c   Number         4  systick.o(.text.SysTick_Config)
    [Anonymous Symbol]                       0x08000770   Section        0  gd32c2x1_it.o(.text.SysTick_Handler)
    __arm_cp.4_0                             0x08000780   Number         4  gd32c2x1_it.o(.text.SysTick_Handler)
    [Anonymous Symbol]                       0x08000784   Section        0  system_gd32c2x1.o(.text.SystemInit)
    __arm_cp.0_0                             0x080007e4   Number         4  system_gd32c2x1.o(.text.SystemInit)
    __arm_cp.0_1                             0x080007e8   Number         4  system_gd32c2x1.o(.text.SystemInit)
    __arm_cp.0_2                             0x080007ec   Number         4  system_gd32c2x1.o(.text.SystemInit)
    __arm_cp.0_3                             0x080007f0   Number         4  system_gd32c2x1.o(.text.SystemInit)
    __arm_cp.0_4                             0x080007f4   Number         4  system_gd32c2x1.o(.text.SystemInit)
    __arm_cp.0_5                             0x080007f8   Number         4  system_gd32c2x1.o(.text.SystemInit)
    [Anonymous Symbol]                       0x080007fc   Section        0  task_init.o(.text.Task_Init)
    __NVIC_SetPriority                       0x08000811   Thumb Code   124  systick.o(.text.__NVIC_SetPriority)
    [Anonymous Symbol]                       0x08000810   Section        0  systick.o(.text.__NVIC_SetPriority)
    __arm_cp.2_0                             0x0800088c   Number         4  systick.o(.text.__NVIC_SetPriority)
    __arm_cp.2_1                             0x08000890   Number         4  systick.o(.text.__NVIC_SetPriority)
    [Anonymous Symbol]                       0x08000894   Section        0  crc_8.o(.text.crc8_calc)
    __arm_cp.0_0                             0x080008d0   Number         4  crc_8.o(.text.crc8_calc)
    [Anonymous Symbol]                       0x080008d4   Section        0  systick.o(.text.delay_1ms)
    [Anonymous Symbol]                       0x080008f0   Section        0  systick.o(.text.delay_1us)
    __arm_cp.5_0                             0x08000968   Number         4  systick.o(.text.delay_1us)
    __arm_cp.5_1                             0x0800096c   Number         4  systick.o(.text.delay_1us)
    __arm_cp.5_2                             0x08000970   Number         4  systick.o(.text.delay_1us)
    __arm_cp.5_3                             0x08000974   Number         4  systick.o(.text.delay_1us)
    [Anonymous Symbol]                       0x08000978   Section        0  systick.o(.text.delay_decrement)
    __arm_cp.4_0                             0x0800098c   Number         4  systick.o(.text.delay_decrement)
    [Anonymous Symbol]                       0x08000990   Section        0  bsp_flash_simple.o(.text.flash_crc32)
    __arm_cp.0_0                             0x080009d4   Number         4  bsp_flash_simple.o(.text.flash_crc32)
    [Anonymous Symbol]                       0x080009d8   Section        0  bsp_flash_simple.o(.text.flash_erase_page)
    [Anonymous Symbol]                       0x08000a2e   Section        0  bsp_flash_simple.o(.text.flash_read_buffer)
    [Anonymous Symbol]                       0x08000a46   Section        0  bsp_flash_simple.o(.text.flash_write_buffer)
    [Anonymous Symbol]                       0x08000b40   Section        0  gd32c2x1_fmc.o(.text.fmc_doubleword_program)
    [Anonymous Symbol]                       0x08000ba0   Section        0  gd32c2x1_fmc.o(.text.fmc_flag_clear)
    __arm_cp.34_0                            0x08000bb4   Number         4  gd32c2x1_fmc.o(.text.fmc_flag_clear)
    [Anonymous Symbol]                       0x08000bb8   Section        0  gd32c2x1_fmc.o(.text.fmc_lock)
    [Anonymous Symbol]                       0x08000bc8   Section        0  gd32c2x1_fmc.o(.text.fmc_page_erase)
    [Anonymous Symbol]                       0x08000c30   Section        0  gd32c2x1_fmc.o(.text.fmc_ready_wait)
    [Anonymous Symbol]                       0x08000c84   Section        0  gd32c2x1_fmc.o(.text.fmc_state_get)
    __arm_cp.39_0                            0x08000d70   Number         4  gd32c2x1_fmc.o(.text.fmc_state_get)
    [Anonymous Symbol]                       0x08000d74   Section        0  gd32c2x1_fmc.o(.text.fmc_unlock)
    __arm_cp.0_0                             0x08000d8c   Number         4  gd32c2x1_fmc.o(.text.fmc_unlock)
    __arm_cp.0_1                             0x08000d90   Number         4  gd32c2x1_fmc.o(.text.fmc_unlock)
    __arm_cp.0_2                             0x08000d94   Number         4  gd32c2x1_fmc.o(.text.fmc_unlock)
    __arm_cp.0_3                             0x08000d98   Number         4  gd32c2x1_fmc.o(.text.fmc_unlock)
    [Anonymous Symbol]                       0x08000d9c   Section        0  gd32c2x1_gpio.o(.text.gpio_af_set)
    [Anonymous Symbol]                       0x08000e68   Section        0  gd32c2x1_gpio.o(.text.gpio_bit_reset)
    [Anonymous Symbol]                       0x08000e7a   Section        0  gd32c2x1_gpio.o(.text.gpio_bit_set)
    [Anonymous Symbol]                       0x08000e8c   Section        0  gd32c2x1_gpio.o(.text.gpio_input_bit_get)
    [Anonymous Symbol]                       0x08000eb8   Section        0  gd32c2x1_gpio.o(.text.gpio_mode_set)
    [Anonymous Symbol]                       0x08000f50   Section        0  gd32c2x1_gpio.o(.text.gpio_output_options_set)
    __arm_cp.2_0                             0x08000fe4   Number         4  gd32c2x1_gpio.o(.text.gpio_output_options_set)
    isl_calc_crc                             0x08000fe9   Thumb Code  1578  isl700_2a.o(.text.isl_calc_crc)
    [Anonymous Symbol]                       0x08000fe8   Section        0  isl700_2a.o(.text.isl_calc_crc)
    isl_delay                                0x08001613   Thumb Code    10  isl700_2a.o(.text.isl_delay)
    [Anonymous Symbol]                       0x08001612   Section        0  isl700_2a.o(.text.isl_delay)
    isl_send_field                           0x0800161d   Thumb Code   112  isl700_2a.o(.text.isl_send_field)
    [Anonymous Symbol]                       0x0800161c   Section        0  isl700_2a.o(.text.isl_send_field)
    __arm_cp.3_0                             0x0800168c   Number         4  isl700_2a.o(.text.isl_send_field)
    load_from_flash                          0x08001691   Thumb Code   256  task_param.o(.text.load_from_flash)
    [Anonymous Symbol]                       0x08001690   Section        0  task_param.o(.text.load_from_flash)
    [Anonymous Symbol]                       0x08001790   Section        0  main.o(.text.main)
    __arm_cp.0_0                             0x080017c4   Number         4  main.o(.text.main)
    [Anonymous Symbol]                       0x080017c8   Section        0  gd32c2x1_misc.o(.text.nvic_vector_table_set)
    __arm_cp.5_0                             0x080017e4   Number         4  gd32c2x1_misc.o(.text.nvic_vector_table_set)
    __arm_cp.5_1                             0x080017e8   Number         4  gd32c2x1_misc.o(.text.nvic_vector_table_set)
    [Anonymous Symbol]                       0x080017ec   Section        0  task_param.o(.text.nvm_param_init)
    __arm_cp.0_0                             0x0800183c   Number         4  task_param.o(.text.nvm_param_init)
    __arm_cp.0_2                             0x08001840   Number         4  task_param.o(.text.nvm_param_init)
    [Anonymous Symbol]                       0x08001844   Section        0  gd32c2x1_rcu.o(.text.rcu_ckout0_config)
    [Anonymous Symbol]                       0x08001878   Section        0  gd32c2x1_rcu.o(.text.rcu_ckout1_config)
    [Anonymous Symbol]                       0x080018ac   Section        0  gd32c2x1_rcu.o(.text.rcu_irc48mdiv_sys_clock_config)
    [Anonymous Symbol]                       0x080018d4   Section        0  gd32c2x1_rcu.o(.text.rcu_periph_clock_enable)
    save_to_flash                            0x080018f9   Thumb Code   120  task_param.o(.text.save_to_flash)
    [Anonymous Symbol]                       0x080018f8   Section        0  task_param.o(.text.save_to_flash)
    __arm_cp.2_0                             0x08001970   Number         4  task_param.o(.text.save_to_flash)
    __arm_cp.2_1                             0x08001974   Number         4  task_param.o(.text.save_to_flash)
    __arm_cp.2_2                             0x08001978   Number         4  task_param.o(.text.save_to_flash)
    [Anonymous Symbol]                       0x0800197c   Section        0  gd32c2x1_syscfg.o(.text.syscfg_interrupt_flag_get)
    __arm_cp.13_0                            0x080019a8   Number         4  gd32c2x1_syscfg.o(.text.syscfg_interrupt_flag_get)
    system_clock_config                      0x080019ad   Thumb Code     8  system_gd32c2x1.o(.text.system_clock_config)
    [Anonymous Symbol]                       0x080019ac   Section        0  system_gd32c2x1.o(.text.system_clock_config)
    system_clock_irc48m                      0x080019b5   Thumb Code   152  system_gd32c2x1.o(.text.system_clock_irc48m)
    [Anonymous Symbol]                       0x080019b4   Section        0  system_gd32c2x1.o(.text.system_clock_irc48m)
    __arm_cp.4_0                             0x08001a4c   Number         4  system_gd32c2x1.o(.text.system_clock_irc48m)
    __arm_cp.4_1                             0x08001a50   Number         4  system_gd32c2x1.o(.text.system_clock_irc48m)
    __arm_cp.4_2                             0x08001a54   Number         4  system_gd32c2x1.o(.text.system_clock_irc48m)
    [Anonymous Symbol]                       0x08001a58   Section        0  systick.o(.text.systick_config)
    __arm_cp.0_0                             0x08001a7c   Number         4  systick.o(.text.systick_config)
    i.__scatterload_copy                     0x08001a80   Section       14  handlers.o(i.__scatterload_copy)
    i.__scatterload_null                     0x08001a8e   Section        2  handlers.o(i.__scatterload_null)
    i.__scatterload_zeroinit                 0x08001a90   Section       14  handlers.o(i.__scatterload_zeroinit)
    crc32_table                              0x08001ac8   Data        1024  bsp_flash_simple.o(.rodata.crc32_table)
    [Anonymous Symbol]                       0x08001ac8   Section        0  bsp_flash_simple.o(.rodata.crc32_table)
    s_YLedMode                               0x20000004   Data           1  task_led.o(.data.s_YLedMode)
    [Anonymous Symbol]                       0x20000004   Section        0  task_led.o(.data.s_YLedMode)
    s_led_mode                               0x20000005   Data           1  task_btn.o(.data.s_led_mode)
    [Anonymous Symbol]                       0x20000005   Section        0  task_btn.o(.data.s_led_mode)
    delay                                    0x20000008   Data           4  systick.o(.bss.delay)
    [Anonymous Symbol]                       0x20000008   Section        0  systick.o(.bss.delay)
    g_current                                0x20000010   Data          40  task_param.o(.bss.g_current)
    [Anonymous Symbol]                       0x20000010   Section        0  task_param.o(.bss.g_current)
    g_current_param                          0x20000038   Data          20  task_init.o(.bss.g_current_param)
    [Anonymous Symbol]                       0x20000038   Section        0  task_init.o(.bss.g_current_param)
    s_debounce_cnt                           0x2000004e   Data           2  task_btn.o(.bss.s_debounce_cnt)
    [Anonymous Symbol]                       0x2000004e   Section        0  task_btn.o(.bss.s_debounce_cnt)
    s_meas_active                            0x20000050   Data           1  task_led.o(.bss.s_meas_active)
    [Anonymous Symbol]                       0x20000050   Section        0  task_led.o(.bss.s_meas_active)
    s_raw_state                              0x20000051   Data           1  task_btn.o(.bss.s_raw_state)
    [Anonymous Symbol]                       0x20000051   Section        0  task_btn.o(.bss.s_raw_state)
    s_stable_state                           0x20000052   Data           1  task_btn.o(.bss.s_stable_state)
    [Anonymous Symbol]                       0x20000052   Section        0  task_btn.o(.bss.s_stable_state)
    STACK                                    0x20000058   Section     1024  startup_gd32c231_221.o(STACK)

    Global Symbols

    Symbol Name                              Value     Ov Type        Size  Object(Section)

    BuildAttributes$$THM_ISAv3M$S$8M$PE$A:L22$X:L11$S22$IEEE1$IW$~IW$USESV6$~STKCKD$USESV7$~SHL$OSPACE$ROPI$EBA8$MICROLIB$REQ8$PRES8$EABIv2 0x00000000   Number         0  anon$$obj.o ABSOLUTE
    __cpp_initialize__aeabi_                  - Undefined Weak Reference
    __cxa_finalize                            - Undefined Weak Reference
    __decompress                              - Undefined Weak Reference
    _clock_init                               - Undefined Weak Reference
    _microlib_exit                            - Undefined Weak Reference
    __Vectors_Size                           0x000000dc   Number         0  startup_gd32c231_221.o ABSOLUTE
    __Vectors                                0x08000000   Data           4  startup_gd32c231_221.o(RESET)
    __Vectors_End                            0x080000dc   Data           0  startup_gd32c231_221.o(RESET)
    __main                                   0x080000dd   Thumb Code     0  entry.o(.ARM.Collect$$$$00000000)
    _main_stk                                0x080000dd   Thumb Code     0  entry2.o(.ARM.Collect$$$$00000001)
    _main_scatterload                        0x080000e1   Thumb Code     0  entry5.o(.ARM.Collect$$$$00000004)
    __main_after_scatterload                 0x080000e5   Thumb Code     0  entry5.o(.ARM.Collect$$$$00000004)
    _main_clock                              0x080000e5   Thumb Code     0  entry7b.o(.ARM.Collect$$$$00000008)
    _main_cpp_init                           0x080000e5   Thumb Code     0  entry8b.o(.ARM.Collect$$$$0000000A)
    _main_init                               0x080000e5   Thumb Code     0  entry9a.o(.ARM.Collect$$$$0000000B)
    __rt_final_cpp                           0x080000ed   Thumb Code     0  entry10a.o(.ARM.Collect$$$$0000000D)
    __rt_final_exit                          0x080000ed   Thumb Code     0  entry11a.o(.ARM.Collect$$$$0000000F)
    Reset_Handler                            0x080000f1   Thumb Code    34  startup_gd32c231_221.o(.text)
    ADC_IRQHandler                           0x0800011d   Thumb Code     0  startup_gd32c231_221.o(.text)
    CMP0_IRQHandler                          0x0800011d   Thumb Code     0  startup_gd32c231_221.o(.text)
    CMP1_IRQHandler                          0x0800011d   Thumb Code     0  startup_gd32c231_221.o(.text)
    DMAMUX_IRQHandler                        0x0800011d   Thumb Code     0  startup_gd32c231_221.o(.text)
    DMA_Channel0_IRQHandler                  0x0800011d   Thumb Code     0  startup_gd32c231_221.o(.text)
    DMA_Channel1_IRQHandler                  0x0800011d   Thumb Code     0  startup_gd32c231_221.o(.text)
    DMA_Channel2_IRQHandler                  0x0800011d   Thumb Code     0  startup_gd32c231_221.o(.text)
    EXTI0_IRQHandler                         0x0800011d   Thumb Code     0  startup_gd32c231_221.o(.text)
    EXTI10_15_IRQHandler                     0x0800011d   Thumb Code     0  startup_gd32c231_221.o(.text)
    EXTI1_IRQHandler                         0x0800011d   Thumb Code     0  startup_gd32c231_221.o(.text)
    EXTI2_IRQHandler                         0x0800011d   Thumb Code     0  startup_gd32c231_221.o(.text)
    EXTI3_IRQHandler                         0x0800011d   Thumb Code     0  startup_gd32c231_221.o(.text)
    EXTI4_IRQHandler                         0x0800011d   Thumb Code     0  startup_gd32c231_221.o(.text)
    EXTI5_9_IRQHandler                       0x0800011d   Thumb Code     0  startup_gd32c231_221.o(.text)
    FMC_IRQHandler                           0x0800011d   Thumb Code     0  startup_gd32c231_221.o(.text)
    I2C0_ER_IRQHandler                       0x0800011d   Thumb Code     0  startup_gd32c231_221.o(.text)
    I2C0_EV_IRQHandler                       0x0800011d   Thumb Code     0  startup_gd32c231_221.o(.text)
    I2C0_WKUP_IRQHandler                     0x0800011d   Thumb Code     0  startup_gd32c231_221.o(.text)
    I2C1_ER_IRQHandler                       0x0800011d   Thumb Code     0  startup_gd32c231_221.o(.text)
    I2C1_EV_IRQHandler                       0x0800011d   Thumb Code     0  startup_gd32c231_221.o(.text)
    I2C1_WKUP_IRQHandler                     0x0800011d   Thumb Code     0  startup_gd32c231_221.o(.text)
    RCU_IRQHandler                           0x0800011d   Thumb Code     0  startup_gd32c231_221.o(.text)
    RTC_Alarm_IRQHandler                     0x0800011d   Thumb Code     0  startup_gd32c231_221.o(.text)
    SPI0_IRQHandler                          0x0800011d   Thumb Code     0  startup_gd32c231_221.o(.text)
    SPI1_IRQHandler                          0x0800011d   Thumb Code     0  startup_gd32c231_221.o(.text)
    TIMER0_Channel_IRQHandler                0x0800011d   Thumb Code     0  startup_gd32c231_221.o(.text)
    TIMER0_TRG_CMT_UP_BRK_IRQHandler         0x0800011d   Thumb Code     0  startup_gd32c231_221.o(.text)
    TIMER13_IRQHandler                       0x0800011d   Thumb Code     0  startup_gd32c231_221.o(.text)
    TIMER15_IRQHandler                       0x0800011d   Thumb Code     0  startup_gd32c231_221.o(.text)
    TIMER16_IRQHandler                       0x0800011d   Thumb Code     0  startup_gd32c231_221.o(.text)
    TIMER2_IRQHandler                        0x0800011d   Thumb Code     0  startup_gd32c231_221.o(.text)
    TIMESTAMP_IRQHandler                     0x0800011d   Thumb Code     0  startup_gd32c231_221.o(.text)
    USART0_IRQHandler                        0x0800011d   Thumb Code     0  startup_gd32c231_221.o(.text)
    USART0_WKUP_IRQHandler                   0x0800011d   Thumb Code     0  startup_gd32c231_221.o(.text)
    USART1_IRQHandler                        0x0800011d   Thumb Code     0  startup_gd32c231_221.o(.text)
    USART2_IRQHandler                        0x0800011d   Thumb Code     0  startup_gd32c231_221.o(.text)
    WWDGT_IRQHandler                         0x0800011d   Thumb Code     0  startup_gd32c231_221.o(.text)
    __aeabi_memcpy                           0x08000135   Thumb Code    36  memcpya.o(.text)
    __aeabi_memcpy4                          0x08000135   Thumb Code     0  memcpya.o(.text)
    __aeabi_memcpy8                          0x08000135   Thumb Code     0  memcpya.o(.text)
    __scatterload                            0x08000159   Thumb Code    38  init.o(.text)
    __scatterload_rt2                        0x08000159   Thumb Code     0  init.o(.text)
    BSP_Init                                 0x08000189   Thumb Code    12  main.o(.text.BSP_Init)
    BtnGetState                              0x08000195   Thumb Code    14  bsp_gpio.o(.text.BtnGetState)
    BtnTask                                  0x080001a5   Thumb Code   132  task_btn.o(.text.BtnTask)
    BtnTask_Init                             0x08000229   Thumb Code    52  task_btn.o(.text.BtnTask_Init)
    GPIO_UserInit                            0x0800026d   Thumb Code   456  bsp_gpio.o(.text.GPIO_UserInit)
    HardFault_Handler                        0x08000455   Thumb Code     4  gd32c2x1_it.o(.text.HardFault_Handler)
    ISL700_Write_Reg                         0x08000459   Thumb Code   260  isl700_2a.o(.text.ISL700_Write_Reg)
    LedClr                                   0x08000561   Thumb Code    28  bsp_gpio.o(.text.LedClr)
    LedSet                                   0x0800057d   Thumb Code    28  bsp_gpio.o(.text.LedSet)
    LedTask                                  0x080005a1   Thumb Code    64  task_led.o(.text.LedTask)
    LedTask_Init                             0x080005e1   Thumb Code    36  task_led.o(.text.LedTask_Init)
    Led_SetMode                              0x08000609   Thumb Code    24  task_led.o(.text.Led_SetMode)
    Led_SetPwr                               0x08000625   Thumb Code    38  task_led.o(.text.Led_SetPwr)
    Led_SetWork                              0x0800064b   Thumb Code    38  task_led.o(.text.Led_SetWork)
    NMI_Handler                              0x08000671   Thumb Code    62  gd32c2x1_it.o(.text.NMI_Handler)
    ParamSrv_ApplyToIC                       0x080006b1   Thumb Code    12  task_init.o(.text.ParamSrv_ApplyToIC)
    ParamSrv_Init                            0x080006bd   Thumb Code    40  task_init.o(.text.ParamSrv_Init)
    ParamSrv_Load                            0x080006e5   Thumb Code    48  task_init.o(.text.ParamSrv_Load)
    PendSV_Handler                           0x08000719   Thumb Code     4  gd32c2x1_it.o(.text.PendSV_Handler)
    SVC_Handler                              0x0800071d   Thumb Code     4  gd32c2x1_it.o(.text.SVC_Handler)
    SysTickCallBack                          0x08000721   Thumb Code    12  task_init.o(.text.SysTickCallBack)
    SysTick_Handler                          0x08000771   Thumb Code    16  gd32c2x1_it.o(.text.SysTick_Handler)
    SystemInit                               0x08000785   Thumb Code    96  system_gd32c2x1.o(.text.SystemInit)
    Task_Init                                0x080007fd   Thumb Code    20  task_init.o(.text.Task_Init)
    crc8_calc                                0x08000895   Thumb Code    60  crc_8.o(.text.crc8_calc)
    delay_1ms                                0x080008d5   Thumb Code    28  systick.o(.text.delay_1ms)
    delay_1us                                0x080008f1   Thumb Code   120  systick.o(.text.delay_1us)
    delay_decrement                          0x08000979   Thumb Code    20  systick.o(.text.delay_decrement)
    flash_crc32                              0x08000991   Thumb Code    68  bsp_flash_simple.o(.text.flash_crc32)
    flash_erase_page                         0x080009d9   Thumb Code    86  bsp_flash_simple.o(.text.flash_erase_page)
    flash_read_buffer                        0x08000a2f   Thumb Code    24  bsp_flash_simple.o(.text.flash_read_buffer)
    flash_write_buffer                       0x08000a47   Thumb Code   250  bsp_flash_simple.o(.text.flash_write_buffer)
    fmc_doubleword_program                   0x08000b41   Thumb Code    96  gd32c2x1_fmc.o(.text.fmc_doubleword_program)
    fmc_flag_clear                           0x08000ba1   Thumb Code    20  gd32c2x1_fmc.o(.text.fmc_flag_clear)
    fmc_lock                                 0x08000bb9   Thumb Code    16  gd32c2x1_fmc.o(.text.fmc_lock)
    fmc_page_erase                           0x08000bc9   Thumb Code   104  gd32c2x1_fmc.o(.text.fmc_page_erase)
    fmc_ready_wait                           0x08000c31   Thumb Code    84  gd32c2x1_fmc.o(.text.fmc_ready_wait)
    fmc_state_get                            0x08000c85   Thumb Code   236  gd32c2x1_fmc.o(.text.fmc_state_get)
    fmc_unlock                               0x08000d75   Thumb Code    24  gd32c2x1_fmc.o(.text.fmc_unlock)
    gpio_af_set                              0x08000d9d   Thumb Code   204  gd32c2x1_gpio.o(.text.gpio_af_set)
    gpio_bit_reset                           0x08000e69   Thumb Code    18  gd32c2x1_gpio.o(.text.gpio_bit_reset)
    gpio_bit_set                             0x08000e7b   Thumb Code    18  gd32c2x1_gpio.o(.text.gpio_bit_set)
    gpio_input_bit_get                       0x08000e8d   Thumb Code    44  gd32c2x1_gpio.o(.text.gpio_input_bit_get)
    gpio_mode_set                            0x08000eb9   Thumb Code   150  gd32c2x1_gpio.o(.text.gpio_mode_set)
    gpio_output_options_set                  0x08000f51   Thumb Code   148  gd32c2x1_gpio.o(.text.gpio_output_options_set)
    main                                     0x08001791   Thumb Code    52  main.o(.text.main)
    nvic_vector_table_set                    0x080017c9   Thumb Code    28  gd32c2x1_misc.o(.text.nvic_vector_table_set)
    nvm_param_init                           0x080017ed   Thumb Code    80  task_param.o(.text.nvm_param_init)
    rcu_ckout0_config                        0x08001845   Thumb Code    52  gd32c2x1_rcu.o(.text.rcu_ckout0_config)
    rcu_ckout1_config                        0x08001879   Thumb Code    52  gd32c2x1_rcu.o(.text.rcu_ckout1_config)
    rcu_irc48mdiv_sys_clock_config           0x080018ad   Thumb Code    40  gd32c2x1_rcu.o(.text.rcu_irc48mdiv_sys_clock_config)
    rcu_periph_clock_enable                  0x080018d5   Thumb Code    36  gd32c2x1_rcu.o(.text.rcu_periph_clock_enable)
    syscfg_interrupt_flag_get                0x0800197d   Thumb Code    44  gd32c2x1_syscfg.o(.text.syscfg_interrupt_flag_get)
    systick_config                           0x08001a59   Thumb Code    36  systick.o(.text.systick_config)
    __scatterload_copy                       0x08001a81   Thumb Code    14  handlers.o(i.__scatterload_copy)
    __scatterload_null                       0x08001a8f   Thumb Code     2  handlers.o(i.__scatterload_null)
    __scatterload_zeroinit                   0x08001a91   Thumb Code    14  handlers.o(i.__scatterload_zeroinit)
    FACTORY_DEFAULT                          0x08001a9e   Data          20  task_param.o(.rodata.FACTORY_DEFAULT)
    LED_CLK                                  0x08001ab2   Data           4  bsp_gpio.o(.rodata.LED_CLK)
    LED_PIN                                  0x08001ab8   Data           8  bsp_gpio.o(.rodata.LED_PIN)
    LED_PORT                                 0x08001ac0   Data           8  bsp_gpio.o(.rodata.LED_PORT)
    crc8_table                               0x08001ec8   Data         256  crc_8.o(.rodata.crc8_table)
    Region$$Table$$Base                      0x08001fc8   Number         0  anon$$obj.o(Region$$Table)
    Region$$Table$$Limit                     0x08001fe8   Number         0  anon$$obj.o(Region$$Table)
    SystemCoreClock                          0x20000000   Data           4  system_gd32c2x1.o(.data.SystemCoreClock)
    g_isSysTickInt                           0x2000004c   Data           1  main.o(.bss.g_isSysTickInt)
    __initial_sp                             0x20000458   Data           0  startup_gd32c231_221.o(STACK)



==============================================================================

Memory Map of the image

  Image Entry point : 0x080000dd

  Load Region LR_IROM1 (Base: 0x08000000, Size: 0x00001ff0, Max: 0x00010000, ABSOLUTE)

    Execution Region ER_IROM1 (Exec base: 0x08000000, Load base: 0x08000000, Size: 0x00001fe8, Max: 0x00010000, ABSOLUTE)

    Exec Addr    Load Addr    Size         Type   Attr      Idx    E Section Name        Object

    0x08000000   0x08000000   0x000000dc   Data   RO         1550    RESET               startup_gd32c231_221.o
    0x080000dc   0x080000dc   0x00000000   Code   RO         1650  * .ARM.Collect$$$$00000000  mc_p.l(entry.o)
    0x080000dc   0x080000dc   0x00000004   Code   RO         1673    .ARM.Collect$$$$00000001  mc_p.l(entry2.o)
    0x080000e0   0x080000e0   0x00000004   Code   RO         1676    .ARM.Collect$$$$00000004  mc_p.l(entry5.o)
    0x080000e4   0x080000e4   0x00000000   Code   RO         1678    .ARM.Collect$$$$00000008  mc_p.l(entry7b.o)
    0x080000e4   0x080000e4   0x00000000   Code   RO         1680    .ARM.Collect$$$$0000000A  mc_p.l(entry8b.o)
    0x080000e4   0x080000e4   0x00000008   Code   RO         1681    .ARM.Collect$$$$0000000B  mc_p.l(entry9a.o)
    0x080000ec   0x080000ec   0x00000000   Code   RO         1683    .ARM.Collect$$$$0000000D  mc_p.l(entry10a.o)
    0x080000ec   0x080000ec   0x00000000   Code   RO         1685    .ARM.Collect$$$$0000000F  mc_p.l(entry11a.o)
    0x080000ec   0x080000ec   0x00000004   Code   RO         1674    .ARM.Collect$$$$00002712  mc_p.l(entry2.o)
    0x080000f0   0x080000f0   0x00000044   Code   RO         1551    .text               startup_gd32c231_221.o
    0x08000134   0x08000134   0x00000024   Code   RO         1653    .text               mc_p.l(memcpya.o)
    0x08000158   0x08000158   0x00000030   Code   RO         1698    .text               mc_p.l(init.o)
    0x08000188   0x08000188   0x0000000c   Code   RO           21    .text.BSP_Init      main.o
    0x08000194   0x08000194   0x0000000e   Code   RO          174    .text.BtnGetState   bsp_gpio.o
    0x080001a2   0x080001a2   0x00000002   PAD
    0x080001a4   0x080001a4   0x00000084   Code   RO          131    .text.BtnTask       task_btn.o
    0x08000228   0x08000228   0x00000044   Code   RO          127    .text.BtnTask_Init  task_btn.o
    0x0800026c   0x0800026c   0x000001e8   Code   RO          188    .text.GPIO_UserInit  bsp_gpio.o
    0x08000454   0x08000454   0x00000004   Code   RO            4    .text.HardFault_Handler  gd32c2x1_it.o
    0x08000458   0x08000458   0x00000108   Code   RO           81    .text.ISL700_Write_Reg  isl700_2a.o
    0x08000560   0x08000560   0x0000001c   Code   RO          166    .text.LedClr        bsp_gpio.o
    0x0800057c   0x0800057c   0x00000024   Code   RO          164    .text.LedSet        bsp_gpio.o
    0x080005a0   0x080005a0   0x00000040   Code   RO          116    .text.LedTask       task_led.o
    0x080005e0   0x080005e0   0x00000028   Code   RO          106    .text.LedTask_Init  task_led.o
    0x08000608   0x08000608   0x0000001c   Code   RO          114    .text.Led_SetMode   task_led.o
    0x08000624   0x08000624   0x00000026   Code   RO          108    .text.Led_SetPwr    task_led.o
    0x0800064a   0x0800064a   0x00000026   Code   RO          110    .text.Led_SetWork   task_led.o
    0x08000670   0x08000670   0x0000003e   Code   RO            2    .text.NMI_Handler   gd32c2x1_it.o
    0x080006ae   0x080006ae   0x00000002   PAD
    0x080006b0   0x080006b0   0x0000000c   Code   RO           38    .text.ParamSrv_ApplyToIC  task_init.o
    0x080006bc   0x080006bc   0x00000028   Code   RO           36    .text.ParamSrv_Init  task_init.o
    0x080006e4   0x080006e4   0x00000034   Code   RO           40    .text.ParamSrv_Load  task_init.o
    0x08000718   0x08000718   0x00000004   Code   RO            8    .text.PendSV_Handler  gd32c2x1_it.o
    0x0800071c   0x0800071c   0x00000004   Code   RO            6    .text.SVC_Handler   gd32c2x1_it.o
    0x08000720   0x08000720   0x0000000c   Code   RO           50    .text.SysTickCallBack  task_init.o
    0x0800072c   0x0800072c   0x00000044   Code   RO          146    .text.SysTick_Config  systick.o
    0x08000770   0x08000770   0x00000014   Code   RO           10    .text.SysTick_Handler  gd32c2x1_it.o
    0x08000784   0x08000784   0x00000078   Code   RO         1530    .text.SystemInit    system_gd32c2x1.o
    0x080007fc   0x080007fc   0x00000014   Code   RO           34    .text.Task_Init     task_init.o
    0x08000810   0x08000810   0x00000084   Code   RO          148    .text.__NVIC_SetPriority  systick.o
    0x08000894   0x08000894   0x00000040   Code   RO           97    .text.crc8_calc     crc_8.o
    0x080008d4   0x080008d4   0x0000001c   Code   RO          150    .text.delay_1ms     systick.o
    0x080008f0   0x080008f0   0x00000088   Code   RO          154    .text.delay_1us     systick.o
    0x08000978   0x08000978   0x00000018   Code   RO          152    .text.delay_decrement  systick.o
    0x08000990   0x08000990   0x00000048   Code   RO          200    .text.flash_crc32   bsp_flash_simple.o
    0x080009d8   0x080009d8   0x00000056   Code   RO          202    .text.flash_erase_page  bsp_flash_simple.o
    0x08000a2e   0x08000a2e   0x00000018   Code   RO          206    .text.flash_read_buffer  bsp_flash_simple.o
    0x08000a46   0x08000a46   0x000000fa   Code   RO          204    .text.flash_write_buffer  bsp_flash_simple.o
    0x08000b40   0x08000b40   0x00000060   Code   RO          551    .text.fmc_doubleword_program  gd32c2x1_fmc.o
    0x08000ba0   0x08000ba0   0x00000018   Code   RO          593    .text.fmc_flag_clear  gd32c2x1_fmc.o
    0x08000bb8   0x08000bb8   0x00000010   Code   RO          527    .text.fmc_lock      gd32c2x1_fmc.o
    0x08000bc8   0x08000bc8   0x00000068   Code   RO          545    .text.fmc_page_erase  gd32c2x1_fmc.o
    0x08000c30   0x08000c30   0x00000054   Code   RO          547    .text.fmc_ready_wait  gd32c2x1_fmc.o
    0x08000c84   0x08000c84   0x000000f0   Code   RO          603    .text.fmc_state_get  gd32c2x1_fmc.o
    0x08000d74   0x08000d74   0x00000028   Code   RO          525    .text.fmc_unlock    gd32c2x1_fmc.o
    0x08000d9c   0x08000d9c   0x000000cc   Code   RO          659    .text.gpio_af_set   gd32c2x1_gpio.o
    0x08000e68   0x08000e68   0x00000012   Code   RO          645    .text.gpio_bit_reset  gd32c2x1_gpio.o
    0x08000e7a   0x08000e7a   0x00000012   Code   RO          643    .text.gpio_bit_set  gd32c2x1_gpio.o
    0x08000e8c   0x08000e8c   0x0000002c   Code   RO          651    .text.gpio_input_bit_get  gd32c2x1_gpio.o
    0x08000eb8   0x08000eb8   0x00000096   Code   RO          639    .text.gpio_mode_set  gd32c2x1_gpio.o
    0x08000f4e   0x08000f4e   0x00000002   PAD
    0x08000f50   0x08000f50   0x00000098   Code   RO          641    .text.gpio_output_options_set  gd32c2x1_gpio.o
    0x08000fe8   0x08000fe8   0x0000062a   Code   RO           85    .text.isl_calc_crc  isl700_2a.o
    0x08001612   0x08001612   0x0000000a   Code   RO           83    .text.isl_delay     isl700_2a.o
    0x0800161c   0x0800161c   0x00000074   Code   RO           87    .text.isl_send_field  isl700_2a.o
    0x08001690   0x08001690   0x00000100   Code   RO           62    .text.load_from_flash  task_param.o
    0x08001790   0x08001790   0x00000038   Code   RO           19    .text.main          main.o
    0x080017c8   0x080017c8   0x00000024   Code   RO          815    .text.nvic_vector_table_set  gd32c2x1_misc.o
    0x080017ec   0x080017ec   0x00000058   Code   RO           60    .text.nvm_param_init  task_param.o
    0x08001844   0x08001844   0x00000034   Code   RO          903    .text.rcu_ckout0_config  gd32c2x1_rcu.o
    0x08001878   0x08001878   0x00000034   Code   RO          905    .text.rcu_ckout1_config  gd32c2x1_rcu.o
    0x080018ac   0x080018ac   0x00000028   Code   RO          919    .text.rcu_irc48mdiv_sys_clock_config  gd32c2x1_rcu.o
    0x080018d4   0x080018d4   0x00000024   Code   RO          877    .text.rcu_periph_clock_enable  gd32c2x1_rcu.o
    0x080018f8   0x080018f8   0x00000084   Code   RO           64    .text.save_to_flash  task_param.o
    0x0800197c   0x0800197c   0x00000030   Code   RO         1167    .text.syscfg_interrupt_flag_get  gd32c2x1_syscfg.o
    0x080019ac   0x080019ac   0x00000008   Code   RO         1532    .text.system_clock_config  system_gd32c2x1.o
    0x080019b4   0x080019b4   0x000000a4   Code   RO         1538    .text.system_clock_irc48m  system_gd32c2x1.o
    0x08001a58   0x08001a58   0x00000028   Code   RO          144    .text.systick_config  systick.o
    0x08001a80   0x08001a80   0x0000000e   Code   RO         1702    i.__scatterload_copy  mc_p.l(handlers.o)
    0x08001a8e   0x08001a8e   0x00000002   Code   RO         1703    i.__scatterload_null  mc_p.l(handlers.o)
    0x08001a90   0x08001a90   0x0000000e   Code   RO         1704    i.__scatterload_zeroinit  mc_p.l(handlers.o)
    0x08001a9e   0x08001a9e   0x00000014   Data   RO           72    .rodata.FACTORY_DEFAULT  task_param.o
    0x08001ab2   0x08001ab2   0x00000004   Data   RO          192    .rodata.LED_CLK     bsp_gpio.o
    0x08001ab6   0x08001ab6   0x00000002   PAD
    0x08001ab8   0x08001ab8   0x00000008   Data   RO          191    .rodata.LED_PIN     bsp_gpio.o
    0x08001ac0   0x08001ac0   0x00000008   Data   RO          190    .rodata.LED_PORT    bsp_gpio.o
    0x08001ac8   0x08001ac8   0x00000400   Data   RO          208    .rodata.crc32_table  bsp_flash_simple.o
    0x08001ec8   0x08001ec8   0x00000100   Data   RO           99    .rodata.crc8_table  crc_8.o
    0x08001fc8   0x08001fc8   0x00000020   Data   RO         1701    Region$$Table       anon$$obj.o


    Execution Region RW_IRAM1 (Exec base: 0x20000000, Load base: 0x08001fe8, Size: 0x00000458, Max: 0x00003000, ABSOLUTE)

    Exec Addr    Load Addr    Size         Type   Attr      Idx    E Section Name        Object

    0x20000000   0x08001fe8   0x00000004   Data   RW         1540    .data.SystemCoreClock  system_gd32c2x1.o
    0x20000004   0x08001fec   0x00000001   Data   RW          119    .data.s_YLedMode    task_led.o
    0x20000005   0x08001fed   0x00000001   Data   RW          133    .data.s_led_mode    task_btn.o
    0x20000006   0x08001fee   0x00000002   PAD
    0x20000008        -       0x00000004   Zero   RW          156    .bss.delay          systick.o
    0x2000000c   0x08001fee   0x00000004   PAD
    0x20000010        -       0x00000028   Zero   RW           73    .bss.g_current      task_param.o
    0x20000038        -       0x00000014   Zero   RW           52    .bss.g_current_param  task_init.o
    0x2000004c        -       0x00000001   Zero   RW           25    .bss.g_isSysTickInt  main.o
    0x2000004d   0x08001fee   0x00000001   PAD
    0x2000004e        -       0x00000002   Zero   RW          136    .bss.s_debounce_cnt  task_btn.o
    0x20000050        -       0x00000001   Zero   RW          118    .bss.s_meas_active  task_led.o
    0x20000051        -       0x00000001   Zero   RW          134    .bss.s_raw_state    task_btn.o
    0x20000052        -       0x00000001   Zero   RW          135    .bss.s_stable_state  task_btn.o
    0x20000053   0x08001fee   0x00000005   PAD
    0x20000058        -       0x00000400   Zero   RW         1548    STACK               startup_gd32c231_221.o


==============================================================================

Image component sizes


      Code (inc. data)   RO Data    RW Data    ZI Data      Debug   Object Name

       432          4       1024          0          0       2322   bsp_flash_simple.o
       566         40         20          0          0       2866   bsp_gpio.o
        64          4        256          0          0        778   crc_8.o
       604         24          0          0          0       9295   gd32c2x1_fmc.o
       586          4          0          0          0       4455   gd32c2x1_gpio.o
        94          4          0          0          0       1047   gd32c2x1_it.o
        36          8          0          0          0       4106   gd32c2x1_misc.o
       180          0          0          0          0      12168   gd32c2x1_rcu.o
        48          4          0          0          0       3776   gd32c2x1_syscfg.o
      1968          8          0          0          0       3457   isl700_2a.o
        68          4          0          0          1       1115   main.o
        68         22        220          0       1024        744   startup_gd32c231_221.o
       292         36          0          4          0       1794   system_gd32c2x1.o
       428         36          0          0          4       3560   systick.o
       200         16          0          1          4       1133   task_btn.o
       136          4          0          0         20       2235   task_init.o
       208          8          0          1          1       1284   task_led.o
       476         20         20          0         40       2916   task_param.o

    ----------------------------------------------------------------------
      6460        246       1574          8       1104      59051   Object Totals
         0          0         32          0          0          0   (incl. Generated)
         6          0          2          2         10          0   (incl. Padding)

    ----------------------------------------------------------------------

      Code (inc. data)   RO Data    RW Data    ZI Data      Debug   Library Member Name

         0          0          0          0          0          0   entry.o
         0          0          0          0          0          0   entry10a.o
         0          0          0          0          0          0   entry11a.o
         8          4          0          0          0          0   entry2.o
         4          0          0          0          0          0   entry5.o
         0          0          0          0          0          0   entry7b.o
         0          0          0          0          0          0   entry8b.o
         8          4          0          0          0          0   entry9a.o
        30          0          0          0          0          0   handlers.o
        48         10          0          0          0         68   init.o
        36          0          0          0          0         60   memcpya.o

    ----------------------------------------------------------------------
       134         18          0          0          0        128   Library Totals
         0          0          0          0          0          0   (incl. Padding)

    ----------------------------------------------------------------------

      Code (inc. data)   RO Data    RW Data    ZI Data      Debug   Library Name

       134         18          0          0          0        128   mc_p.l

    ----------------------------------------------------------------------
       134         18          0          0          0        128   Library Totals

    ----------------------------------------------------------------------

==============================================================================


      Code (inc. data)   RO Data    RW Data    ZI Data      Debug   

      6594        264       1574          8       1104      59011   Grand Totals
      6594        264       1574          8       1104      59011   ELF Image Totals
      6594        264       1574          8          0          0   ROM Totals

==============================================================================

    Total RO  Size (Code + RO Data)                 8168 (   7.98kB)
    Total RW  Size (RW Data + ZI Data)              1112 (   1.09kB)
    Total ROM Size (Code + RO Data + RW Data)       8176 (   7.98kB)

==============================================================================

