<!doctype html public "-//w3c//dtd html 4.0 transitional//en">
<html><head>
<title>Static Call Graph - [.\output\Project.axf]</title></head>
<body><HR>
<H1>Static Call Graph for image .\output\Project.axf</H1><HR>
<BR><P>#&#060CALLGRAPH&#062# ARM Linker, 6210000: Last Updated: Wed Feb  4 14:37:20 2026
<BR><P>
<H3>Maximum Stack Usage =        324 bytes + Unknown(Cycles, Untraceable Function Pointers)</H3><H3>
Call chain for Maximum Stack Depth:</H3>
main &rArr; Task_Init &rArr; ParamSrv_Init &rArr; nvm_param_init &rArr; save_to_flash &rArr; flash_write_buffer &rArr; fmc_doubleword_program &rArr; fmc_ready_wait &rArr; fmc_state_get
<P>
<H3>
Mutually Recursive functions
</H3> <LI><a href="#[12]">ADC_IRQHandler</a>&nbsp;&nbsp;&nbsp;&rArr;&nbsp;&nbsp;&nbsp;<a href="#[12]">ADC_IRQHandler</a><BR>
</UL>
<P>
<H3>
Function Pointers
</H3><UL>
 <LI><a href="#[12]">ADC_IRQHandler</a> from startup_gd32c231_221.o(.text) referenced from startup_gd32c231_221.o(RESET)
 <LI><a href="#[26]">CMP0_IRQHandler</a> from startup_gd32c231_221.o(.text) referenced from startup_gd32c231_221.o(RESET)
 <LI><a href="#[27]">CMP1_IRQHandler</a> from startup_gd32c231_221.o(.text) referenced from startup_gd32c231_221.o(RESET)
 <LI><a href="#[25]">DMAMUX_IRQHandler</a> from startup_gd32c231_221.o(.text) referenced from startup_gd32c231_221.o(RESET)
 <LI><a href="#[f]">DMA_Channel0_IRQHandler</a> from bsp_adc.o(.text.DMA_Channel0_IRQHandler) referenced from startup_gd32c231_221.o(RESET)
 <LI><a href="#[10]">DMA_Channel1_IRQHandler</a> from startup_gd32c231_221.o(.text) referenced from startup_gd32c231_221.o(RESET)
 <LI><a href="#[11]">DMA_Channel2_IRQHandler</a> from startup_gd32c231_221.o(.text) referenced from startup_gd32c231_221.o(RESET)
 <LI><a href="#[a]">EXTI0_IRQHandler</a> from startup_gd32c231_221.o(.text) referenced from startup_gd32c231_221.o(RESET)
 <LI><a href="#[24]">EXTI10_15_IRQHandler</a> from startup_gd32c231_221.o(.text) referenced from startup_gd32c231_221.o(RESET)
 <LI><a href="#[b]">EXTI1_IRQHandler</a> from startup_gd32c231_221.o(.text) referenced from startup_gd32c231_221.o(RESET)
 <LI><a href="#[c]">EXTI2_IRQHandler</a> from startup_gd32c231_221.o(.text) referenced from startup_gd32c231_221.o(RESET)
 <LI><a href="#[d]">EXTI3_IRQHandler</a> from startup_gd32c231_221.o(.text) referenced from startup_gd32c231_221.o(RESET)
 <LI><a href="#[e]">EXTI4_IRQHandler</a> from startup_gd32c231_221.o(.text) referenced from startup_gd32c231_221.o(RESET)
 <LI><a href="#[1d]">EXTI5_9_IRQHandler</a> from gd32c2x1_it.o(.text.EXTI5_9_IRQHandler) referenced from startup_gd32c231_221.o(RESET)
 <LI><a href="#[8]">FMC_IRQHandler</a> from startup_gd32c231_221.o(.text) referenced from startup_gd32c231_221.o(RESET)
 <LI><a href="#[2]">HardFault_Handler</a> from gd32c2x1_it.o(.text.HardFault_Handler) referenced from startup_gd32c231_221.o(RESET)
 <LI><a href="#[17]">I2C0_ER_IRQHandler</a> from startup_gd32c231_221.o(.text) referenced from startup_gd32c231_221.o(RESET)
 <LI><a href="#[16]">I2C0_EV_IRQHandler</a> from startup_gd32c231_221.o(.text) referenced from startup_gd32c231_221.o(RESET)
 <LI><a href="#[28]">I2C0_WKUP_IRQHandler</a> from startup_gd32c231_221.o(.text) referenced from startup_gd32c231_221.o(RESET)
 <LI><a href="#[19]">I2C1_ER_IRQHandler</a> from startup_gd32c231_221.o(.text) referenced from startup_gd32c231_221.o(RESET)
 <LI><a href="#[18]">I2C1_EV_IRQHandler</a> from startup_gd32c231_221.o(.text) referenced from startup_gd32c231_221.o(RESET)
 <LI><a href="#[29]">I2C1_WKUP_IRQHandler</a> from startup_gd32c231_221.o(.text) referenced from startup_gd32c231_221.o(RESET)
 <LI><a href="#[1]">NMI_Handler</a> from gd32c2x1_it.o(.text.NMI_Handler) referenced from startup_gd32c231_221.o(RESET)
 <LI><a href="#[4]">PendSV_Handler</a> from gd32c2x1_it.o(.text.PendSV_Handler) referenced from startup_gd32c231_221.o(RESET)
 <LI><a href="#[9]">RCU_IRQHandler</a> from startup_gd32c231_221.o(.text) referenced from startup_gd32c231_221.o(RESET)
 <LI><a href="#[1c]">RTC_Alarm_IRQHandler</a> from startup_gd32c231_221.o(.text) referenced from startup_gd32c231_221.o(RESET)
 <LI><a href="#[0]">Reset_Handler</a> from startup_gd32c231_221.o(.text) referenced from startup_gd32c231_221.o(RESET)
 <LI><a href="#[1a]">SPI0_IRQHandler</a> from startup_gd32c231_221.o(.text) referenced from startup_gd32c231_221.o(RESET)
 <LI><a href="#[1b]">SPI1_IRQHandler</a> from startup_gd32c231_221.o(.text) referenced from startup_gd32c231_221.o(RESET)
 <LI><a href="#[3]">SVC_Handler</a> from gd32c2x1_it.o(.text.SVC_Handler) referenced from startup_gd32c231_221.o(RESET)
 <LI><a href="#[5]">SysTick_Handler</a> from gd32c2x1_it.o(.text.SysTick_Handler) referenced from startup_gd32c231_221.o(RESET)
 <LI><a href="#[2c]">SystemInit</a> from system_gd32c2x1.o(.text.SystemInit) referenced from startup_gd32c231_221.o(.text)
 <LI><a href="#[1f]">TIMER0_Channel_IRQHandler</a> from startup_gd32c231_221.o(.text) referenced from startup_gd32c231_221.o(RESET)
 <LI><a href="#[1e]">TIMER0_TRG_CMT_UP_BRK_IRQHandler</a> from startup_gd32c231_221.o(.text) referenced from startup_gd32c231_221.o(RESET)
 <LI><a href="#[21]">TIMER13_IRQHandler</a> from startup_gd32c231_221.o(.text) referenced from startup_gd32c231_221.o(RESET)
 <LI><a href="#[22]">TIMER15_IRQHandler</a> from startup_gd32c231_221.o(.text) referenced from startup_gd32c231_221.o(RESET)
 <LI><a href="#[23]">TIMER16_IRQHandler</a> from startup_gd32c231_221.o(.text) referenced from startup_gd32c231_221.o(RESET)
 <LI><a href="#[20]">TIMER2_IRQHandler</a> from startup_gd32c231_221.o(.text) referenced from startup_gd32c231_221.o(RESET)
 <LI><a href="#[7]">TIMESTAMP_IRQHandler</a> from startup_gd32c231_221.o(.text) referenced from startup_gd32c231_221.o(RESET)
 <LI><a href="#[13]">USART0_IRQHandler</a> from startup_gd32c231_221.o(.text) referenced from startup_gd32c231_221.o(RESET)
 <LI><a href="#[2a]">USART0_WKUP_IRQHandler</a> from startup_gd32c231_221.o(.text) referenced from startup_gd32c231_221.o(RESET)
 <LI><a href="#[14]">USART1_IRQHandler</a> from startup_gd32c231_221.o(.text) referenced from startup_gd32c231_221.o(RESET)
 <LI><a href="#[15]">USART2_IRQHandler</a> from startup_gd32c231_221.o(.text) referenced from startup_gd32c231_221.o(RESET)
 <LI><a href="#[6]">WWDGT_IRQHandler</a> from startup_gd32c231_221.o(.text) referenced from startup_gd32c231_221.o(RESET)
 <LI><a href="#[2d]">__main</a> from entry.o(.ARM.Collect$$$$00000000) referenced from startup_gd32c231_221.o(.text)
 <LI><a href="#[2e]">fputc</a> from main.o(.text.fputc) referenced from printfa.o(i.__0printf)
 <LI><a href="#[2b]">main</a> from main.o(.text.main) referenced from entry9a.o(.ARM.Collect$$$$0000000B)
</UL>
<P>
<H3>
Global Symbols
</H3>
<P><STRONG><a name="[2d]"></a>__main</STRONG> (Thumb, 0 bytes, Stack size unknown bytes, entry.o(.ARM.Collect$$$$00000000))
<BR>[Address Reference Count : 1]<UL><LI> startup_gd32c231_221.o(.text)
</UL>
<P><STRONG><a name="[b3]"></a>_main_stk</STRONG> (Thumb, 0 bytes, Stack size unknown bytes, entry2.o(.ARM.Collect$$$$00000001))

<P><STRONG><a name="[2f]"></a>_main_scatterload</STRONG> (Thumb, 0 bytes, Stack size unknown bytes, entry5.o(.ARM.Collect$$$$00000004))
<BR><BR>[Calls]<UL><LI><a href="#[30]">&gt;&gt;</a>&nbsp;&nbsp;&nbsp;__scatterload
</UL>

<P><STRONG><a name="[3e]"></a>__main_after_scatterload</STRONG> (Thumb, 0 bytes, Stack size unknown bytes, entry5.o(.ARM.Collect$$$$00000004))
<BR><BR>[Called By]<UL><LI><a href="#[30]">&gt;&gt;</a>&nbsp;&nbsp;&nbsp;__scatterload
</UL>

<P><STRONG><a name="[b4]"></a>_main_clock</STRONG> (Thumb, 0 bytes, Stack size unknown bytes, entry7b.o(.ARM.Collect$$$$00000008))

<P><STRONG><a name="[b5]"></a>_main_cpp_init</STRONG> (Thumb, 0 bytes, Stack size unknown bytes, entry8b.o(.ARM.Collect$$$$0000000A))

<P><STRONG><a name="[b6]"></a>_main_init</STRONG> (Thumb, 0 bytes, Stack size unknown bytes, entry9a.o(.ARM.Collect$$$$0000000B))

<P><STRONG><a name="[b7]"></a>__rt_final_cpp</STRONG> (Thumb, 0 bytes, Stack size unknown bytes, entry10a.o(.ARM.Collect$$$$0000000D))

<P><STRONG><a name="[b8]"></a>__rt_final_exit</STRONG> (Thumb, 0 bytes, Stack size unknown bytes, entry11a.o(.ARM.Collect$$$$0000000F))

<P><STRONG><a name="[0]"></a>Reset_Handler</STRONG> (Thumb, 34 bytes, Stack size 0 bytes, startup_gd32c231_221.o(.text))
<BR>[Address Reference Count : 1]<UL><LI> startup_gd32c231_221.o(RESET)
</UL>
<P><STRONG><a name="[12]"></a>ADC_IRQHandler</STRONG> (Thumb, 0 bytes, Stack size 0 bytes, startup_gd32c231_221.o(.text))
<BR><BR>[Calls]<UL><LI><a href="#[12]">&gt;&gt;</a>&nbsp;&nbsp;&nbsp;ADC_IRQHandler
</UL>
<BR>[Called By]<UL><LI><a href="#[12]">&gt;&gt;</a>&nbsp;&nbsp;&nbsp;ADC_IRQHandler
</UL>
<BR>[Address Reference Count : 1]<UL><LI> startup_gd32c231_221.o(RESET)
</UL>
<P><STRONG><a name="[26]"></a>CMP0_IRQHandler</STRONG> (Thumb, 0 bytes, Stack size 0 bytes, startup_gd32c231_221.o(.text))
<BR>[Address Reference Count : 1]<UL><LI> startup_gd32c231_221.o(RESET)
</UL>
<P><STRONG><a name="[27]"></a>CMP1_IRQHandler</STRONG> (Thumb, 0 bytes, Stack size 0 bytes, startup_gd32c231_221.o(.text))
<BR>[Address Reference Count : 1]<UL><LI> startup_gd32c231_221.o(RESET)
</UL>
<P><STRONG><a name="[25]"></a>DMAMUX_IRQHandler</STRONG> (Thumb, 0 bytes, Stack size 0 bytes, startup_gd32c231_221.o(.text))
<BR>[Address Reference Count : 1]<UL><LI> startup_gd32c231_221.o(RESET)
</UL>
<P><STRONG><a name="[10]"></a>DMA_Channel1_IRQHandler</STRONG> (Thumb, 0 bytes, Stack size 0 bytes, startup_gd32c231_221.o(.text))
<BR>[Address Reference Count : 1]<UL><LI> startup_gd32c231_221.o(RESET)
</UL>
<P><STRONG><a name="[11]"></a>DMA_Channel2_IRQHandler</STRONG> (Thumb, 0 bytes, Stack size 0 bytes, startup_gd32c231_221.o(.text))
<BR>[Address Reference Count : 1]<UL><LI> startup_gd32c231_221.o(RESET)
</UL>
<P><STRONG><a name="[a]"></a>EXTI0_IRQHandler</STRONG> (Thumb, 0 bytes, Stack size 0 bytes, startup_gd32c231_221.o(.text))
<BR>[Address Reference Count : 1]<UL><LI> startup_gd32c231_221.o(RESET)
</UL>
<P><STRONG><a name="[24]"></a>EXTI10_15_IRQHandler</STRONG> (Thumb, 0 bytes, Stack size 0 bytes, startup_gd32c231_221.o(.text))
<BR>[Address Reference Count : 1]<UL><LI> startup_gd32c231_221.o(RESET)
</UL>
<P><STRONG><a name="[b]"></a>EXTI1_IRQHandler</STRONG> (Thumb, 0 bytes, Stack size 0 bytes, startup_gd32c231_221.o(.text))
<BR>[Address Reference Count : 1]<UL><LI> startup_gd32c231_221.o(RESET)
</UL>
<P><STRONG><a name="[c]"></a>EXTI2_IRQHandler</STRONG> (Thumb, 0 bytes, Stack size 0 bytes, startup_gd32c231_221.o(.text))
<BR>[Address Reference Count : 1]<UL><LI> startup_gd32c231_221.o(RESET)
</UL>
<P><STRONG><a name="[d]"></a>EXTI3_IRQHandler</STRONG> (Thumb, 0 bytes, Stack size 0 bytes, startup_gd32c231_221.o(.text))
<BR>[Address Reference Count : 1]<UL><LI> startup_gd32c231_221.o(RESET)
</UL>
<P><STRONG><a name="[e]"></a>EXTI4_IRQHandler</STRONG> (Thumb, 0 bytes, Stack size 0 bytes, startup_gd32c231_221.o(.text))
<BR>[Address Reference Count : 1]<UL><LI> startup_gd32c231_221.o(RESET)
</UL>
<P><STRONG><a name="[8]"></a>FMC_IRQHandler</STRONG> (Thumb, 0 bytes, Stack size 0 bytes, startup_gd32c231_221.o(.text))
<BR>[Address Reference Count : 1]<UL><LI> startup_gd32c231_221.o(RESET)
</UL>
<P><STRONG><a name="[17]"></a>I2C0_ER_IRQHandler</STRONG> (Thumb, 0 bytes, Stack size 0 bytes, startup_gd32c231_221.o(.text))
<BR>[Address Reference Count : 1]<UL><LI> startup_gd32c231_221.o(RESET)
</UL>
<P><STRONG><a name="[16]"></a>I2C0_EV_IRQHandler</STRONG> (Thumb, 0 bytes, Stack size 0 bytes, startup_gd32c231_221.o(.text))
<BR>[Address Reference Count : 1]<UL><LI> startup_gd32c231_221.o(RESET)
</UL>
<P><STRONG><a name="[28]"></a>I2C0_WKUP_IRQHandler</STRONG> (Thumb, 0 bytes, Stack size 0 bytes, startup_gd32c231_221.o(.text))
<BR>[Address Reference Count : 1]<UL><LI> startup_gd32c231_221.o(RESET)
</UL>
<P><STRONG><a name="[19]"></a>I2C1_ER_IRQHandler</STRONG> (Thumb, 0 bytes, Stack size 0 bytes, startup_gd32c231_221.o(.text))
<BR>[Address Reference Count : 1]<UL><LI> startup_gd32c231_221.o(RESET)
</UL>
<P><STRONG><a name="[18]"></a>I2C1_EV_IRQHandler</STRONG> (Thumb, 0 bytes, Stack size 0 bytes, startup_gd32c231_221.o(.text))
<BR>[Address Reference Count : 1]<UL><LI> startup_gd32c231_221.o(RESET)
</UL>
<P><STRONG><a name="[29]"></a>I2C1_WKUP_IRQHandler</STRONG> (Thumb, 0 bytes, Stack size 0 bytes, startup_gd32c231_221.o(.text))
<BR>[Address Reference Count : 1]<UL><LI> startup_gd32c231_221.o(RESET)
</UL>
<P><STRONG><a name="[9]"></a>RCU_IRQHandler</STRONG> (Thumb, 0 bytes, Stack size 0 bytes, startup_gd32c231_221.o(.text))
<BR>[Address Reference Count : 1]<UL><LI> startup_gd32c231_221.o(RESET)
</UL>
<P><STRONG><a name="[1c]"></a>RTC_Alarm_IRQHandler</STRONG> (Thumb, 0 bytes, Stack size 0 bytes, startup_gd32c231_221.o(.text))
<BR>[Address Reference Count : 1]<UL><LI> startup_gd32c231_221.o(RESET)
</UL>
<P><STRONG><a name="[1a]"></a>SPI0_IRQHandler</STRONG> (Thumb, 0 bytes, Stack size 0 bytes, startup_gd32c231_221.o(.text))
<BR>[Address Reference Count : 1]<UL><LI> startup_gd32c231_221.o(RESET)
</UL>
<P><STRONG><a name="[1b]"></a>SPI1_IRQHandler</STRONG> (Thumb, 0 bytes, Stack size 0 bytes, startup_gd32c231_221.o(.text))
<BR>[Address Reference Count : 1]<UL><LI> startup_gd32c231_221.o(RESET)
</UL>
<P><STRONG><a name="[1f]"></a>TIMER0_Channel_IRQHandler</STRONG> (Thumb, 0 bytes, Stack size 0 bytes, startup_gd32c231_221.o(.text))
<BR>[Address Reference Count : 1]<UL><LI> startup_gd32c231_221.o(RESET)
</UL>
<P><STRONG><a name="[1e]"></a>TIMER0_TRG_CMT_UP_BRK_IRQHandler</STRONG> (Thumb, 0 bytes, Stack size 0 bytes, startup_gd32c231_221.o(.text))
<BR>[Address Reference Count : 1]<UL><LI> startup_gd32c231_221.o(RESET)
</UL>
<P><STRONG><a name="[21]"></a>TIMER13_IRQHandler</STRONG> (Thumb, 0 bytes, Stack size 0 bytes, startup_gd32c231_221.o(.text))
<BR>[Address Reference Count : 1]<UL><LI> startup_gd32c231_221.o(RESET)
</UL>
<P><STRONG><a name="[22]"></a>TIMER15_IRQHandler</STRONG> (Thumb, 0 bytes, Stack size 0 bytes, startup_gd32c231_221.o(.text))
<BR>[Address Reference Count : 1]<UL><LI> startup_gd32c231_221.o(RESET)
</UL>
<P><STRONG><a name="[23]"></a>TIMER16_IRQHandler</STRONG> (Thumb, 0 bytes, Stack size 0 bytes, startup_gd32c231_221.o(.text))
<BR>[Address Reference Count : 1]<UL><LI> startup_gd32c231_221.o(RESET)
</UL>
<P><STRONG><a name="[20]"></a>TIMER2_IRQHandler</STRONG> (Thumb, 0 bytes, Stack size 0 bytes, startup_gd32c231_221.o(.text))
<BR>[Address Reference Count : 1]<UL><LI> startup_gd32c231_221.o(RESET)
</UL>
<P><STRONG><a name="[7]"></a>TIMESTAMP_IRQHandler</STRONG> (Thumb, 0 bytes, Stack size 0 bytes, startup_gd32c231_221.o(.text))
<BR>[Address Reference Count : 1]<UL><LI> startup_gd32c231_221.o(RESET)
</UL>
<P><STRONG><a name="[13]"></a>USART0_IRQHandler</STRONG> (Thumb, 0 bytes, Stack size 0 bytes, startup_gd32c231_221.o(.text))
<BR>[Address Reference Count : 1]<UL><LI> startup_gd32c231_221.o(RESET)
</UL>
<P><STRONG><a name="[2a]"></a>USART0_WKUP_IRQHandler</STRONG> (Thumb, 0 bytes, Stack size 0 bytes, startup_gd32c231_221.o(.text))
<BR>[Address Reference Count : 1]<UL><LI> startup_gd32c231_221.o(RESET)
</UL>
<P><STRONG><a name="[14]"></a>USART1_IRQHandler</STRONG> (Thumb, 0 bytes, Stack size 0 bytes, startup_gd32c231_221.o(.text))
<BR>[Address Reference Count : 1]<UL><LI> startup_gd32c231_221.o(RESET)
</UL>
<P><STRONG><a name="[15]"></a>USART2_IRQHandler</STRONG> (Thumb, 0 bytes, Stack size 0 bytes, startup_gd32c231_221.o(.text))
<BR>[Address Reference Count : 1]<UL><LI> startup_gd32c231_221.o(RESET)
</UL>
<P><STRONG><a name="[6]"></a>WWDGT_IRQHandler</STRONG> (Thumb, 0 bytes, Stack size 0 bytes, startup_gd32c231_221.o(.text))
<BR>[Address Reference Count : 1]<UL><LI> startup_gd32c231_221.o(RESET)
</UL>
<P><STRONG><a name="[8a]"></a>__aeabi_memcpy</STRONG> (Thumb, 36 bytes, Stack size 0 bytes, memcpya.o(.text))
<BR><BR>[Called By]<UL><LI><a href="#[9e]">&gt;&gt;</a>&nbsp;&nbsp;&nbsp;flash_write_buffer
<LI><a href="#[9d]">&gt;&gt;</a>&nbsp;&nbsp;&nbsp;flash_read_buffer
<LI><a href="#[89]">&gt;&gt;</a>&nbsp;&nbsp;&nbsp;ParamSrv_Load
<LI><a href="#[88]">&gt;&gt;</a>&nbsp;&nbsp;&nbsp;nvm_param_init
</UL>

<P><STRONG><a name="[b9]"></a>__aeabi_memcpy4</STRONG> (Thumb, 0 bytes, Stack size 0 bytes, memcpya.o(.text), UNUSED)

<P><STRONG><a name="[ba]"></a>__aeabi_memcpy8</STRONG> (Thumb, 0 bytes, Stack size 0 bytes, memcpya.o(.text), UNUSED)

<P><STRONG><a name="[95]"></a>strcpy</STRONG> (Thumb, 18 bytes, Stack size 0 bytes, strcpy.o(.text))
<BR><BR>[Called By]<UL><LI><a href="#[8d]">&gt;&gt;</a>&nbsp;&nbsp;&nbsp;_DoInit
</UL>

<P><STRONG><a name="[31]"></a>__aeabi_dadd</STRONG> (Thumb, 328 bytes, Stack size 48 bytes, dadd.o(.text), UNUSED)
<BR><BR>[Calls]<UL><LI><a href="#[33]">&gt;&gt;</a>&nbsp;&nbsp;&nbsp;__aeabi_lasr
<LI><a href="#[32]">&gt;&gt;</a>&nbsp;&nbsp;&nbsp;__aeabi_llsl
<LI><a href="#[35]">&gt;&gt;</a>&nbsp;&nbsp;&nbsp;_double_round
<LI><a href="#[34]">&gt;&gt;</a>&nbsp;&nbsp;&nbsp;_double_epilogue
</UL>
<BR>[Called By]<UL><LI><a href="#[37]">&gt;&gt;</a>&nbsp;&nbsp;&nbsp;__aeabi_drsub
<LI><a href="#[ae]">&gt;&gt;</a>&nbsp;&nbsp;&nbsp;_fp_digits
<LI><a href="#[36]">&gt;&gt;</a>&nbsp;&nbsp;&nbsp;__aeabi_dsub
</UL>

<P><STRONG><a name="[36]"></a>__aeabi_dsub</STRONG> (Thumb, 12 bytes, Stack size 8 bytes, dadd.o(.text), UNUSED)
<BR><BR>[Calls]<UL><LI><a href="#[31]">&gt;&gt;</a>&nbsp;&nbsp;&nbsp;__aeabi_dadd
</UL>

<P><STRONG><a name="[37]"></a>__aeabi_drsub</STRONG> (Thumb, 12 bytes, Stack size 8 bytes, dadd.o(.text), UNUSED)
<BR><BR>[Calls]<UL><LI><a href="#[31]">&gt;&gt;</a>&nbsp;&nbsp;&nbsp;__aeabi_dadd
</UL>

<P><STRONG><a name="[38]"></a>__aeabi_dmul</STRONG> (Thumb, 202 bytes, Stack size 72 bytes, dmul.o(.text), UNUSED)
<BR><BR>[Calls]<UL><LI><a href="#[34]">&gt;&gt;</a>&nbsp;&nbsp;&nbsp;_double_epilogue
</UL>
<BR>[Called By]<UL><LI><a href="#[ae]">&gt;&gt;</a>&nbsp;&nbsp;&nbsp;_fp_digits
</UL>

<P><STRONG><a name="[39]"></a>__aeabi_uldivmod</STRONG> (Thumb, 96 bytes, Stack size 48 bytes, uldiv.o(.text), UNUSED)
<BR><BR>[Calls]<UL><LI><a href="#[3a]">&gt;&gt;</a>&nbsp;&nbsp;&nbsp;__aeabi_llsr
<LI><a href="#[32]">&gt;&gt;</a>&nbsp;&nbsp;&nbsp;__aeabi_llsl
</UL>
<BR>[Called By]<UL><LI><a href="#[ad]">&gt;&gt;</a>&nbsp;&nbsp;&nbsp;_printf_core
<LI><a href="#[ae]">&gt;&gt;</a>&nbsp;&nbsp;&nbsp;_fp_digits
</UL>

<P><STRONG><a name="[32]"></a>__aeabi_llsl</STRONG> (Thumb, 32 bytes, Stack size 8 bytes, llshl.o(.text), UNUSED)
<BR><BR>[Called By]<UL><LI><a href="#[39]">&gt;&gt;</a>&nbsp;&nbsp;&nbsp;__aeabi_uldivmod
<LI><a href="#[34]">&gt;&gt;</a>&nbsp;&nbsp;&nbsp;_double_epilogue
<LI><a href="#[31]">&gt;&gt;</a>&nbsp;&nbsp;&nbsp;__aeabi_dadd
<LI><a href="#[3d]">&gt;&gt;</a>&nbsp;&nbsp;&nbsp;__aeabi_d2ulz
</UL>

<P><STRONG><a name="[bb]"></a>_ll_shift_l</STRONG> (Thumb, 0 bytes, Stack size 8 bytes, llshl.o(.text), UNUSED)

<P><STRONG><a name="[3a]"></a>__aeabi_llsr</STRONG> (Thumb, 34 bytes, Stack size 8 bytes, llushr.o(.text), UNUSED)
<BR><BR>[Called By]<UL><LI><a href="#[39]">&gt;&gt;</a>&nbsp;&nbsp;&nbsp;__aeabi_uldivmod
<LI><a href="#[34]">&gt;&gt;</a>&nbsp;&nbsp;&nbsp;_double_epilogue
<LI><a href="#[3d]">&gt;&gt;</a>&nbsp;&nbsp;&nbsp;__aeabi_d2ulz
</UL>

<P><STRONG><a name="[bc]"></a>_ll_ushift_r</STRONG> (Thumb, 0 bytes, Stack size 8 bytes, llushr.o(.text), UNUSED)

<P><STRONG><a name="[33]"></a>__aeabi_lasr</STRONG> (Thumb, 38 bytes, Stack size 8 bytes, llsshr.o(.text), UNUSED)
<BR><BR>[Called By]<UL><LI><a href="#[31]">&gt;&gt;</a>&nbsp;&nbsp;&nbsp;__aeabi_dadd
</UL>

<P><STRONG><a name="[bd]"></a>_ll_sshift_r</STRONG> (Thumb, 0 bytes, Stack size 8 bytes, llsshr.o(.text), UNUSED)

<P><STRONG><a name="[be]"></a>__I$use$fp</STRONG> (Thumb, 0 bytes, Stack size 8 bytes, iusefp.o(.text), UNUSED)

<P><STRONG><a name="[35]"></a>_double_round</STRONG> (Thumb, 26 bytes, Stack size 8 bytes, depilogue.o(.text), UNUSED)
<BR><BR>[Called By]<UL><LI><a href="#[34]">&gt;&gt;</a>&nbsp;&nbsp;&nbsp;_double_epilogue
<LI><a href="#[3c]">&gt;&gt;</a>&nbsp;&nbsp;&nbsp;__aeabi_ddiv
<LI><a href="#[31]">&gt;&gt;</a>&nbsp;&nbsp;&nbsp;__aeabi_dadd
</UL>

<P><STRONG><a name="[34]"></a>_double_epilogue</STRONG> (Thumb, 164 bytes, Stack size 48 bytes, depilogue.o(.text), UNUSED)
<BR><BR>[Calls]<UL><LI><a href="#[3b]">&gt;&gt;</a>&nbsp;&nbsp;&nbsp;__ARM_clz
<LI><a href="#[3a]">&gt;&gt;</a>&nbsp;&nbsp;&nbsp;__aeabi_llsr
<LI><a href="#[32]">&gt;&gt;</a>&nbsp;&nbsp;&nbsp;__aeabi_llsl
<LI><a href="#[35]">&gt;&gt;</a>&nbsp;&nbsp;&nbsp;_double_round
</UL>
<BR>[Called By]<UL><LI><a href="#[31]">&gt;&gt;</a>&nbsp;&nbsp;&nbsp;__aeabi_dadd
<LI><a href="#[38]">&gt;&gt;</a>&nbsp;&nbsp;&nbsp;__aeabi_dmul
</UL>

<P><STRONG><a name="[3c]"></a>__aeabi_ddiv</STRONG> (Thumb, 234 bytes, Stack size 40 bytes, ddiv.o(.text), UNUSED)
<BR><BR>[Calls]<UL><LI><a href="#[35]">&gt;&gt;</a>&nbsp;&nbsp;&nbsp;_double_round
</UL>
<BR>[Called By]<UL><LI><a href="#[ae]">&gt;&gt;</a>&nbsp;&nbsp;&nbsp;_fp_digits
</UL>

<P><STRONG><a name="[3d]"></a>__aeabi_d2ulz</STRONG> (Thumb, 54 bytes, Stack size 8 bytes, dfixul.o(.text), UNUSED)
<BR><BR>[Calls]<UL><LI><a href="#[3a]">&gt;&gt;</a>&nbsp;&nbsp;&nbsp;__aeabi_llsr
<LI><a href="#[32]">&gt;&gt;</a>&nbsp;&nbsp;&nbsp;__aeabi_llsl
</UL>
<BR>[Called By]<UL><LI><a href="#[ae]">&gt;&gt;</a>&nbsp;&nbsp;&nbsp;_fp_digits
</UL>

<P><STRONG><a name="[af]"></a>__aeabi_cdrcmple</STRONG> (Thumb, 38 bytes, Stack size 0 bytes, cdrcmple.o(.text), UNUSED)
<BR><BR>[Called By]<UL><LI><a href="#[ae]">&gt;&gt;</a>&nbsp;&nbsp;&nbsp;_fp_digits
</UL>

<P><STRONG><a name="[30]"></a>__scatterload</STRONG> (Thumb, 38 bytes, Stack size 0 bytes, init.o(.text))
<BR><BR>[Calls]<UL><LI><a href="#[3e]">&gt;&gt;</a>&nbsp;&nbsp;&nbsp;__main_after_scatterload
</UL>
<BR>[Called By]<UL><LI><a href="#[2f]">&gt;&gt;</a>&nbsp;&nbsp;&nbsp;_main_scatterload
</UL>

<P><STRONG><a name="[bf]"></a>__scatterload_rt2</STRONG> (Thumb, 0 bytes, Stack size 0 bytes, init.o(.text), UNUSED)

<P><STRONG><a name="[c0]"></a>__aeabi_uidiv$div0</STRONG> (Thumb, 0 bytes, Stack size 16 bytes, uidiv_div0.o(.text), UNUSED)

<P><STRONG><a name="[b2]"></a>__aeabi_uidivmod</STRONG> (Thumb, 62 bytes, Stack size 16 bytes, uidiv_div0.o(.text), UNUSED)
<BR><BR>[Called By]<UL><LI><a href="#[ad]">&gt;&gt;</a>&nbsp;&nbsp;&nbsp;_printf_core
</UL>

<P><STRONG><a name="[3f]"></a>ADC_Config</STRONG> (Thumb, 90 bytes, Stack size 16 bytes, bsp_adc.o(.text.ADC_Config))
<BR><BR>[Stack]<UL><LI>Max Depth = 52<LI>Call Chain = ADC_Config &rArr; adc_routine_channel_config
</UL>
<BR>[Calls]<UL><LI><a href="#[48]">&gt;&gt;</a>&nbsp;&nbsp;&nbsp;adc_enable
<LI><a href="#[47]">&gt;&gt;</a>&nbsp;&nbsp;&nbsp;adc_dma_mode_enable
<LI><a href="#[46]">&gt;&gt;</a>&nbsp;&nbsp;&nbsp;adc_external_trigger_config
<LI><a href="#[45]">&gt;&gt;</a>&nbsp;&nbsp;&nbsp;adc_external_trigger_source_config
<LI><a href="#[44]">&gt;&gt;</a>&nbsp;&nbsp;&nbsp;adc_routine_channel_config
<LI><a href="#[43]">&gt;&gt;</a>&nbsp;&nbsp;&nbsp;adc_channel_length_config
<LI><a href="#[42]">&gt;&gt;</a>&nbsp;&nbsp;&nbsp;adc_data_alignment_config
<LI><a href="#[41]">&gt;&gt;</a>&nbsp;&nbsp;&nbsp;adc_special_function_config
<LI><a href="#[40]">&gt;&gt;</a>&nbsp;&nbsp;&nbsp;adc_deinit
<LI><a href="#[49]">&gt;&gt;</a>&nbsp;&nbsp;&nbsp;delay_1ms
</UL>
<BR>[Called By]<UL><LI><a href="#[57]">&gt;&gt;</a>&nbsp;&nbsp;&nbsp;ADC_UserInit
</UL>

<P><STRONG><a name="[4a]"></a>ADC_Sampling_Start</STRONG> (Thumb, 40 bytes, Stack size 16 bytes, bsp_adc.o(.text.ADC_Sampling_Start))
<BR><BR>[Stack]<UL><LI>Max Depth = 28<LI>Call Chain = ADC_Sampling_Start &rArr; dma_transfer_number_config
</UL>
<BR>[Calls]<UL><LI><a href="#[4e]">&gt;&gt;</a>&nbsp;&nbsp;&nbsp;timer_enable
<LI><a href="#[4d]">&gt;&gt;</a>&nbsp;&nbsp;&nbsp;dma_channel_enable
<LI><a href="#[4c]">&gt;&gt;</a>&nbsp;&nbsp;&nbsp;dma_transfer_number_config
<LI><a href="#[4b]">&gt;&gt;</a>&nbsp;&nbsp;&nbsp;dma_channel_disable
</UL>
<BR>[Called By]<UL><LI><a href="#[81]">&gt;&gt;</a>&nbsp;&nbsp;&nbsp;MeasTask
</UL>

<P><STRONG><a name="[4f]"></a>ADC_Sampling_Stop</STRONG> (Thumb, 12 bytes, Stack size 8 bytes, bsp_adc.o(.text.ADC_Sampling_Stop))
<BR><BR>[Stack]<UL><LI>Max Depth = 12<LI>Call Chain = ADC_Sampling_Stop &rArr; timer_disable
</UL>
<BR>[Calls]<UL><LI><a href="#[50]">&gt;&gt;</a>&nbsp;&nbsp;&nbsp;timer_disable
</UL>
<BR>[Called By]<UL><LI><a href="#[f]">&gt;&gt;</a>&nbsp;&nbsp;&nbsp;DMA_Channel0_IRQHandler
</UL>

<P><STRONG><a name="[51]"></a>ADC_TIMER_Config</STRONG> (Thumb, 64 bytes, Stack size 32 bytes, bsp_adc.o(.text.ADC_TIMER_Config))
<BR><BR>[Stack]<UL><LI>Max Depth = 76<LI>Call Chain = ADC_TIMER_Config &rArr; timer_deinit &rArr; rcu_periph_reset_disable
</UL>
<BR>[Calls]<UL><LI><a href="#[56]">&gt;&gt;</a>&nbsp;&nbsp;&nbsp;timer_master_output_trigger_source_select
<LI><a href="#[55]">&gt;&gt;</a>&nbsp;&nbsp;&nbsp;timer_auto_reload_shadow_enable
<LI><a href="#[54]">&gt;&gt;</a>&nbsp;&nbsp;&nbsp;timer_init
<LI><a href="#[53]">&gt;&gt;</a>&nbsp;&nbsp;&nbsp;timer_struct_para_init
<LI><a href="#[52]">&gt;&gt;</a>&nbsp;&nbsp;&nbsp;timer_deinit
</UL>
<BR>[Called By]<UL><LI><a href="#[57]">&gt;&gt;</a>&nbsp;&nbsp;&nbsp;ADC_UserInit
</UL>

<P><STRONG><a name="[57]"></a>ADC_UserInit</STRONG> (Thumb, 24 bytes, Stack size 8 bytes, bsp_adc.o(.text.ADC_UserInit))
<BR><BR>[Stack]<UL><LI>Max Depth = 112<LI>Call Chain = ADC_UserInit &rArr; DMA_Config &rArr; nvic_irq_enable &rArr; __NVIC_SetPriority
</UL>
<BR>[Calls]<UL><LI><a href="#[3f]">&gt;&gt;</a>&nbsp;&nbsp;&nbsp;ADC_Config
<LI><a href="#[5a]">&gt;&gt;</a>&nbsp;&nbsp;&nbsp;DMA_Config
<LI><a href="#[51]">&gt;&gt;</a>&nbsp;&nbsp;&nbsp;ADC_TIMER_Config
<LI><a href="#[59]">&gt;&gt;</a>&nbsp;&nbsp;&nbsp;GPIO_Config
<LI><a href="#[58]">&gt;&gt;</a>&nbsp;&nbsp;&nbsp;RCU_Config
</UL>
<BR>[Called By]<UL><LI><a href="#[5d]">&gt;&gt;</a>&nbsp;&nbsp;&nbsp;BSP_Init
</UL>

<P><STRONG><a name="[5b]"></a>AnalyzeTask</STRONG> (Thumb, 112 bytes, Stack size 16 bytes, task_analyze.o(.text.AnalyzeTask))
<BR><BR>[Stack]<UL><LI>Max Depth = 40<LI>Call Chain = AnalyzeTask &rArr; printf
</UL>
<BR>[Calls]<UL><LI><a href="#[5c]">&gt;&gt;</a>&nbsp;&nbsp;&nbsp;printf
</UL>
<BR>[Called By]<UL><LI><a href="#[2b]">&gt;&gt;</a>&nbsp;&nbsp;&nbsp;main
</UL>

<P><STRONG><a name="[5d]"></a>BSP_Init</STRONG> (Thumb, 20 bytes, Stack size 8 bytes, main.o(.text.BSP_Init))
<BR><BR>[Stack]<UL><LI>Max Depth = 128<LI>Call Chain = BSP_Init &rArr; GPIO_UserInit &rArr; gpio_output_options_set
</UL>
<BR>[Calls]<UL><LI><a href="#[57]">&gt;&gt;</a>&nbsp;&nbsp;&nbsp;ADC_UserInit
<LI><a href="#[60]">&gt;&gt;</a>&nbsp;&nbsp;&nbsp;PLS_SO_InterruptInit
<LI><a href="#[5f]">&gt;&gt;</a>&nbsp;&nbsp;&nbsp;GPIO_UserInit
<LI><a href="#[5e]">&gt;&gt;</a>&nbsp;&nbsp;&nbsp;systick_config
</UL>
<BR>[Called By]<UL><LI><a href="#[2b]">&gt;&gt;</a>&nbsp;&nbsp;&nbsp;main
</UL>

<P><STRONG><a name="[61]"></a>BtnGetState</STRONG> (Thumb, 14 bytes, Stack size 8 bytes, bsp_gpio.o(.text.BtnGetState))
<BR><BR>[Stack]<UL><LI>Max Depth = 20<LI>Call Chain = BtnGetState &rArr; gpio_input_bit_get
</UL>
<BR>[Calls]<UL><LI><a href="#[62]">&gt;&gt;</a>&nbsp;&nbsp;&nbsp;gpio_input_bit_get
</UL>
<BR>[Called By]<UL><LI><a href="#[63]">&gt;&gt;</a>&nbsp;&nbsp;&nbsp;BtnTask_Init
</UL>

<P><STRONG><a name="[63]"></a>BtnTask_Init</STRONG> (Thumb, 52 bytes, Stack size 16 bytes, task_btn.o(.text.BtnTask_Init))
<BR><BR>[Stack]<UL><LI>Max Depth = 36<LI>Call Chain = BtnTask_Init &rArr; BtnGetState &rArr; gpio_input_bit_get
</UL>
<BR>[Calls]<UL><LI><a href="#[61]">&gt;&gt;</a>&nbsp;&nbsp;&nbsp;BtnGetState
<LI><a href="#[64]">&gt;&gt;</a>&nbsp;&nbsp;&nbsp;Led_SetMode
</UL>
<BR>[Called By]<UL><LI><a href="#[94]">&gt;&gt;</a>&nbsp;&nbsp;&nbsp;Task_Init
</UL>

<P><STRONG><a name="[f]"></a>DMA_Channel0_IRQHandler</STRONG> (Thumb, 36 bytes, Stack size 8 bytes, bsp_adc.o(.text.DMA_Channel0_IRQHandler))
<BR><BR>[Stack]<UL><LI>Max Depth = 32<LI>Call Chain = DMA_Channel0_IRQHandler &rArr; dma_interrupt_flag_get
</UL>
<BR>[Calls]<UL><LI><a href="#[4f]">&gt;&gt;</a>&nbsp;&nbsp;&nbsp;ADC_Sampling_Stop
<LI><a href="#[66]">&gt;&gt;</a>&nbsp;&nbsp;&nbsp;dma_interrupt_flag_clear
<LI><a href="#[65]">&gt;&gt;</a>&nbsp;&nbsp;&nbsp;dma_interrupt_flag_get
</UL>
<BR>[Address Reference Count : 1]<UL><LI> startup_gd32c231_221.o(RESET)
</UL>
<P><STRONG><a name="[5a]"></a>DMA_Config</STRONG> (Thumb, 108 bytes, Stack size 56 bytes, bsp_adc.o(.text.DMA_Config))
<BR><BR>[Stack]<UL><LI>Max Depth = 104<LI>Call Chain = DMA_Config &rArr; nvic_irq_enable &rArr; __NVIC_SetPriority
</UL>
<BR>[Calls]<UL><LI><a href="#[6d]">&gt;&gt;</a>&nbsp;&nbsp;&nbsp;nvic_irq_enable
<LI><a href="#[6c]">&gt;&gt;</a>&nbsp;&nbsp;&nbsp;dma_interrupt_enable
<LI><a href="#[6b]">&gt;&gt;</a>&nbsp;&nbsp;&nbsp;dmamux_synchronization_disable
<LI><a href="#[6a]">&gt;&gt;</a>&nbsp;&nbsp;&nbsp;dma_circulation_disable
<LI><a href="#[69]">&gt;&gt;</a>&nbsp;&nbsp;&nbsp;dma_init
<LI><a href="#[68]">&gt;&gt;</a>&nbsp;&nbsp;&nbsp;dma_struct_para_init
<LI><a href="#[67]">&gt;&gt;</a>&nbsp;&nbsp;&nbsp;dma_deinit
</UL>
<BR>[Called By]<UL><LI><a href="#[57]">&gt;&gt;</a>&nbsp;&nbsp;&nbsp;ADC_UserInit
</UL>

<P><STRONG><a name="[1d]"></a>EXTI5_9_IRQHandler</STRONG> (Thumb, 40 bytes, Stack size 8 bytes, gd32c2x1_it.o(.text.EXTI5_9_IRQHandler))
<BR><BR>[Stack]<UL><LI>Max Depth = 16<LI>Call Chain = EXTI5_9_IRQHandler &rArr; exti_interrupt_flag_get
</UL>
<BR>[Calls]<UL><LI><a href="#[6f]">&gt;&gt;</a>&nbsp;&nbsp;&nbsp;exti_interrupt_flag_clear
<LI><a href="#[6e]">&gt;&gt;</a>&nbsp;&nbsp;&nbsp;exti_interrupt_flag_get
</UL>
<BR>[Address Reference Count : 1]<UL><LI> startup_gd32c231_221.o(RESET)
</UL>
<P><STRONG><a name="[59]"></a>GPIO_Config</STRONG> (Thumb, 18 bytes, Stack size 8 bytes, bsp_adc.o(.text.GPIO_Config))
<BR><BR>[Stack]<UL><LI>Max Depth = 36<LI>Call Chain = GPIO_Config &rArr; gpio_mode_set
</UL>
<BR>[Calls]<UL><LI><a href="#[70]">&gt;&gt;</a>&nbsp;&nbsp;&nbsp;gpio_mode_set
</UL>
<BR>[Called By]<UL><LI><a href="#[57]">&gt;&gt;</a>&nbsp;&nbsp;&nbsp;ADC_UserInit
</UL>

<P><STRONG><a name="[5f]"></a>GPIO_UserInit</STRONG> (Thumb, 456 bytes, Stack size 88 bytes, bsp_gpio.o(.text.GPIO_UserInit))
<BR><BR>[Stack]<UL><LI>Max Depth = 120<LI>Call Chain = GPIO_UserInit &rArr; gpio_output_options_set
</UL>
<BR>[Calls]<UL><LI><a href="#[75]">&gt;&gt;</a>&nbsp;&nbsp;&nbsp;rcu_ckout1_config
<LI><a href="#[74]">&gt;&gt;</a>&nbsp;&nbsp;&nbsp;rcu_ckout0_config
<LI><a href="#[73]">&gt;&gt;</a>&nbsp;&nbsp;&nbsp;gpio_af_set
<LI><a href="#[72]">&gt;&gt;</a>&nbsp;&nbsp;&nbsp;gpio_output_options_set
<LI><a href="#[70]">&gt;&gt;</a>&nbsp;&nbsp;&nbsp;gpio_mode_set
<LI><a href="#[71]">&gt;&gt;</a>&nbsp;&nbsp;&nbsp;rcu_periph_clock_enable
</UL>
<BR>[Called By]<UL><LI><a href="#[5d]">&gt;&gt;</a>&nbsp;&nbsp;&nbsp;BSP_Init
</UL>

<P><STRONG><a name="[2]"></a>HardFault_Handler</STRONG> (Thumb, 4 bytes, Stack size 0 bytes, gd32c2x1_it.o(.text.HardFault_Handler))
<BR>[Address Reference Count : 1]<UL><LI> startup_gd32c231_221.o(RESET)
</UL>
<P><STRONG><a name="[76]"></a>ISL700_Write_Reg</STRONG> (Thumb, 260 bytes, Stack size 48 bytes, isl700_2a.o(.text.ISL700_Write_Reg))
<BR><BR>[Stack]<UL><LI>Max Depth = 196<LI>Call Chain = ISL700_Write_Reg &rArr; isl_calc_crc &rArr; crc8_calc
</UL>
<BR>[Calls]<UL><LI><a href="#[79]">&gt;&gt;</a>&nbsp;&nbsp;&nbsp;gpio_bit_set
<LI><a href="#[77]">&gt;&gt;</a>&nbsp;&nbsp;&nbsp;gpio_bit_reset
<LI><a href="#[7b]">&gt;&gt;</a>&nbsp;&nbsp;&nbsp;isl_send_field
<LI><a href="#[7a]">&gt;&gt;</a>&nbsp;&nbsp;&nbsp;isl_calc_crc
<LI><a href="#[78]">&gt;&gt;</a>&nbsp;&nbsp;&nbsp;isl_delay
<LI><a href="#[62]">&gt;&gt;</a>&nbsp;&nbsp;&nbsp;gpio_input_bit_get
</UL>
<BR>[Called By]<UL><LI><a href="#[86]">&gt;&gt;</a>&nbsp;&nbsp;&nbsp;ParamSrv_ApplyToIC
</UL>

<P><STRONG><a name="[80]"></a>LedClr</STRONG> (Thumb, 28 bytes, Stack size 4 bytes, bsp_gpio.o(.text.LedClr))
<BR><BR>[Stack]<UL><LI>Max Depth = 4<LI>Call Chain = LedClr
</UL>
<BR>[Called By]<UL><LI><a href="#[7e]">&gt;&gt;</a>&nbsp;&nbsp;&nbsp;Led_SetWork
<LI><a href="#[7d]">&gt;&gt;</a>&nbsp;&nbsp;&nbsp;Led_SetPwr
</UL>

<P><STRONG><a name="[7f]"></a>LedSet</STRONG> (Thumb, 28 bytes, Stack size 4 bytes, bsp_gpio.o(.text.LedSet))
<BR><BR>[Stack]<UL><LI>Max Depth = 4<LI>Call Chain = LedSet
</UL>
<BR>[Called By]<UL><LI><a href="#[7e]">&gt;&gt;</a>&nbsp;&nbsp;&nbsp;Led_SetWork
<LI><a href="#[7d]">&gt;&gt;</a>&nbsp;&nbsp;&nbsp;Led_SetPwr
</UL>

<P><STRONG><a name="[7c]"></a>LedTask_Init</STRONG> (Thumb, 36 bytes, Stack size 16 bytes, task_led.o(.text.LedTask_Init))
<BR><BR>[Stack]<UL><LI>Max Depth = 36<LI>Call Chain = LedTask_Init &rArr; Led_SetWork &rArr; LedClr
</UL>
<BR>[Calls]<UL><LI><a href="#[7e]">&gt;&gt;</a>&nbsp;&nbsp;&nbsp;Led_SetWork
<LI><a href="#[7d]">&gt;&gt;</a>&nbsp;&nbsp;&nbsp;Led_SetPwr
</UL>
<BR>[Called By]<UL><LI><a href="#[94]">&gt;&gt;</a>&nbsp;&nbsp;&nbsp;Task_Init
</UL>

<P><STRONG><a name="[64]"></a>Led_SetMode</STRONG> (Thumb, 24 bytes, Stack size 4 bytes, task_led.o(.text.Led_SetMode))
<BR><BR>[Stack]<UL><LI>Max Depth = 4<LI>Call Chain = Led_SetMode
</UL>
<BR>[Called By]<UL><LI><a href="#[63]">&gt;&gt;</a>&nbsp;&nbsp;&nbsp;BtnTask_Init
</UL>

<P><STRONG><a name="[7d]"></a>Led_SetPwr</STRONG> (Thumb, 38 bytes, Stack size 16 bytes, task_led.o(.text.Led_SetPwr))
<BR><BR>[Stack]<UL><LI>Max Depth = 20<LI>Call Chain = Led_SetPwr &rArr; LedClr
</UL>
<BR>[Calls]<UL><LI><a href="#[80]">&gt;&gt;</a>&nbsp;&nbsp;&nbsp;LedClr
<LI><a href="#[7f]">&gt;&gt;</a>&nbsp;&nbsp;&nbsp;LedSet
</UL>
<BR>[Called By]<UL><LI><a href="#[7c]">&gt;&gt;</a>&nbsp;&nbsp;&nbsp;LedTask_Init
</UL>

<P><STRONG><a name="[7e]"></a>Led_SetWork</STRONG> (Thumb, 38 bytes, Stack size 16 bytes, task_led.o(.text.Led_SetWork))
<BR><BR>[Stack]<UL><LI>Max Depth = 20<LI>Call Chain = Led_SetWork &rArr; LedClr
</UL>
<BR>[Calls]<UL><LI><a href="#[80]">&gt;&gt;</a>&nbsp;&nbsp;&nbsp;LedClr
<LI><a href="#[7f]">&gt;&gt;</a>&nbsp;&nbsp;&nbsp;LedSet
</UL>
<BR>[Called By]<UL><LI><a href="#[7c]">&gt;&gt;</a>&nbsp;&nbsp;&nbsp;LedTask_Init
</UL>

<P><STRONG><a name="[81]"></a>MeasTask</STRONG> (Thumb, 56 bytes, Stack size 8 bytes, task_meas.o(.text.MeasTask))
<BR><BR>[Stack]<UL><LI>Max Depth = 36<LI>Call Chain = MeasTask &rArr; ADC_Sampling_Start &rArr; dma_transfer_number_config
</UL>
<BR>[Calls]<UL><LI><a href="#[5c]">&gt;&gt;</a>&nbsp;&nbsp;&nbsp;printf
<LI><a href="#[4a]">&gt;&gt;</a>&nbsp;&nbsp;&nbsp;ADC_Sampling_Start
<LI><a href="#[82]">&gt;&gt;</a>&nbsp;&nbsp;&nbsp;SwitchAdcBuffer
<LI><a href="#[62]">&gt;&gt;</a>&nbsp;&nbsp;&nbsp;gpio_input_bit_get
</UL>
<BR>[Called By]<UL><LI><a href="#[2b]">&gt;&gt;</a>&nbsp;&nbsp;&nbsp;main
</UL>

<P><STRONG><a name="[1]"></a>NMI_Handler</STRONG> (Thumb, 62 bytes, Stack size 8 bytes, gd32c2x1_it.o(.text.NMI_Handler))
<BR><BR>[Stack]<UL><LI>Max Depth = 16<LI>Call Chain = NMI_Handler &rArr; syscfg_interrupt_flag_get
</UL>
<BR>[Calls]<UL><LI><a href="#[83]">&gt;&gt;</a>&nbsp;&nbsp;&nbsp;syscfg_interrupt_flag_get
</UL>
<BR>[Address Reference Count : 1]<UL><LI> startup_gd32c231_221.o(RESET)
</UL>
<P><STRONG><a name="[60]"></a>PLS_SO_InterruptInit</STRONG> (Thumb, 96 bytes, Stack size 24 bytes, bsp_exit.o(.text.PLS_SO_InterruptInit))
<BR><BR>[Stack]<UL><LI>Max Depth = 72<LI>Call Chain = PLS_SO_InterruptInit &rArr; nvic_irq_enable &rArr; __NVIC_SetPriority
</UL>
<BR>[Calls]<UL><LI><a href="#[85]">&gt;&gt;</a>&nbsp;&nbsp;&nbsp;exti_init
<LI><a href="#[84]">&gt;&gt;</a>&nbsp;&nbsp;&nbsp;syscfg_exti_line_config
<LI><a href="#[6d]">&gt;&gt;</a>&nbsp;&nbsp;&nbsp;nvic_irq_enable
<LI><a href="#[70]">&gt;&gt;</a>&nbsp;&nbsp;&nbsp;gpio_mode_set
<LI><a href="#[71]">&gt;&gt;</a>&nbsp;&nbsp;&nbsp;rcu_periph_clock_enable
<LI><a href="#[62]">&gt;&gt;</a>&nbsp;&nbsp;&nbsp;gpio_input_bit_get
<LI><a href="#[6f]">&gt;&gt;</a>&nbsp;&nbsp;&nbsp;exti_interrupt_flag_clear
</UL>
<BR>[Called By]<UL><LI><a href="#[5d]">&gt;&gt;</a>&nbsp;&nbsp;&nbsp;BSP_Init
</UL>

<P><STRONG><a name="[86]"></a>ParamSrv_ApplyToIC</STRONG> (Thumb, 12 bytes, Stack size 8 bytes, task_init.o(.text.ParamSrv_ApplyToIC))
<BR><BR>[Stack]<UL><LI>Max Depth = 204<LI>Call Chain = ParamSrv_ApplyToIC &rArr; ISL700_Write_Reg &rArr; isl_calc_crc &rArr; crc8_calc
</UL>
<BR>[Calls]<UL><LI><a href="#[76]">&gt;&gt;</a>&nbsp;&nbsp;&nbsp;ISL700_Write_Reg
</UL>
<BR>[Called By]<UL><LI><a href="#[94]">&gt;&gt;</a>&nbsp;&nbsp;&nbsp;Task_Init
</UL>

<P><STRONG><a name="[87]"></a>ParamSrv_Init</STRONG> (Thumb, 40 bytes, Stack size 16 bytes, task_init.o(.text.ParamSrv_Init))
<BR><BR>[Stack]<UL><LI>Max Depth = 300<LI>Call Chain = ParamSrv_Init &rArr; nvm_param_init &rArr; save_to_flash &rArr; flash_write_buffer &rArr; fmc_doubleword_program &rArr; fmc_ready_wait &rArr; fmc_state_get
</UL>
<BR>[Calls]<UL><LI><a href="#[89]">&gt;&gt;</a>&nbsp;&nbsp;&nbsp;ParamSrv_Load
<LI><a href="#[88]">&gt;&gt;</a>&nbsp;&nbsp;&nbsp;nvm_param_init
</UL>
<BR>[Called By]<UL><LI><a href="#[94]">&gt;&gt;</a>&nbsp;&nbsp;&nbsp;Task_Init
</UL>

<P><STRONG><a name="[89]"></a>ParamSrv_Load</STRONG> (Thumb, 48 bytes, Stack size 16 bytes, task_init.o(.text.ParamSrv_Load))
<BR><BR>[Stack]<UL><LI>Max Depth = 16<LI>Call Chain = ParamSrv_Load
</UL>
<BR>[Calls]<UL><LI><a href="#[8a]">&gt;&gt;</a>&nbsp;&nbsp;&nbsp;__aeabi_memcpy
</UL>
<BR>[Called By]<UL><LI><a href="#[87]">&gt;&gt;</a>&nbsp;&nbsp;&nbsp;ParamSrv_Init
</UL>

<P><STRONG><a name="[4]"></a>PendSV_Handler</STRONG> (Thumb, 4 bytes, Stack size 0 bytes, gd32c2x1_it.o(.text.PendSV_Handler))
<BR>[Address Reference Count : 1]<UL><LI> startup_gd32c231_221.o(RESET)
</UL>
<P><STRONG><a name="[58]"></a>RCU_Config</STRONG> (Thumb, 44 bytes, Stack size 8 bytes, bsp_adc.o(.text.RCU_Config))
<BR><BR>[Stack]<UL><LI>Max Depth = 20<LI>Call Chain = RCU_Config &rArr; rcu_adc_clock_config
</UL>
<BR>[Calls]<UL><LI><a href="#[8b]">&gt;&gt;</a>&nbsp;&nbsp;&nbsp;rcu_adc_clock_config
<LI><a href="#[71]">&gt;&gt;</a>&nbsp;&nbsp;&nbsp;rcu_periph_clock_enable
</UL>
<BR>[Called By]<UL><LI><a href="#[57]">&gt;&gt;</a>&nbsp;&nbsp;&nbsp;ADC_UserInit
</UL>

<P><STRONG><a name="[8c]"></a>SEGGER_RTT_PutChar</STRONG> (Thumb, 156 bytes, Stack size 32 bytes, segger_rtt.o(.text.SEGGER_RTT_PutChar))
<BR><BR>[Stack]<UL><LI>Max Depth = 48<LI>Call Chain = SEGGER_RTT_PutChar &rArr; _DoInit
</UL>
<BR>[Calls]<UL><LI><a href="#[8d]">&gt;&gt;</a>&nbsp;&nbsp;&nbsp;_DoInit
</UL>
<BR>[Called By]<UL><LI><a href="#[2e]">&gt;&gt;</a>&nbsp;&nbsp;&nbsp;fputc
</UL>

<P><STRONG><a name="[3]"></a>SVC_Handler</STRONG> (Thumb, 4 bytes, Stack size 0 bytes, gd32c2x1_it.o(.text.SVC_Handler))
<BR>[Address Reference Count : 1]<UL><LI> startup_gd32c231_221.o(RESET)
</UL>
<P><STRONG><a name="[82]"></a>SwitchAdcBuffer</STRONG> (Thumb, 40 bytes, Stack size 16 bytes, bsp_adc.o(.text.SwitchAdcBuffer))
<BR><BR>[Stack]<UL><LI>Max Depth = 28<LI>Call Chain = SwitchAdcBuffer &rArr; dma_memory_address_config
</UL>
<BR>[Calls]<UL><LI><a href="#[8e]">&gt;&gt;</a>&nbsp;&nbsp;&nbsp;dma_memory_address_config
<LI><a href="#[4d]">&gt;&gt;</a>&nbsp;&nbsp;&nbsp;dma_channel_enable
<LI><a href="#[4c]">&gt;&gt;</a>&nbsp;&nbsp;&nbsp;dma_transfer_number_config
<LI><a href="#[4b]">&gt;&gt;</a>&nbsp;&nbsp;&nbsp;dma_channel_disable
</UL>
<BR>[Called By]<UL><LI><a href="#[81]">&gt;&gt;</a>&nbsp;&nbsp;&nbsp;MeasTask
</UL>

<P><STRONG><a name="[5]"></a>SysTick_Handler</STRONG> (Thumb, 16 bytes, Stack size 8 bytes, gd32c2x1_it.o(.text.SysTick_Handler))
<BR><BR>[Stack]<UL><LI>Max Depth = 8<LI>Call Chain = SysTick_Handler
</UL>
<BR>[Calls]<UL><LI><a href="#[91]">&gt;&gt;</a>&nbsp;&nbsp;&nbsp;delay_decrement
</UL>
<BR>[Address Reference Count : 1]<UL><LI> startup_gd32c231_221.o(RESET)
</UL>
<P><STRONG><a name="[2c]"></a>SystemInit</STRONG> (Thumb, 96 bytes, Stack size 16 bytes, system_gd32c2x1.o(.text.SystemInit))
<BR><BR>[Stack]<UL><LI>Max Depth = 56<LI>Call Chain = SystemInit &rArr; system_clock_config &rArr; system_clock_irc48m &rArr; rcu_irc48mdiv_sys_clock_config
</UL>
<BR>[Calls]<UL><LI><a href="#[92]">&gt;&gt;</a>&nbsp;&nbsp;&nbsp;system_clock_config
<LI><a href="#[93]">&gt;&gt;</a>&nbsp;&nbsp;&nbsp;nvic_vector_table_set
</UL>
<BR>[Address Reference Count : 1]<UL><LI> startup_gd32c231_221.o(.text)
</UL>
<P><STRONG><a name="[94]"></a>Task_Init</STRONG> (Thumb, 20 bytes, Stack size 8 bytes, task_init.o(.text.Task_Init))
<BR><BR>[Stack]<UL><LI>Max Depth = 308<LI>Call Chain = Task_Init &rArr; ParamSrv_Init &rArr; nvm_param_init &rArr; save_to_flash &rArr; flash_write_buffer &rArr; fmc_doubleword_program &rArr; fmc_ready_wait &rArr; fmc_state_get
</UL>
<BR>[Calls]<UL><LI><a href="#[86]">&gt;&gt;</a>&nbsp;&nbsp;&nbsp;ParamSrv_ApplyToIC
<LI><a href="#[87]">&gt;&gt;</a>&nbsp;&nbsp;&nbsp;ParamSrv_Init
<LI><a href="#[63]">&gt;&gt;</a>&nbsp;&nbsp;&nbsp;BtnTask_Init
<LI><a href="#[7c]">&gt;&gt;</a>&nbsp;&nbsp;&nbsp;LedTask_Init
</UL>
<BR>[Called By]<UL><LI><a href="#[2b]">&gt;&gt;</a>&nbsp;&nbsp;&nbsp;main
</UL>

<P><STRONG><a name="[43]"></a>adc_channel_length_config</STRONG> (Thumb, 128 bytes, Stack size 12 bytes, gd32c2x1_adc.o(.text.adc_channel_length_config))
<BR><BR>[Stack]<UL><LI>Max Depth = 12<LI>Call Chain = adc_channel_length_config
</UL>
<BR>[Called By]<UL><LI><a href="#[3f]">&gt;&gt;</a>&nbsp;&nbsp;&nbsp;ADC_Config
</UL>

<P><STRONG><a name="[42]"></a>adc_data_alignment_config</STRONG> (Thumb, 44 bytes, Stack size 4 bytes, gd32c2x1_adc.o(.text.adc_data_alignment_config))
<BR><BR>[Stack]<UL><LI>Max Depth = 4<LI>Call Chain = adc_data_alignment_config
</UL>
<BR>[Called By]<UL><LI><a href="#[3f]">&gt;&gt;</a>&nbsp;&nbsp;&nbsp;ADC_Config
</UL>

<P><STRONG><a name="[40]"></a>adc_deinit</STRONG> (Thumb, 24 bytes, Stack size 16 bytes, gd32c2x1_adc.o(.text.adc_deinit))
<BR><BR>[Stack]<UL><LI>Max Depth = 20<LI>Call Chain = adc_deinit &rArr; rcu_periph_reset_disable
</UL>
<BR>[Calls]<UL><LI><a href="#[97]">&gt;&gt;</a>&nbsp;&nbsp;&nbsp;rcu_periph_reset_disable
<LI><a href="#[96]">&gt;&gt;</a>&nbsp;&nbsp;&nbsp;rcu_periph_reset_enable
</UL>
<BR>[Called By]<UL><LI><a href="#[3f]">&gt;&gt;</a>&nbsp;&nbsp;&nbsp;ADC_Config
</UL>

<P><STRONG><a name="[47]"></a>adc_dma_mode_enable</STRONG> (Thumb, 16 bytes, Stack size 0 bytes, gd32c2x1_adc.o(.text.adc_dma_mode_enable))
<BR><BR>[Called By]<UL><LI><a href="#[3f]">&gt;&gt;</a>&nbsp;&nbsp;&nbsp;ADC_Config
</UL>

<P><STRONG><a name="[48]"></a>adc_enable</STRONG> (Thumb, 24 bytes, Stack size 0 bytes, gd32c2x1_adc.o(.text.adc_enable))
<BR><BR>[Called By]<UL><LI><a href="#[3f]">&gt;&gt;</a>&nbsp;&nbsp;&nbsp;ADC_Config
</UL>

<P><STRONG><a name="[46]"></a>adc_external_trigger_config</STRONG> (Thumb, 128 bytes, Stack size 8 bytes, gd32c2x1_adc.o(.text.adc_external_trigger_config))
<BR><BR>[Stack]<UL><LI>Max Depth = 8<LI>Call Chain = adc_external_trigger_config
</UL>
<BR>[Called By]<UL><LI><a href="#[3f]">&gt;&gt;</a>&nbsp;&nbsp;&nbsp;ADC_Config
</UL>

<P><STRONG><a name="[45]"></a>adc_external_trigger_source_config</STRONG> (Thumb, 84 bytes, Stack size 12 bytes, gd32c2x1_adc.o(.text.adc_external_trigger_source_config))
<BR><BR>[Stack]<UL><LI>Max Depth = 12<LI>Call Chain = adc_external_trigger_source_config
</UL>
<BR>[Called By]<UL><LI><a href="#[3f]">&gt;&gt;</a>&nbsp;&nbsp;&nbsp;ADC_Config
</UL>

<P><STRONG><a name="[44]"></a>adc_routine_channel_config</STRONG> (Thumb, 320 bytes, Stack size 36 bytes, gd32c2x1_adc.o(.text.adc_routine_channel_config))
<BR><BR>[Stack]<UL><LI>Max Depth = 36<LI>Call Chain = adc_routine_channel_config
</UL>
<BR>[Called By]<UL><LI><a href="#[3f]">&gt;&gt;</a>&nbsp;&nbsp;&nbsp;ADC_Config
</UL>

<P><STRONG><a name="[41]"></a>adc_special_function_config</STRONG> (Thumb, 172 bytes, Stack size 8 bytes, gd32c2x1_adc.o(.text.adc_special_function_config))
<BR><BR>[Stack]<UL><LI>Max Depth = 8<LI>Call Chain = adc_special_function_config
</UL>
<BR>[Called By]<UL><LI><a href="#[3f]">&gt;&gt;</a>&nbsp;&nbsp;&nbsp;ADC_Config
</UL>

<P><STRONG><a name="[a2]"></a>crc8_calc</STRONG> (Thumb, 60 bytes, Stack size 12 bytes, crc_8.o(.text.crc8_calc))
<BR><BR>[Stack]<UL><LI>Max Depth = 12<LI>Call Chain = crc8_calc
</UL>
<BR>[Called By]<UL><LI><a href="#[7a]">&gt;&gt;</a>&nbsp;&nbsp;&nbsp;isl_calc_crc
</UL>

<P><STRONG><a name="[49]"></a>delay_1ms</STRONG> (Thumb, 28 bytes, Stack size 4 bytes, systick.o(.text.delay_1ms))
<BR><BR>[Stack]<UL><LI>Max Depth = 4<LI>Call Chain = delay_1ms
</UL>
<BR>[Called By]<UL><LI><a href="#[3f]">&gt;&gt;</a>&nbsp;&nbsp;&nbsp;ADC_Config
<LI><a href="#[2b]">&gt;&gt;</a>&nbsp;&nbsp;&nbsp;main
</UL>

<P><STRONG><a name="[a3]"></a>delay_1us</STRONG> (Thumb, 120 bytes, Stack size 24 bytes, systick.o(.text.delay_1us))
<BR><BR>[Stack]<UL><LI>Max Depth = 24<LI>Call Chain = delay_1us
</UL>
<BR>[Called By]<UL><LI><a href="#[78]">&gt;&gt;</a>&nbsp;&nbsp;&nbsp;isl_delay
</UL>

<P><STRONG><a name="[91]"></a>delay_decrement</STRONG> (Thumb, 20 bytes, Stack size 0 bytes, systick.o(.text.delay_decrement))
<BR><BR>[Called By]<UL><LI><a href="#[5]">&gt;&gt;</a>&nbsp;&nbsp;&nbsp;SysTick_Handler
</UL>

<P><STRONG><a name="[4b]"></a>dma_channel_disable</STRONG> (Thumb, 28 bytes, Stack size 4 bytes, gd32c2x1_dma.o(.text.dma_channel_disable))
<BR><BR>[Stack]<UL><LI>Max Depth = 4<LI>Call Chain = dma_channel_disable
</UL>
<BR>[Called By]<UL><LI><a href="#[69]">&gt;&gt;</a>&nbsp;&nbsp;&nbsp;dma_init
<LI><a href="#[4a]">&gt;&gt;</a>&nbsp;&nbsp;&nbsp;ADC_Sampling_Start
<LI><a href="#[82]">&gt;&gt;</a>&nbsp;&nbsp;&nbsp;SwitchAdcBuffer
</UL>

<P><STRONG><a name="[4d]"></a>dma_channel_enable</STRONG> (Thumb, 28 bytes, Stack size 4 bytes, gd32c2x1_dma.o(.text.dma_channel_enable))
<BR><BR>[Stack]<UL><LI>Max Depth = 4<LI>Call Chain = dma_channel_enable
</UL>
<BR>[Called By]<UL><LI><a href="#[4a]">&gt;&gt;</a>&nbsp;&nbsp;&nbsp;ADC_Sampling_Start
<LI><a href="#[82]">&gt;&gt;</a>&nbsp;&nbsp;&nbsp;SwitchAdcBuffer
</UL>

<P><STRONG><a name="[6a]"></a>dma_circulation_disable</STRONG> (Thumb, 28 bytes, Stack size 4 bytes, gd32c2x1_dma.o(.text.dma_circulation_disable))
<BR><BR>[Stack]<UL><LI>Max Depth = 4<LI>Call Chain = dma_circulation_disable
</UL>
<BR>[Called By]<UL><LI><a href="#[5a]">&gt;&gt;</a>&nbsp;&nbsp;&nbsp;DMA_Config
</UL>

<P><STRONG><a name="[67]"></a>dma_deinit</STRONG> (Thumb, 88 bytes, Stack size 20 bytes, gd32c2x1_dma.o(.text.dma_deinit))
<BR><BR>[Stack]<UL><LI>Max Depth = 20<LI>Call Chain = dma_deinit
</UL>
<BR>[Called By]<UL><LI><a href="#[5a]">&gt;&gt;</a>&nbsp;&nbsp;&nbsp;DMA_Config
</UL>

<P><STRONG><a name="[69]"></a>dma_init</STRONG> (Thumb, 316 bytes, Stack size 32 bytes, gd32c2x1_dma.o(.text.dma_init))
<BR><BR>[Stack]<UL><LI>Max Depth = 36<LI>Call Chain = dma_init &rArr; dma_channel_disable
</UL>
<BR>[Calls]<UL><LI><a href="#[4b]">&gt;&gt;</a>&nbsp;&nbsp;&nbsp;dma_channel_disable
</UL>
<BR>[Called By]<UL><LI><a href="#[5a]">&gt;&gt;</a>&nbsp;&nbsp;&nbsp;DMA_Config
</UL>

<P><STRONG><a name="[6c]"></a>dma_interrupt_enable</STRONG> (Thumb, 36 bytes, Stack size 8 bytes, gd32c2x1_dma.o(.text.dma_interrupt_enable))
<BR><BR>[Stack]<UL><LI>Max Depth = 8<LI>Call Chain = dma_interrupt_enable
</UL>
<BR>[Called By]<UL><LI><a href="#[5a]">&gt;&gt;</a>&nbsp;&nbsp;&nbsp;DMA_Config
</UL>

<P><STRONG><a name="[66]"></a>dma_interrupt_flag_clear</STRONG> (Thumb, 32 bytes, Stack size 8 bytes, gd32c2x1_dma.o(.text.dma_interrupt_flag_clear))
<BR><BR>[Stack]<UL><LI>Max Depth = 8<LI>Call Chain = dma_interrupt_flag_clear
</UL>
<BR>[Called By]<UL><LI><a href="#[f]">&gt;&gt;</a>&nbsp;&nbsp;&nbsp;DMA_Channel0_IRQHandler
</UL>

<P><STRONG><a name="[65]"></a>dma_interrupt_flag_get</STRONG> (Thumb, 192 bytes, Stack size 24 bytes, gd32c2x1_dma.o(.text.dma_interrupt_flag_get))
<BR><BR>[Stack]<UL><LI>Max Depth = 24<LI>Call Chain = dma_interrupt_flag_get
</UL>
<BR>[Called By]<UL><LI><a href="#[f]">&gt;&gt;</a>&nbsp;&nbsp;&nbsp;DMA_Channel0_IRQHandler
</UL>

<P><STRONG><a name="[8e]"></a>dma_memory_address_config</STRONG> (Thumb, 32 bytes, Stack size 12 bytes, gd32c2x1_dma.o(.text.dma_memory_address_config))
<BR><BR>[Stack]<UL><LI>Max Depth = 12<LI>Call Chain = dma_memory_address_config
</UL>
<BR>[Called By]<UL><LI><a href="#[82]">&gt;&gt;</a>&nbsp;&nbsp;&nbsp;SwitchAdcBuffer
</UL>

<P><STRONG><a name="[68]"></a>dma_struct_para_init</STRONG> (Thumb, 50 bytes, Stack size 4 bytes, gd32c2x1_dma.o(.text.dma_struct_para_init))
<BR><BR>[Stack]<UL><LI>Max Depth = 4<LI>Call Chain = dma_struct_para_init
</UL>
<BR>[Called By]<UL><LI><a href="#[5a]">&gt;&gt;</a>&nbsp;&nbsp;&nbsp;DMA_Config
</UL>

<P><STRONG><a name="[4c]"></a>dma_transfer_number_config</STRONG> (Thumb, 32 bytes, Stack size 12 bytes, gd32c2x1_dma.o(.text.dma_transfer_number_config))
<BR><BR>[Stack]<UL><LI>Max Depth = 12<LI>Call Chain = dma_transfer_number_config
</UL>
<BR>[Called By]<UL><LI><a href="#[4a]">&gt;&gt;</a>&nbsp;&nbsp;&nbsp;ADC_Sampling_Start
<LI><a href="#[82]">&gt;&gt;</a>&nbsp;&nbsp;&nbsp;SwitchAdcBuffer
</UL>

<P><STRONG><a name="[6b]"></a>dmamux_synchronization_disable</STRONG> (Thumb, 28 bytes, Stack size 4 bytes, gd32c2x1_dma.o(.text.dmamux_synchronization_disable))
<BR><BR>[Stack]<UL><LI>Max Depth = 4<LI>Call Chain = dmamux_synchronization_disable
</UL>
<BR>[Called By]<UL><LI><a href="#[5a]">&gt;&gt;</a>&nbsp;&nbsp;&nbsp;DMA_Config
</UL>

<P><STRONG><a name="[85]"></a>exti_init</STRONG> (Thumb, 208 bytes, Stack size 20 bytes, gd32c2x1_exti.o(.text.exti_init))
<BR><BR>[Stack]<UL><LI>Max Depth = 20<LI>Call Chain = exti_init
</UL>
<BR>[Called By]<UL><LI><a href="#[60]">&gt;&gt;</a>&nbsp;&nbsp;&nbsp;PLS_SO_InterruptInit
</UL>

<P><STRONG><a name="[6f]"></a>exti_interrupt_flag_clear</STRONG> (Thumb, 16 bytes, Stack size 4 bytes, gd32c2x1_exti.o(.text.exti_interrupt_flag_clear))
<BR><BR>[Stack]<UL><LI>Max Depth = 4<LI>Call Chain = exti_interrupt_flag_clear
</UL>
<BR>[Called By]<UL><LI><a href="#[60]">&gt;&gt;</a>&nbsp;&nbsp;&nbsp;PLS_SO_InterruptInit
<LI><a href="#[1d]">&gt;&gt;</a>&nbsp;&nbsp;&nbsp;EXTI5_9_IRQHandler
</UL>

<P><STRONG><a name="[6e]"></a>exti_interrupt_flag_get</STRONG> (Thumb, 48 bytes, Stack size 8 bytes, gd32c2x1_exti.o(.text.exti_interrupt_flag_get))
<BR><BR>[Stack]<UL><LI>Max Depth = 8<LI>Call Chain = exti_interrupt_flag_get
</UL>
<BR>[Called By]<UL><LI><a href="#[1d]">&gt;&gt;</a>&nbsp;&nbsp;&nbsp;EXTI5_9_IRQHandler
</UL>

<P><STRONG><a name="[a6]"></a>exti_software_interrupt_enable</STRONG> (Thumb, 20 bytes, Stack size 4 bytes, gd32c2x1_exti.o(.text.exti_software_interrupt_enable))
<BR><BR>[Stack]<UL><LI>Max Depth = 4<LI>Call Chain = exti_software_interrupt_enable
</UL>
<BR>[Called By]<UL><LI><a href="#[2b]">&gt;&gt;</a>&nbsp;&nbsp;&nbsp;main
</UL>

<P><STRONG><a name="[a5]"></a>flash_crc32</STRONG> (Thumb, 68 bytes, Stack size 16 bytes, bsp_flash_simple.o(.text.flash_crc32))
<BR><BR>[Stack]<UL><LI>Max Depth = 16<LI>Call Chain = flash_crc32
</UL>
<BR>[Called By]<UL><LI><a href="#[a4]">&gt;&gt;</a>&nbsp;&nbsp;&nbsp;load_from_flash
<LI><a href="#[88]">&gt;&gt;</a>&nbsp;&nbsp;&nbsp;nvm_param_init
</UL>

<P><STRONG><a name="[98]"></a>flash_erase_page</STRONG> (Thumb, 86 bytes, Stack size 32 bytes, bsp_flash_simple.o(.text.flash_erase_page))
<BR><BR>[Stack]<UL><LI>Max Depth = 84<LI>Call Chain = flash_erase_page &rArr; fmc_page_erase &rArr; fmc_ready_wait &rArr; fmc_state_get
</UL>
<BR>[Calls]<UL><LI><a href="#[9c]">&gt;&gt;</a>&nbsp;&nbsp;&nbsp;fmc_lock
<LI><a href="#[9b]">&gt;&gt;</a>&nbsp;&nbsp;&nbsp;fmc_page_erase
<LI><a href="#[9a]">&gt;&gt;</a>&nbsp;&nbsp;&nbsp;fmc_flag_clear
<LI><a href="#[99]">&gt;&gt;</a>&nbsp;&nbsp;&nbsp;fmc_unlock
</UL>
<BR>[Called By]<UL><LI><a href="#[a9]">&gt;&gt;</a>&nbsp;&nbsp;&nbsp;save_to_flash
</UL>

<P><STRONG><a name="[9d]"></a>flash_read_buffer</STRONG> (Thumb, 24 bytes, Stack size 24 bytes, bsp_flash_simple.o(.text.flash_read_buffer))
<BR><BR>[Stack]<UL><LI>Max Depth = 24<LI>Call Chain = flash_read_buffer
</UL>
<BR>[Calls]<UL><LI><a href="#[8a]">&gt;&gt;</a>&nbsp;&nbsp;&nbsp;__aeabi_memcpy
</UL>
<BR>[Called By]<UL><LI><a href="#[a9]">&gt;&gt;</a>&nbsp;&nbsp;&nbsp;save_to_flash
<LI><a href="#[a4]">&gt;&gt;</a>&nbsp;&nbsp;&nbsp;load_from_flash
</UL>

<P><STRONG><a name="[9e]"></a>flash_write_buffer</STRONG> (Thumb, 250 bytes, Stack size 72 bytes, bsp_flash_simple.o(.text.flash_write_buffer))
<BR><BR>[Stack]<UL><LI>Max Depth = 148<LI>Call Chain = flash_write_buffer &rArr; fmc_doubleword_program &rArr; fmc_ready_wait &rArr; fmc_state_get
</UL>
<BR>[Calls]<UL><LI><a href="#[8a]">&gt;&gt;</a>&nbsp;&nbsp;&nbsp;__aeabi_memcpy
<LI><a href="#[9f]">&gt;&gt;</a>&nbsp;&nbsp;&nbsp;fmc_doubleword_program
<LI><a href="#[9c]">&gt;&gt;</a>&nbsp;&nbsp;&nbsp;fmc_lock
<LI><a href="#[9a]">&gt;&gt;</a>&nbsp;&nbsp;&nbsp;fmc_flag_clear
<LI><a href="#[99]">&gt;&gt;</a>&nbsp;&nbsp;&nbsp;fmc_unlock
</UL>
<BR>[Called By]<UL><LI><a href="#[a9]">&gt;&gt;</a>&nbsp;&nbsp;&nbsp;save_to_flash
</UL>

<P><STRONG><a name="[9f]"></a>fmc_doubleword_program</STRONG> (Thumb, 96 bytes, Stack size 48 bytes, gd32c2x1_fmc.o(.text.fmc_doubleword_program))
<BR><BR>[Stack]<UL><LI>Max Depth = 76<LI>Call Chain = fmc_doubleword_program &rArr; fmc_ready_wait &rArr; fmc_state_get
</UL>
<BR>[Calls]<UL><LI><a href="#[a0]">&gt;&gt;</a>&nbsp;&nbsp;&nbsp;fmc_ready_wait
</UL>
<BR>[Called By]<UL><LI><a href="#[9e]">&gt;&gt;</a>&nbsp;&nbsp;&nbsp;flash_write_buffer
</UL>

<P><STRONG><a name="[9a]"></a>fmc_flag_clear</STRONG> (Thumb, 20 bytes, Stack size 4 bytes, gd32c2x1_fmc.o(.text.fmc_flag_clear))
<BR><BR>[Stack]<UL><LI>Max Depth = 4<LI>Call Chain = fmc_flag_clear
</UL>
<BR>[Called By]<UL><LI><a href="#[9e]">&gt;&gt;</a>&nbsp;&nbsp;&nbsp;flash_write_buffer
<LI><a href="#[98]">&gt;&gt;</a>&nbsp;&nbsp;&nbsp;flash_erase_page
</UL>

<P><STRONG><a name="[9c]"></a>fmc_lock</STRONG> (Thumb, 16 bytes, Stack size 0 bytes, gd32c2x1_fmc.o(.text.fmc_lock))
<BR><BR>[Called By]<UL><LI><a href="#[9e]">&gt;&gt;</a>&nbsp;&nbsp;&nbsp;flash_write_buffer
<LI><a href="#[98]">&gt;&gt;</a>&nbsp;&nbsp;&nbsp;flash_erase_page
</UL>

<P><STRONG><a name="[9b]"></a>fmc_page_erase</STRONG> (Thumb, 104 bytes, Stack size 24 bytes, gd32c2x1_fmc.o(.text.fmc_page_erase))
<BR><BR>[Stack]<UL><LI>Max Depth = 52<LI>Call Chain = fmc_page_erase &rArr; fmc_ready_wait &rArr; fmc_state_get
</UL>
<BR>[Calls]<UL><LI><a href="#[a0]">&gt;&gt;</a>&nbsp;&nbsp;&nbsp;fmc_ready_wait
</UL>
<BR>[Called By]<UL><LI><a href="#[98]">&gt;&gt;</a>&nbsp;&nbsp;&nbsp;flash_erase_page
</UL>

<P><STRONG><a name="[a0]"></a>fmc_ready_wait</STRONG> (Thumb, 84 bytes, Stack size 24 bytes, gd32c2x1_fmc.o(.text.fmc_ready_wait))
<BR><BR>[Stack]<UL><LI>Max Depth = 28<LI>Call Chain = fmc_ready_wait &rArr; fmc_state_get
</UL>
<BR>[Calls]<UL><LI><a href="#[a1]">&gt;&gt;</a>&nbsp;&nbsp;&nbsp;fmc_state_get
</UL>
<BR>[Called By]<UL><LI><a href="#[9f]">&gt;&gt;</a>&nbsp;&nbsp;&nbsp;fmc_doubleword_program
<LI><a href="#[9b]">&gt;&gt;</a>&nbsp;&nbsp;&nbsp;fmc_page_erase
</UL>

<P><STRONG><a name="[a1]"></a>fmc_state_get</STRONG> (Thumb, 236 bytes, Stack size 4 bytes, gd32c2x1_fmc.o(.text.fmc_state_get))
<BR><BR>[Stack]<UL><LI>Max Depth = 4<LI>Call Chain = fmc_state_get
</UL>
<BR>[Called By]<UL><LI><a href="#[a0]">&gt;&gt;</a>&nbsp;&nbsp;&nbsp;fmc_ready_wait
</UL>

<P><STRONG><a name="[99]"></a>fmc_unlock</STRONG> (Thumb, 24 bytes, Stack size 0 bytes, gd32c2x1_fmc.o(.text.fmc_unlock))
<BR><BR>[Called By]<UL><LI><a href="#[9e]">&gt;&gt;</a>&nbsp;&nbsp;&nbsp;flash_write_buffer
<LI><a href="#[98]">&gt;&gt;</a>&nbsp;&nbsp;&nbsp;flash_erase_page
</UL>

<P><STRONG><a name="[2e]"></a>fputc</STRONG> (Thumb, 24 bytes, Stack size 16 bytes, main.o(.text.fputc))
<BR><BR>[Stack]<UL><LI>Max Depth = 64<LI>Call Chain = fputc &rArr; SEGGER_RTT_PutChar &rArr; _DoInit
</UL>
<BR>[Calls]<UL><LI><a href="#[8c]">&gt;&gt;</a>&nbsp;&nbsp;&nbsp;SEGGER_RTT_PutChar
</UL>
<BR>[Address Reference Count : 1]<UL><LI> printfa.o(i.__0printf)
</UL>
<P><STRONG><a name="[73]"></a>gpio_af_set</STRONG> (Thumb, 204 bytes, Stack size 24 bytes, gd32c2x1_gpio.o(.text.gpio_af_set))
<BR><BR>[Stack]<UL><LI>Max Depth = 24<LI>Call Chain = gpio_af_set
</UL>
<BR>[Called By]<UL><LI><a href="#[5f]">&gt;&gt;</a>&nbsp;&nbsp;&nbsp;GPIO_UserInit
</UL>

<P><STRONG><a name="[77]"></a>gpio_bit_reset</STRONG> (Thumb, 18 bytes, Stack size 8 bytes, gd32c2x1_gpio.o(.text.gpio_bit_reset))
<BR><BR>[Stack]<UL><LI>Max Depth = 8<LI>Call Chain = gpio_bit_reset
</UL>
<BR>[Called By]<UL><LI><a href="#[7b]">&gt;&gt;</a>&nbsp;&nbsp;&nbsp;isl_send_field
<LI><a href="#[76]">&gt;&gt;</a>&nbsp;&nbsp;&nbsp;ISL700_Write_Reg
</UL>

<P><STRONG><a name="[79]"></a>gpio_bit_set</STRONG> (Thumb, 18 bytes, Stack size 8 bytes, gd32c2x1_gpio.o(.text.gpio_bit_set))
<BR><BR>[Stack]<UL><LI>Max Depth = 8<LI>Call Chain = gpio_bit_set
</UL>
<BR>[Called By]<UL><LI><a href="#[7b]">&gt;&gt;</a>&nbsp;&nbsp;&nbsp;isl_send_field
<LI><a href="#[76]">&gt;&gt;</a>&nbsp;&nbsp;&nbsp;ISL700_Write_Reg
</UL>

<P><STRONG><a name="[62]"></a>gpio_input_bit_get</STRONG> (Thumb, 44 bytes, Stack size 12 bytes, gd32c2x1_gpio.o(.text.gpio_input_bit_get))
<BR><BR>[Stack]<UL><LI>Max Depth = 12<LI>Call Chain = gpio_input_bit_get
</UL>
<BR>[Called By]<UL><LI><a href="#[61]">&gt;&gt;</a>&nbsp;&nbsp;&nbsp;BtnGetState
<LI><a href="#[76]">&gt;&gt;</a>&nbsp;&nbsp;&nbsp;ISL700_Write_Reg
<LI><a href="#[60]">&gt;&gt;</a>&nbsp;&nbsp;&nbsp;PLS_SO_InterruptInit
<LI><a href="#[81]">&gt;&gt;</a>&nbsp;&nbsp;&nbsp;MeasTask
</UL>

<P><STRONG><a name="[70]"></a>gpio_mode_set</STRONG> (Thumb, 150 bytes, Stack size 28 bytes, gd32c2x1_gpio.o(.text.gpio_mode_set))
<BR><BR>[Stack]<UL><LI>Max Depth = 28<LI>Call Chain = gpio_mode_set
</UL>
<BR>[Called By]<UL><LI><a href="#[59]">&gt;&gt;</a>&nbsp;&nbsp;&nbsp;GPIO_Config
<LI><a href="#[60]">&gt;&gt;</a>&nbsp;&nbsp;&nbsp;PLS_SO_InterruptInit
<LI><a href="#[5f]">&gt;&gt;</a>&nbsp;&nbsp;&nbsp;GPIO_UserInit
</UL>

<P><STRONG><a name="[72]"></a>gpio_output_options_set</STRONG> (Thumb, 148 bytes, Stack size 32 bytes, gd32c2x1_gpio.o(.text.gpio_output_options_set))
<BR><BR>[Stack]<UL><LI>Max Depth = 32<LI>Call Chain = gpio_output_options_set
</UL>
<BR>[Called By]<UL><LI><a href="#[5f]">&gt;&gt;</a>&nbsp;&nbsp;&nbsp;GPIO_UserInit
</UL>

<P><STRONG><a name="[2b]"></a>main</STRONG> (Thumb, 92 bytes, Stack size 16 bytes, main.o(.text.main))
<BR><BR>[Stack]<UL><LI>Max Depth = 324<LI>Call Chain = main &rArr; Task_Init &rArr; ParamSrv_Init &rArr; nvm_param_init &rArr; save_to_flash &rArr; flash_write_buffer &rArr; fmc_doubleword_program &rArr; fmc_ready_wait &rArr; fmc_state_get
</UL>
<BR>[Calls]<UL><LI><a href="#[5b]">&gt;&gt;</a>&nbsp;&nbsp;&nbsp;AnalyzeTask
<LI><a href="#[81]">&gt;&gt;</a>&nbsp;&nbsp;&nbsp;MeasTask
<LI><a href="#[49]">&gt;&gt;</a>&nbsp;&nbsp;&nbsp;delay_1ms
<LI><a href="#[a6]">&gt;&gt;</a>&nbsp;&nbsp;&nbsp;exti_software_interrupt_enable
<LI><a href="#[94]">&gt;&gt;</a>&nbsp;&nbsp;&nbsp;Task_Init
<LI><a href="#[5d]">&gt;&gt;</a>&nbsp;&nbsp;&nbsp;BSP_Init
</UL>
<BR>[Address Reference Count : 1]<UL><LI> entry9a.o(.ARM.Collect$$$$0000000B)
</UL>
<P><STRONG><a name="[6d]"></a>nvic_irq_enable</STRONG> (Thumb, 48 bytes, Stack size 24 bytes, gd32c2x1_misc.o(.text.nvic_irq_enable))
<BR><BR>[Stack]<UL><LI>Max Depth = 48<LI>Call Chain = nvic_irq_enable &rArr; __NVIC_SetPriority
</UL>
<BR>[Calls]<UL><LI><a href="#[a8]">&gt;&gt;</a>&nbsp;&nbsp;&nbsp;__NVIC_EnableIRQ
<LI><a href="#[a7]">&gt;&gt;</a>&nbsp;&nbsp;&nbsp;__NVIC_SetPriority
</UL>
<BR>[Called By]<UL><LI><a href="#[5a]">&gt;&gt;</a>&nbsp;&nbsp;&nbsp;DMA_Config
<LI><a href="#[60]">&gt;&gt;</a>&nbsp;&nbsp;&nbsp;PLS_SO_InterruptInit
</UL>

<P><STRONG><a name="[93]"></a>nvic_vector_table_set</STRONG> (Thumb, 28 bytes, Stack size 8 bytes, gd32c2x1_misc.o(.text.nvic_vector_table_set))
<BR><BR>[Stack]<UL><LI>Max Depth = 8<LI>Call Chain = nvic_vector_table_set
</UL>
<BR>[Called By]<UL><LI><a href="#[2c]">&gt;&gt;</a>&nbsp;&nbsp;&nbsp;SystemInit
</UL>

<P><STRONG><a name="[88]"></a>nvm_param_init</STRONG> (Thumb, 80 bytes, Stack size 24 bytes, task_param.o(.text.nvm_param_init))
<BR><BR>[Stack]<UL><LI>Max Depth = 284<LI>Call Chain = nvm_param_init &rArr; save_to_flash &rArr; flash_write_buffer &rArr; fmc_doubleword_program &rArr; fmc_ready_wait &rArr; fmc_state_get
</UL>
<BR>[Calls]<UL><LI><a href="#[8a]">&gt;&gt;</a>&nbsp;&nbsp;&nbsp;__aeabi_memcpy
<LI><a href="#[a5]">&gt;&gt;</a>&nbsp;&nbsp;&nbsp;flash_crc32
<LI><a href="#[a9]">&gt;&gt;</a>&nbsp;&nbsp;&nbsp;save_to_flash
<LI><a href="#[a4]">&gt;&gt;</a>&nbsp;&nbsp;&nbsp;load_from_flash
</UL>
<BR>[Called By]<UL><LI><a href="#[87]">&gt;&gt;</a>&nbsp;&nbsp;&nbsp;ParamSrv_Init
</UL>

<P><STRONG><a name="[8b]"></a>rcu_adc_clock_config</STRONG> (Thumb, 60 bytes, Stack size 12 bytes, gd32c2x1_rcu.o(.text.rcu_adc_clock_config))
<BR><BR>[Stack]<UL><LI>Max Depth = 12<LI>Call Chain = rcu_adc_clock_config
</UL>
<BR>[Called By]<UL><LI><a href="#[58]">&gt;&gt;</a>&nbsp;&nbsp;&nbsp;RCU_Config
</UL>

<P><STRONG><a name="[74]"></a>rcu_ckout0_config</STRONG> (Thumb, 52 bytes, Stack size 20 bytes, gd32c2x1_rcu.o(.text.rcu_ckout0_config))
<BR><BR>[Stack]<UL><LI>Max Depth = 20<LI>Call Chain = rcu_ckout0_config
</UL>
<BR>[Called By]<UL><LI><a href="#[5f]">&gt;&gt;</a>&nbsp;&nbsp;&nbsp;GPIO_UserInit
</UL>

<P><STRONG><a name="[75]"></a>rcu_ckout1_config</STRONG> (Thumb, 52 bytes, Stack size 20 bytes, gd32c2x1_rcu.o(.text.rcu_ckout1_config))
<BR><BR>[Stack]<UL><LI>Max Depth = 20<LI>Call Chain = rcu_ckout1_config
</UL>
<BR>[Called By]<UL><LI><a href="#[5f]">&gt;&gt;</a>&nbsp;&nbsp;&nbsp;GPIO_UserInit
</UL>

<P><STRONG><a name="[ab]"></a>rcu_irc48mdiv_sys_clock_config</STRONG> (Thumb, 40 bytes, Stack size 8 bytes, gd32c2x1_rcu.o(.text.rcu_irc48mdiv_sys_clock_config))
<BR><BR>[Stack]<UL><LI>Max Depth = 8<LI>Call Chain = rcu_irc48mdiv_sys_clock_config
</UL>
<BR>[Called By]<UL><LI><a href="#[aa]">&gt;&gt;</a>&nbsp;&nbsp;&nbsp;system_clock_irc48m
</UL>

<P><STRONG><a name="[71]"></a>rcu_periph_clock_enable</STRONG> (Thumb, 36 bytes, Stack size 4 bytes, gd32c2x1_rcu.o(.text.rcu_periph_clock_enable))
<BR><BR>[Stack]<UL><LI>Max Depth = 4<LI>Call Chain = rcu_periph_clock_enable
</UL>
<BR>[Called By]<UL><LI><a href="#[58]">&gt;&gt;</a>&nbsp;&nbsp;&nbsp;RCU_Config
<LI><a href="#[60]">&gt;&gt;</a>&nbsp;&nbsp;&nbsp;PLS_SO_InterruptInit
<LI><a href="#[5f]">&gt;&gt;</a>&nbsp;&nbsp;&nbsp;GPIO_UserInit
</UL>

<P><STRONG><a name="[97]"></a>rcu_periph_reset_disable</STRONG> (Thumb, 36 bytes, Stack size 4 bytes, gd32c2x1_rcu.o(.text.rcu_periph_reset_disable))
<BR><BR>[Stack]<UL><LI>Max Depth = 4<LI>Call Chain = rcu_periph_reset_disable
</UL>
<BR>[Called By]<UL><LI><a href="#[40]">&gt;&gt;</a>&nbsp;&nbsp;&nbsp;adc_deinit
<LI><a href="#[52]">&gt;&gt;</a>&nbsp;&nbsp;&nbsp;timer_deinit
</UL>

<P><STRONG><a name="[96]"></a>rcu_periph_reset_enable</STRONG> (Thumb, 36 bytes, Stack size 4 bytes, gd32c2x1_rcu.o(.text.rcu_periph_reset_enable))
<BR><BR>[Stack]<UL><LI>Max Depth = 4<LI>Call Chain = rcu_periph_reset_enable
</UL>
<BR>[Called By]<UL><LI><a href="#[40]">&gt;&gt;</a>&nbsp;&nbsp;&nbsp;adc_deinit
<LI><a href="#[52]">&gt;&gt;</a>&nbsp;&nbsp;&nbsp;timer_deinit
</UL>

<P><STRONG><a name="[84]"></a>syscfg_exti_line_config</STRONG> (Thumb, 164 bytes, Stack size 20 bytes, gd32c2x1_syscfg.o(.text.syscfg_exti_line_config))
<BR><BR>[Stack]<UL><LI>Max Depth = 20<LI>Call Chain = syscfg_exti_line_config
</UL>
<BR>[Called By]<UL><LI><a href="#[60]">&gt;&gt;</a>&nbsp;&nbsp;&nbsp;PLS_SO_InterruptInit
</UL>

<P><STRONG><a name="[83]"></a>syscfg_interrupt_flag_get</STRONG> (Thumb, 44 bytes, Stack size 8 bytes, gd32c2x1_syscfg.o(.text.syscfg_interrupt_flag_get))
<BR><BR>[Stack]<UL><LI>Max Depth = 8<LI>Call Chain = syscfg_interrupt_flag_get
</UL>
<BR>[Called By]<UL><LI><a href="#[1]">&gt;&gt;</a>&nbsp;&nbsp;&nbsp;NMI_Handler
</UL>

<P><STRONG><a name="[5e]"></a>systick_config</STRONG> (Thumb, 36 bytes, Stack size 8 bytes, systick.o(.text.systick_config))
<BR><BR>[Stack]<UL><LI>Max Depth = 56<LI>Call Chain = systick_config &rArr; SysTick_Config &rArr; __NVIC_SetPriority
</UL>
<BR>[Calls]<UL><LI><a href="#[90]">&gt;&gt;</a>&nbsp;&nbsp;&nbsp;__NVIC_SetPriority
<LI><a href="#[8f]">&gt;&gt;</a>&nbsp;&nbsp;&nbsp;SysTick_Config
</UL>
<BR>[Called By]<UL><LI><a href="#[5d]">&gt;&gt;</a>&nbsp;&nbsp;&nbsp;BSP_Init
</UL>

<P><STRONG><a name="[55]"></a>timer_auto_reload_shadow_enable</STRONG> (Thumb, 18 bytes, Stack size 4 bytes, gd32c2x1_timer.o(.text.timer_auto_reload_shadow_enable))
<BR><BR>[Stack]<UL><LI>Max Depth = 4<LI>Call Chain = timer_auto_reload_shadow_enable
</UL>
<BR>[Called By]<UL><LI><a href="#[51]">&gt;&gt;</a>&nbsp;&nbsp;&nbsp;ADC_TIMER_Config
</UL>

<P><STRONG><a name="[52]"></a>timer_deinit</STRONG> (Thumb, 148 bytes, Stack size 40 bytes, gd32c2x1_timer.o(.text.timer_deinit))
<BR><BR>[Stack]<UL><LI>Max Depth = 44<LI>Call Chain = timer_deinit &rArr; rcu_periph_reset_disable
</UL>
<BR>[Calls]<UL><LI><a href="#[97]">&gt;&gt;</a>&nbsp;&nbsp;&nbsp;rcu_periph_reset_disable
<LI><a href="#[96]">&gt;&gt;</a>&nbsp;&nbsp;&nbsp;rcu_periph_reset_enable
</UL>
<BR>[Called By]<UL><LI><a href="#[51]">&gt;&gt;</a>&nbsp;&nbsp;&nbsp;ADC_TIMER_Config
</UL>

<P><STRONG><a name="[50]"></a>timer_disable</STRONG> (Thumb, 18 bytes, Stack size 4 bytes, gd32c2x1_timer.o(.text.timer_disable))
<BR><BR>[Stack]<UL><LI>Max Depth = 4<LI>Call Chain = timer_disable
</UL>
<BR>[Called By]<UL><LI><a href="#[4f]">&gt;&gt;</a>&nbsp;&nbsp;&nbsp;ADC_Sampling_Stop
</UL>

<P><STRONG><a name="[4e]"></a>timer_enable</STRONG> (Thumb, 18 bytes, Stack size 4 bytes, gd32c2x1_timer.o(.text.timer_enable))
<BR><BR>[Stack]<UL><LI>Max Depth = 4<LI>Call Chain = timer_enable
</UL>
<BR>[Called By]<UL><LI><a href="#[4a]">&gt;&gt;</a>&nbsp;&nbsp;&nbsp;ADC_Sampling_Start
</UL>

<P><STRONG><a name="[54]"></a>timer_init</STRONG> (Thumb, 168 bytes, Stack size 8 bytes, gd32c2x1_timer.o(.text.timer_init))
<BR><BR>[Stack]<UL><LI>Max Depth = 8<LI>Call Chain = timer_init
</UL>
<BR>[Called By]<UL><LI><a href="#[51]">&gt;&gt;</a>&nbsp;&nbsp;&nbsp;ADC_TIMER_Config
</UL>

<P><STRONG><a name="[56]"></a>timer_master_output_trigger_source_select</STRONG> (Thumb, 40 bytes, Stack size 12 bytes, gd32c2x1_timer.o(.text.timer_master_output_trigger_source_select))
<BR><BR>[Stack]<UL><LI>Max Depth = 12<LI>Call Chain = timer_master_output_trigger_source_select
</UL>
<BR>[Called By]<UL><LI><a href="#[51]">&gt;&gt;</a>&nbsp;&nbsp;&nbsp;ADC_TIMER_Config
</UL>

<P><STRONG><a name="[53]"></a>timer_struct_para_init</STRONG> (Thumb, 36 bytes, Stack size 4 bytes, gd32c2x1_timer.o(.text.timer_struct_para_init))
<BR><BR>[Stack]<UL><LI>Max Depth = 4<LI>Call Chain = timer_struct_para_init
</UL>
<BR>[Called By]<UL><LI><a href="#[51]">&gt;&gt;</a>&nbsp;&nbsp;&nbsp;ADC_TIMER_Config
</UL>

<P><STRONG><a name="[ac]"></a>__0printf</STRONG> (Thumb, 24 bytes, Stack size 24 bytes, printfa.o(i.__0printf), UNUSED)
<BR><BR>[Calls]<UL><LI><a href="#[ad]">&gt;&gt;</a>&nbsp;&nbsp;&nbsp;_printf_core
</UL>

<P><STRONG><a name="[c1]"></a>__1printf</STRONG> (Thumb, 0 bytes, Stack size 24 bytes, printfa.o(i.__0printf), UNUSED)

<P><STRONG><a name="[c2]"></a>__2printf</STRONG> (Thumb, 0 bytes, Stack size 24 bytes, printfa.o(i.__0printf), UNUSED)

<P><STRONG><a name="[c3]"></a>__c89printf</STRONG> (Thumb, 0 bytes, Stack size 24 bytes, printfa.o(i.__0printf), UNUSED)

<P><STRONG><a name="[5c]"></a>printf</STRONG> (Thumb, 0 bytes, Stack size 24 bytes, printfa.o(i.__0printf))
<BR><BR>[Stack]<UL><LI>Max Depth = 24<LI>Call Chain = printf
</UL>
<BR>[Called By]<UL><LI><a href="#[5b]">&gt;&gt;</a>&nbsp;&nbsp;&nbsp;AnalyzeTask
<LI><a href="#[81]">&gt;&gt;</a>&nbsp;&nbsp;&nbsp;MeasTask
</UL>

<P><STRONG><a name="[3b]"></a>__ARM_clz</STRONG> (Thumb, 46 bytes, Stack size 0 bytes, depilogue.o(i.__ARM_clz), UNUSED)
<BR><BR>[Called By]<UL><LI><a href="#[34]">&gt;&gt;</a>&nbsp;&nbsp;&nbsp;_double_epilogue
</UL>

<P><STRONG><a name="[c4]"></a>__scatterload_copy</STRONG> (Thumb, 14 bytes, Stack size unknown bytes, handlers.o(i.__scatterload_copy), UNUSED)

<P><STRONG><a name="[c5]"></a>__scatterload_null</STRONG> (Thumb, 2 bytes, Stack size unknown bytes, handlers.o(i.__scatterload_null), UNUSED)

<P><STRONG><a name="[c6]"></a>__scatterload_zeroinit</STRONG> (Thumb, 14 bytes, Stack size unknown bytes, handlers.o(i.__scatterload_zeroinit), UNUSED)
<P>
<H3>
Local Symbols
</H3>
<P><STRONG><a name="[a4]"></a>load_from_flash</STRONG> (Thumb, 256 bytes, Stack size 128 bytes, task_param.o(.text.load_from_flash))
<BR><BR>[Stack]<UL><LI>Max Depth = 152<LI>Call Chain = load_from_flash &rArr; flash_read_buffer
</UL>
<BR>[Calls]<UL><LI><a href="#[9d]">&gt;&gt;</a>&nbsp;&nbsp;&nbsp;flash_read_buffer
<LI><a href="#[a5]">&gt;&gt;</a>&nbsp;&nbsp;&nbsp;flash_crc32
</UL>
<BR>[Called By]<UL><LI><a href="#[88]">&gt;&gt;</a>&nbsp;&nbsp;&nbsp;nvm_param_init
</UL>

<P><STRONG><a name="[a9]"></a>save_to_flash</STRONG> (Thumb, 120 bytes, Stack size 112 bytes, task_param.o(.text.save_to_flash))
<BR><BR>[Stack]<UL><LI>Max Depth = 260<LI>Call Chain = save_to_flash &rArr; flash_write_buffer &rArr; fmc_doubleword_program &rArr; fmc_ready_wait &rArr; fmc_state_get
</UL>
<BR>[Calls]<UL><LI><a href="#[9e]">&gt;&gt;</a>&nbsp;&nbsp;&nbsp;flash_write_buffer
<LI><a href="#[98]">&gt;&gt;</a>&nbsp;&nbsp;&nbsp;flash_erase_page
<LI><a href="#[9d]">&gt;&gt;</a>&nbsp;&nbsp;&nbsp;flash_read_buffer
</UL>
<BR>[Called By]<UL><LI><a href="#[88]">&gt;&gt;</a>&nbsp;&nbsp;&nbsp;nvm_param_init
</UL>

<P><STRONG><a name="[78]"></a>isl_delay</STRONG> (Thumb, 10 bytes, Stack size 8 bytes, isl700_2a.o(.text.isl_delay))
<BR><BR>[Stack]<UL><LI>Max Depth = 32<LI>Call Chain = isl_delay &rArr; delay_1us
</UL>
<BR>[Calls]<UL><LI><a href="#[a3]">&gt;&gt;</a>&nbsp;&nbsp;&nbsp;delay_1us
</UL>
<BR>[Called By]<UL><LI><a href="#[7b]">&gt;&gt;</a>&nbsp;&nbsp;&nbsp;isl_send_field
<LI><a href="#[76]">&gt;&gt;</a>&nbsp;&nbsp;&nbsp;ISL700_Write_Reg
</UL>

<P><STRONG><a name="[7a]"></a>isl_calc_crc</STRONG> (Thumb, 1578 bytes, Stack size 136 bytes, isl700_2a.o(.text.isl_calc_crc))
<BR><BR>[Stack]<UL><LI>Max Depth = 148<LI>Call Chain = isl_calc_crc &rArr; crc8_calc
</UL>
<BR>[Calls]<UL><LI><a href="#[a2]">&gt;&gt;</a>&nbsp;&nbsp;&nbsp;crc8_calc
</UL>
<BR>[Called By]<UL><LI><a href="#[76]">&gt;&gt;</a>&nbsp;&nbsp;&nbsp;ISL700_Write_Reg
</UL>

<P><STRONG><a name="[7b]"></a>isl_send_field</STRONG> (Thumb, 112 bytes, Stack size 32 bytes, isl700_2a.o(.text.isl_send_field))
<BR><BR>[Stack]<UL><LI>Max Depth = 64<LI>Call Chain = isl_send_field &rArr; isl_delay &rArr; delay_1us
</UL>
<BR>[Calls]<UL><LI><a href="#[79]">&gt;&gt;</a>&nbsp;&nbsp;&nbsp;gpio_bit_set
<LI><a href="#[77]">&gt;&gt;</a>&nbsp;&nbsp;&nbsp;gpio_bit_reset
<LI><a href="#[78]">&gt;&gt;</a>&nbsp;&nbsp;&nbsp;isl_delay
</UL>
<BR>[Called By]<UL><LI><a href="#[76]">&gt;&gt;</a>&nbsp;&nbsp;&nbsp;ISL700_Write_Reg
</UL>

<P><STRONG><a name="[8f]"></a>SysTick_Config</STRONG> (Thumb, 64 bytes, Stack size 24 bytes, systick.o(.text.SysTick_Config))
<BR><BR>[Stack]<UL><LI>Max Depth = 48<LI>Call Chain = SysTick_Config &rArr; __NVIC_SetPriority
</UL>
<BR>[Calls]<UL><LI><a href="#[90]">&gt;&gt;</a>&nbsp;&nbsp;&nbsp;__NVIC_SetPriority
</UL>
<BR>[Called By]<UL><LI><a href="#[5e]">&gt;&gt;</a>&nbsp;&nbsp;&nbsp;systick_config
</UL>

<P><STRONG><a name="[90]"></a>__NVIC_SetPriority</STRONG> (Thumb, 124 bytes, Stack size 24 bytes, systick.o(.text.__NVIC_SetPriority))
<BR><BR>[Stack]<UL><LI>Max Depth = 24<LI>Call Chain = __NVIC_SetPriority
</UL>
<BR>[Called By]<UL><LI><a href="#[8f]">&gt;&gt;</a>&nbsp;&nbsp;&nbsp;SysTick_Config
<LI><a href="#[5e]">&gt;&gt;</a>&nbsp;&nbsp;&nbsp;systick_config
</UL>

<P><STRONG><a name="[a7]"></a>__NVIC_SetPriority</STRONG> (Thumb, 124 bytes, Stack size 24 bytes, gd32c2x1_misc.o(.text.__NVIC_SetPriority))
<BR><BR>[Stack]<UL><LI>Max Depth = 24<LI>Call Chain = __NVIC_SetPriority
</UL>
<BR>[Called By]<UL><LI><a href="#[6d]">&gt;&gt;</a>&nbsp;&nbsp;&nbsp;nvic_irq_enable
</UL>

<P><STRONG><a name="[a8]"></a>__NVIC_EnableIRQ</STRONG> (Thumb, 48 bytes, Stack size 4 bytes, gd32c2x1_misc.o(.text.__NVIC_EnableIRQ))
<BR><BR>[Stack]<UL><LI>Max Depth = 4<LI>Call Chain = __NVIC_EnableIRQ
</UL>
<BR>[Called By]<UL><LI><a href="#[6d]">&gt;&gt;</a>&nbsp;&nbsp;&nbsp;nvic_irq_enable
</UL>

<P><STRONG><a name="[92]"></a>system_clock_config</STRONG> (Thumb, 8 bytes, Stack size 8 bytes, system_gd32c2x1.o(.text.system_clock_config))
<BR><BR>[Stack]<UL><LI>Max Depth = 40<LI>Call Chain = system_clock_config &rArr; system_clock_irc48m &rArr; rcu_irc48mdiv_sys_clock_config
</UL>
<BR>[Calls]<UL><LI><a href="#[aa]">&gt;&gt;</a>&nbsp;&nbsp;&nbsp;system_clock_irc48m
</UL>
<BR>[Called By]<UL><LI><a href="#[2c]">&gt;&gt;</a>&nbsp;&nbsp;&nbsp;SystemInit
</UL>

<P><STRONG><a name="[aa]"></a>system_clock_irc48m</STRONG> (Thumb, 152 bytes, Stack size 24 bytes, system_gd32c2x1.o(.text.system_clock_irc48m))
<BR><BR>[Stack]<UL><LI>Max Depth = 32<LI>Call Chain = system_clock_irc48m &rArr; rcu_irc48mdiv_sys_clock_config
</UL>
<BR>[Calls]<UL><LI><a href="#[ab]">&gt;&gt;</a>&nbsp;&nbsp;&nbsp;rcu_irc48mdiv_sys_clock_config
</UL>
<BR>[Called By]<UL><LI><a href="#[92]">&gt;&gt;</a>&nbsp;&nbsp;&nbsp;system_clock_config
</UL>

<P><STRONG><a name="[8d]"></a>_DoInit</STRONG> (Thumb, 108 bytes, Stack size 16 bytes, segger_rtt.o(.text._DoInit))
<BR><BR>[Stack]<UL><LI>Max Depth = 16<LI>Call Chain = _DoInit
</UL>
<BR>[Calls]<UL><LI><a href="#[95]">&gt;&gt;</a>&nbsp;&nbsp;&nbsp;strcpy
</UL>
<BR>[Called By]<UL><LI><a href="#[8c]">&gt;&gt;</a>&nbsp;&nbsp;&nbsp;SEGGER_RTT_PutChar
</UL>

<P><STRONG><a name="[ae]"></a>_fp_digits</STRONG> (Thumb, 344 bytes, Stack size 64 bytes, printfa.o(i._fp_digits), UNUSED)
<BR><BR>[Calls]<UL><LI><a href="#[39]">&gt;&gt;</a>&nbsp;&nbsp;&nbsp;__aeabi_uldivmod
<LI><a href="#[3c]">&gt;&gt;</a>&nbsp;&nbsp;&nbsp;__aeabi_ddiv
<LI><a href="#[31]">&gt;&gt;</a>&nbsp;&nbsp;&nbsp;__aeabi_dadd
<LI><a href="#[3d]">&gt;&gt;</a>&nbsp;&nbsp;&nbsp;__aeabi_d2ulz
<LI><a href="#[af]">&gt;&gt;</a>&nbsp;&nbsp;&nbsp;__aeabi_cdrcmple
<LI><a href="#[38]">&gt;&gt;</a>&nbsp;&nbsp;&nbsp;__aeabi_dmul
</UL>
<BR>[Called By]<UL><LI><a href="#[ad]">&gt;&gt;</a>&nbsp;&nbsp;&nbsp;_printf_core
</UL>

<P><STRONG><a name="[ad]"></a>_printf_core</STRONG> (Thumb, 1754 bytes, Stack size 128 bytes, printfa.o(i._printf_core), UNUSED)
<BR><BR>[Calls]<UL><LI><a href="#[b2]">&gt;&gt;</a>&nbsp;&nbsp;&nbsp;__aeabi_uidivmod
<LI><a href="#[39]">&gt;&gt;</a>&nbsp;&nbsp;&nbsp;__aeabi_uldivmod
<LI><a href="#[b0]">&gt;&gt;</a>&nbsp;&nbsp;&nbsp;_printf_pre_padding
<LI><a href="#[b1]">&gt;&gt;</a>&nbsp;&nbsp;&nbsp;_printf_post_padding
<LI><a href="#[ae]">&gt;&gt;</a>&nbsp;&nbsp;&nbsp;_fp_digits
</UL>
<BR>[Called By]<UL><LI><a href="#[ac]">&gt;&gt;</a>&nbsp;&nbsp;&nbsp;__0printf
</UL>

<P><STRONG><a name="[b1]"></a>_printf_post_padding</STRONG> (Thumb, 32 bytes, Stack size 24 bytes, printfa.o(i._printf_post_padding), UNUSED)
<BR><BR>[Called By]<UL><LI><a href="#[ad]">&gt;&gt;</a>&nbsp;&nbsp;&nbsp;_printf_core
</UL>

<P><STRONG><a name="[b0]"></a>_printf_pre_padding</STRONG> (Thumb, 44 bytes, Stack size 40 bytes, printfa.o(i._printf_pre_padding), UNUSED)
<BR><BR>[Called By]<UL><LI><a href="#[ad]">&gt;&gt;</a>&nbsp;&nbsp;&nbsp;_printf_core
</UL>
<P>
<H3>
Undefined Global Symbols
</H3><HR></body></html>
