Component: Arm Compiler for Embedded 6.21 Tool: armlink [5ec1fa00]

==============================================================================

Section Cross References

    gd32c2x1_it.o(.text.NMI_Handler) refers to gd32c2x1_syscfg.o(.text.syscfg_interrupt_flag_get) for syscfg_interrupt_flag_get
    gd32c2x1_it.o(.ARM.exidx.text.NMI_Handler) refers to gd32c2x1_it.o(.text.NMI_Handler) for [Anonymous Symbol]
    gd32c2x1_it.o(.ARM.exidx.text.HardFault_Handler) refers to gd32c2x1_it.o(.text.HardFault_Handler) for [Anonymous Symbol]
    gd32c2x1_it.o(.ARM.exidx.text.SVC_Handler) refers to gd32c2x1_it.o(.text.SVC_Handler) for [Anonymous Symbol]
    gd32c2x1_it.o(.ARM.exidx.text.PendSV_Handler) refers to gd32c2x1_it.o(.text.PendSV_Handler) for [Anonymous Symbol]
    gd32c2x1_it.o(.text.SysTick_Handler) refers to systick.o(.text.delay_decrement) for delay_decrement
    gd32c2x1_it.o(.ARM.exidx.text.SysTick_Handler) refers to gd32c2x1_it.o(.text.SysTick_Handler) for [Anonymous Symbol]
    main.o(.text.main) refers to systick.o(.text.systick_config) for systick_config
    main.o(.text.main) refers to bsp_gpio.o(.text.GPIO_UserInit) for GPIO_UserInit
    main.o(.text.main) refers to main.o(.text.BSP_ICPinConfig) for BSP_ICPinConfig
    main.o(.text.main) refers to printfa.o(i.__0printf) for printf
    main.o(.text.main) refers to bsp_gpio.o(.text.LED_Set) for LED_Set
    main.o(.text.main) refers to systick.o(.text.delay_1ms) for delay_1ms
    main.o(.text.main) refers to bsp_gpio.o(.text.LED_Clr) for LED_Clr
    main.o(.text.main) refers to main.o(.rodata.str1.1) for [Anonymous Symbol]
    main.o(.ARM.exidx.text.main) refers to main.o(.text.main) for [Anonymous Symbol]
    main.o(.text.BSP_ICPinConfig) refers to bsp_gpio.o(.text.CLKMode_Clr) for CLKMode_Clr
    main.o(.text.BSP_ICPinConfig) refers to bsp_gpio.o(.text.FreqCtrl_Set) for FreqCtrl_Set
    main.o(.text.BSP_ICPinConfig) refers to bsp_gpio.o(.text.ClosePLS_Clr) for ClosePLS_Clr
    main.o(.ARM.exidx.text.BSP_ICPinConfig) refers to main.o(.text.BSP_ICPinConfig) for [Anonymous Symbol]
    main.o(.text.fputc) refers to segger_rtt.o(.text.SEGGER_RTT_PutChar) for SEGGER_RTT_PutChar
    main.o(.ARM.exidx.text.fputc) refers to main.o(.text.fputc) for [Anonymous Symbol]
    systick.o(.text.systick_config) refers to systick.o(.text.SysTick_Config) for SysTick_Config
    systick.o(.text.systick_config) refers to systick.o(.text.__NVIC_SetPriority) for __NVIC_SetPriority
    systick.o(.text.systick_config) refers to system_gd32c2x1.o(.data.SystemCoreClock) for SystemCoreClock
    systick.o(.ARM.exidx.text.systick_config) refers to systick.o(.text.systick_config) for [Anonymous Symbol]
    systick.o(.text.SysTick_Config) refers to systick.o(.text.__NVIC_SetPriority) for __NVIC_SetPriority
    systick.o(.ARM.exidx.text.SysTick_Config) refers to systick.o(.text.SysTick_Config) for [Anonymous Symbol]
    systick.o(.ARM.exidx.text.__NVIC_SetPriority) refers to systick.o(.text.__NVIC_SetPriority) for [Anonymous Symbol]
    systick.o(.text.delay_1ms) refers to systick.o(.bss.delay) for [Anonymous Symbol]
    systick.o(.ARM.exidx.text.delay_1ms) refers to systick.o(.text.delay_1ms) for [Anonymous Symbol]
    systick.o(.text.delay_decrement) refers to systick.o(.bss.delay) for [Anonymous Symbol]
    systick.o(.ARM.exidx.text.delay_decrement) refers to systick.o(.text.delay_decrement) for [Anonymous Symbol]
    bsp_gpio.o(.text.GPIO_UserInit) refers to gd32c2x1_rcu.o(.text.rcu_periph_clock_enable) for rcu_periph_clock_enable
    bsp_gpio.o(.text.GPIO_UserInit) refers to gd32c2x1_gpio.o(.text.gpio_mode_set) for gpio_mode_set
    bsp_gpio.o(.text.GPIO_UserInit) refers to gd32c2x1_gpio.o(.text.gpio_output_options_set) for gpio_output_options_set
    bsp_gpio.o(.text.GPIO_UserInit) refers to gd32c2x1_gpio.o(.text.gpio_af_set) for gpio_af_set
    bsp_gpio.o(.text.GPIO_UserInit) refers to gd32c2x1_rcu.o(.text.rcu_ckout0_config) for rcu_ckout0_config
    bsp_gpio.o(.text.GPIO_UserInit) refers to gd32c2x1_rcu.o(.text.rcu_ckout1_config) for rcu_ckout1_config
    bsp_gpio.o(.text.GPIO_UserInit) refers to bsp_gpio.o(.rodata.LED_CLK) for LED_CLK
    bsp_gpio.o(.text.GPIO_UserInit) refers to bsp_gpio.o(.rodata.LED_PORT) for LED_PORT
    bsp_gpio.o(.text.GPIO_UserInit) refers to bsp_gpio.o(.rodata.LED_PIN) for LED_PIN
    bsp_gpio.o(.ARM.exidx.text.GPIO_UserInit) refers to bsp_gpio.o(.text.GPIO_UserInit) for [Anonymous Symbol]
    bsp_gpio.o(.text.LED_Set) refers to bsp_gpio.o(.rodata.LED_PIN) for LED_PIN
    bsp_gpio.o(.text.LED_Set) refers to bsp_gpio.o(.rodata.LED_PORT) for LED_PORT
    bsp_gpio.o(.ARM.exidx.text.LED_Set) refers to bsp_gpio.o(.text.LED_Set) for [Anonymous Symbol]
    bsp_gpio.o(.text.LED_Clr) refers to bsp_gpio.o(.rodata.LED_PIN) for LED_PIN
    bsp_gpio.o(.text.LED_Clr) refers to bsp_gpio.o(.rodata.LED_PORT) for LED_PORT
    bsp_gpio.o(.ARM.exidx.text.LED_Clr) refers to bsp_gpio.o(.text.LED_Clr) for [Anonymous Symbol]
[...]
    Removing gd32c2x1_rtc.o(.text.rtc_bypass_shadow_disable), (36 bytes).
    Removing gd32c2x1_rtc.o(.ARM.exidx.text.rtc_bypass_shadow_disable), (8 bytes).
    Removing gd32c2x1_rtc.o(.text.rtc_register_sync_wait), (144 bytes).
    Removing gd32c2x1_rtc.o(.ARM.exidx.text.rtc_register_sync_wait), (8 bytes).
    Removing gd32c2x1_rtc.o(.text.rtc_alarm_enable), (36 bytes).
    Removing gd32c2x1_rtc.o(.ARM.exidx.text.rtc_alarm_enable), (8 bytes).
    Removing gd32c2x1_rtc.o(.text.rtc_alarm_disable), (124 bytes).
    Removing gd32c2x1_rtc.o(.ARM.exidx.text.rtc_alarm_disable), (8 bytes).
    Removing gd32c2x1_rtc.o(.text.rtc_alarm_config), (84 bytes).
    Removing gd32c2x1_rtc.o(.ARM.exidx.text.rtc_alarm_config), (8 bytes).
    Removing gd32c2x1_rtc.o(.text.rtc_alarm_subsecond_config), (44 bytes).
    Removing gd32c2x1_rtc.o(.ARM.exidx.text.rtc_alarm_subsecond_config), (8 bytes).
    Removing gd32c2x1_rtc.o(.text.rtc_alarm_get), (104 bytes).
    Removing gd32c2x1_rtc.o(.ARM.exidx.text.rtc_alarm_get), (8 bytes).
    Removing gd32c2x1_rtc.o(.text.rtc_alarm_subsecond_get), (20 bytes).
    Removing gd32c2x1_rtc.o(.ARM.exidx.text.rtc_alarm_subsecond_get), (8 bytes).
    Removing gd32c2x1_rtc.o(.text.rtc_init_mode_enter), (120 bytes).
    Removing gd32c2x1_rtc.o(.ARM.exidx.text.rtc_init_mode_enter), (8 bytes).
    Removing gd32c2x1_rtc.o(.text.rtc_init), (204 bytes).
    Removing gd32c2x1_rtc.o(.ARM.exidx.text.rtc_init), (8 bytes).
    Removing gd32c2x1_rtc.o(.text.rtc_init_mode_exit), (16 bytes).
    Removing gd32c2x1_rtc.o(.ARM.exidx.text.rtc_init_mode_exit), (8 bytes).
    Removing gd32c2x1_rtc.o(.text.rtc_current_time_get), (172 bytes).
    Removing gd32c2x1_rtc.o(.ARM.exidx.text.rtc_current_time_get), (8 bytes).
    Removing gd32c2x1_rtc.o(.text.rtc_subsecond_get), (28 bytes).
    Removing gd32c2x1_rtc.o(.ARM.exidx.text.rtc_subsecond_get), (8 bytes).
    Removing gd32c2x1_rtc.o(.text.rtc_deinit), (176 bytes).
    Removing gd32c2x1_rtc.o(.ARM.exidx.text.rtc_deinit), (8 bytes).
    Removing gd32c2x1_rtc.o(.text.rtc_hour_adjust), (48 bytes).
    Removing gd32c2x1_rtc.o(.ARM.exidx.text.rtc_hour_adjust), (8 bytes).
    Removing gd32c2x1_rtc.o(.text.rtc_second_adjust), (160 bytes).
    Removing gd32c2x1_rtc.o(.ARM.exidx.text.rtc_second_adjust), (8 bytes).
    Removing gd32c2x1_rtc.o(.text.rtc_refclock_detection_enable), (76 bytes).
    Removing gd32c2x1_rtc.o(.ARM.exidx.text.rtc_refclock_detection_enable), (8 bytes).
    Removing gd32c2x1_rtc.o(.text.rtc_refclock_detection_disable), (76 bytes).
    Removing gd32c2x1_rtc.o(.ARM.exidx.text.rtc_refclock_detection_disable), (8 bytes).
    Removing gd32c2x1_rtc.o(.text.rtc_smooth_calibration_config), (144 bytes).
    Removing gd32c2x1_rtc.o(.ARM.exidx.text.rtc_smooth_calibration_config), (8 bytes).
    Removing gd32c2x1_rtc.o(.text.rtc_timestamp_enable), (68 bytes).
    Removing gd32c2x1_rtc.o(.ARM.exidx.text.rtc_timestamp_enable), (8 bytes).
    Removing gd32c2x1_rtc.o(.text.rtc_timestamp_disable), (36 bytes).
    Removing gd32c2x1_rtc.o(.ARM.exidx.text.rtc_timestamp_disable), (8 bytes).
    Removing gd32c2x1_rtc.o(.text.rtc_timestamp_get), (112 bytes).
    Removing gd32c2x1_rtc.o(.ARM.exidx.text.rtc_timestamp_get), (8 bytes).
    Removing gd32c2x1_rtc.o(.text.rtc_timestamp_subsecond_get), (12 bytes).
    Removing gd32c2x1_rtc.o(.ARM.exidx.text.rtc_timestamp_subsecond_get), (8 bytes).
    Removing gd32c2x1_rtc.o(.text.rtc_calibration_output_config), (52 bytes).
    Removing gd32c2x1_rtc.o(.ARM.exidx.text.rtc_calibration_output_config), (8 bytes).
    Removing gd32c2x1_rtc.o(.text.rtc_alarm_output_config), (84 bytes).
    Removing gd32c2x1_rtc.o(.ARM.exidx.text.rtc_alarm_output_config), (8 bytes).
    Removing gd32c2x1_rtc.o(.text.rtc_output_pin_select), (60 bytes).
    Removing gd32c2x1_rtc.o(.ARM.exidx.text.rtc_output_pin_select), (8 bytes).
    Removing gd32c2x1_rtc.o(.text.rtc_interrupt_enable), (44 bytes).
    Removing gd32c2x1_rtc.o(.ARM.exidx.text.rtc_interrupt_enable), (8 bytes).
    Removing gd32c2x1_rtc.o(.text.rtc_interrupt_disable), (44 bytes).
    Removing gd32c2x1_rtc.o(.ARM.exidx.text.rtc_interrupt_disable), (8 bytes).
    Removing gd32c2x1_rtc.o(.text.rtc_flag_get), (44 bytes).
    Removing gd32c2x1_rtc.o(.ARM.exidx.text.rtc_flag_get), (8 bytes).
    Removing gd32c2x1_rtc.o(.text.rtc_flag_clear), (28 bytes).
    Removing gd32c2x1_rtc.o(.ARM.exidx.text.rtc_flag_clear), (8 bytes).
    Removing gd32c2x1_spi.o(.text), (0 bytes).
    Removing gd32c2x1_spi.o(.text.spi_i2s_deinit), (84 bytes).
    Removing gd32c2x1_spi.o(.ARM.exidx.text.spi_i2s_deinit), (8 bytes).
    Removing gd32c2x1_spi.o(.text.spi_struct_para_init), (42 bytes).
    Removing gd32c2x1_spi.o(.ARM.exidx.text.spi_struct_para_init), (8 bytes).
    Removing gd32c2x1_spi.o(.text.spi_init), (368 bytes).
    Removing gd32c2x1_spi.o(.ARM.exidx.text.spi_init), (8 bytes).
    Removing gd32c2x1_spi.o(.text.spi_enable), (18 bytes).
    Removing gd32c2x1_spi.o(.ARM.exidx.text.spi_enable), (8 bytes).
    Removing gd32c2x1_spi.o(.text.spi_disable), (18 bytes).
    Removing gd32c2x1_spi.o(.ARM.exidx.text.spi_disable), (8 bytes).
    Removing gd32c2x1_spi.o(.text.i2s_init), (88 bytes).
    Removing gd32c2x1_spi.o(.ARM.exidx.text.i2s_init), (8 bytes).
    Removing gd32c2x1_spi.o(.text.i2s_psc_config), (328 bytes).
    Removing gd32c2x1_spi.o(.ARM.exidx.text.i2s_psc_config), (8 bytes).
    Removing gd32c2x1_spi.o(.text.i2s_enable), (20 bytes).
    Removing gd32c2x1_spi.o(.ARM.exidx.text.i2s_enable), (8 bytes).
    Removing gd32c2x1_spi.o(.text.i2s_disable), (20 bytes).
    Removing gd32c2x1_spi.o(.ARM.exidx.text.i2s_disable), (8 bytes).
    Removing gd32c2x1_spi.o(.text.spi_nss_output_enable), (18 bytes).
    Removing gd32c2x1_spi.o(.ARM.exidx.text.spi_nss_output_enable), (8 bytes).
    Removing gd32c2x1_spi.o(.text.spi_nss_output_disable), (18 bytes).
    Removing gd32c2x1_spi.o(.ARM.exidx.text.spi_nss_output_disable), (8 bytes).
    Removing gd32c2x1_spi.o(.text.spi_nss_internal_high), (20 bytes).
    Removing gd32c2x1_spi.o(.ARM.exidx.text.spi_nss_internal_high), (8 bytes).
    Removing gd32c2x1_spi.o(.text.spi_nss_internal_low), (20 bytes).
    Removing gd32c2x1_spi.o(.ARM.exidx.text.spi_nss_internal_low), (8 bytes).
    Removing gd32c2x1_spi.o(.text.spi_dma_enable), (42 bytes).
    Removing gd32c2x1_spi.o(.ARM.exidx.text.spi_dma_enable), (8 bytes).
    Removing gd32c2x1_spi.o(.text.spi_dma_disable), (42 bytes).
    Removing gd32c2x1_spi.o(.ARM.exidx.text.spi_dma_disable), (8 bytes).
    Removing gd32c2x1_spi.o(.text.spi_transmit_odd_config), (42 bytes).
    Removing gd32c2x1_spi.o(.ARM.exidx.text.spi_transmit_odd_config), (8 bytes).
    Removing gd32c2x1_spi.o(.text.spi_receive_odd_config), (40 bytes).
    Removing gd32c2x1_spi.o(.ARM.exidx.text.spi_receive_odd_config), (8 bytes).
    Removing gd32c2x1_spi.o(.text.spi_fifo_access_size_config), (42 bytes).
    Removing gd32c2x1_spi.o(.ARM.exidx.text.spi_fifo_access_size_config), (8 bytes).
    Removing gd32c2x1_spi.o(.text.spi_i2s_data_frame_format_config), (140 bytes).
    Removing gd32c2x1_spi.o(.ARM.exidx.text.spi_i2s_data_frame_format_config), (8 bytes).
    Removing gd32c2x1_spi.o(.text.spi_bidirectional_transfer_config), (50 bytes).
    Removing gd32c2x1_spi.o(.ARM.exidx.text.spi_bidirectional_transfer_config), (8 bytes).
    Removing gd32c2x1_spi.o(.text.spi_i2s_data_transmit), (80 bytes).
    Removing gd32c2x1_spi.o(.ARM.exidx.text.spi_i2s_data_transmit), (8 bytes).
    Removing gd32c2x1_spi.o(.text.spi_i2s_data_receive), (88 bytes).
    Removing gd32c2x1_spi.o(.ARM.exidx.text.spi_i2s_data_receive), (8 bytes).
    Removing gd32c2x1_spi.o(.text.spi_crc_polynomial_set), (18 bytes).
    Removing gd32c2x1_spi.o(.ARM.exidx.text.spi_crc_polynomial_set), (8 bytes).
    Removing gd32c2x1_spi.o(.text.spi_crc_polynomial_get), (22 bytes).
    Removing gd32c2x1_spi.o(.ARM.exidx.text.spi_crc_polynomial_get), (8 bytes).
    Removing gd32c2x1_spi.o(.text.spi_crc_length_set), (42 bytes).
    Removing gd32c2x1_spi.o(.ARM.exidx.text.spi_crc_length_set), (8 bytes).
    Removing gd32c2x1_spi.o(.text.spi_crc_on), (20 bytes).
    Removing gd32c2x1_spi.o(.ARM.exidx.text.spi_crc_on), (8 bytes).
    Removing gd32c2x1_spi.o(.text.spi_crc_off), (20 bytes).
    Removing gd32c2x1_spi.o(.ARM.exidx.text.spi_crc_off), (8 bytes).
    Removing gd32c2x1_spi.o(.text.spi_crc_next), (20 bytes).
    Removing gd32c2x1_spi.o(.ARM.exidx.text.spi_crc_next), (8 bytes).
    Removing gd32c2x1_spi.o(.text.spi_crc_get), (48 bytes).
    Removing gd32c2x1_spi.o(.ARM.exidx.text.spi_crc_get), (8 bytes).
    Removing gd32c2x1_spi.o(.text.spi_crc_error_clear), (18 bytes).
    Removing gd32c2x1_spi.o(.ARM.exidx.text.spi_crc_error_clear), (8 bytes).
    Removing gd32c2x1_spi.o(.text.spi_ti_mode_enable), (18 bytes).
    Removing gd32c2x1_spi.o(.ARM.exidx.text.spi_ti_mode_enable), (8 bytes).
    Removing gd32c2x1_spi.o(.text.spi_ti_mode_disable), (18 bytes).
    Removing gd32c2x1_spi.o(.ARM.exidx.text.spi_ti_mode_disable), (8 bytes).
    Removing gd32c2x1_spi.o(.text.spi_nssp_mode_enable), (18 bytes).
    Removing gd32c2x1_spi.o(.ARM.exidx.text.spi_nssp_mode_enable), (8 bytes).
    Removing gd32c2x1_spi.o(.text.spi_nssp_mode_disable), (18 bytes).
    Removing gd32c2x1_spi.o(.ARM.exidx.text.spi_nssp_mode_disable), (8 bytes).
    Removing gd32c2x1_spi.o(.text.spi_quad_enable), (20 bytes).
    Removing gd32c2x1_spi.o(.ARM.exidx.text.spi_quad_enable), (8 bytes).
    Removing gd32c2x1_spi.o(.text.spi_quad_disable), (20 bytes).
    Removing gd32c2x1_spi.o(.ARM.exidx.text.spi_quad_disable), (8 bytes).
    Removing gd32c2x1_spi.o(.text.spi_quad_write_enable), (20 bytes).
    Removing gd32c2x1_spi.o(.ARM.exidx.text.spi_quad_write_enable), (8 bytes).
    Removing gd32c2x1_spi.o(.text.spi_quad_read_enable), (20 bytes).
    Removing gd32c2x1_spi.o(.ARM.exidx.text.spi_quad_read_enable), (8 bytes).
    Removing gd32c2x1_spi.o(.text.spi_quad_io23_output_enable), (20 bytes).
    Removing gd32c2x1_spi.o(.ARM.exidx.text.spi_quad_io23_output_enable), (8 bytes).
    Removing gd32c2x1_spi.o(.text.spi_quad_io23_output_disable), (20 bytes).
    Removing gd32c2x1_spi.o(.ARM.exidx.text.spi_quad_io23_output_disable), (8 bytes).
    Removing gd32c2x1_spi.o(.text.spi_i2s_format_error_clear), (18 bytes).
    Removing gd32c2x1_spi.o(.ARM.exidx.text.spi_i2s_format_error_clear), (8 bytes).
    Removing gd32c2x1_spi.o(.text.spi_i2s_flag_get), (240 bytes).
    Removing gd32c2x1_spi.o(.ARM.exidx.text.spi_i2s_flag_get), (8 bytes).
    Removing gd32c2x1_spi.o(.text.spi_i2s_interrupt_enable), (26 bytes).
    Removing gd32c2x1_spi.o(.ARM.exidx.text.spi_i2s_interrupt_enable), (8 bytes).
    Removing gd32c2x1_spi.o(.text.spi_i2s_interrupt_disable), (30 bytes).
    Removing gd32c2x1_spi.o(.ARM.exidx.text.spi_i2s_interrupt_disable), (8 bytes).
    Removing gd32c2x1_spi.o(.text.spi_i2s_interrupt_flag_get), (236 bytes).
    Removing gd32c2x1_spi.o(.ARM.exidx.text.spi_i2s_interrupt_flag_get), (8 bytes).
    Removing gd32c2x1_syscfg.o(.text), (0 bytes).
    Removing gd32c2x1_syscfg.o(.text.syscfg_deinit), (24 bytes).
    Removing gd32c2x1_syscfg.o(.ARM.exidx.text.syscfg_deinit), (8 bytes).
    Removing gd32c2x1_syscfg.o(.text.syscfg_i2c_fast_mode_plus_enable), (32 bytes).
    Removing gd32c2x1_syscfg.o(.ARM.exidx.text.syscfg_i2c_fast_mode_plus_enable), (8 bytes).
    Removing gd32c2x1_syscfg.o(.text.syscfg_i2c_fast_mode_plus_disable), (32 bytes).
    Removing gd32c2x1_syscfg.o(.ARM.exidx.text.syscfg_i2c_fast_mode_plus_disable), (8 bytes).
    Removing gd32c2x1_syscfg.o(.text.syscfg_pin_remap_enable), (28 bytes).
    Removing gd32c2x1_syscfg.o(.ARM.exidx.text.syscfg_pin_remap_enable), (8 bytes).
    Removing gd32c2x1_syscfg.o(.text.syscfg_pin_remap_disable), (32 bytes).
    Removing gd32c2x1_syscfg.o(.ARM.exidx.text.syscfg_pin_remap_disable), (8 bytes).
    Removing gd32c2x1_syscfg.o(.text.syscfg_bootmode_get), (24 bytes).
    Removing gd32c2x1_syscfg.o(.ARM.exidx.text.syscfg_bootmode_get), (8 bytes).
    Removing gd32c2x1_syscfg.o(.text.syscfg_exti_line_config), (180 bytes).
    Removing gd32c2x1_syscfg.o(.ARM.exidx.text.syscfg_exti_line_config), (8 bytes).
    Removing gd32c2x1_syscfg.o(.text.syscfg_lockup_enable), (28 bytes).
    Removing gd32c2x1_syscfg.o(.ARM.exidx.text.syscfg_lockup_enable), (8 bytes).
    Removing gd32c2x1_syscfg.o(.text.syscfg_sram_ecc_single_correctable_bit_get), (24 bytes).
    Removing gd32c2x1_syscfg.o(.ARM.exidx.text.syscfg_sram_ecc_single_correctable_bit_get), (8 bytes).
    Removing gd32c2x1_syscfg.o(.text.syscfg_sram_ecc_error_address_get), (20 bytes).
    Removing gd32c2x1_syscfg.o(.ARM.exidx.text.syscfg_sram_ecc_error_address_get), (8 bytes).
    Removing gd32c2x1_syscfg.o(.text.syscfg_irq_latency_set), (36 bytes).
    Removing gd32c2x1_syscfg.o(.ARM.exidx.text.syscfg_irq_latency_set), (8 bytes).
    Removing gd32c2x1_syscfg.o(.text.syscfg_interrupt_enable), (28 bytes).
    Removing gd32c2x1_syscfg.o(.ARM.exidx.text.syscfg_interrupt_enable), (8 bytes).
    Removing gd32c2x1_syscfg.o(.text.syscfg_interrupt_disable), (32 bytes).
    Removing gd32c2x1_syscfg.o(.ARM.exidx.text.syscfg_interrupt_disable), (8 bytes).
    Removing gd32c2x1_syscfg.o(.ARM.exidx.text.syscfg_interrupt_flag_get), (8 bytes).
    Removing gd32c2x1_syscfg.o(.text.syscfg_interrupt_flag_clear), (24 bytes).
    Removing gd32c2x1_syscfg.o(.ARM.exidx.text.syscfg_interrupt_flag_clear), (8 bytes).
    Removing gd32c2x1_timer.o(.text), (0 bytes).
    Removing gd32c2x1_timer.o(.text.timer_deinit), (184 bytes).
    Removing gd32c2x1_timer.o(.ARM.exidx.text.timer_deinit), (8 bytes).
    Removing gd32c2x1_timer.o(.text.timer_struct_para_init), (40 bytes).
    Removing gd32c2x1_timer.o(.ARM.exidx.text.timer_struct_para_init), (8 bytes).
    Removing gd32c2x1_timer.o(.text.timer_init), (184 bytes).
    Removing gd32c2x1_timer.o(.ARM.exidx.text.timer_init), (8 bytes).
    Removing gd32c2x1_timer.o(.text.timer_enable), (18 bytes).
    Removing gd32c2x1_timer.o(.ARM.exidx.text.timer_enable), (8 bytes).
    Removing gd32c2x1_timer.o(.text.timer_disable), (18 bytes).
    Removing gd32c2x1_timer.o(.ARM.exidx.text.timer_disable), (8 bytes).
    Removing gd32c2x1_timer.o(.text.timer_auto_reload_shadow_enable), (18 bytes).
    Removing gd32c2x1_timer.o(.ARM.exidx.text.timer_auto_reload_shadow_enable), (8 bytes).
    Removing gd32c2x1_timer.o(.text.timer_auto_reload_shadow_disable), (18 bytes).
    Removing gd32c2x1_timer.o(.ARM.exidx.text.timer_auto_reload_shadow_disable), (8 bytes).
    Removing gd32c2x1_timer.o(.text.timer_update_event_enable), (18 bytes).
    Removing gd32c2x1_timer.o(.ARM.exidx.text.timer_update_event_enable), (8 bytes).
    Removing gd32c2x1_timer.o(.text.timer_update_event_disable), (18 bytes).
    Removing gd32c2x1_timer.o(.ARM.exidx.text.timer_update_event_disable), (8 bytes).
    Removing gd32c2x1_timer.o(.text.timer_counter_alignment), (40 bytes).
    Removing gd32c2x1_timer.o(.ARM.exidx.text.timer_counter_alignment), (8 bytes).
    Removing gd32c2x1_timer.o(.text.timer_counter_up_direction), (18 bytes).
    Removing gd32c2x1_timer.o(.ARM.exidx.text.timer_counter_up_direction), (8 bytes).
    Removing gd32c2x1_timer.o(.text.timer_counter_down_direction), (18 bytes).
    Removing gd32c2x1_timer.o(.ARM.exidx.text.timer_counter_down_direction), (8 bytes).
    Removing gd32c2x1_timer.o(.text.timer_prescaler_config), (38 bytes).
    Removing gd32c2x1_timer.o(.ARM.exidx.text.timer_prescaler_config), (8 bytes).
    Removing gd32c2x1_timer.o(.text.timer_repetition_value_config), (18 bytes).
    Removing gd32c2x1_timer.o(.ARM.exidx.text.timer_repetition_value_config), (8 bytes).
    Removing gd32c2x1_timer.o(.text.timer_autoreload_value_config), (18 bytes).
    Removing gd32c2x1_timer.o(.ARM.exidx.text.timer_autoreload_value_config), (8 bytes).
    Removing gd32c2x1_timer.o(.text.timer_counter_value_config), (18 bytes).
    Removing gd32c2x1_timer.o(.ARM.exidx.text.timer_counter_value_config), (8 bytes).
    Removing gd32c2x1_timer.o(.text.timer_counter_read), (22 bytes).
    Removing gd32c2x1_timer.o(.ARM.exidx.text.timer_counter_read), (8 bytes).
    Removing gd32c2x1_timer.o(.text.timer_prescaler_read), (22 bytes).
    Removing gd32c2x1_timer.o(.ARM.exidx.text.timer_prescaler_read), (8 bytes).
    Removing gd32c2x1_timer.o(.text.timer_single_pulse_mode_config), (52 bytes).
    Removing gd32c2x1_timer.o(.ARM.exidx.text.timer_single_pulse_mode_config), (8 bytes).
    Removing gd32c2x1_timer.o(.text.timer_update_source_config), (52 bytes).
    Removing gd32c2x1_timer.o(.ARM.exidx.text.timer_update_source_config), (8 bytes).
    Removing gd32c2x1_timer.o(.text.timer_dma_enable), (28 bytes).
    Removing gd32c2x1_timer.o(.ARM.exidx.text.timer_dma_enable), (8 bytes).
    Removing gd32c2x1_timer.o(.text.timer_dma_disable), (32 bytes).
    Removing gd32c2x1_timer.o(.ARM.exidx.text.timer_dma_disable), (8 bytes).
    Removing gd32c2x1_timer.o(.text.timer_channel_dma_request_source_select), (52 bytes).
    Removing gd32c2x1_timer.o(.ARM.exidx.text.timer_channel_dma_request_source_select), (8 bytes).
    Removing gd32c2x1_timer.o(.text.timer_dma_transfer_config), (60 bytes).
    Removing gd32c2x1_timer.o(.ARM.exidx.text.timer_dma_transfer_config), (8 bytes).
    Removing gd32c2x1_timer.o(.text.timer_event_software_generate), (20 bytes).
    Removing gd32c2x1_timer.o(.ARM.exidx.text.timer_event_software_generate), (8 bytes).
    Removing gd32c2x1_timer.o(.text.timer_break_struct_para_init), (54 bytes).
    Removing gd32c2x1_timer.o(.ARM.exidx.text.timer_break_struct_para_init), (8 bytes).
    Removing gd32c2x1_timer.o(.text.timer_break_config), (244 bytes).
    Removing gd32c2x1_timer.o(.ARM.exidx.text.timer_break_config), (8 bytes).
    Removing gd32c2x1_timer.o(.text.timer_break_enable), (64 bytes).
    Removing gd32c2x1_timer.o(.ARM.exidx.text.timer_break_enable), (8 bytes).
    Removing gd32c2x1_timer.o(.text.timer_break_disable), (64 bytes).
    Removing gd32c2x1_timer.o(.ARM.exidx.text.timer_break_disable), (8 bytes).
    Removing gd32c2x1_timer.o(.text.timer_automatic_output_enable), (20 bytes).
    Removing gd32c2x1_timer.o(.ARM.exidx.text.timer_automatic_output_enable), (8 bytes).
    Removing gd32c2x1_timer.o(.text.timer_automatic_output_disable), (20 bytes).
    Removing gd32c2x1_timer.o(.ARM.exidx.text.timer_automatic_output_disable), (8 bytes).
    Removing gd32c2x1_timer.o(.text.timer_primary_output_config), (48 bytes).
    Removing gd32c2x1_timer.o(.ARM.exidx.text.timer_primary_output_config), (8 bytes).
    Removing gd32c2x1_timer.o(.text.timer_channel_control_shadow_config), (44 bytes).
    Removing gd32c2x1_timer.o(.ARM.exidx.text.timer_channel_control_shadow_config), (8 bytes).
    Removing gd32c2x1_timer.o(.text.timer_channel_control_shadow_update_config), (52 bytes).
    Removing gd32c2x1_timer.o(.ARM.exidx.text.timer_channel_control_shadow_update_config), (8 bytes).
    Removing gd32c2x1_timer.o(.text.timer_channel_output_struct_para_init), (34 bytes).
    Removing gd32c2x1_timer.o(.ARM.exidx.text.timer_channel_output_struct_para_init), (8 bytes).
    Removing gd32c2x1_timer.o(.text.timer_channel_output_config), (928 bytes).
    Removing gd32c2x1_timer.o(.ARM.exidx.text.timer_channel_output_config), (8 bytes).
    Removing gd32c2x1_timer.o(.text.timer_channel_output_mode_config), (240 bytes).
    Removing gd32c2x1_timer.o(.ARM.exidx.text.timer_channel_output_mode_config), (8 bytes).
    Removing gd32c2x1_timer.o(.text.timer_channel_combined_3_phase_pwm_config), (146 bytes).
    Removing gd32c2x1_timer.o(.ARM.exidx.text.timer_channel_combined_3_phase_pwm_config), (8 bytes).
    Removing gd32c2x1_timer.o(.text.timer_channel_output_pulse_value_config), (96 bytes).
    Removing gd32c2x1_timer.o(.ARM.exidx.text.timer_channel_output_pulse_value_config), (8 bytes).
    Removing gd32c2x1_timer.o(.text.timer_channel_output_shadow_config), (240 bytes).
    Removing gd32c2x1_timer.o(.ARM.exidx.text.timer_channel_output_shadow_config), (8 bytes).
    Removing gd32c2x1_timer.o(.text.timer_channel_output_fast_config), (240 bytes).
    Removing gd32c2x1_timer.o(.ARM.exidx.text.timer_channel_output_fast_config), (8 bytes).
    Removing gd32c2x1_timer.o(.text.timer_channel_output_clear_config), (240 bytes).
    Removing gd32c2x1_timer.o(.ARM.exidx.text.timer_channel_output_clear_config), (8 bytes).
    Removing gd32c2x1_timer.o(.text.timer_channel_output_polarity_config), (250 bytes).
    Removing gd32c2x1_timer.o(.ARM.exidx.text.timer_channel_output_polarity_config), (8 bytes).
    Removing gd32c2x1_timer.o(.text.timer_channel_complementary_output_polarity_config), (130 bytes).
    Removing gd32c2x1_timer.o(.ARM.exidx.text.timer_channel_complementary_output_polarity_config), (8 bytes).
    Removing gd32c2x1_timer.o(.text.timer_channel_output_state_config), (228 bytes).
    Removing gd32c2x1_timer.o(.ARM.exidx.text.timer_channel_output_state_config), (8 bytes).
    Removing gd32c2x1_timer.o(.text.timer_channel_complementary_output_state_config), (130 bytes).
    Removing gd32c2x1_timer.o(.ARM.exidx.text.timer_channel_complementary_output_state_config), (8 bytes).
    Removing gd32c2x1_timer.o(.text.timer_channel_input_struct_para_init), (28 bytes).
    Removing gd32c2x1_timer.o(.ARM.exidx.text.timer_channel_input_struct_para_init), (8 bytes).
    Removing gd32c2x1_timer.o(.text.timer_input_capture_config), (572 bytes).
    Removing gd32c2x1_timer.o(.ARM.exidx.text.timer_input_capture_config), (8 bytes).
    Removing gd32c2x1_timer.o(.text.timer_channel_input_capture_prescaler_config), (202 bytes).
    Removing gd32c2x1_timer.o(.ARM.exidx.text.timer_channel_input_capture_prescaler_config), (8 bytes).
    Removing gd32c2x1_timer.o(.text.timer_channel_capture_value_register_read), (98 bytes).
    Removing gd32c2x1_timer.o(.ARM.exidx.text.timer_channel_capture_value_register_read), (8 bytes).
    Removing gd32c2x1_timer.o(.text.timer_input_pwm_capture_config), (638 bytes).
    Removing gd32c2x1_timer.o(.ARM.exidx.text.timer_input_pwm_capture_config), (8 bytes).
    Removing gd32c2x1_timer.o(.text.timer_hall_mode_config), (40 bytes).
    Removing gd32c2x1_timer.o(.ARM.exidx.text.timer_hall_mode_config), (8 bytes).
    Removing gd32c2x1_timer.o(.text.timer_input_trigger_source_select), (196 bytes).
    Removing gd32c2x1_timer.o(.ARM.exidx.text.timer_input_trigger_source_select), (8 bytes).
    Removing gd32c2x1_timer.o(.text.timer_master_output_trigger_source_select), (40 bytes).
    Removing gd32c2x1_timer.o(.ARM.exidx.text.timer_master_output_trigger_source_select), (8 bytes).
    Removing gd32c2x1_timer.o(.text.timer_slave_mode_select), (316 bytes).
    Removing gd32c2x1_timer.o(.ARM.exidx.text.timer_slave_mode_select), (8 bytes).
    Removing gd32c2x1_timer.o(.text.timer_master_slave_mode_config), (52 bytes).
    Removing gd32c2x1_timer.o(.ARM.exidx.text.timer_master_slave_mode_config), (8 bytes).
    Removing gd32c2x1_timer.o(.text.timer_external_trigger_config), (72 bytes).
    Removing gd32c2x1_timer.o(.ARM.exidx.text.timer_external_trigger_config), (8 bytes).
    Removing gd32c2x1_timer.o(.text.timer_quadrature_decoder_mode_config), (116 bytes).
    Removing gd32c2x1_timer.o(.ARM.exidx.text.timer_quadrature_decoder_mode_config), (8 bytes).
    Removing gd32c2x1_timer.o(.text.timer_internal_clock_config), (18 bytes).
    Removing gd32c2x1_timer.o(.ARM.exidx.text.timer_internal_clock_config), (8 bytes).
    Removing gd32c2x1_timer.o(.text.timer_internal_trigger_as_external_clock_config), (28 bytes).
    Removing gd32c2x1_timer.o(.ARM.exidx.text.timer_internal_trigger_as_external_clock_config), (8 bytes).
    Removing gd32c2x1_timer.o(.text.timer_external_trigger_as_external_clock_config), (274 bytes).
    Removing gd32c2x1_timer.o(.ARM.exidx.text.timer_external_trigger_as_external_clock_config), (8 bytes).
    Removing gd32c2x1_timer.o(.text.timer_external_clock_mode0_config), (60 bytes).
    Removing gd32c2x1_timer.o(.ARM.exidx.text.timer_external_clock_mode0_config), (8 bytes).
    Removing gd32c2x1_timer.o(.text.timer_external_clock_mode1_config), (56 bytes).
    Removing gd32c2x1_timer.o(.ARM.exidx.text.timer_external_clock_mode1_config), (8 bytes).
    Removing gd32c2x1_timer.o(.text.timer_external_clock_mode1_disable), (20 bytes).
    Removing gd32c2x1_timer.o(.ARM.exidx.text.timer_external_clock_mode1_disable), (8 bytes).
    Removing gd32c2x1_timer.o(.text.timer_input_selection_config), (78 bytes).
    Removing gd32c2x1_timer.o(.ARM.exidx.text.timer_input_selection_config), (8 bytes).
    Removing gd32c2x1_timer.o(.text.timer_write_chxval_register_config), (60 bytes).
    Removing gd32c2x1_timer.o(.ARM.exidx.text.timer_write_chxval_register_config), (8 bytes).
    Removing gd32c2x1_timer.o(.text.timer_output_value_selection_config), (60 bytes).
    Removing gd32c2x1_timer.o(.ARM.exidx.text.timer_output_value_selection_config), (8 bytes).
    Removing gd32c2x1_timer.o(.text.timer_break_external_source_config), (120 bytes).
    Removing gd32c2x1_timer.o(.ARM.exidx.text.timer_break_external_source_config), (8 bytes).
    Removing gd32c2x1_timer.o(.text.timer_break_external_polarity_config), (82 bytes).
    Removing gd32c2x1_timer.o(.ARM.exidx.text.timer_break_external_polarity_config), (8 bytes).
    Removing gd32c2x1_timer.o(.text.timer_eti_source_selection_config), (34 bytes).
    Removing gd32c2x1_timer.o(.ARM.exidx.text.timer_eti_source_selection_config), (8 bytes).
    Removing gd32c2x1_timer.o(.text.timer_flag_get), (48 bytes).
    Removing gd32c2x1_timer.o(.ARM.exidx.text.timer_flag_get), (8 bytes).
    Removing gd32c2x1_timer.o(.text.timer_flag_clear), (18 bytes).
    Removing gd32c2x1_timer.o(.ARM.exidx.text.timer_flag_clear), (8 bytes).
    Removing gd32c2x1_timer.o(.text.timer_interrupt_enable), (22 bytes).
    Removing gd32c2x1_timer.o(.ARM.exidx.text.timer_interrupt_enable), (8 bytes).
    Removing gd32c2x1_timer.o(.text.timer_interrupt_disable), (28 bytes).
    Removing gd32c2x1_timer.o(.ARM.exidx.text.timer_interrupt_disable), (8 bytes).
    Removing gd32c2x1_timer.o(.text.timer_interrupt_flag_get), (90 bytes).
    Removing gd32c2x1_timer.o(.ARM.exidx.text.timer_interrupt_flag_get), (8 bytes).
    Removing gd32c2x1_timer.o(.text.timer_interrupt_flag_clear), (18 bytes).
    Removing gd32c2x1_timer.o(.ARM.exidx.text.timer_interrupt_flag_clear), (8 bytes).
    Removing gd32c2x1_usart.o(.text), (0 bytes).
    Removing gd32c2x1_usart.o(.text.usart_deinit), (116 bytes).
    Removing gd32c2x1_usart.o(.ARM.exidx.text.usart_deinit), (8 bytes).
    Removing gd32c2x1_usart.o(.text.usart_baudrate_set), (204 bytes).
    Removing gd32c2x1_usart.o(.ARM.exidx.text.usart_baudrate_set), (8 bytes).
    Removing gd32c2x1_usart.o(.text.usart_parity_config), (44 bytes).
    Removing gd32c2x1_usart.o(.ARM.exidx.text.usart_parity_config), (8 bytes).
    Removing gd32c2x1_usart.o(.text.usart_word_length_set), (44 bytes).
    Removing gd32c2x1_usart.o(.ARM.exidx.text.usart_word_length_set), (8 bytes).
    Removing gd32c2x1_usart.o(.text.usart_stop_bit_set), (46 bytes).
    Removing gd32c2x1_usart.o(.ARM.exidx.text.usart_stop_bit_set), (8 bytes).
    Removing gd32c2x1_usart.o(.text.usart_enable), (18 bytes).
    Removing gd32c2x1_usart.o(.ARM.exidx.text.usart_enable), (8 bytes).
    Removing gd32c2x1_usart.o(.text.usart_disable), (18 bytes).
    Removing gd32c2x1_usart.o(.ARM.exidx.text.usart_disable), (8 bytes).
    Removing gd32c2x1_usart.o(.text.usart_transmit_config), (32 bytes).
    Removing gd32c2x1_usart.o(.ARM.exidx.text.usart_transmit_config), (8 bytes).
    Removing gd32c2x1_usart.o(.text.usart_receive_config), (32 bytes).
    Removing gd32c2x1_usart.o(.ARM.exidx.text.usart_receive_config), (8 bytes).
    Removing gd32c2x1_usart.o(.text.usart_data_first_config), (42 bytes).
    Removing gd32c2x1_usart.o(.ARM.exidx.text.usart_data_first_config), (8 bytes).
    Removing gd32c2x1_usart.o(.text.usart_invert_config), (186 bytes).
    Removing gd32c2x1_usart.o(.ARM.exidx.text.usart_invert_config), (8 bytes).
    Removing gd32c2x1_usart.o(.text.usart_overrun_enable), (30 bytes).
    Removing gd32c2x1_usart.o(.ARM.exidx.text.usart_overrun_enable), (8 bytes).
    Removing gd32c2x1_usart.o(.text.usart_overrun_disable), (30 bytes).
    Removing gd32c2x1_usart.o(.ARM.exidx.text.usart_overrun_disable), (8 bytes).
    Removing gd32c2x1_usart.o(.text.usart_oversample_config), (44 bytes).
    Removing gd32c2x1_usart.o(.ARM.exidx.text.usart_oversample_config), (8 bytes).
    Removing gd32c2x1_usart.o(.text.usart_sample_bit_config), (44 bytes).
    Removing gd32c2x1_usart.o(.ARM.exidx.text.usart_sample_bit_config), (8 bytes).
    Removing gd32c2x1_usart.o(.text.usart_receiver_timeout_enable), (20 bytes).
    Removing gd32c2x1_usart.o(.ARM.exidx.text.usart_receiver_timeout_enable), (8 bytes).
    Removing gd32c2x1_usart.o(.text.usart_receiver_timeout_disable), (20 bytes).
    Removing gd32c2x1_usart.o(.ARM.exidx.text.usart_receiver_timeout_disable), (8 bytes).
    Removing gd32c2x1_usart.o(.text.usart_receiver_timeout_threshold_config), (34 bytes).
    Removing gd32c2x1_usart.o(.ARM.exidx.text.usart_receiver_timeout_threshold_config), (8 bytes).
    Removing gd32c2x1_usart.o(.text.usart_data_transmit), (28 bytes).
    Removing gd32c2x1_usart.o(.ARM.exidx.text.usart_data_transmit), (8 bytes).
    Removing gd32c2x1_usart.o(.text.usart_data_receive), (32 bytes).
    Removing gd32c2x1_usart.o(.ARM.exidx.text.usart_data_receive), (8 bytes).
    Removing gd32c2x1_usart.o(.text.usart_command_enable), (24 bytes).
    Removing gd32c2x1_usart.o(.ARM.exidx.text.usart_command_enable), (8 bytes).
    Removing gd32c2x1_usart.o(.text.usart_autobaud_detection_enable), (20 bytes).
    Removing gd32c2x1_usart.o(.ARM.exidx.text.usart_autobaud_detection_enable), (8 bytes).
    Removing gd32c2x1_usart.o(.text.usart_autobaud_detection_disable), (20 bytes).
    Removing gd32c2x1_usart.o(.ARM.exidx.text.usart_autobaud_detection_disable), (8 bytes).
    Removing gd32c2x1_usart.o(.text.usart_autobaud_detection_mode_config), (34 bytes).
    Removing gd32c2x1_usart.o(.ARM.exidx.text.usart_autobaud_detection_mode_config), (8 bytes).
    Removing gd32c2x1_usart.o(.text.usart_address_config), (46 bytes).
    Removing gd32c2x1_usart.o(.ARM.exidx.text.usart_address_config), (8 bytes).
    Removing gd32c2x1_usart.o(.text.usart_address_detection_mode_config), (42 bytes).
    Removing gd32c2x1_usart.o(.ARM.exidx.text.usart_address_detection_mode_config), (8 bytes).
    Removing gd32c2x1_usart.o(.text.usart_mute_mode_enable), (20 bytes).
    Removing gd32c2x1_usart.o(.ARM.exidx.text.usart_mute_mode_enable), (8 bytes).
    Removing gd32c2x1_usart.o(.text.usart_mute_mode_disable), (20 bytes).
    Removing gd32c2x1_usart.o(.ARM.exidx.text.usart_mute_mode_disable), (8 bytes).
    Removing gd32c2x1_usart.o(.text.usart_mute_mode_wakeup_config), (44 bytes).
    Removing gd32c2x1_usart.o(.ARM.exidx.text.usart_mute_mode_wakeup_config), (8 bytes).
    Removing gd32c2x1_usart.o(.text.usart_lin_mode_enable), (30 bytes).
    Removing gd32c2x1_usart.o(.ARM.exidx.text.usart_lin_mode_enable), (8 bytes).
    Removing gd32c2x1_usart.o(.text.usart_lin_mode_disable), (30 bytes).
    Removing gd32c2x1_usart.o(.ARM.exidx.text.usart_lin_mode_disable), (8 bytes).
    Removing gd32c2x1_usart.o(.text.usart_lin_break_detection_length_config), (42 bytes).
    Removing gd32c2x1_usart.o(.ARM.exidx.text.usart_lin_break_detection_length_config), (8 bytes).
    Removing gd32c2x1_usart.o(.text.usart_halfduplex_enable), (28 bytes).
    Removing gd32c2x1_usart.o(.ARM.exidx.text.usart_halfduplex_enable), (8 bytes).
    Removing gd32c2x1_usart.o(.text.usart_halfduplex_disable), (28 bytes).
    Removing gd32c2x1_usart.o(.ARM.exidx.text.usart_halfduplex_disable), (8 bytes).
    Removing gd32c2x1_usart.o(.text.usart_clock_enable), (30 bytes).
    Removing gd32c2x1_usart.o(.ARM.exidx.text.usart_clock_enable), (8 bytes).
    Removing gd32c2x1_usart.o(.text.usart_clock_disable), (30 bytes).
    Removing gd32c2x1_usart.o(.ARM.exidx.text.usart_clock_disable), (8 bytes).
    Removing gd32c2x1_usart.o(.text.usart_synchronous_clock_config), (84 bytes).
    Removing gd32c2x1_usart.o(.ARM.exidx.text.usart_synchronous_clock_config), (8 bytes).
    Removing gd32c2x1_usart.o(.text.usart_guard_time_config), (46 bytes).
    Removing gd32c2x1_usart.o(.ARM.exidx.text.usart_guard_time_config), (8 bytes).
    Removing gd32c2x1_usart.o(.text.usart_smartcard_mode_enable), (28 bytes).
    Removing gd32c2x1_usart.o(.ARM.exidx.text.usart_smartcard_mode_enable), (8 bytes).
    Removing gd32c2x1_usart.o(.text.usart_smartcard_mode_disable), (28 bytes).
    Removing gd32c2x1_usart.o(.ARM.exidx.text.usart_smartcard_mode_disable), (8 bytes).
    Removing gd32c2x1_usart.o(.text.usart_smartcard_mode_nack_enable), (28 bytes).
    Removing gd32c2x1_usart.o(.ARM.exidx.text.usart_smartcard_mode_nack_enable), (8 bytes).
    Removing gd32c2x1_usart.o(.text.usart_smartcard_mode_nack_disable), (28 bytes).
    Removing gd32c2x1_usart.o(.ARM.exidx.text.usart_smartcard_mode_nack_disable), (8 bytes).
    Removing gd32c2x1_usart.o(.text.usart_smartcard_mode_early_nack_enable), (20 bytes).
    Removing gd32c2x1_usart.o(.ARM.exidx.text.usart_smartcard_mode_early_nack_enable), (8 bytes).
    Removing gd32c2x1_usart.o(.text.usart_smartcard_mode_early_nack_disable), (20 bytes).
    Removing gd32c2x1_usart.o(.ARM.exidx.text.usart_smartcard_mode_early_nack_disable), (8 bytes).
    Removing gd32c2x1_usart.o(.text.usart_smartcard_autoretry_config), (48 bytes).
    Removing gd32c2x1_usart.o(.ARM.exidx.text.usart_smartcard_autoretry_config), (8 bytes).
    Removing gd32c2x1_usart.o(.text.usart_block_length_config), (36 bytes).
    Removing gd32c2x1_usart.o(.ARM.exidx.text.usart_block_length_config), (8 bytes).
    Removing gd32c2x1_usart.o(.text.usart_irda_mode_enable), (28 bytes).
    Removing gd32c2x1_usart.o(.ARM.exidx.text.usart_irda_mode_enable), (8 bytes).
    Removing gd32c2x1_usart.o(.text.usart_irda_mode_disable), (28 bytes).
    Removing gd32c2x1_usart.o(.ARM.exidx.text.usart_irda_mode_disable), (8 bytes).
    Removing gd32c2x1_usart.o(.text.usart_prescaler_config), (42 bytes).
    Removing gd32c2x1_usart.o(.ARM.exidx.text.usart_prescaler_config), (8 bytes).
    Removing gd32c2x1_usart.o(.text.usart_irda_lowpower_config), (42 bytes).
    Removing gd32c2x1_usart.o(.ARM.exidx.text.usart_irda_lowpower_config), (8 bytes).
    Removing gd32c2x1_usart.o(.text.usart_hardware_flow_rts_config), (44 bytes).
    Removing gd32c2x1_usart.o(.ARM.exidx.text.usart_hardware_flow_rts_config), (8 bytes).
    Removing gd32c2x1_usart.o(.text.usart_hardware_flow_cts_config), (44 bytes).
    Removing gd32c2x1_usart.o(.ARM.exidx.text.usart_hardware_flow_cts_config), (8 bytes).
    Removing gd32c2x1_usart.o(.text.usart_hardware_flow_coherence_config), (34 bytes).
    Removing gd32c2x1_usart.o(.ARM.exidx.text.usart_hardware_flow_coherence_config), (8 bytes).
    Removing gd32c2x1_usart.o(.text.usart_rs485_driver_enable), (30 bytes).
    Removing gd32c2x1_usart.o(.ARM.exidx.text.usart_rs485_driver_enable), (8 bytes).
    Removing gd32c2x1_usart.o(.text.usart_rs485_driver_disable), (30 bytes).
    Removing gd32c2x1_usart.o(.ARM.exidx.text.usart_rs485_driver_disable), (8 bytes).
    Removing gd32c2x1_usart.o(.text.usart_driver_assertime_config), (48 bytes).
    Removing gd32c2x1_usart.o(.ARM.exidx.text.usart_driver_assertime_config), (8 bytes).
    Removing gd32c2x1_usart.o(.text.usart_driver_deassertime_config), (48 bytes).
    Removing gd32c2x1_usart.o(.ARM.exidx.text.usart_driver_deassertime_config), (8 bytes).
    Removing gd32c2x1_usart.o(.text.usart_depolarity_config), (44 bytes).
    Removing gd32c2x1_usart.o(.ARM.exidx.text.usart_depolarity_config), (8 bytes).
    Removing gd32c2x1_usart.o(.text.usart_dma_receive_config), (32 bytes).
    Removing gd32c2x1_usart.o(.ARM.exidx.text.usart_dma_receive_config), (8 bytes).
    Removing gd32c2x1_usart.o(.text.usart_dma_transmit_config), (32 bytes).
    Removing gd32c2x1_usart.o(.ARM.exidx.text.usart_dma_transmit_config), (8 bytes).
    Removing gd32c2x1_usart.o(.text.usart_reception_error_dma_disable), (30 bytes).
    Removing gd32c2x1_usart.o(.ARM.exidx.text.usart_reception_error_dma_disable), (8 bytes).
    Removing gd32c2x1_usart.o(.text.usart_reception_error_dma_enable), (30 bytes).
    Removing gd32c2x1_usart.o(.ARM.exidx.text.usart_reception_error_dma_enable), (8 bytes).
    Removing gd32c2x1_usart.o(.text.usart_wakeup_enable), (18 bytes).
    Removing gd32c2x1_usart.o(.ARM.exidx.text.usart_wakeup_enable), (8 bytes).
    Removing gd32c2x1_usart.o(.text.usart_wakeup_disable), (18 bytes).
    Removing gd32c2x1_usart.o(.ARM.exidx.text.usart_wakeup_disable), (8 bytes).
    Removing gd32c2x1_usart.o(.text.usart_wakeup_mode_config), (44 bytes).
    Removing gd32c2x1_usart.o(.ARM.exidx.text.usart_wakeup_mode_config), (8 bytes).
    Removing gd32c2x1_usart.o(.text.usart_receive_fifo_enable), (22 bytes).
    Removing gd32c2x1_usart.o(.ARM.exidx.text.usart_receive_fifo_enable), (8 bytes).
    Removing gd32c2x1_usart.o(.text.usart_receive_fifo_disable), (22 bytes).
    Removing gd32c2x1_usart.o(.ARM.exidx.text.usart_receive_fifo_disable), (8 bytes).
    Removing gd32c2x1_usart.o(.text.usart_receive_fifo_counter_number), (32 bytes).
    Removing gd32c2x1_usart.o(.ARM.exidx.text.usart_receive_fifo_counter_number), (8 bytes).
    Removing gd32c2x1_usart.o(.text.usart_flag_get), (66 bytes).
    Removing gd32c2x1_usart.o(.ARM.exidx.text.usart_flag_get), (8 bytes).
    Removing gd32c2x1_usart.o(.text.usart_flag_clear), (30 bytes).
    Removing gd32c2x1_usart.o(.ARM.exidx.text.usart_flag_clear), (8 bytes).
    Removing gd32c2x1_usart.o(.text.usart_interrupt_enable), (34 bytes).
    Removing gd32c2x1_usart.o(.ARM.exidx.text.usart_interrupt_enable), (8 bytes).
    Removing gd32c2x1_usart.o(.text.usart_interrupt_disable), (34 bytes).
    Removing gd32c2x1_usart.o(.ARM.exidx.text.usart_interrupt_disable), (8 bytes).
    Removing gd32c2x1_usart.o(.text.usart_interrupt_flag_get), (98 bytes).
    Removing gd32c2x1_usart.o(.ARM.exidx.text.usart_interrupt_flag_get), (8 bytes).
    Removing gd32c2x1_usart.o(.text.usart_interrupt_flag_clear), (64 bytes).
    Removing gd32c2x1_usart.o(.ARM.exidx.text.usart_interrupt_flag_clear), (8 bytes).
    Removing gd32c2x1_wwdgt.o(.text), (0 bytes).
    Removing gd32c2x1_wwdgt.o(.text.wwdgt_deinit), (28 bytes).
    Removing gd32c2x1_wwdgt.o(.ARM.exidx.text.wwdgt_deinit), (8 bytes).
    Removing gd32c2x1_wwdgt.o(.text.wwdgt_enable), (16 bytes).
    Removing gd32c2x1_wwdgt.o(.ARM.exidx.text.wwdgt_enable), (8 bytes).
    Removing gd32c2x1_wwdgt.o(.text.wwdgt_prescaler_value_config), (48 bytes).
    Removing gd32c2x1_wwdgt.o(.ARM.exidx.text.wwdgt_prescaler_value_config), (8 bytes).
    Removing gd32c2x1_wwdgt.o(.text.wwdgt_window_value_config), (40 bytes).
    Removing gd32c2x1_wwdgt.o(.ARM.exidx.text.wwdgt_window_value_config), (8 bytes).
    Removing gd32c2x1_wwdgt.o(.text.wwdgt_counter_update), (28 bytes).
    Removing gd32c2x1_wwdgt.o(.ARM.exidx.text.wwdgt_counter_update), (8 bytes).
    Removing gd32c2x1_wwdgt.o(.text.wwdgt_config), (56 bytes).
    Removing gd32c2x1_wwdgt.o(.ARM.exidx.text.wwdgt_config), (8 bytes).
    Removing gd32c2x1_wwdgt.o(.text.wwdgt_flag_get), (40 bytes).
    Removing gd32c2x1_wwdgt.o(.ARM.exidx.text.wwdgt_flag_get), (8 bytes).
    Removing gd32c2x1_wwdgt.o(.text.wwdgt_flag_clear), (16 bytes).
    Removing gd32c2x1_wwdgt.o(.ARM.exidx.text.wwdgt_flag_clear), (8 bytes).
    Removing gd32c2x1_wwdgt.o(.text.wwdgt_interrupt_enable), (20 bytes).
    Removing gd32c2x1_wwdgt.o(.ARM.exidx.text.wwdgt_interrupt_enable), (8 bytes).
    Removing gd32c2x1_err_report.o(.text), (0 bytes).
    Removing gd32c2x1_err_report.o(.text.fw_debug_report_err), (84 bytes).
    Removing gd32c2x1_err_report.o(.ARM.exidx.text.fw_debug_report_err), (8 bytes).
    Removing gd32c2x1_err_report.o(.text.fw_error_notification), (14 bytes).
    Removing gd32c2x1_err_report.o(.ARM.exidx.text.fw_error_notification), (8 bytes).
    Removing gd32c2x1_err_report.o(.bss.err_report_buff_index), (1 bytes).
    Removing gd32c2x1_err_report.o(.bss.err_report_buffer), (12 bytes).
    Removing system_gd32c2x1.o(.text), (0 bytes).
    Removing system_gd32c2x1.o(.ARM.exidx.text.SystemInit), (8 bytes).
    Removing system_gd32c2x1.o(.ARM.exidx.text.system_clock_config), (8 bytes).
    Removing system_gd32c2x1.o(.text.SystemCoreClockUpdate), (192 bytes).
    Removing system_gd32c2x1.o(.ARM.exidx.text.SystemCoreClockUpdate), (8 bytes).
    Removing system_gd32c2x1.o(.text.gd32c2x1_firmware_version_get), (8 bytes).
    Removing system_gd32c2x1.o(.ARM.exidx.text.gd32c2x1_firmware_version_get), (8 bytes).
    Removing system_gd32c2x1.o(.ARM.exidx.text.system_clock_irc48m), (8 bytes).
    Removing system_gd32c2x1.o(.rodata.cst16), (16 bytes).
    Removing startup_gd32c231_221.o(HEAP), (1024 bytes).
    Removing segger_rtt.o(.text), (0 bytes).
    Removing segger_rtt.o(.text.SEGGER_RTT_ReadNoLock), (292 bytes).
    Removing segger_rtt.o(.ARM.exidx.text.SEGGER_RTT_ReadNoLock), (8 bytes).
    Removing segger_rtt.o(.ARM.exidx.text._DoInit), (8 bytes).
    Removing segger_rtt.o(.text.SEGGER_RTT_Read), (42 bytes).
    Removing segger_rtt.o(.ARM.exidx.text.SEGGER_RTT_Read), (8 bytes).
    Removing segger_rtt.o(.text.SEGGER_RTT_WriteWithOverwriteNoLock), (272 bytes).
    Removing segger_rtt.o(.ARM.exidx.text.SEGGER_RTT_WriteWithOverwriteNoLock), (8 bytes).
    Removing segger_rtt.o(.text.SEGGER_RTT_WriteSkipNoLock), (296 bytes).
    Removing segger_rtt.o(.ARM.exidx.text.SEGGER_RTT_WriteSkipNoLock), (8 bytes).
    Removing segger_rtt.o(.text.SEGGER_RTT_WriteNoLock), (172 bytes).
    Removing segger_rtt.o(.ARM.exidx.text.SEGGER_RTT_WriteNoLock), (8 bytes).
    Removing segger_rtt.o(.text._GetAvailWriteSpace), (62 bytes).
    Removing segger_rtt.o(.ARM.exidx.text._GetAvailWriteSpace), (8 bytes).
    Removing segger_rtt.o(.text._WriteNoCheck), (120 bytes).
    Removing segger_rtt.o(.ARM.exidx.text._WriteNoCheck), (8 bytes).
    Removing segger_rtt.o(.text._WriteBlocking), (220 bytes).
    Removing segger_rtt.o(.ARM.exidx.text._WriteBlocking), (8 bytes).
    Removing segger_rtt.o(.text.SEGGER_RTT_Write), (64 bytes).
    Removing segger_rtt.o(.ARM.exidx.text.SEGGER_RTT_Write), (8 bytes).
    Removing segger_rtt.o(.text.SEGGER_RTT_WriteString), (30 bytes).
    Removing segger_rtt.o(.ARM.exidx.text.SEGGER_RTT_WriteString), (8 bytes).
    Removing segger_rtt.o(.text.SEGGER_RTT_PutCharSkipNoLock), (100 bytes).
    Removing segger_rtt.o(.ARM.exidx.text.SEGGER_RTT_PutCharSkipNoLock), (8 bytes).
    Removing segger_rtt.o(.text.SEGGER_RTT_PutCharSkip), (132 bytes).
    Removing segger_rtt.o(.ARM.exidx.text.SEGGER_RTT_PutCharSkip), (8 bytes).
    Removing segger_rtt.o(.ARM.exidx.text.SEGGER_RTT_PutChar), (8 bytes).
    Removing segger_rtt.o(.text.SEGGER_RTT_GetKey), (46 bytes).
    Removing segger_rtt.o(.ARM.exidx.text.SEGGER_RTT_GetKey), (8 bytes).
    Removing segger_rtt.o(.text.SEGGER_RTT_WaitKey), (28 bytes).
    Removing segger_rtt.o(.ARM.exidx.text.SEGGER_RTT_WaitKey), (8 bytes).
    Removing segger_rtt.o(.text.SEGGER_RTT_HasKey), (60 bytes).
    Removing segger_rtt.o(.ARM.exidx.text.SEGGER_RTT_HasKey), (8 bytes).
    Removing segger_rtt.o(.text.SEGGER_RTT_HasData), (40 bytes).
    Removing segger_rtt.o(.ARM.exidx.text.SEGGER_RTT_HasData), (8 bytes).
    Removing segger_rtt.o(.text.SEGGER_RTT_HasDataUp), (40 bytes).
    Removing segger_rtt.o(.ARM.exidx.text.SEGGER_RTT_HasDataUp), (8 bytes).
    Removing segger_rtt.o(.text.SEGGER_RTT_AllocDownBuffer), (192 bytes).
    Removing segger_rtt.o(.ARM.exidx.text.SEGGER_RTT_AllocDownBuffer), (8 bytes).
    Removing segger_rtt.o(.text.SEGGER_RTT_AllocUpBuffer), (192 bytes).
    Removing segger_rtt.o(.ARM.exidx.text.SEGGER_RTT_AllocUpBuffer), (8 bytes).
    Removing segger_rtt.o(.text.SEGGER_RTT_ConfigUpBuffer), (164 bytes).
    Removing segger_rtt.o(.ARM.exidx.text.SEGGER_RTT_ConfigUpBuffer), (8 bytes).
    Removing segger_rtt.o(.text.SEGGER_RTT_ConfigDownBuffer), (164 bytes).
    Removing segger_rtt.o(.ARM.exidx.text.SEGGER_RTT_ConfigDownBuffer), (8 bytes).
    Removing segger_rtt.o(.text.SEGGER_RTT_SetNameUpBuffer), (92 bytes).
    Removing segger_rtt.o(.ARM.exidx.text.SEGGER_RTT_SetNameUpBuffer), (8 bytes).
    Removing segger_rtt.o(.text.SEGGER_RTT_SetNameDownBuffer), (92 bytes).
    Removing segger_rtt.o(.ARM.exidx.text.SEGGER_RTT_SetNameDownBuffer), (8 bytes).
    Removing segger_rtt.o(.text.SEGGER_RTT_SetFlagsUpBuffer), (92 bytes).
    Removing segger_rtt.o(.ARM.exidx.text.SEGGER_RTT_SetFlagsUpBuffer), (8 bytes).
    Removing segger_rtt.o(.text.SEGGER_RTT_SetFlagsDownBuffer), (92 bytes).
    Removing segger_rtt.o(.ARM.exidx.text.SEGGER_RTT_SetFlagsDownBuffer), (8 bytes).
    Removing segger_rtt.o(.text.SEGGER_RTT_Init), (8 bytes).
    Removing segger_rtt.o(.ARM.exidx.text.SEGGER_RTT_Init), (8 bytes).
    Removing segger_rtt.o(.text.SEGGER_RTT_SetTerminal), (184 bytes).
    Removing segger_rtt.o(.ARM.exidx.text.SEGGER_RTT_SetTerminal), (8 bytes).
    Removing segger_rtt.o(.text.SEGGER_RTT_TerminalOut), (312 bytes).
    Removing segger_rtt.o(.ARM.exidx.text.SEGGER_RTT_TerminalOut), (8 bytes).
    Removing segger_rtt.o(.text._PostTerminalSwitch), (40 bytes).
    Removing segger_rtt.o(.ARM.exidx.text._PostTerminalSwitch), (8 bytes).
    Removing segger_rtt.o(.data._aTerminalId), (16 bytes).
    Removing segger_rtt.o(.bss._ActiveTerminal), (1 bytes).
    Removing segger_rtt_printf.o(.text), (0 bytes).
    Removing segger_rtt_printf.o(.text.SEGGER_RTT_vprintf), (1504 bytes).
    Removing segger_rtt_printf.o(.ARM.exidx.text.SEGGER_RTT_vprintf), (8 bytes).
    Removing segger_rtt_printf.o(.text._StoreChar), (116 bytes).
    Removing segger_rtt_printf.o(.ARM.exidx.text._StoreChar), (8 bytes).
    Removing segger_rtt_printf.o(.text._PrintInt), (460 bytes).
    Removing segger_rtt_printf.o(.ARM.exidx.text._PrintInt), (8 bytes).
    Removing segger_rtt_printf.o(.text._PrintUnsigned), (436 bytes).
    Removing segger_rtt_printf.o(.ARM.exidx.text._PrintUnsigned), (8 bytes).
    Removing segger_rtt_printf.o(.text.SEGGER_RTT_printf), (44 bytes).
    Removing segger_rtt_printf.o(.ARM.exidx.text.SEGGER_RTT_printf), (8 bytes).
    Removing segger_rtt_printf.o(.rodata._PrintUnsigned._aV2C), (16 bytes).
    Removing dcmpge.o(.text), (44 bytes).
    Removing dflti.o(.text), (40 bytes).
    Removing dfixi.o(.text), (72 bytes).
    Removing dfixui.o(.text), (60 bytes).

1309 unused section(s) (total 47376 bytes) removed from the image.

==============================================================================

Image Symbol Table

    Local Symbols

    Symbol Name                              Value     Ov Type        Size  Object(Section)

    ../clib/division.s                       0x00000000   Number         0  aeabi_sdiv.o ABSOLUTE
    ../clib/division.s                       0x00000000   Number         0  aeabi_sdiv_div0.o ABSOLUTE
    ../clib/microlib/division.c              0x00000000   Number         0  uidiv.o ABSOLUTE
    ../clib/microlib/division.c              0x00000000   Number         0  uldiv.o ABSOLUTE
    ../clib/microlib/division.c              0x00000000   Number         0  uidiv_div0.o ABSOLUTE
    ../clib/microlib/division.c              0x00000000   Number         0  idiv_div0.o ABSOLUTE
    ../clib/microlib/division.c              0x00000000   Number         0  idiv0.o ABSOLUTE
    ../clib/microlib/init/entry.s            0x00000000   Number         0  entry.o ABSOLUTE
    ../clib/microlib/init/entry.s            0x00000000   Number         0  entry2.o ABSOLUTE
    ../clib/microlib/init/entry.s            0x00000000   Number         0  entry5.o ABSOLUTE
    ../clib/microlib/init/entry.s            0x00000000   Number         0  entry7a.o ABSOLUTE
    ../clib/microlib/init/entry.s            0x00000000   Number         0  entry7b.o ABSOLUTE
    ../clib/microlib/init/entry.s            0x00000000   Number         0  entry8a.o ABSOLUTE
    ../clib/microlib/init/entry.s            0x00000000   Number         0  entry8b.o ABSOLUTE
    ../clib/microlib/init/entry.s            0x00000000   Number         0  entry9a.o ABSOLUTE
    ../clib/microlib/init/entry.s            0x00000000   Number         0  entry9b.o ABSOLUTE
    ../clib/microlib/init/entry.s            0x00000000   Number         0  entry10a.o ABSOLUTE
    ../clib/microlib/init/entry.s            0x00000000   Number         0  entry10b.o ABSOLUTE
    ../clib/microlib/init/entry.s            0x00000000   Number         0  entry11a.o ABSOLUTE
    ../clib/microlib/init/entry.s            0x00000000   Number         0  entry11b.o ABSOLUTE
    ../clib/microlib/longlong.c              0x00000000   Number         0  llshl.o ABSOLUTE
    ../clib/microlib/longlong.c              0x00000000   Number         0  llushr.o ABSOLUTE
    ../clib/microlib/longlong.c              0x00000000   Number         0  llsshr.o ABSOLUTE
    ../clib/microlib/printf/printf.c         0x00000000   Number         0  printfa.o ABSOLUTE
    ../clib/microlib/stdio/streams.c         0x00000000   Number         0  stdout.o ABSOLUTE
    ../clib/microlib/string/memcpy.c         0x00000000   Number         0  memcpya.o ABSOLUTE
    ../clib/microlib/string/memcpy.c         0x00000000   Number         0  memcpyb.o ABSOLUTE
    ../clib/microlib/string/strcpy.c         0x00000000   Number         0  strcpy.o ABSOLUTE
    ../clib/microlib/string/strlen.c         0x00000000   Number         0  strlen.o ABSOLUTE
    ../clib/microlib/stubs.s                 0x00000000   Number         0  iusefp.o ABSOLUTE
    ../fplib/microlib/fpadd.c                0x00000000   Number         0  dadd.o ABSOLUTE
    ../fplib/microlib/fpcmp.c                0x00000000   Number         0  dcmpge.o ABSOLUTE
    ../fplib/microlib/fpdiv.c                0x00000000   Number         0  ddiv.o ABSOLUTE
    ../fplib/microlib/fpepilogue.c           0x00000000   Number         0  depilogue.o ABSOLUTE
    ../fplib/microlib/fpfix.c                0x00000000   Number         0  dfixi.o ABSOLUTE
    ../fplib/microlib/fpfix.c                0x00000000   Number         0  dfixui.o ABSOLUTE
    ../fplib/microlib/fpfix.c                0x00000000   Number         0  dfixul.o ABSOLUTE
    ../fplib/microlib/fpflt.c                0x00000000   Number         0  dflti.o ABSOLUTE
    ../fplib/microlib/fpmul.c                0x00000000   Number         0  dmul.o ABSOLUTE
    ..\..\..\..\Firmware\CMSIS\GD\GD32C2x1\Source\ARM\startup_gd32c231_221.s 0x00000000   Number         0  startup_gd32c231_221.o ABSOLUTE
    SEGGER_RTT.c                             0x00000000   Number         0  segger_rtt.o ABSOLUTE
    SEGGER_RTT_printf.c                      0x00000000   Number         0  segger_rtt_printf.o ABSOLUTE
    bsp_gpio.c                               0x00000000   Number         0  bsp_gpio.o ABSOLUTE
    cdrcmple.s                               0x00000000   Number         0  cdrcmple.o ABSOLUTE
    dc.s                                     0x00000000   Number         0  dc.o ABSOLUTE
    gd32c2x1_adc.c                           0x00000000   Number         0  gd32c2x1_adc.o ABSOLUTE
    gd32c2x1_cmp.c                           0x00000000   Number         0  gd32c2x1_cmp.o ABSOLUTE
    gd32c2x1_crc.c                           0x00000000   Number         0  gd32c2x1_crc.o ABSOLUTE
    gd32c2x1_dbg.c                           0x00000000   Number         0  gd32c2x1_dbg.o ABSOLUTE
    gd32c2x1_dma.c                           0x00000000   Number         0  gd32c2x1_dma.o ABSOLUTE
    gd32c2x1_err_report.c                    0x00000000   Number         0  gd32c2x1_err_report.o ABSOLUTE
    gd32c2x1_exti.c                          0x00000000   Number         0  gd32c2x1_exti.o ABSOLUTE
    gd32c2x1_fmc.c                           0x00000000   Number         0  gd32c2x1_fmc.o ABSOLUTE
    gd32c2x1_fwdgt.c                         0x00000000   Number         0  gd32c2x1_fwdgt.o ABSOLUTE
    gd32c2x1_gpio.c                          0x00000000   Number         0  gd32c2x1_gpio.o ABSOLUTE
    gd32c2x1_i2c.c                           0x00000000   Number         0  gd32c2x1_i2c.o ABSOLUTE
    gd32c2x1_it.c                            0x00000000   Number         0  gd32c2x1_it.o ABSOLUTE
    gd32c2x1_misc.c                          0x00000000   Number         0  gd32c2x1_misc.o ABSOLUTE
    gd32c2x1_pmu.c                           0x00000000   Number         0  gd32c2x1_pmu.o ABSOLUTE
    gd32c2x1_rcu.c                           0x00000000   Number         0  gd32c2x1_rcu.o ABSOLUTE
    gd32c2x1_rtc.c                           0x00000000   Number         0  gd32c2x1_rtc.o ABSOLUTE
    gd32c2x1_spi.c                           0x00000000   Number         0  gd32c2x1_spi.o ABSOLUTE
    gd32c2x1_syscfg.c                        0x00000000   Number         0  gd32c2x1_syscfg.o ABSOLUTE
    gd32c2x1_timer.c                         0x00000000   Number         0  gd32c2x1_timer.o ABSOLUTE
    gd32c2x1_usart.c                         0x00000000   Number         0  gd32c2x1_usart.o ABSOLUTE
    gd32c2x1_wwdgt.c                         0x00000000   Number         0  gd32c2x1_wwdgt.o ABSOLUTE
    handlers.s                               0x00000000   Number         0  handlers.o ABSOLUTE
    init.s                                   0x00000000   Number         0  init.o ABSOLUTE
    main.c                                   0x00000000   Number         0  main.o ABSOLUTE
    system_gd32c2x1.c                        0x00000000   Number         0  system_gd32c2x1.o ABSOLUTE
    systick.c                                0x00000000   Number         0  systick.o ABSOLUTE
    RESET                                    0x08000000   Section      220  startup_gd32c231_221.o(RESET)
    .ARM.Collect$$$$00000000                 0x080000dc   Section        0  entry.o(.ARM.Collect$$$$00000000)
    .ARM.Collect$$$$00000001                 0x080000dc   Section        4  entry2.o(.ARM.Collect$$$$00000001)
    .ARM.Collect$$$$00000004                 0x080000e0   Section        4  entry5.o(.ARM.Collect$$$$00000004)
    .ARM.Collect$$$$00000008                 0x080000e4   Section        0  entry7b.o(.ARM.Collect$$$$00000008)
    .ARM.Collect$$$$0000000A                 0x080000e4   Section        0  entry8b.o(.ARM.Collect$$$$0000000A)
    .ARM.Collect$$$$0000000B                 0x080000e4   Section        8  entry9a.o(.ARM.Collect$$$$0000000B)
    __lit__00000000                          0x080000ec   Data           4  entry2.o(.ARM.Collect$$$$00002712)
    .ARM.Collect$$$$0000000D                 0x080000ec   Section        0  entry10a.o(.ARM.Collect$$$$0000000D)
    .ARM.Collect$$$$0000000F                 0x080000ec   Section        0  entry11a.o(.ARM.Collect$$$$0000000F)
    .ARM.Collect$$$$00002712                 0x080000ec   Section        4  entry2.o(.ARM.Collect$$$$00002712)
    .text                                    0x080000f0   Section       68  startup_gd32c231_221.o(.text)
    .text                                    0x08000134   Section        0  strcpy.o(.text)
    .text                                    0x08000148   Section        0  dadd.o(.text)
    .text                                    0x080002ac   Section        0  dmul.o(.text)
    .text                                    0x0800037c   Section        0  uldiv.o(.text)
    .text                                    0x080003dc   Section        0  llshl.o(.text)
    .text                                    0x080003fc   Section        0  llushr.o(.text)
    .text                                    0x0800041e   Section        0  llsshr.o(.text)
    .text                                    0x08000444   Section        0  iusefp.o(.text)
    .text                                    0x08000444   Section        0  depilogue.o(.text)
    .text                                    0x08000504   Section        0  ddiv.o(.text)
    .text                                    0x080005f4   Section        0  dfixul.o(.text)
    .text                                    0x08000634   Section       40  cdrcmple.o(.text)
    .text                                    0x0800065c   Section       48  init.o(.text)
    .text                                    0x0800068c   Section        0  uidiv_div0.o(.text)
    [Anonymous Symbol]                       0x080006ca   Section        0  main.o(.text.BSP_ICPinConfig)
    [Anonymous Symbol]                       0x080006dc   Section        0  bsp_gpio.o(.text.CLKMode_Clr)
    [Anonymous Symbol]                       0x080006e4   Section        0  bsp_gpio.o(.text.ClosePLS_Clr)
    [Anonymous Symbol]                       0x080006ec   Section        0  bsp_gpio.o(.text.FreqCtrl_Set)
    [Anonymous Symbol]                       0x080006f8   Section        0  bsp_gpio.o(.text.GPIO_UserInit)
    __arm_cp.0_0                             0x080008c0   Number         4  bsp_gpio.o(.text.GPIO_UserInit)
    __arm_cp.0_1                             0x080008c4   Number         4  bsp_gpio.o(.text.GPIO_UserInit)
    __arm_cp.0_2                             0x080008c8   Number         4  bsp_gpio.o(.text.GPIO_UserInit)
    __arm_cp.0_3                             0x080008cc   Number         4  bsp_gpio.o(.text.GPIO_UserInit)
    __arm_cp.0_4                             0x080008d0   Number         4  bsp_gpio.o(.text.GPIO_UserInit)
    __arm_cp.0_5                             0x080008d4   Number         4  bsp_gpio.o(.text.GPIO_UserInit)
    __arm_cp.0_6                             0x080008d8   Number         4  bsp_gpio.o(.text.GPIO_UserInit)
    __arm_cp.0_7                             0x080008dc   Number         4  bsp_gpio.o(.text.GPIO_UserInit)
    __arm_cp.0_8                             0x080008e0   Number         4  bsp_gpio.o(.text.GPIO_UserInit)
    __arm_cp.0_9                             0x080008e4   Number         4  bsp_gpio.o(.text.GPIO_UserInit)
    __arm_cp.0_10                            0x080008e8   Number         4  bsp_gpio.o(.text.GPIO_UserInit)
    [Anonymous Symbol]                       0x080008ec   Section        0  gd32c2x1_it.o(.text.HardFault_Handler)
    [Anonymous Symbol]                       0x080008f0   Section        0  bsp_gpio.o(.text.LED_Clr)
    [Anonymous Symbol]                       0x0800090c   Section        0  bsp_gpio.o(.text.LED_Set)
    __arm_cp.1_0                             0x08000928   Number         4  bsp_gpio.o(.text.LED_Set)
    __arm_cp.1_1                             0x0800092c   Number         4  bsp_gpio.o(.text.LED_Set)
    [Anonymous Symbol]                       0x08000930   Section        0  gd32c2x1_it.o(.text.NMI_Handler)
    [Anonymous Symbol]                       0x0800096e   Section        0  gd32c2x1_it.o(.text.PendSV_Handler)
    [Anonymous Symbol]                       0x08000974   Section        0  segger_rtt.o(.text.SEGGER_RTT_PutChar)
    [Anonymous Symbol]                       0x08000a10   Section        0  gd32c2x1_it.o(.text.SVC_Handler)
    SysTick_Config                           0x08000a15   Thumb Code    64  systick.o(.text.SysTick_Config)
    [Anonymous Symbol]                       0x08000a14   Section        0  systick.o(.text.SysTick_Config)
    __arm_cp.1_0                             0x08000a54   Number         4  systick.o(.text.SysTick_Config)
    __arm_cp.1_1                             0x08000a58   Number         4  systick.o(.text.SysTick_Config)
    __arm_cp.1_2                             0x08000a5c   Number         4  systick.o(.text.SysTick_Config)
    [Anonymous Symbol]                       0x08000a60   Section        0  gd32c2x1_it.o(.text.SysTick_Handler)
    [Anonymous Symbol]                       0x08000a68   Section        0  system_gd32c2x1.o(.text.SystemInit)
    __arm_cp.0_0                             0x08000ac8   Number         4  system_gd32c2x1.o(.text.SystemInit)
    __arm_cp.0_1                             0x08000acc   Number         4  system_gd32c2x1.o(.text.SystemInit)
    __arm_cp.0_2                             0x08000ad0   Number         4  system_gd32c2x1.o(.text.SystemInit)
    __arm_cp.0_3                             0x08000ad4   Number         4  system_gd32c2x1.o(.text.SystemInit)
    __arm_cp.0_4                             0x08000ad8   Number         4  system_gd32c2x1.o(.text.SystemInit)
    __arm_cp.0_5                             0x08000adc   Number         4  system_gd32c2x1.o(.text.SystemInit)
    _DoInit                                  0x08000ae1   Thumb Code   108  segger_rtt.o(.text._DoInit)
    [Anonymous Symbol]                       0x08000ae0   Section        0  segger_rtt.o(.text._DoInit)
    __arm_cp.1_0                             0x08000b4c   Number         4  segger_rtt.o(.text._DoInit)
    __arm_cp.1_1                             0x08000b50   Number         4  segger_rtt.o(.text._DoInit)
    __arm_cp.1_2                             0x08000b54   Number         4  segger_rtt.o(.text._DoInit)
    __arm_cp.1_3                             0x08000b58   Number         4  segger_rtt.o(.text._DoInit)
    __arm_cp.1_4                             0x08000b5c   Number         4  segger_rtt.o(.text._DoInit)
    __arm_cp.1_5                             0x08000b60   Number         4  segger_rtt.o(.text._DoInit)
    __NVIC_SetPriority                       0x08000b65   Thumb Code   124  systick.o(.text.__NVIC_SetPriority)
    [Anonymous Symbol]                       0x08000b64   Section        0  systick.o(.text.__NVIC_SetPriority)
    __arm_cp.2_0                             0x08000be0   Number         4  systick.o(.text.__NVIC_SetPriority)
    __arm_cp.2_1                             0x08000be4   Number         4  systick.o(.text.__NVIC_SetPriority)
    [Anonymous Symbol]                       0x08000be8   Section        0  systick.o(.text.delay_1ms)
    [Anonymous Symbol]                       0x08000c04   Section        0  systick.o(.text.delay_decrement)
    __arm_cp.4_0                             0x08000c18   Number         4  systick.o(.text.delay_decrement)
    [Anonymous Symbol]                       0x08000c1c   Section        0  main.o(.text.fputc)
    [Anonymous Symbol]                       0x08000c34   Section        0  gd32c2x1_gpio.o(.text.gpio_af_set)
    [Anonymous Symbol]                       0x08000d00   Section        0  gd32c2x1_gpio.o(.text.gpio_mode_set)
    [Anonymous Symbol]                       0x08000d98   Section        0  gd32c2x1_gpio.o(.text.gpio_output_options_set)
    __arm_cp.2_0                             0x08000e2c   Number         4  gd32c2x1_gpio.o(.text.gpio_output_options_set)
    [Anonymous Symbol]                       0x08000e30   Section        0  main.o(.text.main)
    __arm_cp.0_0                             0x08000e74   Number         4  main.o(.text.main)
    [Anonymous Symbol]                       0x08000e78   Section        0  gd32c2x1_misc.o(.text.nvic_vector_table_set)
    __arm_cp.5_0                             0x08000e94   Number         4  gd32c2x1_misc.o(.text.nvic_vector_table_set)
    __arm_cp.5_1                             0x08000e98   Number         4  gd32c2x1_misc.o(.text.nvic_vector_table_set)
    [Anonymous Symbol]                       0x08000e9c   Section        0  gd32c2x1_rcu.o(.text.rcu_ckout0_config)
    [Anonymous Symbol]                       0x08000ed0   Section        0  gd32c2x1_rcu.o(.text.rcu_ckout1_config)
    [Anonymous Symbol]                       0x08000f04   Section        0  gd32c2x1_rcu.o(.text.rcu_irc48mdiv_sys_clock_config)
    [Anonymous Symbol]                       0x08000f2c   Section        0  gd32c2x1_rcu.o(.text.rcu_periph_clock_enable)
    [Anonymous Symbol]                       0x08000f50   Section        0  gd32c2x1_syscfg.o(.text.syscfg_interrupt_flag_get)
    __arm_cp.13_0                            0x08000f7c   Number         4  gd32c2x1_syscfg.o(.text.syscfg_interrupt_flag_get)
    system_clock_config                      0x08000f81   Thumb Code     8  system_gd32c2x1.o(.text.system_clock_config)
    [Anonymous Symbol]                       0x08000f80   Section        0  system_gd32c2x1.o(.text.system_clock_config)
    system_clock_irc48m                      0x08000f89   Thumb Code   152  system_gd32c2x1.o(.text.system_clock_irc48m)
    [Anonymous Symbol]                       0x08000f88   Section        0  system_gd32c2x1.o(.text.system_clock_irc48m)
    __arm_cp.4_0                             0x08001020   Number         4  system_gd32c2x1.o(.text.system_clock_irc48m)
    __arm_cp.4_1                             0x08001024   Number         4  system_gd32c2x1.o(.text.system_clock_irc48m)
    __arm_cp.4_2                             0x08001028   Number         4  system_gd32c2x1.o(.text.system_clock_irc48m)
    [Anonymous Symbol]                       0x0800102c   Section        0  systick.o(.text.systick_config)
    __arm_cp.0_0                             0x08001050   Number         4  systick.o(.text.systick_config)
    i.__0printf                              0x08001054   Section        0  printfa.o(i.__0printf)
    i.__ARM_clz                              0x08001074   Section        0  depilogue.o(i.__ARM_clz)
    i.__scatterload_copy                     0x080010a2   Section       14  handlers.o(i.__scatterload_copy)
    i.__scatterload_null                     0x080010b0   Section        2  handlers.o(i.__scatterload_null)
    i.__scatterload_zeroinit                 0x080010b2   Section       14  handlers.o(i.__scatterload_zeroinit)
    _fp_digits                               0x080010c1   Thumb Code   344  printfa.o(i._fp_digits)
    i._fp_digits                             0x080010c0   Section        0  printfa.o(i._fp_digits)
    _printf_core                             0x08001235   Thumb Code  1754  printfa.o(i._printf_core)
    i._printf_core                           0x08001234   Section        0  printfa.o(i._printf_core)
    _printf_post_padding                     0x08001921   Thumb Code    32  printfa.o(i._printf_post_padding)
    i._printf_post_padding                   0x08001920   Section        0  printfa.o(i._printf_post_padding)
    _printf_pre_padding                      0x08001941   Thumb Code    44  printfa.o(i._printf_pre_padding)
    i._printf_pre_padding                    0x08001940   Section        0  printfa.o(i._printf_pre_padding)
    [Anonymous Symbol]                       0x08001980   Section        0  main.o(.rodata.str1.1)
    [Anonymous Symbol]                       0x0800198f   Section        0  segger_rtt.o(.rodata.str1.1)
    .data                                    0x20000000   Section        4  stdout.o(.data)
    _acDownBuffer                            0x200000b0   Data          16  segger_rtt.o(.bss._acDownBuffer)
    [Anonymous Symbol]                       0x200000b0   Section        0  segger_rtt.o(.bss._acDownBuffer)
    _acUpBuffer                              0x200000c0   Data        2048  segger_rtt.o(.bss._acUpBuffer)
    [Anonymous Symbol]                       0x200000c0   Section        0  segger_rtt.o(.bss._acUpBuffer)
    delay                                    0x200008c0   Data           4  systick.o(.bss.delay)
    [Anonymous Symbol]                       0x200008c0   Section        0  systick.o(.bss.delay)
    STACK                                    0x200008c8   Section     1024  startup_gd32c231_221.o(STACK)

    Global Symbols

    Symbol Name                              Value     Ov Type        Size  Object(Section)

    BuildAttributes$$THM_ISAv3M$S$8M$PE$A:L22$X:L11$S22$IEEE1$IW$~IW$USESV6$~STKCKD$USESV7$~SHL$OSPACE$ROPI$EBA8$MICROLIB$REQ8$PRES8$EABIv2 0x00000000   Number         0  anon$$obj.o ABSOLUTE
    __cpp_initialize__aeabi_                  - Undefined Weak Reference
    __cxa_finalize                            - Undefined Weak Reference
    __decompress                              - Undefined Weak Reference
    _clock_init                               - Undefined Weak Reference
    _microlib_exit                            - Undefined Weak Reference
    __Vectors_Size                           0x000000dc   Number         0  startup_gd32c231_221.o ABSOLUTE
    __Vectors                                0x08000000   Data           4  startup_gd32c231_221.o(RESET)
    __Vectors_End                            0x080000dc   Data           0  startup_gd32c231_221.o(RESET)
    __main                                   0x080000dd   Thumb Code     0  entry.o(.ARM.Collect$$$$00000000)
    _main_stk                                0x080000dd   Thumb Code     0  entry2.o(.ARM.Collect$$$$00000001)
    _main_scatterload                        0x080000e1   Thumb Code     0  entry5.o(.ARM.Collect$$$$00000004)
    __main_after_scatterload                 0x080000e5   Thumb Code     0  entry5.o(.ARM.Collect$$$$00000004)
    _main_clock                              0x080000e5   Thumb Code     0  entry7b.o(.ARM.Collect$$$$00000008)
    _main_cpp_init                           0x080000e5   Thumb Code     0  entry8b.o(.ARM.Collect$$$$0000000A)
    _main_init                               0x080000e5   Thumb Code     0  entry9a.o(.ARM.Collect$$$$0000000B)
    __rt_final_cpp                           0x080000ed   Thumb Code     0  entry10a.o(.ARM.Collect$$$$0000000D)
    __rt_final_exit                          0x080000ed   Thumb Code     0  entry11a.o(.ARM.Collect$$$$0000000F)
    Reset_Handler                            0x080000f1   Thumb Code    34  startup_gd32c231_221.o(.text)
    ADC_IRQHandler                           0x0800011d   Thumb Code     0  startup_gd32c231_221.o(.text)
    CMP0_IRQHandler                          0x0800011d   Thumb Code     0  startup_gd32c231_221.o(.text)
    CMP1_IRQHandler                          0x0800011d   Thumb Code     0  startup_gd32c231_221.o(.text)
    DMAMUX_IRQHandler                        0x0800011d   Thumb Code     0  startup_gd32c231_221.o(.text)
    DMA_Channel0_IRQHandler                  0x0800011d   Thumb Code     0  startup_gd32c231_221.o(.text)
    DMA_Channel1_IRQHandler                  0x0800011d   Thumb Code     0  startup_gd32c231_221.o(.text)
    DMA_Channel2_IRQHandler                  0x0800011d   Thumb Code     0  startup_gd32c231_221.o(.text)
    EXTI0_IRQHandler                         0x0800011d   Thumb Code     0  startup_gd32c231_221.o(.text)
    EXTI10_15_IRQHandler                     0x0800011d   Thumb Code     0  startup_gd32c231_221.o(.text)
    EXTI1_IRQHandler                         0x0800011d   Thumb Code     0  startup_gd32c231_221.o(.text)
    EXTI2_IRQHandler                         0x0800011d   Thumb Code     0  startup_gd32c231_221.o(.text)
    EXTI3_IRQHandler                         0x0800011d   Thumb Code     0  startup_gd32c231_221.o(.text)
    EXTI4_IRQHandler                         0x0800011d   Thumb Code     0  startup_gd32c231_221.o(.text)
    EXTI5_9_IRQHandler                       0x0800011d   Thumb Code     0  startup_gd32c231_221.o(.text)
    FMC_IRQHandler                           0x0800011d   Thumb Code     0  startup_gd32c231_221.o(.text)
    I2C0_ER_IRQHandler                       0x0800011d   Thumb Code     0  startup_gd32c231_221.o(.text)
    I2C0_EV_IRQHandler                       0x0800011d   Thumb Code     0  startup_gd32c231_221.o(.text)
    I2C0_WKUP_IRQHandler                     0x0800011d   Thumb Code     0  startup_gd32c231_221.o(.text)
    I2C1_ER_IRQHandler                       0x0800011d   Thumb Code     0  startup_gd32c231_221.o(.text)
    I2C1_EV_IRQHandler                       0x0800011d   Thumb Code     0  startup_gd32c231_221.o(.text)
    I2C1_WKUP_IRQHandler                     0x0800011d   Thumb Code     0  startup_gd32c231_221.o(.text)
    RCU_IRQHandler                           0x0800011d   Thumb Code     0  startup_gd32c231_221.o(.text)
    RTC_Alarm_IRQHandler                     0x0800011d   Thumb Code     0  startup_gd32c231_221.o(.text)
    SPI0_IRQHandler                          0x0800011d   Thumb Code     0  startup_gd32c231_221.o(.text)
    SPI1_IRQHandler                          0x0800011d   Thumb Code     0  startup_gd32c231_221.o(.text)
    TIMER0_Channel_IRQHandler                0x0800011d   Thumb Code     0  startup_gd32c231_221.o(.text)
    TIMER0_TRG_CMT_UP_BRK_IRQHandler         0x0800011d   Thumb Code     0  startup_gd32c231_221.o(.text)
    TIMER13_IRQHandler                       0x0800011d   Thumb Code     0  startup_gd32c231_221.o(.text)
    TIMER15_IRQHandler                       0x0800011d   Thumb Code     0  startup_gd32c231_221.o(.text)
    TIMER16_IRQHandler                       0x0800011d   Thumb Code     0  startup_gd32c231_221.o(.text)
    TIMER2_IRQHandler                        0x0800011d   Thumb Code     0  startup_gd32c231_221.o(.text)
    TIMESTAMP_IRQHandler                     0x0800011d   Thumb Code     0  startup_gd32c231_221.o(.text)
    USART0_IRQHandler                        0x0800011d   Thumb Code     0  startup_gd32c231_221.o(.text)
    USART0_WKUP_IRQHandler                   0x0800011d   Thumb Code     0  startup_gd32c231_221.o(.text)
    USART1_IRQHandler                        0x0800011d   Thumb Code     0  startup_gd32c231_221.o(.text)
    USART2_IRQHandler                        0x0800011d   Thumb Code     0  startup_gd32c231_221.o(.text)
    WWDGT_IRQHandler                         0x0800011d   Thumb Code     0  startup_gd32c231_221.o(.text)
    strcpy                                   0x08000135   Thumb Code    18  strcpy.o(.text)
    __aeabi_dadd                             0x08000149   Thumb Code   328  dadd.o(.text)
    __aeabi_dsub                             0x08000291   Thumb Code    12  dadd.o(.text)
    __aeabi_drsub                            0x0800029d   Thumb Code    12  dadd.o(.text)
    __aeabi_dmul                             0x080002ad   Thumb Code   202  dmul.o(.text)
    __aeabi_uldivmod                         0x0800037d   Thumb Code    96  uldiv.o(.text)
    __aeabi_llsl                             0x080003dd   Thumb Code    32  llshl.o(.text)
    _ll_shift_l                              0x080003dd   Thumb Code     0  llshl.o(.text)
    __aeabi_llsr                             0x080003fd   Thumb Code    34  llushr.o(.text)
    _ll_ushift_r                             0x080003fd   Thumb Code     0  llushr.o(.text)
    __aeabi_lasr                             0x0800041f   Thumb Code    38  llsshr.o(.text)
    _ll_sshift_r                             0x0800041f   Thumb Code     0  llsshr.o(.text)
    __I$use$fp                               0x08000445   Thumb Code     0  iusefp.o(.text)
    _double_round                            0x08000445   Thumb Code    26  depilogue.o(.text)
    _double_epilogue                         0x0800045f   Thumb Code   164  depilogue.o(.text)
    __aeabi_ddiv                             0x08000505   Thumb Code   234  ddiv.o(.text)
    __aeabi_d2ulz                            0x080005f5   Thumb Code    54  dfixul.o(.text)
    __aeabi_cdrcmple                         0x08000635   Thumb Code    38  cdrcmple.o(.text)
    __scatterload                            0x0800065d   Thumb Code    38  init.o(.text)
    __scatterload_rt2                        0x0800065d   Thumb Code     0  init.o(.text)
    __aeabi_uidiv$div0                       0x0800068d   Thumb Code     0  uidiv_div0.o(.text)
    __aeabi_uidivmod                         0x0800068d   Thumb Code    62  uidiv_div0.o(.text)
    BSP_ICPinConfig                          0x080006cb   Thumb Code    16  main.o(.text.BSP_ICPinConfig)
    CLKMode_Clr                              0x080006dd   Thumb Code     8  bsp_gpio.o(.text.CLKMode_Clr)
    ClosePLS_Clr                             0x080006e5   Thumb Code     8  bsp_gpio.o(.text.ClosePLS_Clr)
    FreqCtrl_Set                             0x080006ed   Thumb Code    12  bsp_gpio.o(.text.FreqCtrl_Set)
    GPIO_UserInit                            0x080006f9   Thumb Code   456  bsp_gpio.o(.text.GPIO_UserInit)
    HardFault_Handler                        0x080008ed   Thumb Code     4  gd32c2x1_it.o(.text.HardFault_Handler)
    LED_Clr                                  0x080008f1   Thumb Code    28  bsp_gpio.o(.text.LED_Clr)
    LED_Set                                  0x0800090d   Thumb Code    28  bsp_gpio.o(.text.LED_Set)
    NMI_Handler                              0x08000931   Thumb Code    62  gd32c2x1_it.o(.text.NMI_Handler)
    PendSV_Handler                           0x0800096f   Thumb Code     4  gd32c2x1_it.o(.text.PendSV_Handler)
    SEGGER_RTT_PutChar                       0x08000975   Thumb Code   156  segger_rtt.o(.text.SEGGER_RTT_PutChar)
    SVC_Handler                              0x08000a11   Thumb Code     4  gd32c2x1_it.o(.text.SVC_Handler)
    SysTick_Handler                          0x08000a61   Thumb Code     8  gd32c2x1_it.o(.text.SysTick_Handler)
    SystemInit                               0x08000a69   Thumb Code    96  system_gd32c2x1.o(.text.SystemInit)
    delay_1ms                                0x08000be9   Thumb Code    28  systick.o(.text.delay_1ms)
    delay_decrement                          0x08000c05   Thumb Code    20  systick.o(.text.delay_decrement)
    fputc                                    0x08000c1d   Thumb Code    24  main.o(.text.fputc)
    gpio_af_set                              0x08000c35   Thumb Code   204  gd32c2x1_gpio.o(.text.gpio_af_set)
    gpio_mode_set                            0x08000d01   Thumb Code   150  gd32c2x1_gpio.o(.text.gpio_mode_set)
    gpio_output_options_set                  0x08000d99   Thumb Code   148  gd32c2x1_gpio.o(.text.gpio_output_options_set)
    main                                     0x08000e31   Thumb Code    68  main.o(.text.main)
    nvic_vector_table_set                    0x08000e79   Thumb Code    28  gd32c2x1_misc.o(.text.nvic_vector_table_set)
    rcu_ckout0_config                        0x08000e9d   Thumb Code    52  gd32c2x1_rcu.o(.text.rcu_ckout0_config)
    rcu_ckout1_config                        0x08000ed1   Thumb Code    52  gd32c2x1_rcu.o(.text.rcu_ckout1_config)
    rcu_irc48mdiv_sys_clock_config           0x08000f05   Thumb Code    40  gd32c2x1_rcu.o(.text.rcu_irc48mdiv_sys_clock_config)
    rcu_periph_clock_enable                  0x08000f2d   Thumb Code    36  gd32c2x1_rcu.o(.text.rcu_periph_clock_enable)
    syscfg_interrupt_flag_get                0x08000f51   Thumb Code    44  gd32c2x1_syscfg.o(.text.syscfg_interrupt_flag_get)
    systick_config                           0x0800102d   Thumb Code    36  systick.o(.text.systick_config)
    __0printf                                0x08001055   Thumb Code    24  printfa.o(i.__0printf)
    __1printf                                0x08001055   Thumb Code     0  printfa.o(i.__0printf)
    __2printf                                0x08001055   Thumb Code     0  printfa.o(i.__0printf)
    __c89printf                              0x08001055   Thumb Code     0  printfa.o(i.__0printf)
    printf                                   0x08001055   Thumb Code     0  printfa.o(i.__0printf)
    __ARM_clz                                0x08001075   Thumb Code    46  depilogue.o(i.__ARM_clz)
    __scatterload_copy                       0x080010a3   Thumb Code    14  handlers.o(i.__scatterload_copy)
    __scatterload_null                       0x080010b1   Thumb Code     2  handlers.o(i.__scatterload_null)
    __scatterload_zeroinit                   0x080010b3   Thumb Code    14  handlers.o(i.__scatterload_zeroinit)
    LED_CLK                                  0x0800196c   Data           4  bsp_gpio.o(.rodata.LED_CLK)
    LED_PIN                                  0x08001970   Data           8  bsp_gpio.o(.rodata.LED_PIN)
    LED_PORT                                 0x08001978   Data           8  bsp_gpio.o(.rodata.LED_PORT)
    Region$$Table$$Base                      0x080019a4   Number         0  anon$$obj.o(Region$$Table)
    Region$$Table$$Limit                     0x080019c4   Number         0  anon$$obj.o(Region$$Table)
    __stdout                                 0x20000000   Data           4  stdout.o(.data)
    SystemCoreClock                          0x20000004   Data           4  system_gd32c2x1.o(.data.SystemCoreClock)
    _SEGGER_RTT                              0x20000008   Data         168  segger_rtt.o(.bss._SEGGER_RTT)
    __initial_sp                             0x20000cc8   Data           0  startup_gd32c231_221.o(STACK)



==============================================================================

Memory Map of the image

  Image Entry point : 0x080000dd

  Load Region LR_IROM1 (Base: 0x08000000, Size: 0x000019d0, Max: 0x00010000, ABSOLUTE)

    Execution Region ER_IROM1 (Exec base: 0x08000000, Load base: 0x08000000, Size: 0x000019c4, Max: 0x00010000, ABSOLUTE)

    Exec Addr    Load Addr    Size         Type   Attr      Idx    E Section Name        Object

    0x08000000   0x08000000   0x000000dc   Data   RO         1419    RESET               startup_gd32c231_221.o
    0x080000dc   0x080000dc   0x00000000   Code   RO         1519  * .ARM.Collect$$$$00000000  mc_p.l(entry.o)
    0x080000dc   0x080000dc   0x00000004   Code   RO         1570    .ARM.Collect$$$$00000001  mc_p.l(entry2.o)
    0x080000e0   0x080000e0   0x00000004   Code   RO         1573    .ARM.Collect$$$$00000004  mc_p.l(entry5.o)
    0x080000e4   0x080000e4   0x00000000   Code   RO         1575    .ARM.Collect$$$$00000008  mc_p.l(entry7b.o)
    0x080000e4   0x080000e4   0x00000000   Code   RO         1577    .ARM.Collect$$$$0000000A  mc_p.l(entry8b.o)
    0x080000e4   0x080000e4   0x00000008   Code   RO         1578    .ARM.Collect$$$$0000000B  mc_p.l(entry9a.o)
    0x080000ec   0x080000ec   0x00000000   Code   RO         1580    .ARM.Collect$$$$0000000D  mc_p.l(entry10a.o)
    0x080000ec   0x080000ec   0x00000000   Code   RO         1582    .ARM.Collect$$$$0000000F  mc_p.l(entry11a.o)
    0x080000ec   0x080000ec   0x00000004   Code   RO         1571    .ARM.Collect$$$$00002712  mc_p.l(entry2.o)
    0x080000f0   0x080000f0   0x00000044   Code   RO         1420    .text               startup_gd32c231_221.o
    0x08000134   0x08000134   0x00000012   Code   RO         1526    .text               mc_p.l(strcpy.o)
    0x08000146   0x08000146   0x00000002   PAD
    0x08000148   0x08000148   0x00000164   Code   RO         1558    .text               mf_p.l(dadd.o)
    0x080002ac   0x080002ac   0x000000d0   Code   RO         1560    .text               mf_p.l(dmul.o)
    0x0800037c   0x0800037c   0x00000060   Code   RO         1589    .text               mc_p.l(uldiv.o)
    0x080003dc   0x080003dc   0x00000020   Code   RO         1591    .text               mc_p.l(llshl.o)
    0x080003fc   0x080003fc   0x00000022   Code   RO         1593    .text               mc_p.l(llushr.o)
    0x0800041e   0x0800041e   0x00000026   Code   RO         1595    .text               mc_p.l(llsshr.o)
    0x08000444   0x08000444   0x00000000   Code   RO         1597    .text               mc_p.l(iusefp.o)
    0x08000444   0x08000444   0x000000be   Code   RO         1598    .text               mf_p.l(depilogue.o)
    0x08000502   0x08000502   0x00000002   PAD
    0x08000504   0x08000504   0x000000f0   Code   RO         1602    .text               mf_p.l(ddiv.o)
    0x080005f4   0x080005f4   0x00000040   Code   RO         1604    .text               mf_p.l(dfixul.o)
    0x08000634   0x08000634   0x00000028   Code   RO         1606    .text               mf_p.l(cdrcmple.o)
    0x0800065c   0x0800065c   0x00000030   Code   RO         1608    .text               mc_p.l(init.o)
    0x0800068c   0x0800068c   0x0000003e   Code   RO         1612    .text               mc_p.l(uidiv_div0.o)
    0x080006ca   0x080006ca   0x00000010   Code   RO           21    .text.BSP_ICPinConfig  main.o
    0x080006da   0x080006da   0x00000002   PAD
    0x080006dc   0x080006dc   0x00000008   Code   RO           66    .text.CLKMode_Clr   bsp_gpio.o
    0x080006e4   0x080006e4   0x00000008   Code   RO           74    .text.ClosePLS_Clr  bsp_gpio.o
    0x080006ec   0x080006ec   0x0000000c   Code   RO           68    .text.FreqCtrl_Set  bsp_gpio.o
    0x080006f8   0x080006f8   0x000001f4   Code   RO           52    .text.GPIO_UserInit  bsp_gpio.o
    0x080008ec   0x080008ec   0x00000004   Code   RO            4    .text.HardFault_Handler  gd32c2x1_it.o
    0x080008f0   0x080008f0   0x0000001c   Code   RO           56    .text.LED_Clr       bsp_gpio.o
    0x0800090c   0x0800090c   0x00000024   Code   RO           54    .text.LED_Set       bsp_gpio.o
    0x08000930   0x08000930   0x0000003e   Code   RO            2    .text.NMI_Handler   gd32c2x1_it.o
    0x0800096e   0x0800096e   0x00000004   Code   RO            8    .text.PendSV_Handler  gd32c2x1_it.o
    0x08000972   0x08000972   0x00000002   PAD
    0x08000974   0x08000974   0x0000009c   Code   RO         1453    .text.SEGGER_RTT_PutChar  segger_rtt.o
    0x08000a10   0x08000a10   0x00000004   Code   RO            6    .text.SVC_Handler   gd32c2x1_it.o
    0x08000a14   0x08000a14   0x0000004c   Code   RO           36    .text.SysTick_Config  systick.o
    0x08000a60   0x08000a60   0x00000008   Code   RO           10    .text.SysTick_Handler  gd32c2x1_it.o
    0x08000a68   0x08000a68   0x00000078   Code   RO         1399    .text.SystemInit    system_gd32c2x1.o
    0x08000ae0   0x08000ae0   0x00000084   Code   RO         1429    .text._DoInit       segger_rtt.o
    0x08000b64   0x08000b64   0x00000084   Code   RO           38    .text.__NVIC_SetPriority  systick.o
    0x08000be8   0x08000be8   0x0000001c   Code   RO           40    .text.delay_1ms     systick.o
    0x08000c04   0x08000c04   0x00000018   Code   RO           42    .text.delay_decrement  systick.o
    0x08000c1c   0x08000c1c   0x00000018   Code   RO           23    .text.fputc         main.o
    0x08000c34   0x08000c34   0x000000cc   Code   RO          528    .text.gpio_af_set   gd32c2x1_gpio.o
    0x08000d00   0x08000d00   0x00000096   Code   RO          508    .text.gpio_mode_set  gd32c2x1_gpio.o
    0x08000d96   0x08000d96   0x00000002   PAD
    0x08000d98   0x08000d98   0x00000098   Code   RO          510    .text.gpio_output_options_set  gd32c2x1_gpio.o
    0x08000e30   0x08000e30   0x00000048   Code   RO           19    .text.main          main.o
    0x08000e78   0x08000e78   0x00000024   Code   RO          684    .text.nvic_vector_table_set  gd32c2x1_misc.o
    0x08000e9c   0x08000e9c   0x00000034   Code   RO          772    .text.rcu_ckout0_config  gd32c2x1_rcu.o
    0x08000ed0   0x08000ed0   0x00000034   Code   RO          774    .text.rcu_ckout1_config  gd32c2x1_rcu.o
    0x08000f04   0x08000f04   0x00000028   Code   RO          788    .text.rcu_irc48mdiv_sys_clock_config  gd32c2x1_rcu.o
    0x08000f2c   0x08000f2c   0x00000024   Code   RO          746    .text.rcu_periph_clock_enable  gd32c2x1_rcu.o
    0x08000f50   0x08000f50   0x00000030   Code   RO         1036    .text.syscfg_interrupt_flag_get  gd32c2x1_syscfg.o
    0x08000f80   0x08000f80   0x00000008   Code   RO         1401    .text.system_clock_config  system_gd32c2x1.o
    0x08000f88   0x08000f88   0x000000a4   Code   RO         1407    .text.system_clock_irc48m  system_gd32c2x1.o
    0x0800102c   0x0800102c   0x00000028   Code   RO           34    .text.systick_config  systick.o
    0x08001054   0x08001054   0x00000020   Code   RO         1531    i.__0printf         mc_p.l(printfa.o)
    0x08001074   0x08001074   0x0000002e   Code   RO         1600    i.__ARM_clz         mf_p.l(depilogue.o)
    0x080010a2   0x080010a2   0x0000000e   Code   RO         1620    i.__scatterload_copy  mc_p.l(handlers.o)
    0x080010b0   0x080010b0   0x00000002   Code   RO         1621    i.__scatterload_null  mc_p.l(handlers.o)
    0x080010b2   0x080010b2   0x0000000e   Code   RO         1622    i.__scatterload_zeroinit  mc_p.l(handlers.o)
    0x080010c0   0x080010c0   0x00000174   Code   RO         1538    i._fp_digits        mc_p.l(printfa.o)
    0x08001234   0x08001234   0x000006ec   Code   RO         1539    i._printf_core      mc_p.l(printfa.o)
    0x08001920   0x08001920   0x00000020   Code   RO         1540    i._printf_post_padding  mc_p.l(printfa.o)
    0x08001940   0x08001940   0x0000002c   Code   RO         1541    i._printf_pre_padding  mc_p.l(printfa.o)
    0x0800196c   0x0800196c   0x00000004   Data   RO           78    .rodata.LED_CLK     bsp_gpio.o
    0x08001970   0x08001970   0x00000008   Data   RO           77    .rodata.LED_PIN     bsp_gpio.o
    0x08001978   0x08001978   0x00000008   Data   RO           76    .rodata.LED_PORT    bsp_gpio.o
    0x08001980   0x08001980   0x0000000f   Data   RO           25    .rodata.str1.1      main.o
    0x0800198f   0x0800198f   0x00000014   Data   RO         1492    .rodata.str1.1      segger_rtt.o
    0x080019a3   0x080019a3   0x00000001   PAD
    0x080019a4   0x080019a4   0x00000020   Data   RO         1619    Region$$Table       anon$$obj.o


    Execution Region RW_IRAM1 (Exec base: 0x20000000, Load base: 0x080019c8, Size: 0x00000cc8, Max: 0x00003000, ABSOLUTE)

    Exec Addr    Load Addr    Size         Type   Attr      Idx    E Section Name        Object

    0x20000000   0x080019c8   0x00000004   Data   RW         1584    .data               mc_p.l(stdout.o)
    0x20000004   0x080019cc   0x00000004   Data   RW         1409    .data.SystemCoreClock  system_gd32c2x1.o
    0x20000008        -       0x000000a8   Zero   RW         1489    .bss._SEGGER_RTT    segger_rtt.o
    0x200000b0        -       0x00000010   Zero   RW         1494    .bss._acDownBuffer  segger_rtt.o
    0x200000c0        -       0x00000800   Zero   RW         1493    .bss._acUpBuffer    segger_rtt.o
    0x200008c0        -       0x00000004   Zero   RW           44    .bss.delay          systick.o
    0x200008c4   0x080019d0   0x00000004   PAD
    0x200008c8        -       0x00000400   Zero   RW         1417    STACK               startup_gd32c231_221.o


==============================================================================

Image component sizes


      Code (inc. data)   RO Data    RW Data    ZI Data      Debug   Object Name

       592         52         20          0          0       2871   bsp_gpio.o
       506          4          0          0          0       4458   gd32c2x1_gpio.o
        82          0          0          0          0       1044   gd32c2x1_it.o
        36          8          0          0          0       4109   gd32c2x1_misc.o
       180          0          0          0          0      12171   gd32c2x1_rcu.o
        48          4          0          0          0       3779   gd32c2x1_syscfg.o
       112          4         15          0          0       1202   main.o
       288         24         20          0       2232      10762   segger_rtt.o
        68         22        220          0       1024        748   startup_gd32c231_221.o
       292         36          0          4          0       1797   system_gd32c2x1.o
       300         28          0          0          4       3171   systick.o

    ----------------------------------------------------------------------
      2510        182        308          4       3264      46112   Object Totals
         0          0         32          0          0          0   (incl. Generated)
         6          0          1          0          4          0   (incl. Padding)

    ----------------------------------------------------------------------

      Code (inc. data)   RO Data    RW Data    ZI Data      Debug   Library Member Name

         0          0          0          0          0          0   entry.o
         0          0          0          0          0          0   entry10a.o
         0          0          0          0          0          0   entry11a.o
         8          4          0          0          0          0   entry2.o
         4          0          0          0          0          0   entry5.o
         0          0          0          0          0          0   entry7b.o
         0          0          0          0          0          0   entry8b.o
         8          4          0          0          0          0   entry9a.o
        30          0          0          0          0          0   handlers.o
        48         10          0          0          0         68   init.o
         0          0          0          0          0          0   iusefp.o
        32          0          0          0          0         68   llshl.o
        38          0          0          0          0         68   llsshr.o
        34          0          0          0          0         68   llushr.o
      2252         98          0          0          0        412   printfa.o
         0          0          0          4          0          0   stdout.o
        18          0          0          0          0         60   strcpy.o
        62          0          0          0          0         72   uidiv_div0.o
        96          0          0          0          0         84   uldiv.o
        40          2          0          0          0         68   cdrcmple.o
       356          4          0          0          0        140   dadd.o
       240          6          0          0          0         84   ddiv.o
       236          0          0          0          0        216   depilogue.o
        64         10          0          0          0         68   dfixul.o
       208          6          0          0          0         88   dmul.o

    ----------------------------------------------------------------------
      3778        144          0          4          0       1564   Library Totals
         4          0          0          0          0          0   (incl. Padding)

    ----------------------------------------------------------------------

      Code (inc. data)   RO Data    RW Data    ZI Data      Debug   Library Name

      2630        116          0          4          0        900   mc_p.l
      1144         28          0          0          0        664   mf_p.l

    ----------------------------------------------------------------------
      3778        144          0          4          0       1564   Library Totals

    ----------------------------------------------------------------------

==============================================================================


      Code (inc. data)   RO Data    RW Data    ZI Data      Debug   

      6288        326        308          8       3264      46892   Grand Totals
      6288        326        308          8       3264      46892   ELF Image Totals
      6288        326        308          8          0          0   ROM Totals

==============================================================================

    Total RO  Size (Code + RO Data)                 6596 (   6.44kB)
    Total RW  Size (RW Data + ZI Data)              3272 (   3.20kB)
    Total ROM Size (Code + RO Data + RW Data)       6604 (   6.45kB)

==============================================================================

