<!doctype html public "-//w3c//dtd html 4.0 transitional//en">
<html><head>
<title>Static Call Graph - [.\output\Project.axf]</title></head>
<body><HR>
<H1>Static Call Graph for image .\output\Project.axf</H1><HR>
<BR><P>#&#060CALLGRAPH&#062# ARM Linker, 6220000: Last Updated: Wed Dec 10 16:59:05 2025
<BR><P>
<H3>Maximum Stack Usage =        116 bytes + Unknown(Cycles, Untraceable Function Pointers)</H3><H3>
Call chain for Maximum Stack Depth:</H3>
main &rArr; timer_config &rArr; timer_deinit &rArr; rcu_periph_reset_disable
<P>
<H3>
Mutually Recursive functions
</H3> <LI><a href="#[12]">ADC_IRQHandler</a>&nbsp;&nbsp;&nbsp;&rArr;&nbsp;&nbsp;&nbsp;<a href="#[12]">ADC_IRQHandler</a><BR>
</UL>
<P>
<H3>
Function Pointers
</H3><UL>
 <LI><a href="#[12]">ADC_IRQHandler</a> from startup_gd32c231_221.o(.text) referenced from startup_gd32c231_221.o(RESET)
 <LI><a href="#[26]">CMP0_IRQHandler</a> from startup_gd32c231_221.o(.text) referenced from startup_gd32c231_221.o(RESET)
 <LI><a href="#[27]">CMP1_IRQHandler</a> from startup_gd32c231_221.o(.text) referenced from startup_gd32c231_221.o(RESET)
 <LI><a href="#[25]">DMAMUX_IRQHandler</a> from startup_gd32c231_221.o(.text) referenced from startup_gd32c231_221.o(RESET)
 <LI><a href="#[f]">DMA_Channel0_IRQHandler</a> from startup_gd32c231_221.o(.text) referenced from startup_gd32c231_221.o(RESET)
 <LI><a href="#[10]">DMA_Channel1_IRQHandler</a> from startup_gd32c231_221.o(.text) referenced from startup_gd32c231_221.o(RESET)
 <LI><a href="#[11]">DMA_Channel2_IRQHandler</a> from startup_gd32c231_221.o(.text) referenced from startup_gd32c231_221.o(RESET)
 <LI><a href="#[a]">EXTI0_IRQHandler</a> from startup_gd32c231_221.o(.text) referenced from startup_gd32c231_221.o(RESET)
 <LI><a href="#[24]">EXTI10_15_IRQHandler</a> from startup_gd32c231_221.o(.text) referenced from startup_gd32c231_221.o(RESET)
 <LI><a href="#[b]">EXTI1_IRQHandler</a> from startup_gd32c231_221.o(.text) referenced from startup_gd32c231_221.o(RESET)
 <LI><a href="#[c]">EXTI2_IRQHandler</a> from startup_gd32c231_221.o(.text) referenced from startup_gd32c231_221.o(RESET)
 <LI><a href="#[d]">EXTI3_IRQHandler</a> from startup_gd32c231_221.o(.text) referenced from startup_gd32c231_221.o(RESET)
 <LI><a href="#[e]">EXTI4_IRQHandler</a> from startup_gd32c231_221.o(.text) referenced from startup_gd32c231_221.o(RESET)
 <LI><a href="#[1d]">EXTI5_9_IRQHandler</a> from startup_gd32c231_221.o(.text) referenced from startup_gd32c231_221.o(RESET)
 <LI><a href="#[8]">FMC_IRQHandler</a> from startup_gd32c231_221.o(.text) referenced from startup_gd32c231_221.o(RESET)
 <LI><a href="#[2]">HardFault_Handler</a> from gd32c2x1_it.o(.text.HardFault_Handler) referenced from startup_gd32c231_221.o(RESET)
 <LI><a href="#[17]">I2C0_ER_IRQHandler</a> from startup_gd32c231_221.o(.text) referenced from startup_gd32c231_221.o(RESET)
 <LI><a href="#[16]">I2C0_EV_IRQHandler</a> from startup_gd32c231_221.o(.text) referenced from startup_gd32c231_221.o(RESET)
 <LI><a href="#[28]">I2C0_WKUP_IRQHandler</a> from startup_gd32c231_221.o(.text) referenced from startup_gd32c231_221.o(RESET)
 <LI><a href="#[19]">I2C1_ER_IRQHandler</a> from startup_gd32c231_221.o(.text) referenced from startup_gd32c231_221.o(RESET)
 <LI><a href="#[18]">I2C1_EV_IRQHandler</a> from startup_gd32c231_221.o(.text) referenced from startup_gd32c231_221.o(RESET)
 <LI><a href="#[29]">I2C1_WKUP_IRQHandler</a> from startup_gd32c231_221.o(.text) referenced from startup_gd32c231_221.o(RESET)
 <LI><a href="#[1]">NMI_Handler</a> from gd32c2x1_it.o(.text.NMI_Handler) referenced from startup_gd32c231_221.o(RESET)
 <LI><a href="#[4]">PendSV_Handler</a> from gd32c2x1_it.o(.text.PendSV_Handler) referenced from startup_gd32c231_221.o(RESET)
 <LI><a href="#[9]">RCU_IRQHandler</a> from startup_gd32c231_221.o(.text) referenced from startup_gd32c231_221.o(RESET)
 <LI><a href="#[1c]">RTC_Alarm_IRQHandler</a> from startup_gd32c231_221.o(.text) referenced from startup_gd32c231_221.o(RESET)
 <LI><a href="#[0]">Reset_Handler</a> from startup_gd32c231_221.o(.text) referenced from startup_gd32c231_221.o(RESET)
 <LI><a href="#[1a]">SPI0_IRQHandler</a> from startup_gd32c231_221.o(.text) referenced from startup_gd32c231_221.o(RESET)
 <LI><a href="#[1b]">SPI1_IRQHandler</a> from startup_gd32c231_221.o(.text) referenced from startup_gd32c231_221.o(RESET)
 <LI><a href="#[3]">SVC_Handler</a> from gd32c2x1_it.o(.text.SVC_Handler) referenced from startup_gd32c231_221.o(RESET)
 <LI><a href="#[5]">SysTick_Handler</a> from gd32c2x1_it.o(.text.SysTick_Handler) referenced from startup_gd32c231_221.o(RESET)
 <LI><a href="#[2c]">SystemInit</a> from system_gd32c2x1.o(.text.SystemInit) referenced from startup_gd32c231_221.o(.text)
 <LI><a href="#[1f]">TIMER0_Channel_IRQHandler</a> from startup_gd32c231_221.o(.text) referenced from startup_gd32c231_221.o(RESET)
 <LI><a href="#[1e]">TIMER0_TRG_CMT_UP_BRK_IRQHandler</a> from startup_gd32c231_221.o(.text) referenced from startup_gd32c231_221.o(RESET)
 <LI><a href="#[21]">TIMER13_IRQHandler</a> from startup_gd32c231_221.o(.text) referenced from startup_gd32c231_221.o(RESET)
 <LI><a href="#[22]">TIMER15_IRQHandler</a> from startup_gd32c231_221.o(.text) referenced from startup_gd32c231_221.o(RESET)
 <LI><a href="#[23]">TIMER16_IRQHandler</a> from startup_gd32c231_221.o(.text) referenced from startup_gd32c231_221.o(RESET)
 <LI><a href="#[20]">TIMER2_IRQHandler</a> from gd32c2x1_it.o(.text.TIMER2_IRQHandler) referenced from startup_gd32c231_221.o(RESET)
 <LI><a href="#[7]">TIMESTAMP_IRQHandler</a> from startup_gd32c231_221.o(.text) referenced from startup_gd32c231_221.o(RESET)
 <LI><a href="#[13]">USART0_IRQHandler</a> from startup_gd32c231_221.o(.text) referenced from startup_gd32c231_221.o(RESET)
 <LI><a href="#[2a]">USART0_WKUP_IRQHandler</a> from startup_gd32c231_221.o(.text) referenced from startup_gd32c231_221.o(RESET)
 <LI><a href="#[14]">USART1_IRQHandler</a> from startup_gd32c231_221.o(.text) referenced from startup_gd32c231_221.o(RESET)
 <LI><a href="#[15]">USART2_IRQHandler</a> from startup_gd32c231_221.o(.text) referenced from startup_gd32c231_221.o(RESET)
 <LI><a href="#[6]">WWDGT_IRQHandler</a> from startup_gd32c231_221.o(.text) referenced from startup_gd32c231_221.o(RESET)
 <LI><a href="#[2d]">__main</a> from entry.o(.ARM.Collect$$$$00000000) referenced from startup_gd32c231_221.o(.text)
 <LI><a href="#[2e]">fputc</a> from main.o(.text.fputc) referenced from printfa.o(i.__0printf)
 <LI><a href="#[2b]">main</a> from main.o(.text.main) referenced from entry9a.o(.ARM.Collect$$$$0000000B)
</UL>
<P>
<H3>
Global Symbols
</H3>
<P><STRONG><a name="[2d]"></a>__main</STRONG> (Thumb, 0 bytes, Stack size unknown bytes, entry.o(.ARM.Collect$$$$00000000))
<BR>[Address Reference Count : 1]<UL><LI> startup_gd32c231_221.o(.text)
</UL>
<P><STRONG><a name="[6e]"></a>_main_stk</STRONG> (Thumb, 0 bytes, Stack size unknown bytes, entry2.o(.ARM.Collect$$$$00000001))

<P><STRONG><a name="[2f]"></a>_main_scatterload</STRONG> (Thumb, 0 bytes, Stack size unknown bytes, entry5.o(.ARM.Collect$$$$00000004))
<BR><BR>[Calls]<UL><LI><a href="#[30]">&gt;&gt;</a>&nbsp;&nbsp;&nbsp;__scatterload
</UL>

<P><STRONG><a name="[40]"></a>__main_after_scatterload</STRONG> (Thumb, 0 bytes, Stack size unknown bytes, entry5.o(.ARM.Collect$$$$00000004))
<BR><BR>[Called By]<UL><LI><a href="#[30]">&gt;&gt;</a>&nbsp;&nbsp;&nbsp;__scatterload
</UL>

<P><STRONG><a name="[6f]"></a>_main_clock</STRONG> (Thumb, 0 bytes, Stack size unknown bytes, entry7b.o(.ARM.Collect$$$$00000008))

<P><STRONG><a name="[70]"></a>_main_cpp_init</STRONG> (Thumb, 0 bytes, Stack size unknown bytes, entry8b.o(.ARM.Collect$$$$0000000A))

<P><STRONG><a name="[71]"></a>_main_init</STRONG> (Thumb, 0 bytes, Stack size unknown bytes, entry9a.o(.ARM.Collect$$$$0000000B))

<P><STRONG><a name="[72]"></a>__rt_final_cpp</STRONG> (Thumb, 0 bytes, Stack size unknown bytes, entry10a.o(.ARM.Collect$$$$0000000D))

<P><STRONG><a name="[73]"></a>__rt_final_exit</STRONG> (Thumb, 0 bytes, Stack size unknown bytes, entry11a.o(.ARM.Collect$$$$0000000F))

<P><STRONG><a name="[0]"></a>Reset_Handler</STRONG> (Thumb, 34 bytes, Stack size 0 bytes, startup_gd32c231_221.o(.text))
<BR>[Address Reference Count : 1]<UL><LI> startup_gd32c231_221.o(RESET)
</UL>
<P><STRONG><a name="[12]"></a>ADC_IRQHandler</STRONG> (Thumb, 0 bytes, Stack size 0 bytes, startup_gd32c231_221.o(.text))
<BR><BR>[Calls]<UL><LI><a href="#[12]">&gt;&gt;</a>&nbsp;&nbsp;&nbsp;ADC_IRQHandler
</UL>
<BR>[Called By]<UL><LI><a href="#[12]">&gt;&gt;</a>&nbsp;&nbsp;&nbsp;ADC_IRQHandler
</UL>
<BR>[Address Reference Count : 1]<UL><LI> startup_gd32c231_221.o(RESET)
</UL>
<P><STRONG><a name="[26]"></a>CMP0_IRQHandler</STRONG> (Thumb, 0 bytes, Stack size 0 bytes, startup_gd32c231_221.o(.text))
<BR>[Address Reference Count : 1]<UL><LI> startup_gd32c231_221.o(RESET)
</UL>
<P><STRONG><a name="[27]"></a>CMP1_IRQHandler</STRONG> (Thumb, 0 bytes, Stack size 0 bytes, startup_gd32c231_221.o(.text))
<BR>[Address Reference Count : 1]<UL><LI> startup_gd32c231_221.o(RESET)
</UL>
<P><STRONG><a name="[25]"></a>DMAMUX_IRQHandler</STRONG> (Thumb, 0 bytes, Stack size 0 bytes, startup_gd32c231_221.o(.text))
<BR>[Address Reference Count : 1]<UL><LI> startup_gd32c231_221.o(RESET)
</UL>
<P><STRONG><a name="[f]"></a>DMA_Channel0_IRQHandler</STRONG> (Thumb, 0 bytes, Stack size 0 bytes, startup_gd32c231_221.o(.text))
<BR>[Address Reference Count : 1]<UL><LI> startup_gd32c231_221.o(RESET)
</UL>
<P><STRONG><a name="[10]"></a>DMA_Channel1_IRQHandler</STRONG> (Thumb, 0 bytes, Stack size 0 bytes, startup_gd32c231_221.o(.text))
<BR>[Address Reference Count : 1]<UL><LI> startup_gd32c231_221.o(RESET)
</UL>
<P><STRONG><a name="[11]"></a>DMA_Channel2_IRQHandler</STRONG> (Thumb, 0 bytes, Stack size 0 bytes, startup_gd32c231_221.o(.text))
<BR>[Address Reference Count : 1]<UL><LI> startup_gd32c231_221.o(RESET)
</UL>
<P><STRONG><a name="[a]"></a>EXTI0_IRQHandler</STRONG> (Thumb, 0 bytes, Stack size 0 bytes, startup_gd32c231_221.o(.text))
<BR>[Address Reference Count : 1]<UL><LI> startup_gd32c231_221.o(RESET)
</UL>
<P><STRONG><a name="[24]"></a>EXTI10_15_IRQHandler</STRONG> (Thumb, 0 bytes, Stack size 0 bytes, startup_gd32c231_221.o(.text))
<BR>[Address Reference Count : 1]<UL><LI> startup_gd32c231_221.o(RESET)
</UL>
<P><STRONG><a name="[b]"></a>EXTI1_IRQHandler</STRONG> (Thumb, 0 bytes, Stack size 0 bytes, startup_gd32c231_221.o(.text))
<BR>[Address Reference Count : 1]<UL><LI> startup_gd32c231_221.o(RESET)
</UL>
<P><STRONG><a name="[c]"></a>EXTI2_IRQHandler</STRONG> (Thumb, 0 bytes, Stack size 0 bytes, startup_gd32c231_221.o(.text))
<BR>[Address Reference Count : 1]<UL><LI> startup_gd32c231_221.o(RESET)
</UL>
<P><STRONG><a name="[d]"></a>EXTI3_IRQHandler</STRONG> (Thumb, 0 bytes, Stack size 0 bytes, startup_gd32c231_221.o(.text))
<BR>[Address Reference Count : 1]<UL><LI> startup_gd32c231_221.o(RESET)
</UL>
<P><STRONG><a name="[e]"></a>EXTI4_IRQHandler</STRONG> (Thumb, 0 bytes, Stack size 0 bytes, startup_gd32c231_221.o(.text))
<BR>[Address Reference Count : 1]<UL><LI> startup_gd32c231_221.o(RESET)
</UL>
<P><STRONG><a name="[1d]"></a>EXTI5_9_IRQHandler</STRONG> (Thumb, 0 bytes, Stack size 0 bytes, startup_gd32c231_221.o(.text))
<BR>[Address Reference Count : 1]<UL><LI> startup_gd32c231_221.o(RESET)
</UL>
<P><STRONG><a name="[8]"></a>FMC_IRQHandler</STRONG> (Thumb, 0 bytes, Stack size 0 bytes, startup_gd32c231_221.o(.text))
<BR>[Address Reference Count : 1]<UL><LI> startup_gd32c231_221.o(RESET)
</UL>
<P><STRONG><a name="[17]"></a>I2C0_ER_IRQHandler</STRONG> (Thumb, 0 bytes, Stack size 0 bytes, startup_gd32c231_221.o(.text))
<BR>[Address Reference Count : 1]<UL><LI> startup_gd32c231_221.o(RESET)
</UL>
<P><STRONG><a name="[16]"></a>I2C0_EV_IRQHandler</STRONG> (Thumb, 0 bytes, Stack size 0 bytes, startup_gd32c231_221.o(.text))
<BR>[Address Reference Count : 1]<UL><LI> startup_gd32c231_221.o(RESET)
</UL>
<P><STRONG><a name="[28]"></a>I2C0_WKUP_IRQHandler</STRONG> (Thumb, 0 bytes, Stack size 0 bytes, startup_gd32c231_221.o(.text))
<BR>[Address Reference Count : 1]<UL><LI> startup_gd32c231_221.o(RESET)
</UL>
<P><STRONG><a name="[19]"></a>I2C1_ER_IRQHandler</STRONG> (Thumb, 0 bytes, Stack size 0 bytes, startup_gd32c231_221.o(.text))
<BR>[Address Reference Count : 1]<UL><LI> startup_gd32c231_221.o(RESET)
</UL>
<P><STRONG><a name="[18]"></a>I2C1_EV_IRQHandler</STRONG> (Thumb, 0 bytes, Stack size 0 bytes, startup_gd32c231_221.o(.text))
<BR>[Address Reference Count : 1]<UL><LI> startup_gd32c231_221.o(RESET)
</UL>
<P><STRONG><a name="[29]"></a>I2C1_WKUP_IRQHandler</STRONG> (Thumb, 0 bytes, Stack size 0 bytes, startup_gd32c231_221.o(.text))
<BR>[Address Reference Count : 1]<UL><LI> startup_gd32c231_221.o(RESET)
</UL>
<P><STRONG><a name="[9]"></a>RCU_IRQHandler</STRONG> (Thumb, 0 bytes, Stack size 0 bytes, startup_gd32c231_221.o(.text))
<BR>[Address Reference Count : 1]<UL><LI> startup_gd32c231_221.o(RESET)
</UL>
<P><STRONG><a name="[1c]"></a>RTC_Alarm_IRQHandler</STRONG> (Thumb, 0 bytes, Stack size 0 bytes, startup_gd32c231_221.o(.text))
<BR>[Address Reference Count : 1]<UL><LI> startup_gd32c231_221.o(RESET)
</UL>
<P><STRONG><a name="[1a]"></a>SPI0_IRQHandler</STRONG> (Thumb, 0 bytes, Stack size 0 bytes, startup_gd32c231_221.o(.text))
<BR>[Address Reference Count : 1]<UL><LI> startup_gd32c231_221.o(RESET)
</UL>
<P><STRONG><a name="[1b]"></a>SPI1_IRQHandler</STRONG> (Thumb, 0 bytes, Stack size 0 bytes, startup_gd32c231_221.o(.text))
<BR>[Address Reference Count : 1]<UL><LI> startup_gd32c231_221.o(RESET)
</UL>
<P><STRONG><a name="[1f]"></a>TIMER0_Channel_IRQHandler</STRONG> (Thumb, 0 bytes, Stack size 0 bytes, startup_gd32c231_221.o(.text))
<BR>[Address Reference Count : 1]<UL><LI> startup_gd32c231_221.o(RESET)
</UL>
<P><STRONG><a name="[1e]"></a>TIMER0_TRG_CMT_UP_BRK_IRQHandler</STRONG> (Thumb, 0 bytes, Stack size 0 bytes, startup_gd32c231_221.o(.text))
<BR>[Address Reference Count : 1]<UL><LI> startup_gd32c231_221.o(RESET)
</UL>
<P><STRONG><a name="[21]"></a>TIMER13_IRQHandler</STRONG> (Thumb, 0 bytes, Stack size 0 bytes, startup_gd32c231_221.o(.text))
<BR>[Address Reference Count : 1]<UL><LI> startup_gd32c231_221.o(RESET)
</UL>
<P><STRONG><a name="[22]"></a>TIMER15_IRQHandler</STRONG> (Thumb, 0 bytes, Stack size 0 bytes, startup_gd32c231_221.o(.text))
<BR>[Address Reference Count : 1]<UL><LI> startup_gd32c231_221.o(RESET)
</UL>
<P><STRONG><a name="[23]"></a>TIMER16_IRQHandler</STRONG> (Thumb, 0 bytes, Stack size 0 bytes, startup_gd32c231_221.o(.text))
<BR>[Address Reference Count : 1]<UL><LI> startup_gd32c231_221.o(RESET)
</UL>
<P><STRONG><a name="[7]"></a>TIMESTAMP_IRQHandler</STRONG> (Thumb, 0 bytes, Stack size 0 bytes, startup_gd32c231_221.o(.text))
<BR>[Address Reference Count : 1]<UL><LI> startup_gd32c231_221.o(RESET)
</UL>
<P><STRONG><a name="[13]"></a>USART0_IRQHandler</STRONG> (Thumb, 0 bytes, Stack size 0 bytes, startup_gd32c231_221.o(.text))
<BR>[Address Reference Count : 1]<UL><LI> startup_gd32c231_221.o(RESET)
</UL>
<P><STRONG><a name="[2a]"></a>USART0_WKUP_IRQHandler</STRONG> (Thumb, 0 bytes, Stack size 0 bytes, startup_gd32c231_221.o(.text))
<BR>[Address Reference Count : 1]<UL><LI> startup_gd32c231_221.o(RESET)
</UL>
<P><STRONG><a name="[14]"></a>USART1_IRQHandler</STRONG> (Thumb, 0 bytes, Stack size 0 bytes, startup_gd32c231_221.o(.text))
<BR>[Address Reference Count : 1]<UL><LI> startup_gd32c231_221.o(RESET)
</UL>
<P><STRONG><a name="[15]"></a>USART2_IRQHandler</STRONG> (Thumb, 0 bytes, Stack size 0 bytes, startup_gd32c231_221.o(.text))
<BR>[Address Reference Count : 1]<UL><LI> startup_gd32c231_221.o(RESET)
</UL>
<P><STRONG><a name="[6]"></a>WWDGT_IRQHandler</STRONG> (Thumb, 0 bytes, Stack size 0 bytes, startup_gd32c231_221.o(.text))
<BR>[Address Reference Count : 1]<UL><LI> startup_gd32c231_221.o(RESET)
</UL>
<P><STRONG><a name="[32]"></a>__aeabi_memset</STRONG> (Thumb, 14 bytes, Stack size 0 bytes, memseta.o(.text), UNUSED)
<BR><BR>[Called By]<UL><LI><a href="#[33]">&gt;&gt;</a>&nbsp;&nbsp;&nbsp;_memset$wrapper
<LI><a href="#[31]">&gt;&gt;</a>&nbsp;&nbsp;&nbsp;__aeabi_memclr
</UL>

<P><STRONG><a name="[74]"></a>__aeabi_memset4</STRONG> (Thumb, 0 bytes, Stack size 0 bytes, memseta.o(.text), UNUSED)

<P><STRONG><a name="[75]"></a>__aeabi_memset8</STRONG> (Thumb, 0 bytes, Stack size 0 bytes, memseta.o(.text), UNUSED)

<P><STRONG><a name="[31]"></a>__aeabi_memclr</STRONG> (Thumb, 4 bytes, Stack size 0 bytes, memseta.o(.text), UNUSED)
<BR><BR>[Calls]<UL><LI><a href="#[32]">&gt;&gt;</a>&nbsp;&nbsp;&nbsp;__aeabi_memset
</UL>

<P><STRONG><a name="[4e]"></a>__aeabi_memclr4</STRONG> (Thumb, 0 bytes, Stack size 0 bytes, memseta.o(.text))
<BR><BR>[Called By]<UL><LI><a href="#[44]">&gt;&gt;</a>&nbsp;&nbsp;&nbsp;_DoInit
</UL>

<P><STRONG><a name="[76]"></a>__aeabi_memclr8</STRONG> (Thumb, 0 bytes, Stack size 0 bytes, memseta.o(.text), UNUSED)

<P><STRONG><a name="[33]"></a>_memset$wrapper</STRONG> (Thumb, 18 bytes, Stack size 8 bytes, memseta.o(.text), UNUSED)
<BR><BR>[Calls]<UL><LI><a href="#[32]">&gt;&gt;</a>&nbsp;&nbsp;&nbsp;__aeabi_memset
</UL>

<P><STRONG><a name="[34]"></a>__aeabi_uldivmod</STRONG> (Thumb, 96 bytes, Stack size 48 bytes, uldiv.o(.text), UNUSED)
<BR><BR>[Calls]<UL><LI><a href="#[35]">&gt;&gt;</a>&nbsp;&nbsp;&nbsp;__aeabi_llsr
<LI><a href="#[36]">&gt;&gt;</a>&nbsp;&nbsp;&nbsp;__aeabi_llsl
</UL>
<BR>[Called By]<UL><LI><a href="#[68]">&gt;&gt;</a>&nbsp;&nbsp;&nbsp;_printf_core
<LI><a href="#[69]">&gt;&gt;</a>&nbsp;&nbsp;&nbsp;_fp_digits
</UL>

<P><STRONG><a name="[77]"></a>__I$use$fp</STRONG> (Thumb, 0 bytes, Stack size 48 bytes, iusefp.o(.text), UNUSED)

<P><STRONG><a name="[37]"></a>__aeabi_dadd</STRONG> (Thumb, 328 bytes, Stack size 48 bytes, dadd.o(.text), UNUSED)
<BR><BR>[Calls]<UL><LI><a href="#[38]">&gt;&gt;</a>&nbsp;&nbsp;&nbsp;__aeabi_lasr
<LI><a href="#[36]">&gt;&gt;</a>&nbsp;&nbsp;&nbsp;__aeabi_llsl
<LI><a href="#[3a]">&gt;&gt;</a>&nbsp;&nbsp;&nbsp;_double_round
<LI><a href="#[39]">&gt;&gt;</a>&nbsp;&nbsp;&nbsp;_double_epilogue
</UL>
<BR>[Called By]<UL><LI><a href="#[3c]">&gt;&gt;</a>&nbsp;&nbsp;&nbsp;__aeabi_drsub
<LI><a href="#[3b]">&gt;&gt;</a>&nbsp;&nbsp;&nbsp;__aeabi_dsub
<LI><a href="#[69]">&gt;&gt;</a>&nbsp;&nbsp;&nbsp;_fp_digits
</UL>

<P><STRONG><a name="[3b]"></a>__aeabi_dsub</STRONG> (Thumb, 12 bytes, Stack size 8 bytes, dadd.o(.text), UNUSED)
<BR><BR>[Calls]<UL><LI><a href="#[37]">&gt;&gt;</a>&nbsp;&nbsp;&nbsp;__aeabi_dadd
</UL>

<P><STRONG><a name="[3c]"></a>__aeabi_drsub</STRONG> (Thumb, 12 bytes, Stack size 8 bytes, dadd.o(.text), UNUSED)
<BR><BR>[Calls]<UL><LI><a href="#[37]">&gt;&gt;</a>&nbsp;&nbsp;&nbsp;__aeabi_dadd
</UL>

<P><STRONG><a name="[3d]"></a>__aeabi_dmul</STRONG> (Thumb, 202 bytes, Stack size 72 bytes, dmul.o(.text), UNUSED)
<BR><BR>[Calls]<UL><LI><a href="#[39]">&gt;&gt;</a>&nbsp;&nbsp;&nbsp;_double_epilogue
</UL>
<BR>[Called By]<UL><LI><a href="#[69]">&gt;&gt;</a>&nbsp;&nbsp;&nbsp;_fp_digits
</UL>

<P><STRONG><a name="[3e]"></a>__aeabi_ddiv</STRONG> (Thumb, 234 bytes, Stack size 40 bytes, ddiv.o(.text), UNUSED)
<BR><BR>[Calls]<UL><LI><a href="#[3a]">&gt;&gt;</a>&nbsp;&nbsp;&nbsp;_double_round
</UL>
<BR>[Called By]<UL><LI><a href="#[69]">&gt;&gt;</a>&nbsp;&nbsp;&nbsp;_fp_digits
</UL>

<P><STRONG><a name="[3f]"></a>__aeabi_d2ulz</STRONG> (Thumb, 54 bytes, Stack size 8 bytes, dfixul.o(.text), UNUSED)
<BR><BR>[Calls]<UL><LI><a href="#[35]">&gt;&gt;</a>&nbsp;&nbsp;&nbsp;__aeabi_llsr
<LI><a href="#[36]">&gt;&gt;</a>&nbsp;&nbsp;&nbsp;__aeabi_llsl
</UL>
<BR>[Called By]<UL><LI><a href="#[69]">&gt;&gt;</a>&nbsp;&nbsp;&nbsp;_fp_digits
</UL>

<P><STRONG><a name="[6a]"></a>__aeabi_cdrcmple</STRONG> (Thumb, 38 bytes, Stack size 0 bytes, cdrcmple.o(.text), UNUSED)
<BR><BR>[Called By]<UL><LI><a href="#[69]">&gt;&gt;</a>&nbsp;&nbsp;&nbsp;_fp_digits
</UL>

<P><STRONG><a name="[30]"></a>__scatterload</STRONG> (Thumb, 38 bytes, Stack size 0 bytes, init.o(.text))
<BR><BR>[Calls]<UL><LI><a href="#[40]">&gt;&gt;</a>&nbsp;&nbsp;&nbsp;__main_after_scatterload
</UL>
<BR>[Called By]<UL><LI><a href="#[2f]">&gt;&gt;</a>&nbsp;&nbsp;&nbsp;_main_scatterload
</UL>

<P><STRONG><a name="[78]"></a>__scatterload_rt2</STRONG> (Thumb, 0 bytes, Stack size 0 bytes, init.o(.text), UNUSED)

<P><STRONG><a name="[79]"></a>__aeabi_uidiv$div0</STRONG> (Thumb, 0 bytes, Stack size 16 bytes, uidiv_div0.o(.text), UNUSED)

<P><STRONG><a name="[6d]"></a>__aeabi_uidivmod</STRONG> (Thumb, 62 bytes, Stack size 16 bytes, uidiv_div0.o(.text), UNUSED)
<BR><BR>[Called By]<UL><LI><a href="#[68]">&gt;&gt;</a>&nbsp;&nbsp;&nbsp;_printf_core
</UL>

<P><STRONG><a name="[36]"></a>__aeabi_llsl</STRONG> (Thumb, 32 bytes, Stack size 8 bytes, llshl.o(.text), UNUSED)
<BR><BR>[Called By]<UL><LI><a href="#[39]">&gt;&gt;</a>&nbsp;&nbsp;&nbsp;_double_epilogue
<LI><a href="#[34]">&gt;&gt;</a>&nbsp;&nbsp;&nbsp;__aeabi_uldivmod
<LI><a href="#[37]">&gt;&gt;</a>&nbsp;&nbsp;&nbsp;__aeabi_dadd
<LI><a href="#[3f]">&gt;&gt;</a>&nbsp;&nbsp;&nbsp;__aeabi_d2ulz
</UL>

<P><STRONG><a name="[7a]"></a>_ll_shift_l</STRONG> (Thumb, 0 bytes, Stack size 8 bytes, llshl.o(.text), UNUSED)

<P><STRONG><a name="[35]"></a>__aeabi_llsr</STRONG> (Thumb, 34 bytes, Stack size 8 bytes, llushr.o(.text), UNUSED)
<BR><BR>[Called By]<UL><LI><a href="#[39]">&gt;&gt;</a>&nbsp;&nbsp;&nbsp;_double_epilogue
<LI><a href="#[34]">&gt;&gt;</a>&nbsp;&nbsp;&nbsp;__aeabi_uldivmod
<LI><a href="#[3f]">&gt;&gt;</a>&nbsp;&nbsp;&nbsp;__aeabi_d2ulz
</UL>

<P><STRONG><a name="[7b]"></a>_ll_ushift_r</STRONG> (Thumb, 0 bytes, Stack size 8 bytes, llushr.o(.text), UNUSED)

<P><STRONG><a name="[38]"></a>__aeabi_lasr</STRONG> (Thumb, 38 bytes, Stack size 8 bytes, llsshr.o(.text), UNUSED)
<BR><BR>[Called By]<UL><LI><a href="#[37]">&gt;&gt;</a>&nbsp;&nbsp;&nbsp;__aeabi_dadd
</UL>

<P><STRONG><a name="[7c]"></a>_ll_sshift_r</STRONG> (Thumb, 0 bytes, Stack size 8 bytes, llsshr.o(.text), UNUSED)

<P><STRONG><a name="[3a]"></a>_double_round</STRONG> (Thumb, 26 bytes, Stack size 8 bytes, depilogue.o(.text), UNUSED)
<BR><BR>[Called By]<UL><LI><a href="#[39]">&gt;&gt;</a>&nbsp;&nbsp;&nbsp;_double_epilogue
<LI><a href="#[3e]">&gt;&gt;</a>&nbsp;&nbsp;&nbsp;__aeabi_ddiv
<LI><a href="#[37]">&gt;&gt;</a>&nbsp;&nbsp;&nbsp;__aeabi_dadd
</UL>

<P><STRONG><a name="[39]"></a>_double_epilogue</STRONG> (Thumb, 164 bytes, Stack size 48 bytes, depilogue.o(.text), UNUSED)
<BR><BR>[Calls]<UL><LI><a href="#[41]">&gt;&gt;</a>&nbsp;&nbsp;&nbsp;__ARM_clz
<LI><a href="#[35]">&gt;&gt;</a>&nbsp;&nbsp;&nbsp;__aeabi_llsr
<LI><a href="#[36]">&gt;&gt;</a>&nbsp;&nbsp;&nbsp;__aeabi_llsl
<LI><a href="#[3a]">&gt;&gt;</a>&nbsp;&nbsp;&nbsp;_double_round
</UL>
<BR>[Called By]<UL><LI><a href="#[3d]">&gt;&gt;</a>&nbsp;&nbsp;&nbsp;__aeabi_dmul
<LI><a href="#[37]">&gt;&gt;</a>&nbsp;&nbsp;&nbsp;__aeabi_dadd
</UL>

<P><STRONG><a name="[2]"></a>HardFault_Handler</STRONG> (Thumb, 4 bytes, Stack size 0 bytes, gd32c2x1_it.o(.text.HardFault_Handler))
<BR>[Address Reference Count : 1]<UL><LI> startup_gd32c231_221.o(RESET)
</UL>
<P><STRONG><a name="[1]"></a>NMI_Handler</STRONG> (Thumb, 62 bytes, Stack size 8 bytes, gd32c2x1_it.o(.text.NMI_Handler))
<BR><BR>[Stack]<UL><LI>Max Depth = 16<LI>Call Chain = NMI_Handler &rArr; syscfg_interrupt_flag_get
</UL>
<BR>[Calls]<UL><LI><a href="#[42]">&gt;&gt;</a>&nbsp;&nbsp;&nbsp;syscfg_interrupt_flag_get
</UL>
<BR>[Address Reference Count : 1]<UL><LI> startup_gd32c231_221.o(RESET)
</UL>
<P><STRONG><a name="[4]"></a>PendSV_Handler</STRONG> (Thumb, 4 bytes, Stack size 0 bytes, gd32c2x1_it.o(.text.PendSV_Handler))
<BR>[Address Reference Count : 1]<UL><LI> startup_gd32c231_221.o(RESET)
</UL>
<P><STRONG><a name="[43]"></a>SEGGER_RTT_PutChar</STRONG> (Thumb, 176 bytes, Stack size 40 bytes, segger_rtt.o(.text.SEGGER_RTT_PutChar))
<BR><BR>[Stack]<UL><LI>Max Depth = 56<LI>Call Chain = SEGGER_RTT_PutChar &rArr; _DoInit
</UL>
<BR>[Calls]<UL><LI><a href="#[44]">&gt;&gt;</a>&nbsp;&nbsp;&nbsp;_DoInit
</UL>
<BR>[Called By]<UL><LI><a href="#[2e]">&gt;&gt;</a>&nbsp;&nbsp;&nbsp;fputc
</UL>

<P><STRONG><a name="[3]"></a>SVC_Handler</STRONG> (Thumb, 4 bytes, Stack size 0 bytes, gd32c2x1_it.o(.text.SVC_Handler))
<BR>[Address Reference Count : 1]<UL><LI> startup_gd32c231_221.o(RESET)
</UL>
<P><STRONG><a name="[5]"></a>SysTick_Handler</STRONG> (Thumb, 8 bytes, Stack size 8 bytes, gd32c2x1_it.o(.text.SysTick_Handler))
<BR><BR>[Stack]<UL><LI>Max Depth = 8<LI>Call Chain = SysTick_Handler
</UL>
<BR>[Calls]<UL><LI><a href="#[47]">&gt;&gt;</a>&nbsp;&nbsp;&nbsp;delay_decrement
</UL>
<BR>[Address Reference Count : 1]<UL><LI> startup_gd32c231_221.o(RESET)
</UL>
<P><STRONG><a name="[2c]"></a>SystemInit</STRONG> (Thumb, 96 bytes, Stack size 16 bytes, system_gd32c2x1.o(.text.SystemInit))
<BR><BR>[Stack]<UL><LI>Max Depth = 56<LI>Call Chain = SystemInit &rArr; system_clock_config &rArr; system_clock_irc48m &rArr; rcu_irc48mdiv_sys_clock_config
</UL>
<BR>[Calls]<UL><LI><a href="#[49]">&gt;&gt;</a>&nbsp;&nbsp;&nbsp;nvic_vector_table_set
<LI><a href="#[48]">&gt;&gt;</a>&nbsp;&nbsp;&nbsp;system_clock_config
</UL>
<BR>[Address Reference Count : 1]<UL><LI> startup_gd32c231_221.o(.text)
</UL>
<P><STRONG><a name="[20]"></a>TIMER2_IRQHandler</STRONG> (Thumb, 92 bytes, Stack size 16 bytes, gd32c2x1_it.o(.text.TIMER2_IRQHandler))
<BR><BR>[Stack]<UL><LI>Max Depth = 40<LI>Call Chain = TIMER2_IRQHandler &rArr; printf
</UL>
<BR>[Calls]<UL><LI><a href="#[4b]">&gt;&gt;</a>&nbsp;&nbsp;&nbsp;printf
<LI><a href="#[4a]">&gt;&gt;</a>&nbsp;&nbsp;&nbsp;timer_interrupt_flag_get
<LI><a href="#[4d]">&gt;&gt;</a>&nbsp;&nbsp;&nbsp;timer_interrupt_flag_clear
<LI><a href="#[4c]">&gt;&gt;</a>&nbsp;&nbsp;&nbsp;timer_channel_output_pulse_value_config
</UL>
<BR>[Address Reference Count : 1]<UL><LI> startup_gd32c231_221.o(RESET)
</UL>
<P><STRONG><a name="[47]"></a>delay_decrement</STRONG> (Thumb, 20 bytes, Stack size 0 bytes, systick.o(.text.delay_decrement))
<BR><BR>[Called By]<UL><LI><a href="#[5]">&gt;&gt;</a>&nbsp;&nbsp;&nbsp;SysTick_Handler
</UL>

<P><STRONG><a name="[2e]"></a>fputc</STRONG> (Thumb, 24 bytes, Stack size 16 bytes, main.o(.text.fputc))
<BR><BR>[Stack]<UL><LI>Max Depth = 72<LI>Call Chain = fputc &rArr; SEGGER_RTT_PutChar &rArr; _DoInit
</UL>
<BR>[Calls]<UL><LI><a href="#[43]">&gt;&gt;</a>&nbsp;&nbsp;&nbsp;SEGGER_RTT_PutChar
</UL>
<BR>[Address Reference Count : 1]<UL><LI> printfa.o(i.__0printf)
</UL>
<P><STRONG><a name="[53]"></a>gpio_af_set</STRONG> (Thumb, 204 bytes, Stack size 24 bytes, gd32c2x1_gpio.o(.text.gpio_af_set))
<BR><BR>[Stack]<UL><LI>Max Depth = 24<LI>Call Chain = gpio_af_set
</UL>
<BR>[Called By]<UL><LI><a href="#[4f]">&gt;&gt;</a>&nbsp;&nbsp;&nbsp;gpio_config
</UL>

<P><STRONG><a name="[4f]"></a>gpio_config</STRONG> (Thumb, 56 bytes, Stack size 24 bytes, main.o(.text.gpio_config))
<BR><BR>[Stack]<UL><LI>Max Depth = 56<LI>Call Chain = gpio_config &rArr; gpio_output_options_set
</UL>
<BR>[Calls]<UL><LI><a href="#[53]">&gt;&gt;</a>&nbsp;&nbsp;&nbsp;gpio_af_set
<LI><a href="#[52]">&gt;&gt;</a>&nbsp;&nbsp;&nbsp;gpio_output_options_set
<LI><a href="#[51]">&gt;&gt;</a>&nbsp;&nbsp;&nbsp;gpio_mode_set
<LI><a href="#[50]">&gt;&gt;</a>&nbsp;&nbsp;&nbsp;rcu_periph_clock_enable
</UL>
<BR>[Called By]<UL><LI><a href="#[2b]">&gt;&gt;</a>&nbsp;&nbsp;&nbsp;main
</UL>

<P><STRONG><a name="[51]"></a>gpio_mode_set</STRONG> (Thumb, 150 bytes, Stack size 28 bytes, gd32c2x1_gpio.o(.text.gpio_mode_set))
<BR><BR>[Stack]<UL><LI>Max Depth = 28<LI>Call Chain = gpio_mode_set
</UL>
<BR>[Called By]<UL><LI><a href="#[4f]">&gt;&gt;</a>&nbsp;&nbsp;&nbsp;gpio_config
</UL>

<P><STRONG><a name="[52]"></a>gpio_output_options_set</STRONG> (Thumb, 148 bytes, Stack size 32 bytes, gd32c2x1_gpio.o(.text.gpio_output_options_set))
<BR><BR>[Stack]<UL><LI>Max Depth = 32<LI>Call Chain = gpio_output_options_set
</UL>
<BR>[Called By]<UL><LI><a href="#[4f]">&gt;&gt;</a>&nbsp;&nbsp;&nbsp;gpio_config
</UL>

<P><STRONG><a name="[2b]"></a>main</STRONG> (Thumb, 28 bytes, Stack size 16 bytes, main.o(.text.main))
<BR><BR>[Stack]<UL><LI>Max Depth = 116<LI>Call Chain = main &rArr; timer_config &rArr; timer_deinit &rArr; rcu_periph_reset_disable
</UL>
<BR>[Calls]<UL><LI><a href="#[56]">&gt;&gt;</a>&nbsp;&nbsp;&nbsp;timer_config
<LI><a href="#[55]">&gt;&gt;</a>&nbsp;&nbsp;&nbsp;nvic_config
<LI><a href="#[4f]">&gt;&gt;</a>&nbsp;&nbsp;&nbsp;gpio_config
<LI><a href="#[54]">&gt;&gt;</a>&nbsp;&nbsp;&nbsp;systick_config
</UL>
<BR>[Address Reference Count : 1]<UL><LI> entry9a.o(.ARM.Collect$$$$0000000B)
</UL>
<P><STRONG><a name="[55]"></a>nvic_config</STRONG> (Thumb, 12 bytes, Stack size 8 bytes, main.o(.text.nvic_config))
<BR><BR>[Stack]<UL><LI>Max Depth = 56<LI>Call Chain = nvic_config &rArr; nvic_irq_enable &rArr; __NVIC_SetPriority
</UL>
<BR>[Calls]<UL><LI><a href="#[57]">&gt;&gt;</a>&nbsp;&nbsp;&nbsp;nvic_irq_enable
</UL>
<BR>[Called By]<UL><LI><a href="#[2b]">&gt;&gt;</a>&nbsp;&nbsp;&nbsp;main
</UL>

<P><STRONG><a name="[57]"></a>nvic_irq_enable</STRONG> (Thumb, 48 bytes, Stack size 24 bytes, gd32c2x1_misc.o(.text.nvic_irq_enable))
<BR><BR>[Stack]<UL><LI>Max Depth = 48<LI>Call Chain = nvic_irq_enable &rArr; __NVIC_SetPriority
</UL>
<BR>[Calls]<UL><LI><a href="#[59]">&gt;&gt;</a>&nbsp;&nbsp;&nbsp;__NVIC_EnableIRQ
<LI><a href="#[58]">&gt;&gt;</a>&nbsp;&nbsp;&nbsp;__NVIC_SetPriority
</UL>
<BR>[Called By]<UL><LI><a href="#[55]">&gt;&gt;</a>&nbsp;&nbsp;&nbsp;nvic_config
</UL>

<P><STRONG><a name="[49]"></a>nvic_vector_table_set</STRONG> (Thumb, 28 bytes, Stack size 8 bytes, gd32c2x1_misc.o(.text.nvic_vector_table_set))
<BR><BR>[Stack]<UL><LI>Max Depth = 8<LI>Call Chain = nvic_vector_table_set
</UL>
<BR>[Called By]<UL><LI><a href="#[2c]">&gt;&gt;</a>&nbsp;&nbsp;&nbsp;SystemInit
</UL>

<P><STRONG><a name="[5b]"></a>rcu_irc48mdiv_sys_clock_config</STRONG> (Thumb, 40 bytes, Stack size 8 bytes, gd32c2x1_rcu.o(.text.rcu_irc48mdiv_sys_clock_config))
<BR><BR>[Stack]<UL><LI>Max Depth = 8<LI>Call Chain = rcu_irc48mdiv_sys_clock_config
</UL>
<BR>[Called By]<UL><LI><a href="#[5a]">&gt;&gt;</a>&nbsp;&nbsp;&nbsp;system_clock_irc48m
</UL>

<P><STRONG><a name="[50]"></a>rcu_periph_clock_enable</STRONG> (Thumb, 36 bytes, Stack size 4 bytes, gd32c2x1_rcu.o(.text.rcu_periph_clock_enable))
<BR><BR>[Stack]<UL><LI>Max Depth = 4<LI>Call Chain = rcu_periph_clock_enable
</UL>
<BR>[Called By]<UL><LI><a href="#[56]">&gt;&gt;</a>&nbsp;&nbsp;&nbsp;timer_config
<LI><a href="#[4f]">&gt;&gt;</a>&nbsp;&nbsp;&nbsp;gpio_config
</UL>

<P><STRONG><a name="[66]"></a>rcu_periph_reset_disable</STRONG> (Thumb, 36 bytes, Stack size 4 bytes, gd32c2x1_rcu.o(.text.rcu_periph_reset_disable))
<BR><BR>[Stack]<UL><LI>Max Depth = 4<LI>Call Chain = rcu_periph_reset_disable
</UL>
<BR>[Called By]<UL><LI><a href="#[5c]">&gt;&gt;</a>&nbsp;&nbsp;&nbsp;timer_deinit
</UL>

<P><STRONG><a name="[65]"></a>rcu_periph_reset_enable</STRONG> (Thumb, 36 bytes, Stack size 4 bytes, gd32c2x1_rcu.o(.text.rcu_periph_reset_enable))
<BR><BR>[Stack]<UL><LI>Max Depth = 4<LI>Call Chain = rcu_periph_reset_enable
</UL>
<BR>[Called By]<UL><LI><a href="#[5c]">&gt;&gt;</a>&nbsp;&nbsp;&nbsp;timer_deinit
</UL>

<P><STRONG><a name="[42]"></a>syscfg_interrupt_flag_get</STRONG> (Thumb, 44 bytes, Stack size 8 bytes, gd32c2x1_syscfg.o(.text.syscfg_interrupt_flag_get))
<BR><BR>[Stack]<UL><LI>Max Depth = 8<LI>Call Chain = syscfg_interrupt_flag_get
</UL>
<BR>[Called By]<UL><LI><a href="#[1]">&gt;&gt;</a>&nbsp;&nbsp;&nbsp;NMI_Handler
</UL>

<P><STRONG><a name="[54]"></a>systick_config</STRONG> (Thumb, 36 bytes, Stack size 8 bytes, systick.o(.text.systick_config))
<BR><BR>[Stack]<UL><LI>Max Depth = 56<LI>Call Chain = systick_config &rArr; SysTick_Config &rArr; __NVIC_SetPriority
</UL>
<BR>[Calls]<UL><LI><a href="#[46]">&gt;&gt;</a>&nbsp;&nbsp;&nbsp;__NVIC_SetPriority
<LI><a href="#[45]">&gt;&gt;</a>&nbsp;&nbsp;&nbsp;SysTick_Config
</UL>
<BR>[Called By]<UL><LI><a href="#[2b]">&gt;&gt;</a>&nbsp;&nbsp;&nbsp;main
</UL>

<P><STRONG><a name="[62]"></a>timer_auto_reload_shadow_enable</STRONG> (Thumb, 18 bytes, Stack size 4 bytes, gd32c2x1_timer.o(.text.timer_auto_reload_shadow_enable))
<BR><BR>[Stack]<UL><LI>Max Depth = 4<LI>Call Chain = timer_auto_reload_shadow_enable
</UL>
<BR>[Called By]<UL><LI><a href="#[56]">&gt;&gt;</a>&nbsp;&nbsp;&nbsp;timer_config
</UL>

<P><STRONG><a name="[60]"></a>timer_channel_output_config</STRONG> (Thumb, 912 bytes, Stack size 20 bytes, gd32c2x1_timer.o(.text.timer_channel_output_config))
<BR><BR>[Stack]<UL><LI>Max Depth = 20<LI>Call Chain = timer_channel_output_config
</UL>
<BR>[Called By]<UL><LI><a href="#[56]">&gt;&gt;</a>&nbsp;&nbsp;&nbsp;timer_config
</UL>

<P><STRONG><a name="[61]"></a>timer_channel_output_mode_config</STRONG> (Thumb, 228 bytes, Stack size 20 bytes, gd32c2x1_timer.o(.text.timer_channel_output_mode_config))
<BR><BR>[Stack]<UL><LI>Max Depth = 20<LI>Call Chain = timer_channel_output_mode_config
</UL>
<BR>[Called By]<UL><LI><a href="#[56]">&gt;&gt;</a>&nbsp;&nbsp;&nbsp;timer_config
</UL>

<P><STRONG><a name="[4c]"></a>timer_channel_output_pulse_value_config</STRONG> (Thumb, 96 bytes, Stack size 16 bytes, gd32c2x1_timer.o(.text.timer_channel_output_pulse_value_config))
<BR><BR>[Stack]<UL><LI>Max Depth = 16<LI>Call Chain = timer_channel_output_pulse_value_config
</UL>
<BR>[Called By]<UL><LI><a href="#[20]">&gt;&gt;</a>&nbsp;&nbsp;&nbsp;TIMER2_IRQHandler
<LI><a href="#[56]">&gt;&gt;</a>&nbsp;&nbsp;&nbsp;timer_config
</UL>

<P><STRONG><a name="[5f]"></a>timer_channel_output_struct_para_init</STRONG> (Thumb, 34 bytes, Stack size 4 bytes, gd32c2x1_timer.o(.text.timer_channel_output_struct_para_init))
<BR><BR>[Stack]<UL><LI>Max Depth = 4<LI>Call Chain = timer_channel_output_struct_para_init
</UL>
<BR>[Called By]<UL><LI><a href="#[56]">&gt;&gt;</a>&nbsp;&nbsp;&nbsp;timer_config
</UL>

<P><STRONG><a name="[56]"></a>timer_config</STRONG> (Thumb, 132 bytes, Stack size 56 bytes, main.o(.text.timer_config))
<BR><BR>[Stack]<UL><LI>Max Depth = 100<LI>Call Chain = timer_config &rArr; timer_deinit &rArr; rcu_periph_reset_disable
</UL>
<BR>[Calls]<UL><LI><a href="#[64]">&gt;&gt;</a>&nbsp;&nbsp;&nbsp;timer_enable
<LI><a href="#[63]">&gt;&gt;</a>&nbsp;&nbsp;&nbsp;timer_interrupt_enable
<LI><a href="#[4d]">&gt;&gt;</a>&nbsp;&nbsp;&nbsp;timer_interrupt_flag_clear
<LI><a href="#[62]">&gt;&gt;</a>&nbsp;&nbsp;&nbsp;timer_auto_reload_shadow_enable
<LI><a href="#[61]">&gt;&gt;</a>&nbsp;&nbsp;&nbsp;timer_channel_output_mode_config
<LI><a href="#[4c]">&gt;&gt;</a>&nbsp;&nbsp;&nbsp;timer_channel_output_pulse_value_config
<LI><a href="#[60]">&gt;&gt;</a>&nbsp;&nbsp;&nbsp;timer_channel_output_config
<LI><a href="#[5f]">&gt;&gt;</a>&nbsp;&nbsp;&nbsp;timer_channel_output_struct_para_init
<LI><a href="#[5e]">&gt;&gt;</a>&nbsp;&nbsp;&nbsp;timer_init
<LI><a href="#[5d]">&gt;&gt;</a>&nbsp;&nbsp;&nbsp;timer_struct_para_init
<LI><a href="#[5c]">&gt;&gt;</a>&nbsp;&nbsp;&nbsp;timer_deinit
<LI><a href="#[50]">&gt;&gt;</a>&nbsp;&nbsp;&nbsp;rcu_periph_clock_enable
</UL>
<BR>[Called By]<UL><LI><a href="#[2b]">&gt;&gt;</a>&nbsp;&nbsp;&nbsp;main
</UL>

<P><STRONG><a name="[5c]"></a>timer_deinit</STRONG> (Thumb, 148 bytes, Stack size 40 bytes, gd32c2x1_timer.o(.text.timer_deinit))
<BR><BR>[Stack]<UL><LI>Max Depth = 44<LI>Call Chain = timer_deinit &rArr; rcu_periph_reset_disable
</UL>
<BR>[Calls]<UL><LI><a href="#[66]">&gt;&gt;</a>&nbsp;&nbsp;&nbsp;rcu_periph_reset_disable
<LI><a href="#[65]">&gt;&gt;</a>&nbsp;&nbsp;&nbsp;rcu_periph_reset_enable
</UL>
<BR>[Called By]<UL><LI><a href="#[56]">&gt;&gt;</a>&nbsp;&nbsp;&nbsp;timer_config
</UL>

<P><STRONG><a name="[64]"></a>timer_enable</STRONG> (Thumb, 18 bytes, Stack size 4 bytes, gd32c2x1_timer.o(.text.timer_enable))
<BR><BR>[Stack]<UL><LI>Max Depth = 4<LI>Call Chain = timer_enable
</UL>
<BR>[Called By]<UL><LI><a href="#[56]">&gt;&gt;</a>&nbsp;&nbsp;&nbsp;timer_config
</UL>

<P><STRONG><a name="[5e]"></a>timer_init</STRONG> (Thumb, 168 bytes, Stack size 8 bytes, gd32c2x1_timer.o(.text.timer_init))
<BR><BR>[Stack]<UL><LI>Max Depth = 8<LI>Call Chain = timer_init
</UL>
<BR>[Called By]<UL><LI><a href="#[56]">&gt;&gt;</a>&nbsp;&nbsp;&nbsp;timer_config
</UL>

<P><STRONG><a name="[63]"></a>timer_interrupt_enable</STRONG> (Thumb, 22 bytes, Stack size 8 bytes, gd32c2x1_timer.o(.text.timer_interrupt_enable))
<BR><BR>[Stack]<UL><LI>Max Depth = 8<LI>Call Chain = timer_interrupt_enable
</UL>
<BR>[Called By]<UL><LI><a href="#[56]">&gt;&gt;</a>&nbsp;&nbsp;&nbsp;timer_config
</UL>

<P><STRONG><a name="[4d]"></a>timer_interrupt_flag_clear</STRONG> (Thumb, 18 bytes, Stack size 8 bytes, gd32c2x1_timer.o(.text.timer_interrupt_flag_clear))
<BR><BR>[Stack]<UL><LI>Max Depth = 8<LI>Call Chain = timer_interrupt_flag_clear
</UL>
<BR>[Called By]<UL><LI><a href="#[20]">&gt;&gt;</a>&nbsp;&nbsp;&nbsp;TIMER2_IRQHandler
<LI><a href="#[56]">&gt;&gt;</a>&nbsp;&nbsp;&nbsp;timer_config
</UL>

<P><STRONG><a name="[4a]"></a>timer_interrupt_flag_get</STRONG> (Thumb, 90 bytes, Stack size 16 bytes, gd32c2x1_timer.o(.text.timer_interrupt_flag_get))
<BR><BR>[Stack]<UL><LI>Max Depth = 16<LI>Call Chain = timer_interrupt_flag_get
</UL>
<BR>[Called By]<UL><LI><a href="#[20]">&gt;&gt;</a>&nbsp;&nbsp;&nbsp;TIMER2_IRQHandler
</UL>

<P><STRONG><a name="[5d]"></a>timer_struct_para_init</STRONG> (Thumb, 36 bytes, Stack size 4 bytes, gd32c2x1_timer.o(.text.timer_struct_para_init))
<BR><BR>[Stack]<UL><LI>Max Depth = 4<LI>Call Chain = timer_struct_para_init
</UL>
<BR>[Called By]<UL><LI><a href="#[56]">&gt;&gt;</a>&nbsp;&nbsp;&nbsp;timer_config
</UL>

<P><STRONG><a name="[67]"></a>__0printf</STRONG> (Thumb, 24 bytes, Stack size 24 bytes, printfa.o(i.__0printf), UNUSED)
<BR><BR>[Calls]<UL><LI><a href="#[68]">&gt;&gt;</a>&nbsp;&nbsp;&nbsp;_printf_core
</UL>

<P><STRONG><a name="[7d]"></a>__1printf</STRONG> (Thumb, 0 bytes, Stack size 24 bytes, printfa.o(i.__0printf), UNUSED)

<P><STRONG><a name="[7e]"></a>__2printf</STRONG> (Thumb, 0 bytes, Stack size 24 bytes, printfa.o(i.__0printf), UNUSED)

<P><STRONG><a name="[7f]"></a>__c89printf</STRONG> (Thumb, 0 bytes, Stack size 24 bytes, printfa.o(i.__0printf), UNUSED)

<P><STRONG><a name="[4b]"></a>printf</STRONG> (Thumb, 0 bytes, Stack size 24 bytes, printfa.o(i.__0printf))
<BR><BR>[Stack]<UL><LI>Max Depth = 24<LI>Call Chain = printf
</UL>
<BR>[Called By]<UL><LI><a href="#[20]">&gt;&gt;</a>&nbsp;&nbsp;&nbsp;TIMER2_IRQHandler
</UL>

<P><STRONG><a name="[41]"></a>__ARM_clz</STRONG> (Thumb, 46 bytes, Stack size 0 bytes, depilogue.o(i.__ARM_clz), UNUSED)
<BR><BR>[Called By]<UL><LI><a href="#[39]">&gt;&gt;</a>&nbsp;&nbsp;&nbsp;_double_epilogue
</UL>

<P><STRONG><a name="[80]"></a>__scatterload_copy</STRONG> (Thumb, 14 bytes, Stack size unknown bytes, handlers.o(i.__scatterload_copy), UNUSED)

<P><STRONG><a name="[81]"></a>__scatterload_null</STRONG> (Thumb, 2 bytes, Stack size unknown bytes, handlers.o(i.__scatterload_null), UNUSED)

<P><STRONG><a name="[82]"></a>__scatterload_zeroinit</STRONG> (Thumb, 14 bytes, Stack size unknown bytes, handlers.o(i.__scatterload_zeroinit), UNUSED)
<P>
<H3>
Local Symbols
</H3>
<P><STRONG><a name="[45]"></a>SysTick_Config</STRONG> (Thumb, 64 bytes, Stack size 24 bytes, systick.o(.text.SysTick_Config))
<BR><BR>[Stack]<UL><LI>Max Depth = 48<LI>Call Chain = SysTick_Config &rArr; __NVIC_SetPriority
</UL>
<BR>[Calls]<UL><LI><a href="#[46]">&gt;&gt;</a>&nbsp;&nbsp;&nbsp;__NVIC_SetPriority
</UL>
<BR>[Called By]<UL><LI><a href="#[54]">&gt;&gt;</a>&nbsp;&nbsp;&nbsp;systick_config
</UL>

<P><STRONG><a name="[46]"></a>__NVIC_SetPriority</STRONG> (Thumb, 124 bytes, Stack size 24 bytes, systick.o(.text.__NVIC_SetPriority))
<BR><BR>[Stack]<UL><LI>Max Depth = 24<LI>Call Chain = __NVIC_SetPriority
</UL>
<BR>[Called By]<UL><LI><a href="#[45]">&gt;&gt;</a>&nbsp;&nbsp;&nbsp;SysTick_Config
<LI><a href="#[54]">&gt;&gt;</a>&nbsp;&nbsp;&nbsp;systick_config
</UL>

<P><STRONG><a name="[48]"></a>system_clock_config</STRONG> (Thumb, 8 bytes, Stack size 8 bytes, system_gd32c2x1.o(.text.system_clock_config))
<BR><BR>[Stack]<UL><LI>Max Depth = 40<LI>Call Chain = system_clock_config &rArr; system_clock_irc48m &rArr; rcu_irc48mdiv_sys_clock_config
</UL>
<BR>[Calls]<UL><LI><a href="#[5a]">&gt;&gt;</a>&nbsp;&nbsp;&nbsp;system_clock_irc48m
</UL>
<BR>[Called By]<UL><LI><a href="#[2c]">&gt;&gt;</a>&nbsp;&nbsp;&nbsp;SystemInit
</UL>

<P><STRONG><a name="[5a]"></a>system_clock_irc48m</STRONG> (Thumb, 152 bytes, Stack size 24 bytes, system_gd32c2x1.o(.text.system_clock_irc48m))
<BR><BR>[Stack]<UL><LI>Max Depth = 32<LI>Call Chain = system_clock_irc48m &rArr; rcu_irc48mdiv_sys_clock_config
</UL>
<BR>[Calls]<UL><LI><a href="#[5b]">&gt;&gt;</a>&nbsp;&nbsp;&nbsp;rcu_irc48mdiv_sys_clock_config
</UL>
<BR>[Called By]<UL><LI><a href="#[48]">&gt;&gt;</a>&nbsp;&nbsp;&nbsp;system_clock_config
</UL>

<P><STRONG><a name="[58]"></a>__NVIC_SetPriority</STRONG> (Thumb, 124 bytes, Stack size 24 bytes, gd32c2x1_misc.o(.text.__NVIC_SetPriority))
<BR><BR>[Stack]<UL><LI>Max Depth = 24<LI>Call Chain = __NVIC_SetPriority
</UL>
<BR>[Called By]<UL><LI><a href="#[57]">&gt;&gt;</a>&nbsp;&nbsp;&nbsp;nvic_irq_enable
</UL>

<P><STRONG><a name="[59]"></a>__NVIC_EnableIRQ</STRONG> (Thumb, 48 bytes, Stack size 4 bytes, gd32c2x1_misc.o(.text.__NVIC_EnableIRQ))
<BR><BR>[Stack]<UL><LI>Max Depth = 4<LI>Call Chain = __NVIC_EnableIRQ
</UL>
<BR>[Called By]<UL><LI><a href="#[57]">&gt;&gt;</a>&nbsp;&nbsp;&nbsp;nvic_irq_enable
</UL>

<P><STRONG><a name="[44]"></a>_DoInit</STRONG> (Thumb, 136 bytes, Stack size 16 bytes, segger_rtt.o(.text._DoInit))
<BR><BR>[Stack]<UL><LI>Max Depth = 16<LI>Call Chain = _DoInit
</UL>
<BR>[Calls]<UL><LI><a href="#[4e]">&gt;&gt;</a>&nbsp;&nbsp;&nbsp;__aeabi_memclr4
</UL>
<BR>[Called By]<UL><LI><a href="#[43]">&gt;&gt;</a>&nbsp;&nbsp;&nbsp;SEGGER_RTT_PutChar
</UL>

<P><STRONG><a name="[69]"></a>_fp_digits</STRONG> (Thumb, 344 bytes, Stack size 64 bytes, printfa.o(i._fp_digits), UNUSED)
<BR><BR>[Calls]<UL><LI><a href="#[34]">&gt;&gt;</a>&nbsp;&nbsp;&nbsp;__aeabi_uldivmod
<LI><a href="#[3d]">&gt;&gt;</a>&nbsp;&nbsp;&nbsp;__aeabi_dmul
<LI><a href="#[3e]">&gt;&gt;</a>&nbsp;&nbsp;&nbsp;__aeabi_ddiv
<LI><a href="#[37]">&gt;&gt;</a>&nbsp;&nbsp;&nbsp;__aeabi_dadd
<LI><a href="#[3f]">&gt;&gt;</a>&nbsp;&nbsp;&nbsp;__aeabi_d2ulz
<LI><a href="#[6a]">&gt;&gt;</a>&nbsp;&nbsp;&nbsp;__aeabi_cdrcmple
</UL>
<BR>[Called By]<UL><LI><a href="#[68]">&gt;&gt;</a>&nbsp;&nbsp;&nbsp;_printf_core
</UL>

<P><STRONG><a name="[68]"></a>_printf_core</STRONG> (Thumb, 1754 bytes, Stack size 128 bytes, printfa.o(i._printf_core), UNUSED)
<BR><BR>[Calls]<UL><LI><a href="#[6d]">&gt;&gt;</a>&nbsp;&nbsp;&nbsp;__aeabi_uidivmod
<LI><a href="#[34]">&gt;&gt;</a>&nbsp;&nbsp;&nbsp;__aeabi_uldivmod
<LI><a href="#[6b]">&gt;&gt;</a>&nbsp;&nbsp;&nbsp;_printf_pre_padding
<LI><a href="#[6c]">&gt;&gt;</a>&nbsp;&nbsp;&nbsp;_printf_post_padding
<LI><a href="#[69]">&gt;&gt;</a>&nbsp;&nbsp;&nbsp;_fp_digits
</UL>
<BR>[Called By]<UL><LI><a href="#[67]">&gt;&gt;</a>&nbsp;&nbsp;&nbsp;__0printf
</UL>

<P><STRONG><a name="[6c]"></a>_printf_post_padding</STRONG> (Thumb, 32 bytes, Stack size 24 bytes, printfa.o(i._printf_post_padding), UNUSED)
<BR><BR>[Called By]<UL><LI><a href="#[68]">&gt;&gt;</a>&nbsp;&nbsp;&nbsp;_printf_core
</UL>

<P><STRONG><a name="[6b]"></a>_printf_pre_padding</STRONG> (Thumb, 44 bytes, Stack size 40 bytes, printfa.o(i._printf_pre_padding), UNUSED)
<BR><BR>[Called By]<UL><LI><a href="#[68]">&gt;&gt;</a>&nbsp;&nbsp;&nbsp;_printf_core
</UL>
<P>
<H3>
Undefined Global Symbols
</H3><HR></body></html>
