<html>
<body>
<pre>
<h1>礦ision Build Log</h1>
<h2>Tool Versions:</h2>
IDE-Version: μVision V5.39.0.0
Copyright (C) 2023 ARM Ltd and ARM Germany GmbH. All rights reserved.
License Information: ddd ddd, ddd, LIC=32B1Q-N07PS-56PQ2-9TXHZ-5GI98-DI7FS
 
Tool Versions:
Toolchain:       MDK-ARM Plus  Version: 5.39.0.0
Toolchain Path:  D:\programs\Keil_v5\ARM\ARMCLANG\Bin
C Compiler:      ArmClang.exe V6.21
Assembler:       Armasm.exe V6.21
Linker/Locator:  ArmLink.exe V6.21
Library Manager: ArmAr.exe V6.21
Hex Converter:   FromElf.exe V6.21
CPU DLL:         
Dialog DLL:      
Target DLL:      UL2V8M.DLL V1.7.11.0
Dialog DLL:      TCM.DLL V1.56.4.0
 
<h2>Project:</h2>
D:\Workspace\doc\HP6_BS\调研\L\G系列\App\Keil_project\Project.uvprojx
Project File Date:  11/28/2025

<h2>Output:</h2>
*** Using Compiler 'V6.21', folder: 'D:\programs\Keil_v5\ARM\ARMCLANG\Bin'
Build target 'GD32C231'
compiling systick.c...
compiling main.c...
compiling gd32c2x1_it.c...
compiling task.c...
compiling task_PD.c...
compiling task_output.c...
compiling task_flash.c...
compiling task_led.c...
compiling task_short.c...
compiling filter.c...
compiling gd32c2x1_err_report.c...
compiling system_gd32c2x1.c...
compiling gd32c2x1_cmp.c...
compiling gd32c2x1_crc.c...
compiling gd32c2x1_adc.c...
compiling gd32c2x1_dbg.c...
compiling gd32c2x1_dma.c...
compiling gd32c2x1_exti.c...
compiling gd32c2x1_fwdgt.c...
compiling gd32c2x1_fmc.c...
compiling gd32c2x1_gpio.c...
compiling gd32c2x1_misc.c...
compiling gd32c2x1_i2c.c...
compiling gd32c2x1_pmu.c...
compiling gd32c2x1_rcu.c...
compiling gd32c2x1_rtc.c...
compiling gd32c2x1_syscfg.c...
compiling gd32c2x1_spi.c...
assembling startup_gd32c231_221.s...
compiling gd32c2x1_wwdgt.c...
compiling gd32c2x1_timer.c...
compiling gd32c2x1_usart.c...
compiling user_adc.c...
compiling user_gpio.c...
compiling user_timer.c...
compiling user_flash.c...
compiling CRC_8.C...
compiling SEGGER_RTT_printf.c...
compiling user_uart.c...
compiling SEGGER_RTT.c...
../../ISL700_2A_38VC_Fuse/ISL700_2A_38VC.c(88): warning: incompatible pointer types passing 'unsigned char (*)[10]' to parameter of type 'unsigned char *' [-Wincompatible-pointer-types]
   88 |         ISL_CRC = cal_crc_table2(&CRC8_test, Bytecounter);
      |                                  ^~~~~~~~~~
../../ISL700_2A_38VC_Fuse/CRC_8.h(5): note: passing argument to parameter 'ptr' here
    5 | unsigned char cal_crc_table2(unsigned char *ptr, unsigned char len);            //CRC-8校<D1><E9>
      |                                             ^
1 warning generated.
compiling ISL700_2A_38VC.c...
linking...
Program Size: Code=5412 RO-data=348 RW-data=4 ZI-data=2244  
".\output\Project.axf" - 0 Error(s), 1 Warning(s).

<h2>Software Packages used:</h2>

Package Vendor: ARM
                https://www.keil.com/pack/ARM.CMSIS.6.1.0.pack
                ARM::CMSIS@6.1.0
                CMSIS (Common Microcontroller Software Interface Standard)
   * Component: CORE Version: 6.1.0

Package Vendor: GigaDevice
                https://gd32mcu.com/data/documents/pack/GigaDevice.GD32C2x1_DFP.1.0.0.pack
                GigaDevice::GD32C2x1_DFP@1.0.0
                GigaDevice GD32C2x1 Series Device Support and Examples

<h2>Collection of Component include folders:</h2>
  ./RTE/_GD32C231
  D:/programs/Keil_v5/Packs/ARM/CMSIS/6.1.0/CMSIS/Core/Include

<h2>Collection of Component Files used:</h2>

   * Component: ARM::CMSIS:CORE@6.1.0
Build Time Elapsed:  00:00:04
</pre>
</body>
</html>
